Starting GCN batch job...
--------------------------------------
Running model: GCN
Dataset: amazon_style_ccctt_features/fold_1
--------------------------------------
use device: cpu
Namespace(data='amazon_style_ccctt_features/fold_1', model_path='model.pt', train_iter_n=50, cuda=0, checkpoint='', epochs=100, patience=3, n_layers=2, n_heads=[4], dropout=0.5, model='GCN', lr=0.005, weight_decay=0.0, batch_size=1024, edge_sample_ratio=1, test_with_CPU=False, decoder='dismult')
sys_path ['/home/simonettos/homhetgnn/HGB/LP/benchmark/methods/GNN', '/home/simonettos/homhetgnn/sbatches', '/home/simonettos/homhetgnn/HGB/LP/benchmark/methods/baseline', '/home/simonettos/homhetgnn/HGB/LP/benchmark', '/home/simonettos/homhetgnn/HGB/LP/benchmark/methods/GNN', '/home/simonettos/homhetgnn/HGB/LP/benchmark/methods/GNN/utils', '/home/simonettos/homhetgnn/HGB/LP/benchmark/methods/GNN/models', '/deepstore/software/anaconda3/2022.05/lib/python39.zip', '/deepstore/software/anaconda3/2022.05/lib/python3.9', '/deepstore/software/anaconda3/2022.05/lib/python3.9/lib-dynload', '/home/simonettos/homhetgnn/gpuvenv/lib/python3.9/site-packages', '../../', '../../']
Loading nodes from /home/simonettos/homhetgnn/HGB/LP/benchmark/data/amazon_style_ccctt_features/fold_1/node.dat
edge types: dict_keys([6, 12, 5, 7, 9, 3, 8, 0, 2, 10, 4, 1, 11])
nodes.shift keys: [0, 1, 2, 3, 4]
nodes.count keys: [0, 1, 3, 2, 4]
links.meta: {6: (0, 0), 12: (2, 0), 5: (0, 1), 7: (0, 0), 9: (0, 0), 3: (0, 0), 8: (0, 0), 0: (0, 0), 2: (0, 0), 10: (0, 0), 4: (0, 0), 1: (1, 0), 11: (0, 0)}
t_type about to use: 0
h_type: 0
shift dict: {0: 0, 1: 19264, 2: 19822, 3: 20762, 4: 21561}
count dict: Counter({0: 19264, 2: 940, 3: 799, 1: 558, 4: 14})
nodes.shift keys: [0, 1, 2, 3, 4]
nodes.count keys: [0, 1, 3, 2, 4]
links.meta: {6: (0, 0), 12: (2, 0), 5: (0, 1), 7: (0, 0), 9: (0, 0), 3: (0, 0), 8: (0, 0), 0: (0, 0), 2: (0, 0), 10: (0, 0), 4: (0, 0), 1: (1, 0), 11: (0, 0)}
t_type about to use: 0
h_type: 0
shift dict: {0: 0, 1: 19264, 2: 19822, 3: 20762, 4: 21561}
count dict: Counter({0: 19264, 2: 940, 3: 799, 1: 558, 4: 14})
Info: load amazon_style_ccctt_features/fold_1 from original data and generate /home/simonettos/homhetgnn/HGB/LP/benchmark/data/amazon_style_ccctt_features/fold_1/dl_pickle 
node_type: 0, dim: 19264
node_type: 1, dim: 558
node_type: 2, dim: 940
node_type: 3, dim: 799
node_type: 4, dim: 14
edge types: [3, 7]
dataset: amazon_style_ccctt_features/fold_1, eval_type: 3
edge_list shape: torch.Size([2, 69895])
feat_list shape: [torch.Size([19264, 19264]), torch.Size([558, 558]), torch.Size([940, 940]), torch.Size([799, 799]), torch.Size([14, 14])]
tensor(indices=tensor([[    0,     1,     2,  ..., 19261, 19262, 19263],
                       [    0,     1,     2,  ..., 19261, 19262, 19263]]),
       values=tensor([1., 1., 1.,  ..., 1., 1., 1.]),
       size=(19264, 19264), nnz=19264, layout=torch.sparse_coo)
epoch 0 | batch 0 |train loss 0.6931485533714294
Valid: loss 0.692632257938385, score:{'roc_auc': 1.0, 'MRR': 1.0}
Saving model
epoch 1 | batch 0 |train loss 0.6918001174926758
Valid: loss 0.6876829266548157, score:{'roc_auc': 1.0, 'MRR': 1.0}
Saving model
epoch 2 | batch 0 |train loss 0.682218611240387
Valid: loss 0.6707720160484314, score:{'roc_auc': 1.0, 'MRR': 1.0}
Saving model
epoch 3 | batch 0 |train loss 0.6535577178001404
Valid: loss 0.6401193141937256, score:{'roc_auc': 1.0, 'MRR': 1.0}
Saving model
epoch 4 | batch 0 |train loss 0.5968972444534302
Valid: loss 0.5902420878410339, score:{'roc_auc': 1.0, 'MRR': 1.0}
Saving model
epoch 5 | batch 0 |train loss 0.5178303718566895
Valid: loss 0.49888166785240173, score:{'roc_auc': 1.0, 'MRR': 1.0}
Saving model
epoch 6 | batch 0 |train loss 0.37081393599510193
Valid: loss 0.3739159107208252, score:{'roc_auc': 1.0, 'MRR': 1.0}
Saving model
epoch 7 | batch 0 |train loss 0.20451144874095917
Valid: loss 0.24124081432819366, score:{'roc_auc': 1.0, 'MRR': 1.0}
Saving model
epoch 8 | batch 0 |train loss 0.1008094772696495
Valid: loss 0.1260245144367218, score:{'roc_auc': 1.0, 'MRR': 1.0}
Saving model
epoch 9 | batch 0 |train loss 0.06879539042711258
Valid: loss 0.04649737477302551, score:{'roc_auc': 1.0, 'MRR': 1.0}
Saving model
epoch 10 | batch 0 |train loss 0.04397526755928993
Valid: loss 0.019100643694400787, score:{'roc_auc': 1.0, 'MRR': 1.0}
Saving model
epoch 11 | batch 0 |train loss 0.03719153255224228
Valid: loss 0.028771376237273216, score:{'roc_auc': 1.0, 'MRR': 1.0}
EarlyStopping counter: 1 out of 3
epoch 12 | batch 0 |train loss 0.03167429938912392
Valid: loss 0.08215493708848953, score:{'roc_auc': 1.0, 'MRR': 1.0}
EarlyStopping counter: 2 out of 3
epoch 13 | batch 0 |train loss 0.035509560257196426
Valid: loss 0.10356196016073227, score:{'roc_auc': 1.0, 'MRR': 1.0}
Meta keys: dict_keys([3, 7])
Data keys: dict_keys([3, 7])
Edge type: 3, Meta: (0, 0)
Edge type: 7, Meta: (1, 0)
edge type: 3, random_score: {'roc_auc': 0.5358333333333334, 'MRR': 1.0}, score: {'roc_auc': 0.6879251700680272, 'MRR': 0.867283950617284}
ROC_AUC: 0.6879251700680272
dataset: amazon_style_ccctt_features/fold_1, eval_type: 7
edge_list shape: torch.Size([2, 69895])
feat_list shape: [torch.Size([19264, 19264]), torch.Size([558, 558]), torch.Size([940, 940]), torch.Size([799, 799]), torch.Size([14, 14])]
tensor(indices=tensor([[    0,     1,     2,  ..., 19261, 19262, 19263],
                       [    0,     1,     2,  ..., 19261, 19262, 19263]]),
       values=tensor([1., 1., 1.,  ..., 1., 1., 1.]),
       size=(19264, 19264), nnz=19264, layout=torch.sparse_coo)
epoch 0 | batch 0 |train loss 8.908919334411621
Valid: loss 5.837155342102051, score:{'roc_auc': 0.7423702383604367, 'MRR': 0.9659090909090909}
Saving model
epoch 0 | batch 1 |train loss 3.813554525375366
epoch 1 | batch 0 |train loss 0.9781898260116577
Valid: loss 2.6113462448120117, score:{'roc_auc': 0.9151258632212074, 'MRR': 0.9659090909090909}
Saving model
epoch 1 | batch 1 |train loss 1.3450981378555298
epoch 2 | batch 0 |train loss 0.8159279227256775
Valid: loss 0.5492573976516724, score:{'roc_auc': 0.9240365337491645, 'MRR': 0.9545454545454546}
Saving model
epoch 2 | batch 1 |train loss 0.4007717967033386
epoch 3 | batch 0 |train loss 0.5277611017227173
Valid: loss 0.41015368700027466, score:{'roc_auc': 0.9298284695923368, 'MRR': 0.9886363636363636}
Saving model
epoch 3 | batch 1 |train loss 0.3296784460544586
epoch 4 | batch 0 |train loss 0.47190678119659424
Valid: loss 0.3714941740036011, score:{'roc_auc': 0.9534417464914234, 'MRR': 0.9886363636363636}
Saving model
epoch 4 | batch 1 |train loss 0.3109072148799896
epoch 5 | batch 0 |train loss 0.4687580466270447
Valid: loss 0.3853268325328827, score:{'roc_auc': 0.9529962129650256, 'MRR': 0.9886363636363636}
EarlyStopping counter: 1 out of 3
epoch 5 | batch 1 |train loss 0.2839081585407257
epoch 6 | batch 0 |train loss 0.43587011098861694
Valid: loss 0.33983057737350464, score:{'roc_auc': 0.9581198485186011, 'MRR': 0.9886363636363636}
Saving model
epoch 6 | batch 1 |train loss 0.22233803570270538
epoch 7 | batch 0 |train loss 0.39382731914520264
Valid: loss 0.30378416180610657, score:{'roc_auc': 0.9583426152818, 'MRR': 0.9886363636363636}
Saving model
epoch 7 | batch 1 |train loss 0.16976262629032135
epoch 8 | batch 0 |train loss 0.3340425491333008
Valid: loss 0.31683364510536194, score:{'roc_auc': 0.9599019826241925, 'MRR': 0.9886363636363636}
EarlyStopping counter: 1 out of 3
epoch 8 | batch 1 |train loss 0.11781536787748337
epoch 9 | batch 0 |train loss 0.29368191957473755
Valid: loss 0.38210585713386536, score:{'roc_auc': 0.9619068834929829, 'MRR': 0.9886363636363636}
EarlyStopping counter: 2 out of 3
epoch 9 | batch 1 |train loss 0.08040393143892288
epoch 10 | batch 0 |train loss 0.2686741352081299
Valid: loss 1.0337432622909546, score:{'roc_auc': 0.9610158164401871, 'MRR': 0.9886363636363636}
Meta keys: dict_keys([3, 7])
Data keys: dict_keys([3, 7])
Edge type: 3, Meta: (0, 0)
Edge type: 7, Meta: (1, 0)
edge type: 7, random_score: {'roc_auc': 0.9792361111111111, 'MRR': 1.0}, score: {'roc_auc': 0.8811111111111112, 'MRR': 1.0}
ROC_AUC: 0.8811111111111112
Sec neigh test: score list: defaultdict(<class 'list'>, {'roc_auc': [0.6879251700680272, 0.8811111111111112], 'MRR': [0.867283950617284, 1.0]})
Random test: score list: defaultdict(<class 'list'>, {'roc_auc': [0.5358333333333334, 0.9792361111111111], 'MRR': [1.0, 1.0]})
Sec neigh test:average score: defaultdict(<class 'list'>, {'roc_auc': 0.7845, 'MRR': 0.9336})
Random test: average score: defaultdict(<class 'list'>, {'roc_auc': 0.7575, 'MRR': 1.0})
Completed: amazon_style_ccctt_features/fold_1

--------------------------------------
Running model: GCN
Dataset: amazon_style_ccctt_features/fold_2
--------------------------------------
use device: cpu
Namespace(data='amazon_style_ccctt_features/fold_2', model_path='model.pt', train_iter_n=50, cuda=0, checkpoint='', epochs=100, patience=3, n_layers=2, n_heads=[4], dropout=0.5, model='GCN', lr=0.005, weight_decay=0.0, batch_size=1024, edge_sample_ratio=1, test_with_CPU=False, decoder='dismult')
sys_path ['/home/simonettos/homhetgnn/HGB/LP/benchmark/methods/GNN', '/home/simonettos/homhetgnn/sbatches', '/home/simonettos/homhetgnn/HGB/LP/benchmark/methods/baseline', '/home/simonettos/homhetgnn/HGB/LP/benchmark', '/home/simonettos/homhetgnn/HGB/LP/benchmark/methods/GNN', '/home/simonettos/homhetgnn/HGB/LP/benchmark/methods/GNN/utils', '/home/simonettos/homhetgnn/HGB/LP/benchmark/methods/GNN/models', '/deepstore/software/anaconda3/2022.05/lib/python39.zip', '/deepstore/software/anaconda3/2022.05/lib/python3.9', '/deepstore/software/anaconda3/2022.05/lib/python3.9/lib-dynload', '/home/simonettos/homhetgnn/gpuvenv/lib/python3.9/site-packages', '../../', '../../']
Loading nodes from /home/simonettos/homhetgnn/HGB/LP/benchmark/data/amazon_style_ccctt_features/fold_2/node.dat
edge types: dict_keys([6, 2, 12, 3, 7, 5, 0, 8, 4, 9, 1, 10, 11])
nodes.shift keys: [0, 1, 2, 3, 4]
nodes.count keys: [0, 1, 3, 2, 4]
links.meta: {6: (0, 0), 2: (2, 0), 12: (0, 0), 3: (0, 0), 7: (1, 0), 5: (0, 0), 0: (0, 1), 8: (0, 0), 4: (0, 0), 9: (1, 0), 1: (0, 0), 10: (0, 0), 11: (0, 0)}
t_type about to use: 0
h_type: 1
shift dict: {0: 0, 1: 19264, 2: 19822, 3: 20762, 4: 21561}
count dict: Counter({0: 19264, 2: 940, 3: 799, 1: 558, 4: 14})
nodes.shift keys: [0, 1, 2, 3, 4]
nodes.count keys: [0, 1, 3, 2, 4]
links.meta: {6: (0, 0), 2: (2, 0), 12: (0, 0), 3: (0, 0), 7: (1, 0), 5: (0, 0), 0: (0, 1), 8: (0, 0), 4: (0, 0), 9: (1, 0), 1: (0, 0), 10: (0, 0), 11: (0, 0)}
t_type about to use: 0
h_type: 0
shift dict: {0: 0, 1: 19264, 2: 19822, 3: 20762, 4: 21561}
count dict: Counter({0: 19264, 2: 940, 3: 799, 1: 558, 4: 14})
Info: load amazon_style_ccctt_features/fold_2 from original data and generate /home/simonettos/homhetgnn/HGB/LP/benchmark/data/amazon_style_ccctt_features/fold_2/dl_pickle 
node_type: 0, dim: 19264
node_type: 1, dim: 558
node_type: 2, dim: 940
node_type: 3, dim: 799
node_type: 4, dim: 14
edge types: [7, 3]
dataset: amazon_style_ccctt_features/fold_2, eval_type: 7
edge_list shape: torch.Size([2, 69919])
feat_list shape: [torch.Size([19264, 19264]), torch.Size([558, 558]), torch.Size([940, 940]), torch.Size([799, 799]), torch.Size([14, 14])]
tensor(indices=tensor([[    0,     1,     2,  ..., 19261, 19262, 19263],
                       [    0,     1,     2,  ..., 19261, 19262, 19263]]),
       values=tensor([1., 1., 1.,  ..., 1., 1., 1.]),
       size=(19264, 19264), nnz=19264, layout=torch.sparse_coo)
epoch 0 | batch 0 |train loss 0.6931482553482056
Valid: loss 0.6926676034927368, score:{'roc_auc': 0.5732286340394448, 'MRR': 0.8368794326241134}
Saving model
epoch 0 | batch 1 |train loss 0.6922343969345093
epoch 1 | batch 0 |train loss 0.6662741899490356
Valid: loss 0.6518793106079102, score:{'roc_auc': 0.7921840759678598, 'MRR': 0.9787234042553191}
Saving model
epoch 1 | batch 1 |train loss 0.6395274996757507
epoch 2 | batch 0 |train loss 0.5668802261352539
Valid: loss 0.492042601108551, score:{'roc_auc': 0.9508765522279036, 'MRR': 0.9787234042553191}
Saving model
epoch 2 | batch 1 |train loss 0.48946613073349
epoch 3 | batch 0 |train loss 0.3524881601333618
Valid: loss 0.33653366565704346, score:{'roc_auc': 0.9567202337472608, 'MRR': 0.9893617021276596}
Saving model
epoch 3 | batch 1 |train loss 0.25464656949043274
epoch 4 | batch 0 |train loss 0.14960670471191406
Valid: loss 0.2600962817668915, score:{'roc_auc': 0.9680423666910153, 'MRR': 1.0}
Saving model
epoch 4 | batch 1 |train loss 0.12367259711027145
epoch 5 | batch 0 |train loss 0.07931036502122879
Valid: loss 0.2828371226787567, score:{'roc_auc': 0.9726077428780132, 'MRR': 1.0}
EarlyStopping counter: 1 out of 3
epoch 5 | batch 1 |train loss 0.07700126618146896
epoch 6 | batch 0 |train loss 0.0563342422246933
Valid: loss 2.738377809524536, score:{'roc_auc': 0.960189919649379, 'MRR': 1.0}
EarlyStopping counter: 2 out of 3
epoch 6 | batch 1 |train loss 0.08642899990081787
epoch 7 | batch 0 |train loss 0.051146067678928375
Valid: loss 2.8108301162719727, score:{'roc_auc': 0.9556245434623813, 'MRR': 1.0}
Meta keys: dict_keys([7, 3])
Data keys: dict_keys([7, 3])
Edge type: 7, Meta: (0, 0)
Edge type: 3, Meta: (0, 0)
edge type: 7, random_score: {'roc_auc': 0.9725940851034766, 'MRR': 1.0}, score: {'roc_auc': 0.8239266276960291, 'MRR': 0.9190647482014388}
ROC_AUC: 0.8239266276960291
dataset: amazon_style_ccctt_features/fold_2, eval_type: 3
edge_list shape: torch.Size([2, 69919])
feat_list shape: [torch.Size([19264, 19264]), torch.Size([558, 558]), torch.Size([940, 940]), torch.Size([799, 799]), torch.Size([14, 14])]
tensor(indices=tensor([[    0,     1,     2,  ..., 19261, 19262, 19263],
                       [    0,     1,     2,  ..., 19261, 19262, 19263]]),
       values=tensor([1., 1., 1.,  ..., 1., 1., 1.]),
       size=(19264, 19264), nnz=19264, layout=torch.sparse_coo)
epoch 0 | batch 0 |train loss 0.5812863707542419
Valid: loss 0.8280676007270813, score:{'roc_auc': 0.8, 'MRR': 0.9}
Saving model
epoch 1 | batch 0 |train loss 0.4209440052509308
Valid: loss 0.6010005474090576, score:{'roc_auc': 0.8400000000000001, 'MRR': 0.9}
Saving model
epoch 2 | batch 0 |train loss 0.284567266702652
Valid: loss 0.505429744720459, score:{'roc_auc': 0.8400000000000001, 'MRR': 0.9}
Saving model
epoch 3 | batch 0 |train loss 0.22380073368549347
Valid: loss 0.4495759606361389, score:{'roc_auc': 0.8400000000000001, 'MRR': 0.9}
Saving model
epoch 4 | batch 0 |train loss 0.17695853114128113
Valid: loss 0.3940514922142029, score:{'roc_auc': 0.8400000000000001, 'MRR': 0.9}
Saving model
epoch 5 | batch 0 |train loss 0.128388911485672
Valid: loss 0.3448825776576996, score:{'roc_auc': 0.8400000000000001, 'MRR': 0.9}
Saving model
epoch 6 | batch 0 |train loss 0.07932816445827484
Valid: loss 0.3314790427684784, score:{'roc_auc': 0.8800000000000001, 'MRR': 0.9}
Saving model
epoch 7 | batch 0 |train loss 0.05345981940627098
Valid: loss 0.37033307552337646, score:{'roc_auc': 0.8800000000000001, 'MRR': 0.9}
EarlyStopping counter: 1 out of 3
epoch 8 | batch 0 |train loss 0.04070832580327988
Valid: loss 0.44766560196876526, score:{'roc_auc': 0.8800000000000001, 'MRR': 0.9}
EarlyStopping counter: 2 out of 3
epoch 9 | batch 0 |train loss 0.036542389541864395
Valid: loss 0.5317524671554565, score:{'roc_auc': 0.8800000000000001, 'MRR': 0.9}
Meta keys: dict_keys([7, 3])
Data keys: dict_keys([7, 3])
Edge type: 7, Meta: (0, 0)
Edge type: 3, Meta: (0, 0)
edge type: 3, random_score: {'roc_auc': 0.6254894980420078, 'MRR': 1.0}, score: {'roc_auc': 0.5594917212167886, 'MRR': 0.7441860465116279}
ROC_AUC: 0.5594917212167886
Sec neigh test: score list: defaultdict(<class 'list'>, {'roc_auc': [0.8239266276960291, 0.5594917212167886], 'MRR': [0.9190647482014388, 0.7441860465116279]})
Random test: score list: defaultdict(<class 'list'>, {'roc_auc': [0.9725940851034766, 0.6254894980420078], 'MRR': [1.0, 1.0]})
Sec neigh test:average score: defaultdict(<class 'list'>, {'roc_auc': 0.6917, 'MRR': 0.8316})
Random test: average score: defaultdict(<class 'list'>, {'roc_auc': 0.799, 'MRR': 1.0})
Completed: amazon_style_ccctt_features/fold_2

--------------------------------------
Running model: GCN
Dataset: amazon_style_ccctt_features/fold_3
--------------------------------------
use device: cpu
Namespace(data='amazon_style_ccctt_features/fold_3', model_path='model.pt', train_iter_n=50, cuda=0, checkpoint='', epochs=100, patience=3, n_layers=2, n_heads=[4], dropout=0.5, model='GCN', lr=0.005, weight_decay=0.0, batch_size=1024, edge_sample_ratio=1, test_with_CPU=False, decoder='dismult')
sys_path ['/home/simonettos/homhetgnn/HGB/LP/benchmark/methods/GNN', '/home/simonettos/homhetgnn/sbatches', '/home/simonettos/homhetgnn/HGB/LP/benchmark/methods/baseline', '/home/simonettos/homhetgnn/HGB/LP/benchmark', '/home/simonettos/homhetgnn/HGB/LP/benchmark/methods/GNN', '/home/simonettos/homhetgnn/HGB/LP/benchmark/methods/GNN/utils', '/home/simonettos/homhetgnn/HGB/LP/benchmark/methods/GNN/models', '/deepstore/software/anaconda3/2022.05/lib/python39.zip', '/deepstore/software/anaconda3/2022.05/lib/python3.9', '/deepstore/software/anaconda3/2022.05/lib/python3.9/lib-dynload', '/home/simonettos/homhetgnn/gpuvenv/lib/python3.9/site-packages', '../../', '../../']
Loading nodes from /home/simonettos/homhetgnn/HGB/LP/benchmark/data/amazon_style_ccctt_features/fold_3/node.dat
edge types: dict_keys([6, 2, 12, 3, 7, 5, 0, 8, 4, 9, 1, 10, 11])
nodes.shift keys: [0, 1, 2, 3, 4]
nodes.count keys: [0, 1, 3, 2, 4]
links.meta: {6: (0, 0), 2: (2, 0), 12: (0, 0), 3: (0, 0), 7: (1, 0), 5: (0, 0), 0: (0, 1), 8: (0, 0), 4: (0, 0), 9: (1, 0), 1: (0, 0), 10: (0, 0), 11: (0, 0)}
t_type about to use: 0
h_type: 1
shift dict: {0: 0, 1: 19264, 2: 19822, 3: 20762, 4: 21561}
count dict: Counter({0: 19264, 2: 940, 3: 799, 1: 558, 4: 14})
nodes.shift keys: [0, 1, 2, 3, 4]
nodes.count keys: [0, 1, 3, 2, 4]
links.meta: {6: (0, 0), 2: (2, 0), 12: (0, 0), 3: (0, 0), 7: (1, 0), 5: (0, 0), 0: (0, 1), 8: (0, 0), 4: (0, 0), 9: (1, 0), 1: (0, 0), 10: (0, 0), 11: (0, 0)}
t_type about to use: 0
h_type: 0
shift dict: {0: 0, 1: 19264, 2: 19822, 3: 20762, 4: 21561}
count dict: Counter({0: 19264, 2: 940, 3: 799, 1: 558, 4: 14})
Info: load amazon_style_ccctt_features/fold_3 from original data and generate /home/simonettos/homhetgnn/HGB/LP/benchmark/data/amazon_style_ccctt_features/fold_3/dl_pickle 
node_type: 0, dim: 19264
node_type: 1, dim: 558
node_type: 2, dim: 940
node_type: 3, dim: 799
node_type: 4, dim: 14
edge types: [7, 3]
dataset: amazon_style_ccctt_features/fold_3, eval_type: 7
edge_list shape: torch.Size([2, 69875])
feat_list shape: [torch.Size([19264, 19264]), torch.Size([558, 558]), torch.Size([940, 940]), torch.Size([799, 799]), torch.Size([14, 14])]
tensor(indices=tensor([[    0,     1,     2,  ..., 19261, 19262, 19263],
                       [    0,     1,     2,  ..., 19261, 19262, 19263]]),
       values=tensor([1., 1., 1.,  ..., 1., 1., 1.]),
       size=(19264, 19264), nnz=19264, layout=torch.sparse_coo)
epoch 0 | batch 0 |train loss 0.6931155920028687
Valid: loss 0.6875187158584595, score:{'roc_auc': 0.7269387755102041, 'MRR': 1.0}
Saving model
epoch 0 | batch 1 |train loss 0.6868441104888916
epoch 1 | batch 0 |train loss 0.659260630607605
Valid: loss 0.6089096069335938, score:{'roc_auc': 0.8883673469387756, 'MRR': 1.0}
Saving model
epoch 1 | batch 1 |train loss 0.6016465425491333
epoch 2 | batch 0 |train loss 0.5103801488876343
Valid: loss 0.4012501537799835, score:{'roc_auc': 0.9375510204081633, 'MRR': 1.0}
Saving model
epoch 2 | batch 1 |train loss 0.3748970329761505
epoch 3 | batch 0 |train loss 0.2608715295791626
Valid: loss 0.3312731683254242, score:{'roc_auc': 0.9516326530612245, 'MRR': 0.99}
Saving model
epoch 3 | batch 1 |train loss 0.14388813078403473
epoch 4 | batch 0 |train loss 0.1273823082447052
Valid: loss 0.3240600824356079, score:{'roc_auc': 0.9648979591836735, 'MRR': 0.99}
Saving model
epoch 4 | batch 1 |train loss 0.04105992987751961
epoch 5 | batch 0 |train loss 0.1473282128572464
Valid: loss 1.0663307905197144, score:{'roc_auc': 0.9671428571428572, 'MRR': 0.99}
EarlyStopping counter: 1 out of 3
epoch 5 | batch 1 |train loss 0.022780289873480797
epoch 6 | batch 0 |train loss 0.21633926033973694
Valid: loss 2.357719898223877, score:{'roc_auc': 0.9656122448979593, 'MRR': 0.99}
EarlyStopping counter: 2 out of 3
epoch 6 | batch 1 |train loss 0.02555578388273716
epoch 7 | batch 0 |train loss 0.08783310651779175
Valid: loss 2.4470598697662354, score:{'roc_auc': 0.9575510204081633, 'MRR': 0.98}
Meta keys: dict_keys([7, 3])
Data keys: dict_keys([7, 3])
Edge type: 7, Meta: (0, 0)
Edge type: 3, Meta: (0, 0)
edge type: 7, random_score: {'roc_auc': 0.970329029571012, 'MRR': 1.0}, score: {'roc_auc': 0.8471999226230778, 'MRR': 0.9305555555555555}
ROC_AUC: 0.8471999226230778
dataset: amazon_style_ccctt_features/fold_3, eval_type: 3
edge_list shape: torch.Size([2, 69875])
feat_list shape: [torch.Size([19264, 19264]), torch.Size([558, 558]), torch.Size([940, 940]), torch.Size([799, 799]), torch.Size([14, 14])]
tensor(indices=tensor([[    0,     1,     2,  ..., 19261, 19262, 19263],
                       [    0,     1,     2,  ..., 19261, 19262, 19263]]),
       values=tensor([1., 1., 1.,  ..., 1., 1., 1.]),
       size=(19264, 19264), nnz=19264, layout=torch.sparse_coo)
epoch 0 | batch 0 |train loss 0.6107568144798279
Valid: loss 0.6263126134872437, score:{'roc_auc': 0.9600000000000001, 'MRR': 1.0}
Saving model
epoch 1 | batch 0 |train loss 0.5231403708457947
Valid: loss 0.2534033954143524, score:{'roc_auc': 1.0, 'MRR': 1.0}
Saving model
epoch 2 | batch 0 |train loss 0.4916214346885681
Valid: loss 0.19961780309677124, score:{'roc_auc': 1.0, 'MRR': 1.0}
Saving model
epoch 3 | batch 0 |train loss 0.20437538623809814
Valid: loss 0.21732671558856964, score:{'roc_auc': 1.0, 'MRR': 1.0}
EarlyStopping counter: 1 out of 3
epoch 4 | batch 0 |train loss 0.14824701845645905
Valid: loss 0.23186643421649933, score:{'roc_auc': 1.0, 'MRR': 1.0}
EarlyStopping counter: 2 out of 3
epoch 5 | batch 0 |train loss 0.13493700325489044
Valid: loss 0.21268188953399658, score:{'roc_auc': 1.0, 'MRR': 1.0}
Meta keys: dict_keys([7, 3])
Data keys: dict_keys([7, 3])
Edge type: 7, Meta: (0, 0)
Edge type: 3, Meta: (0, 0)
edge type: 3, random_score: {'roc_auc': 0.7403846153846154, 'MRR': 1.0}, score: {'roc_auc': 0.3553321678321678, 'MRR': 0.6766666666666665}
ROC_AUC: 0.3553321678321678
Sec neigh test: score list: defaultdict(<class 'list'>, {'roc_auc': [0.8471999226230778, 0.3553321678321678], 'MRR': [0.9305555555555555, 0.6766666666666665]})
Random test: score list: defaultdict(<class 'list'>, {'roc_auc': [0.970329029571012, 0.7403846153846154], 'MRR': [1.0, 1.0]})
Sec neigh test:average score: defaultdict(<class 'list'>, {'roc_auc': 0.6013, 'MRR': 0.8036})
Random test: average score: defaultdict(<class 'list'>, {'roc_auc': 0.8554, 'MRR': 1.0})
Completed: amazon_style_ccctt_features/fold_3

--------------------------------------
Running model: GCN
Dataset: amazon_style_ccctt_features/fold_4
--------------------------------------
use device: cpu
Namespace(data='amazon_style_ccctt_features/fold_4', model_path='model.pt', train_iter_n=50, cuda=0, checkpoint='', epochs=100, patience=3, n_layers=2, n_heads=[4], dropout=0.5, model='GCN', lr=0.005, weight_decay=0.0, batch_size=1024, edge_sample_ratio=1, test_with_CPU=False, decoder='dismult')
sys_path ['/home/simonettos/homhetgnn/HGB/LP/benchmark/methods/GNN', '/home/simonettos/homhetgnn/sbatches', '/home/simonettos/homhetgnn/HGB/LP/benchmark/methods/baseline', '/home/simonettos/homhetgnn/HGB/LP/benchmark', '/home/simonettos/homhetgnn/HGB/LP/benchmark/methods/GNN', '/home/simonettos/homhetgnn/HGB/LP/benchmark/methods/GNN/utils', '/home/simonettos/homhetgnn/HGB/LP/benchmark/methods/GNN/models', '/deepstore/software/anaconda3/2022.05/lib/python39.zip', '/deepstore/software/anaconda3/2022.05/lib/python3.9', '/deepstore/software/anaconda3/2022.05/lib/python3.9/lib-dynload', '/home/simonettos/homhetgnn/gpuvenv/lib/python3.9/site-packages', '../../', '../../']
Loading nodes from /home/simonettos/homhetgnn/HGB/LP/benchmark/data/amazon_style_ccctt_features/fold_4/node.dat
edge types: dict_keys([6, 2, 12, 3, 7, 5, 0, 8, 4, 9, 1, 10, 11])
nodes.shift keys: [0, 1, 2, 3, 4]
nodes.count keys: [0, 1, 3, 2, 4]
links.meta: {6: (0, 0), 2: (2, 0), 12: (0, 0), 3: (0, 0), 7: (1, 0), 5: (0, 0), 0: (0, 1), 8: (0, 0), 4: (0, 0), 9: (1, 0), 1: (0, 0), 10: (0, 0), 11: (0, 0)}
t_type about to use: 0
h_type: 0
shift dict: {0: 0, 1: 19264, 2: 19822, 3: 20762, 4: 21561}
count dict: Counter({0: 19264, 2: 940, 3: 799, 1: 558, 4: 14})
nodes.shift keys: [0, 1, 2, 3, 4]
nodes.count keys: [0, 1, 3, 2, 4]
links.meta: {6: (0, 0), 2: (2, 0), 12: (0, 0), 3: (0, 0), 7: (1, 0), 5: (0, 0), 0: (0, 1), 8: (0, 0), 4: (0, 0), 9: (1, 0), 1: (0, 0), 10: (0, 0), 11: (0, 0)}
t_type about to use: 0
h_type: 1
shift dict: {0: 0, 1: 19264, 2: 19822, 3: 20762, 4: 21561}
count dict: Counter({0: 19264, 2: 940, 3: 799, 1: 558, 4: 14})
Info: load amazon_style_ccctt_features/fold_4 from original data and generate /home/simonettos/homhetgnn/HGB/LP/benchmark/data/amazon_style_ccctt_features/fold_4/dl_pickle 
node_type: 0, dim: 19264
node_type: 1, dim: 558
node_type: 2, dim: 940
node_type: 3, dim: 799
node_type: 4, dim: 14
edge types: [3, 7]
dataset: amazon_style_ccctt_features/fold_4, eval_type: 3
edge_list shape: torch.Size([2, 69931])
feat_list shape: [torch.Size([19264, 19264]), torch.Size([558, 558]), torch.Size([940, 940]), torch.Size([799, 799]), torch.Size([14, 14])]
tensor(indices=tensor([[    0,     1,     2,  ..., 19261, 19262, 19263],
                       [    0,     1,     2,  ..., 19261, 19262, 19263]]),
       values=tensor([1., 1., 1.,  ..., 1., 1., 1.]),
       size=(19264, 19264), nnz=19264, layout=torch.sparse_coo)
epoch 0 | batch 0 |train loss 0.6931704878807068
Valid: loss 0.6924527883529663, score:{'roc_auc': 0.8367346938775511, 'MRR': 0.9285714285714286}
Saving model
epoch 1 | batch 0 |train loss 0.6922544836997986
Valid: loss 0.6868271231651306, score:{'roc_auc': 1.0, 'MRR': 1.0}
Saving model
epoch 2 | batch 0 |train loss 0.6851417422294617
Valid: loss 0.6659022569656372, score:{'roc_auc': 1.0, 'MRR': 1.0}
Saving model
epoch 3 | batch 0 |train loss 0.6626733541488647
Valid: loss 0.6121420860290527, score:{'roc_auc': 1.0, 'MRR': 1.0}
Saving model
epoch 4 | batch 0 |train loss 0.6036269664764404
Valid: loss 0.5175352692604065, score:{'roc_auc': 0.979591836734694, 'MRR': 1.0}
Saving model
epoch 5 | batch 0 |train loss 0.470501571893692
Valid: loss 0.4242013394832611, score:{'roc_auc': 0.9591836734693878, 'MRR': 1.0}
Saving model
epoch 6 | batch 0 |train loss 0.28637197613716125
Valid: loss 0.36755895614624023, score:{'roc_auc': 0.979591836734694, 'MRR': 1.0}
Saving model
epoch 7 | batch 0 |train loss 0.15684901177883148
Valid: loss 0.24059394001960754, score:{'roc_auc': 1.0, 'MRR': 1.0}
Saving model
epoch 8 | batch 0 |train loss 0.06720675528049469
Valid: loss 0.09805303812026978, score:{'roc_auc': 1.0, 'MRR': 1.0}
Saving model
epoch 9 | batch 0 |train loss 0.05414137244224548
Valid: loss 0.02429376356303692, score:{'roc_auc': 1.0, 'MRR': 1.0}
Saving model
epoch 10 | batch 0 |train loss 0.053665872663259506
Valid: loss 0.09560013562440872, score:{'roc_auc': 1.0, 'MRR': 1.0}
EarlyStopping counter: 1 out of 3
epoch 11 | batch 0 |train loss 0.04237920045852661
Valid: loss 0.25774773955345154, score:{'roc_auc': 1.0, 'MRR': 1.0}
EarlyStopping counter: 2 out of 3
epoch 12 | batch 0 |train loss 0.04365020617842674
Valid: loss 0.29616495966911316, score:{'roc_auc': 1.0, 'MRR': 1.0}
Meta keys: dict_keys([3, 7])
Data keys: dict_keys([3, 7])
Edge type: 3, Meta: (0, 0)
Edge type: 7, Meta: (0, 0)
edge type: 3, random_score: {'roc_auc': 1.0, 'MRR': 1.0}, score: {'roc_auc': 0.9411576590981772, 'MRR': 0.9673202614379085}
ROC_AUC: 0.9411576590981772
dataset: amazon_style_ccctt_features/fold_4, eval_type: 7
edge_list shape: torch.Size([2, 69931])
feat_list shape: [torch.Size([19264, 19264]), torch.Size([558, 558]), torch.Size([940, 940]), torch.Size([799, 799]), torch.Size([14, 14])]
tensor(indices=tensor([[    0,     1,     2,  ..., 19261, 19262, 19263],
                       [    0,     1,     2,  ..., 19261, 19262, 19263]]),
       values=tensor([1., 1., 1.,  ..., 1., 1., 1.]),
       size=(19264, 19264), nnz=19264, layout=torch.sparse_coo)
epoch 0 | batch 0 |train loss 8.545306205749512
Valid: loss 4.456661701202393, score:{'roc_auc': 0.9024705544383799, 'MRR': 0.9772727272727273}
Saving model
epoch 0 | batch 1 |train loss 3.5970799922943115
epoch 1 | batch 0 |train loss 5.69395637512207
Valid: loss 8.077796936035156, score:{'roc_auc': 0.9073542085607584, 'MRR': 0.9886363636363636}
EarlyStopping counter: 1 out of 3
epoch 1 | batch 1 |train loss 5.907529354095459
epoch 2 | batch 0 |train loss 5.687094688415527
Valid: loss 5.000678539276123, score:{'roc_auc': 0.9343579431197933, 'MRR': 0.9772727272727273}
EarlyStopping counter: 2 out of 3
epoch 2 | batch 1 |train loss 4.206938743591309
epoch 3 | batch 0 |train loss 3.658815860748291
Valid: loss 3.8602850437164307, score:{'roc_auc': 0.9286124676817007, 'MRR': 0.9772727272727273}
Saving model
epoch 3 | batch 1 |train loss 2.235186815261841
epoch 4 | batch 0 |train loss 1.637273907661438
Valid: loss 1.4403960704803467, score:{'roc_auc': 0.9296179258833669, 'MRR': 0.9772727272727273}
Saving model
epoch 4 | batch 1 |train loss 0.6880155801773071
epoch 5 | batch 0 |train loss 0.46539658308029175
Valid: loss 1.2072092294692993, score:{'roc_auc': 0.9270324619362253, 'MRR': 0.9886363636363636}
Saving model
epoch 5 | batch 1 |train loss 0.34544652700424194
epoch 6 | batch 0 |train loss 0.42161470651626587
Valid: loss 1.2411322593688965, score:{'roc_auc': 0.9031887388681413, 'MRR': 0.9659090909090909}
EarlyStopping counter: 1 out of 3
epoch 6 | batch 1 |train loss 0.4507896304130554
epoch 7 | batch 0 |train loss 0.45654165744781494
Valid: loss 1.2151446342468262, score:{'roc_auc': 0.9182706118931341, 'MRR': 0.9772727272727273}
EarlyStopping counter: 2 out of 3
epoch 7 | batch 1 |train loss 0.38534101843833923
epoch 8 | batch 0 |train loss 0.44915494322776794
Valid: loss 1.169492483139038, score:{'roc_auc': 0.9286124676817007, 'MRR': 0.9886363636363636}
Saving model
epoch 8 | batch 1 |train loss 0.2912181317806244
epoch 9 | batch 0 |train loss 0.3568451404571533
Valid: loss 1.1595194339752197, score:{'roc_auc': 0.9336397586900316, 'MRR': 0.9886363636363636}
Saving model
epoch 9 | batch 1 |train loss 0.22489532828330994
epoch 10 | batch 0 |train loss 0.28702855110168457
Valid: loss 1.1726245880126953, score:{'roc_auc': 0.935650675093364, 'MRR': 0.9886363636363636}
EarlyStopping counter: 1 out of 3
epoch 10 | batch 1 |train loss 0.16237391531467438
epoch 11 | batch 0 |train loss 0.255381315946579
Valid: loss 1.202197790145874, score:{'roc_auc': 0.9390979603562195, 'MRR': 0.9886363636363636}
EarlyStopping counter: 2 out of 3
epoch 11 | batch 1 |train loss 0.14809145033359528
epoch 12 | batch 0 |train loss 0.2202814668416977
Valid: loss 1.2322750091552734, score:{'roc_auc': 0.940247055443838, 'MRR': 0.9886363636363636}
Meta keys: dict_keys([3, 7])
Data keys: dict_keys([3, 7])
Edge type: 3, Meta: (0, 0)
Edge type: 7, Meta: (0, 0)
edge type: 7, random_score: {'roc_auc': 0.9493655613424761, 'MRR': 1.0}, score: {'roc_auc': 0.8406183620486193, 'MRR': 0.9142156862745098}
ROC_AUC: 0.8406183620486193
Sec neigh test: score list: defaultdict(<class 'list'>, {'roc_auc': [0.9411576590981772, 0.8406183620486193], 'MRR': [0.9673202614379085, 0.9142156862745098]})
Random test: score list: defaultdict(<class 'list'>, {'roc_auc': [1.0, 0.9493655613424761], 'MRR': [1.0, 1.0]})
Sec neigh test:average score: defaultdict(<class 'list'>, {'roc_auc': 0.8909, 'MRR': 0.9408})
Random test: average score: defaultdict(<class 'list'>, {'roc_auc': 0.9747, 'MRR': 1.0})
Completed: amazon_style_ccctt_features/fold_4

--------------------------------------
Running model: GCN
Dataset: amazon_style_ccctt_features/fold_5
--------------------------------------
use device: cpu
Namespace(data='amazon_style_ccctt_features/fold_5', model_path='model.pt', train_iter_n=50, cuda=0, checkpoint='', epochs=100, patience=3, n_layers=2, n_heads=[4], dropout=0.5, model='GCN', lr=0.005, weight_decay=0.0, batch_size=1024, edge_sample_ratio=1, test_with_CPU=False, decoder='dismult')
sys_path ['/home/simonettos/homhetgnn/HGB/LP/benchmark/methods/GNN', '/home/simonettos/homhetgnn/sbatches', '/home/simonettos/homhetgnn/HGB/LP/benchmark/methods/baseline', '/home/simonettos/homhetgnn/HGB/LP/benchmark', '/home/simonettos/homhetgnn/HGB/LP/benchmark/methods/GNN', '/home/simonettos/homhetgnn/HGB/LP/benchmark/methods/GNN/utils', '/home/simonettos/homhetgnn/HGB/LP/benchmark/methods/GNN/models', '/deepstore/software/anaconda3/2022.05/lib/python39.zip', '/deepstore/software/anaconda3/2022.05/lib/python3.9', '/deepstore/software/anaconda3/2022.05/lib/python3.9/lib-dynload', '/home/simonettos/homhetgnn/gpuvenv/lib/python3.9/site-packages', '../../', '../../']
Loading nodes from /home/simonettos/homhetgnn/HGB/LP/benchmark/data/amazon_style_ccctt_features/fold_5/node.dat
edge types: dict_keys([6, 2, 12, 3, 7, 5, 0, 8, 4, 9, 1, 10, 11])
nodes.shift keys: [0, 1, 2, 3, 4]
nodes.count keys: [0, 1, 3, 2, 4]
links.meta: {6: (0, 0), 2: (2, 0), 12: (0, 0), 3: (0, 0), 7: (1, 0), 5: (0, 0), 0: (0, 1), 8: (0, 0), 4: (0, 0), 9: (1, 0), 1: (0, 0), 10: (0, 0), 11: (0, 0)}
t_type about to use: 0
h_type: 1
shift dict: {0: 0, 1: 19264, 2: 19822, 3: 20762, 4: 21561}
count dict: Counter({0: 19264, 2: 940, 3: 799, 1: 558, 4: 14})
nodes.shift keys: [0, 1, 2, 3, 4]
nodes.count keys: [0, 1, 3, 2, 4]
links.meta: {6: (0, 0), 2: (2, 0), 12: (0, 0), 3: (0, 0), 7: (1, 0), 5: (0, 0), 0: (0, 1), 8: (0, 0), 4: (0, 0), 9: (1, 0), 1: (0, 0), 10: (0, 0), 11: (0, 0)}
t_type about to use: 0
h_type: 0
shift dict: {0: 0, 1: 19264, 2: 19822, 3: 20762, 4: 21561}
count dict: Counter({0: 19264, 2: 940, 3: 799, 1: 558, 4: 14})
Info: load amazon_style_ccctt_features/fold_5 from original data and generate /home/simonettos/homhetgnn/HGB/LP/benchmark/data/amazon_style_ccctt_features/fold_5/dl_pickle 
node_type: 0, dim: 19264
node_type: 1, dim: 558
node_type: 2, dim: 940
node_type: 3, dim: 799
node_type: 4, dim: 14
edge types: [7, 3]
dataset: amazon_style_ccctt_features/fold_5, eval_type: 7
edge_list shape: torch.Size([2, 69847])
feat_list shape: [torch.Size([19264, 19264]), torch.Size([558, 558]), torch.Size([940, 940]), torch.Size([799, 799]), torch.Size([14, 14])]
tensor(indices=tensor([[    0,     1,     2,  ..., 19261, 19262, 19263],
                       [    0,     1,     2,  ..., 19261, 19262, 19263]]),
       values=tensor([1., 1., 1.,  ..., 1., 1., 1.]),
       size=(19264, 19264), nnz=19264, layout=torch.sparse_coo)
epoch 0 | batch 0 |train loss 0.6930849552154541
Valid: loss 0.689237654209137, score:{'roc_auc': 0.677396449704142, 'MRR': 0.9285714285714286}
Saving model
epoch 0 | batch 1 |train loss 0.6899294853210449
epoch 1 | batch 0 |train loss 0.661285936832428
Valid: loss 0.6435078382492065, score:{'roc_auc': 0.770414201183432, 'MRR': 0.9693877551020408}
Saving model
epoch 1 | batch 1 |train loss 0.6444402933120728
epoch 2 | batch 0 |train loss 0.5593962669372559
Valid: loss 0.4683288633823395, score:{'roc_auc': 0.9661538461538461, 'MRR': 0.9897959183673469}
Saving model
epoch 2 | batch 1 |train loss 0.4903663098812103
epoch 3 | batch 0 |train loss 0.3578956127166748
Valid: loss 0.2922596335411072, score:{'roc_auc': 0.9637869822485208, 'MRR': 0.9897959183673469}
Saving model
epoch 3 | batch 1 |train loss 0.2438647300004959
epoch 4 | batch 0 |train loss 0.1721349060535431
Valid: loss 0.2680186629295349, score:{'roc_auc': 0.9649704142011833, 'MRR': 0.9897959183673469}
Saving model
epoch 4 | batch 1 |train loss 0.12691472470760345
epoch 5 | batch 0 |train loss 0.08605729788541794
Valid: loss 0.3836069405078888, score:{'roc_auc': 0.9573964497041421, 'MRR': 0.9897959183673469}
EarlyStopping counter: 1 out of 3
epoch 5 | batch 1 |train loss 0.14188863337039948
epoch 6 | batch 0 |train loss 0.08283421397209167
Valid: loss 0.5808553695678711, score:{'roc_auc': 0.9661538461538461, 'MRR': 0.9897959183673469}
EarlyStopping counter: 2 out of 3
epoch 6 | batch 1 |train loss 0.21951034665107727
epoch 7 | batch 0 |train loss 0.17825011909008026
Valid: loss 0.6148384809494019, score:{'roc_auc': 0.9712426035502959, 'MRR': 0.9897959183673469}
Meta keys: dict_keys([7, 3])
Data keys: dict_keys([7, 3])
Edge type: 7, Meta: (0, 0)
Edge type: 3, Meta: (0, 0)
edge type: 7, random_score: {'roc_auc': 0.9616190312213041, 'MRR': 1.0}, score: {'roc_auc': 0.8402831278890601, 'MRR': 0.9058219178082192}
ROC_AUC: 0.8402831278890601
dataset: amazon_style_ccctt_features/fold_5, eval_type: 3
edge_list shape: torch.Size([2, 69847])
feat_list shape: [torch.Size([19264, 19264]), torch.Size([558, 558]), torch.Size([940, 940]), torch.Size([799, 799]), torch.Size([14, 14])]
tensor(indices=tensor([[    0,     1,     2,  ..., 19261, 19262, 19263],
                       [    0,     1,     2,  ..., 19261, 19262, 19263]]),
       values=tensor([1., 1., 1.,  ..., 1., 1., 1.]),
       size=(19264, 19264), nnz=19264, layout=torch.sparse_coo)
epoch 0 | batch 0 |train loss 0.5888497829437256
Valid: loss 0.9695113897323608, score:{'roc_auc': 0.6875, 'MRR': 0.8571428571428571}
Saving model
epoch 1 | batch 0 |train loss 0.40750426054000854
Valid: loss 0.762872576713562, score:{'roc_auc': 0.765625, 'MRR': 0.8571428571428571}
Saving model
epoch 2 | batch 0 |train loss 0.3196488916873932
Valid: loss 0.6372209191322327, score:{'roc_auc': 0.796875, 'MRR': 0.8571428571428571}
Saving model
epoch 3 | batch 0 |train loss 0.24655626714229584
Valid: loss 0.6025841236114502, score:{'roc_auc': 0.796875, 'MRR': 0.8571428571428571}
Saving model
epoch 4 | batch 0 |train loss 0.18717779219150543
Valid: loss 0.6177458763122559, score:{'roc_auc': 0.796875, 'MRR': 0.8571428571428571}
EarlyStopping counter: 1 out of 3
epoch 5 | batch 0 |train loss 0.13147613406181335
Valid: loss 0.6830331087112427, score:{'roc_auc': 0.796875, 'MRR': 0.8571428571428571}
EarlyStopping counter: 2 out of 3
epoch 6 | batch 0 |train loss 0.08116749674081802
Valid: loss 0.7957200407981873, score:{'roc_auc': 0.796875, 'MRR': 0.8571428571428571}
Meta keys: dict_keys([7, 3])
Data keys: dict_keys([7, 3])
Edge type: 7, Meta: (0, 0)
Edge type: 3, Meta: (0, 0)
edge type: 3, random_score: {'roc_auc': 0.7263705103969754, 'MRR': 1.0}, score: {'roc_auc': 0.4078674948240165, 'MRR': 0.7142857142857143}
ROC_AUC: 0.4078674948240165
Sec neigh test: score list: defaultdict(<class 'list'>, {'roc_auc': [0.8402831278890601, 0.4078674948240165], 'MRR': [0.9058219178082192, 0.7142857142857143]})
Random test: score list: defaultdict(<class 'list'>, {'roc_auc': [0.9616190312213041, 0.7263705103969754], 'MRR': [1.0, 1.0]})
Sec neigh test:average score: defaultdict(<class 'list'>, {'roc_auc': 0.6241, 'MRR': 0.8101})
Random test: average score: defaultdict(<class 'list'>, {'roc_auc': 0.844, 'MRR': 1.0})
Completed: amazon_style_ccctt_features/fold_5

All jobs completed.
Setup complete
