Starting GCN batch job...
--------------------------------------
Running model: GCN
Dataset: amazon_style_ccct_features/fold_1
--------------------------------------
use device: cpu
Namespace(data='amazon_style_ccct_features/fold_1', model_path='model.pt', train_iter_n=50, cuda=0, checkpoint='', epochs=100, patience=3, n_layers=2, n_heads=[4], dropout=0.5, model='GCN', lr=0.005, weight_decay=0.0, batch_size=1024, edge_sample_ratio=1, test_with_CPU=False, decoder='dismult')
sys_path ['/home/simonettos/homhetgnn/HGB/LP/benchmark/methods/GNN', '/home/simonettos/homhetgnn/sbatches', '/home/simonettos/homhetgnn/HGB/LP/benchmark/methods/baseline', '/home/simonettos/homhetgnn/HGB/LP/benchmark', '/home/simonettos/homhetgnn/HGB/LP/benchmark/methods/GNN', '/home/simonettos/homhetgnn/HGB/LP/benchmark/methods/GNN/utils', '/home/simonettos/homhetgnn/HGB/LP/benchmark/methods/GNN/models', '/deepstore/software/anaconda3/2022.05/lib/python39.zip', '/deepstore/software/anaconda3/2022.05/lib/python3.9', '/deepstore/software/anaconda3/2022.05/lib/python3.9/lib-dynload', '/home/simonettos/homhetgnn/gpuvenv/lib/python3.9/site-packages', '../../', '../../']
Loading nodes from /home/simonettos/homhetgnn/HGB/LP/benchmark/data/amazon_style_ccct_features/fold_1/node.dat
edge types: dict_keys([6, 5, 7, 3, 4, 8, 0, 9, 2, 1, 10, 11])
nodes.shift keys: [0, 1, 2, 3]
nodes.count keys: [0, 1, 3, 2]
links.meta: {6: (0, 0), 5: (0, 0), 7: (0, 0), 3: (0, 0), 4: (0, 2), 8: (0, 0), 0: (0, 0), 9: (0, 0), 2: (0, 0), 1: (0, 0), 10: (0, 0), 11: (0, 0)}
t_type about to use: 0
h_type: 0
shift dict: {0: 0, 1: 19264, 2: 19822, 3: 20762}
count dict: Counter({0: 19264, 2: 940, 1: 558, 3: 188})
nodes.shift keys: [0, 1, 2, 3]
nodes.count keys: [0, 1, 3, 2]
links.meta: {6: (0, 0), 5: (0, 0), 7: (0, 0), 3: (0, 0), 4: (0, 2), 8: (0, 0), 0: (0, 0), 9: (0, 0), 2: (0, 0), 1: (0, 0), 10: (0, 0), 11: (0, 0)}
t_type about to use: 0
h_type: 0
shift dict: {0: 0, 1: 19264, 2: 19822, 3: 20762}
count dict: Counter({0: 19264, 2: 940, 1: 558, 3: 188})
Info: load amazon_style_ccct_features/fold_1 from original data and generate /home/simonettos/homhetgnn/HGB/LP/benchmark/data/amazon_style_ccct_features/fold_1/dl_pickle 
node_type: 0, dim: 19264
node_type: 1, dim: 558
node_type: 2, dim: 940
node_type: 3, dim: 188
edge types: [7, 3]
dataset: amazon_style_ccct_features/fold_1, eval_type: 7
edge_list shape: torch.Size([2, 67218])
feat_list shape: [torch.Size([19264, 19264]), torch.Size([558, 558]), torch.Size([940, 940]), torch.Size([188, 188])]
tensor(indices=tensor([[    0,     1,     2,  ..., 19261, 19262, 19263],
                       [    0,     1,     2,  ..., 19261, 19262, 19263]]),
       values=tensor([1., 1., 1.,  ..., 1., 1., 1.]),
       size=(19264, 19264), nnz=19264, layout=torch.sparse_coo)
epoch 0 | batch 0 |train loss 0.6931844353675842
Valid: loss 0.6918593645095825, score:{'roc_auc': 0.7348484848484849, 'MRR': 0.9185185185185186}
Saving model
epoch 0 | batch 1 |train loss 0.6914820075035095
epoch 1 | batch 0 |train loss 0.6677757501602173
Valid: loss 0.6345919966697693, score:{'roc_auc': 0.8140495867768596, 'MRR': 0.9888888888888889}
Saving model
epoch 1 | batch 1 |train loss 0.6256886124610901
epoch 2 | batch 0 |train loss 0.5368150472640991
Valid: loss 0.43602725863456726, score:{'roc_auc': 0.9306703397612488, 'MRR': 0.9777777777777777}
Saving model
epoch 2 | batch 1 |train loss 0.4297487735748291
epoch 3 | batch 0 |train loss 0.2947182059288025
Valid: loss 0.3339502811431885, score:{'roc_auc': 0.9416896235078053, 'MRR': 0.9888888888888889}
Saving model
epoch 3 | batch 1 |train loss 0.19043417274951935
epoch 4 | batch 0 |train loss 0.11554202437400818
Valid: loss 0.5207021236419678, score:{'roc_auc': 0.9419191919191918, 'MRR': 1.0}
EarlyStopping counter: 1 out of 3
epoch 4 | batch 1 |train loss 0.09999412298202515
epoch 5 | batch 0 |train loss 0.07138197869062424
Valid: loss 3.524264335632324, score:{'roc_auc': 0.9288337924701561, 'MRR': 1.0}
EarlyStopping counter: 2 out of 3
epoch 5 | batch 1 |train loss 0.09852303564548492
epoch 6 | batch 0 |train loss 0.07628501951694489
Valid: loss 4.173886299133301, score:{'roc_auc': 0.9251606978879706, 'MRR': 1.0}
Meta keys: dict_keys([7, 3])
Data keys: dict_keys([7, 3])
Edge type: 7, Meta: (0, 1)
Edge type: 3, Meta: (0, 0)
Completed: amazon_style_ccct_features/fold_1

--------------------------------------
Running model: GCN
Dataset: amazon_style_ccct_features/fold_2
--------------------------------------
use device: cpu
Namespace(data='amazon_style_ccct_features/fold_2', model_path='model.pt', train_iter_n=50, cuda=0, checkpoint='', epochs=100, patience=3, n_layers=2, n_heads=[4], dropout=0.5, model='GCN', lr=0.005, weight_decay=0.0, batch_size=1024, edge_sample_ratio=1, test_with_CPU=False, decoder='dismult')
sys_path ['/home/simonettos/homhetgnn/HGB/LP/benchmark/methods/GNN', '/home/simonettos/homhetgnn/sbatches', '/home/simonettos/homhetgnn/HGB/LP/benchmark/methods/baseline', '/home/simonettos/homhetgnn/HGB/LP/benchmark', '/home/simonettos/homhetgnn/HGB/LP/benchmark/methods/GNN', '/home/simonettos/homhetgnn/HGB/LP/benchmark/methods/GNN/utils', '/home/simonettos/homhetgnn/HGB/LP/benchmark/methods/GNN/models', '/deepstore/software/anaconda3/2022.05/lib/python39.zip', '/deepstore/software/anaconda3/2022.05/lib/python3.9', '/deepstore/software/anaconda3/2022.05/lib/python3.9/lib-dynload', '/home/simonettos/homhetgnn/gpuvenv/lib/python3.9/site-packages', '../../', '../../']
Loading nodes from /home/simonettos/homhetgnn/HGB/LP/benchmark/data/amazon_style_ccct_features/fold_2/node.dat
edge types: dict_keys([6, 4, 8, 7, 9, 10, 0, 2, 5, 3, 1, 11])
nodes.shift keys: [0, 1, 2, 3]
nodes.count keys: [0, 1, 3, 2]
links.meta: {6: (0, 0), 4: (0, 0), 8: (0, 0), 7: (0, 1), 9: (0, 0), 10: (0, 0), 0: (0, 0), 2: (0, 0), 5: (0, 0), 3: (0, 0), 1: (0, 0), 11: (0, 0)}
t_type about to use: 1
h_type: 0
shift dict: {0: 0, 1: 19264, 2: 19822, 3: 20762}
count dict: Counter({0: 19264, 2: 940, 1: 558, 3: 188})
nodes.shift keys: [0, 1, 2, 3]
nodes.count keys: [0, 1, 3, 2]
links.meta: {6: (0, 0), 4: (0, 0), 8: (0, 0), 7: (0, 1), 9: (0, 0), 10: (0, 0), 0: (0, 0), 2: (0, 0), 5: (0, 0), 3: (0, 0), 1: (0, 0), 11: (0, 0)}
t_type about to use: 0
h_type: 0
shift dict: {0: 0, 1: 19264, 2: 19822, 3: 20762}
count dict: Counter({0: 19264, 2: 940, 1: 558, 3: 188})
Info: load amazon_style_ccct_features/fold_2 from original data and generate /home/simonettos/homhetgnn/HGB/LP/benchmark/data/amazon_style_ccct_features/fold_2/dl_pickle 
node_type: 0, dim: 19264
node_type: 1, dim: 558
node_type: 2, dim: 940
node_type: 3, dim: 188
edge types: [7, 3]
dataset: amazon_style_ccct_features/fold_2, eval_type: 7
edge_list shape: torch.Size([2, 67204])
feat_list shape: [torch.Size([19264, 19264]), torch.Size([558, 558]), torch.Size([940, 940]), torch.Size([188, 188])]
tensor(indices=tensor([[    0,     1,     2,  ..., 19261, 19262, 19263],
                       [    0,     1,     2,  ..., 19261, 19262, 19263]]),
       values=tensor([1., 1., 1.,  ..., 1., 1., 1.]),
       size=(19264, 19264), nnz=19264, layout=torch.sparse_coo)
epoch 0 | batch 0 |train loss 0.6930954456329346
Valid: loss 0.6740577816963196, score:{'roc_auc': 0.9822000711997152, 'MRR': 0.9861111111111112}
Saving model
epoch 0 | batch 1 |train loss 0.6823366284370422
epoch 1 | batch 0 |train loss 0.6079151630401611
Valid: loss 0.42398083209991455, score:{'roc_auc': 0.9875400498398006, 'MRR': 1.0}
Saving model
epoch 1 | batch 1 |train loss 0.4889310300350189
epoch 2 | batch 0 |train loss 0.30189818143844604
Valid: loss 0.15860038995742798, score:{'roc_auc': 0.9925240299038803, 'MRR': 1.0}
Saving model
epoch 2 | batch 1 |train loss 0.29094403982162476
epoch 3 | batch 0 |train loss 0.07364704459905624
Valid: loss 0.028353318572044373, score:{'roc_auc': 0.9996440014239943, 'MRR': 1.0}
Saving model
epoch 3 | batch 1 |train loss 0.18239280581474304
epoch 4 | batch 0 |train loss 0.025673743337392807
Valid: loss 0.028198791667819023, score:{'roc_auc': 0.9992880028479886, 'MRR': 1.0}
Saving model
epoch 4 | batch 1 |train loss 0.20700834691524506
epoch 5 | batch 0 |train loss 0.21401788294315338
Valid: loss 0.044438790529966354, score:{'roc_auc': 0.9992880028479886, 'MRR': 1.0}
EarlyStopping counter: 1 out of 3
epoch 5 | batch 1 |train loss 0.18100400269031525
epoch 6 | batch 0 |train loss 0.11664961278438568
Valid: loss 0.09321577847003937, score:{'roc_auc': 0.9992880028479886, 'MRR': 1.0}
EarlyStopping counter: 2 out of 3
epoch 6 | batch 1 |train loss 0.161404550075531
epoch 7 | batch 0 |train loss 0.3209817707538605
Valid: loss 0.10505139827728271, score:{'roc_auc': 0.9992880028479886, 'MRR': 1.0}
Meta keys: dict_keys([7, 3])
Data keys: dict_keys([7, 3])
Edge type: 7, Meta: (0, 0)
Edge type: 3, Meta: (0, 0)
edge type: 7, random_score: {'roc_auc': 0.9903587745229777, 'MRR': 1.0}, score: {'roc_auc': 0.8147613201415469, 'MRR': 0.9594594594594594}
ROC_AUC: 0.8147613201415469
dataset: amazon_style_ccct_features/fold_2, eval_type: 3
edge_list shape: torch.Size([2, 67204])
feat_list shape: [torch.Size([19264, 19264]), torch.Size([558, 558]), torch.Size([940, 940]), torch.Size([188, 188])]
tensor(indices=tensor([[    0,     1,     2,  ..., 19261, 19262, 19263],
                       [    0,     1,     2,  ..., 19261, 19262, 19263]]),
       values=tensor([1., 1., 1.,  ..., 1., 1., 1.]),
       size=(19264, 19264), nnz=19264, layout=torch.sparse_coo)
epoch 0 | batch 0 |train loss 1.2274091243743896
Valid: loss 1.3033463954925537, score:{'roc_auc': 0.8800000000000001, 'MRR': 0.9}
Saving model
epoch 1 | batch 0 |train loss 0.36916542053222656
Valid: loss 0.7868937849998474, score:{'roc_auc': 0.8800000000000001, 'MRR': 0.9}
Saving model
epoch 2 | batch 0 |train loss 0.16519597172737122
Valid: loss 0.501876950263977, score:{'roc_auc': 0.8800000000000001, 'MRR': 0.9}
Saving model
epoch 3 | batch 0 |train loss 0.09739203006029129
Valid: loss 0.41588491201400757, score:{'roc_auc': 0.8800000000000001, 'MRR': 0.9}
Saving model
epoch 4 | batch 0 |train loss 0.07931649684906006
Valid: loss 0.39973184466362, score:{'roc_auc': 0.8800000000000001, 'MRR': 0.9}
Saving model
epoch 5 | batch 0 |train loss 0.058241330087184906
Valid: loss 0.39973896741867065, score:{'roc_auc': 0.8800000000000001, 'MRR': 0.9}
EarlyStopping counter: 1 out of 3
epoch 6 | batch 0 |train loss 0.04284627363085747
Valid: loss 0.40338143706321716, score:{'roc_auc': 0.8800000000000001, 'MRR': 0.9}
EarlyStopping counter: 2 out of 3
epoch 7 | batch 0 |train loss 0.03192436322569847
Valid: loss 0.40813708305358887, score:{'roc_auc': 0.8800000000000001, 'MRR': 0.9}
Meta keys: dict_keys([7, 3])
Data keys: dict_keys([7, 3])
Edge type: 7, Meta: (0, 0)
Edge type: 3, Meta: (0, 0)
edge type: 3, random_score: {'roc_auc': 0.8273406906372375, 'MRR': 1.0}, score: {'roc_auc': 0.5589622641509433, 'MRR': 0.75}
ROC_AUC: 0.5589622641509433
Sec neigh test: score list: defaultdict(<class 'list'>, {'roc_auc': [0.8147613201415469, 0.5589622641509433], 'MRR': [0.9594594594594594, 0.75]})
Random test: score list: defaultdict(<class 'list'>, {'roc_auc': [0.9903587745229777, 0.8273406906372375], 'MRR': [1.0, 1.0]})
Sec neigh test:average score: defaultdict(<class 'list'>, {'roc_auc': 0.6869, 'MRR': 0.8547})
Random test: average score: defaultdict(<class 'list'>, {'roc_auc': 0.9088, 'MRR': 1.0})
Completed: amazon_style_ccct_features/fold_2

--------------------------------------
Running model: GCN
Dataset: amazon_style_ccct_features/fold_3
--------------------------------------
use device: cpu
Namespace(data='amazon_style_ccct_features/fold_3', model_path='model.pt', train_iter_n=50, cuda=0, checkpoint='', epochs=100, patience=3, n_layers=2, n_heads=[4], dropout=0.5, model='GCN', lr=0.005, weight_decay=0.0, batch_size=1024, edge_sample_ratio=1, test_with_CPU=False, decoder='dismult')
sys_path ['/home/simonettos/homhetgnn/HGB/LP/benchmark/methods/GNN', '/home/simonettos/homhetgnn/sbatches', '/home/simonettos/homhetgnn/HGB/LP/benchmark/methods/baseline', '/home/simonettos/homhetgnn/HGB/LP/benchmark', '/home/simonettos/homhetgnn/HGB/LP/benchmark/methods/GNN', '/home/simonettos/homhetgnn/HGB/LP/benchmark/methods/GNN/utils', '/home/simonettos/homhetgnn/HGB/LP/benchmark/methods/GNN/models', '/deepstore/software/anaconda3/2022.05/lib/python39.zip', '/deepstore/software/anaconda3/2022.05/lib/python3.9', '/deepstore/software/anaconda3/2022.05/lib/python3.9/lib-dynload', '/home/simonettos/homhetgnn/gpuvenv/lib/python3.9/site-packages', '../../', '../../']
Loading nodes from /home/simonettos/homhetgnn/HGB/LP/benchmark/data/amazon_style_ccct_features/fold_3/node.dat
edge types: dict_keys([6, 4, 8, 7, 9, 10, 0, 2, 5, 3, 1, 11])
nodes.shift keys: [0, 1, 2, 3]
nodes.count keys: [0, 1, 3, 2]
links.meta: {6: (0, 0), 4: (0, 0), 8: (0, 0), 7: (0, 1), 9: (0, 0), 10: (0, 0), 0: (0, 0), 2: (0, 0), 5: (0, 0), 3: (0, 0), 1: (0, 0), 11: (0, 0)}
t_type about to use: 1
h_type: 0
shift dict: {0: 0, 1: 19264, 2: 19822, 3: 20762}
count dict: Counter({0: 19264, 2: 940, 1: 558, 3: 188})
nodes.shift keys: [0, 1, 2, 3]
nodes.count keys: [0, 1, 3, 2]
links.meta: {6: (0, 0), 4: (0, 0), 8: (0, 0), 7: (0, 1), 9: (0, 0), 10: (0, 0), 0: (0, 0), 2: (0, 0), 5: (0, 0), 3: (0, 0), 1: (0, 0), 11: (0, 0)}
t_type about to use: 0
h_type: 0
shift dict: {0: 0, 1: 19264, 2: 19822, 3: 20762}
count dict: Counter({0: 19264, 2: 940, 1: 558, 3: 188})
Info: load amazon_style_ccct_features/fold_3 from original data and generate /home/simonettos/homhetgnn/HGB/LP/benchmark/data/amazon_style_ccct_features/fold_3/dl_pickle 
node_type: 0, dim: 19264
node_type: 1, dim: 558
node_type: 2, dim: 940
node_type: 3, dim: 188
edge types: [7, 3]
dataset: amazon_style_ccct_features/fold_3, eval_type: 7
edge_list shape: torch.Size([2, 67196])
feat_list shape: [torch.Size([19264, 19264]), torch.Size([558, 558]), torch.Size([940, 940]), torch.Size([188, 188])]
tensor(indices=tensor([[    0,     1,     2,  ..., 19261, 19262, 19263],
                       [    0,     1,     2,  ..., 19261, 19262, 19263]]),
       values=tensor([1., 1., 1.,  ..., 1., 1., 1.]),
       size=(19264, 19264), nnz=19264, layout=torch.sparse_coo)
epoch 0 | batch 0 |train loss 0.6930947303771973
Valid: loss 0.6884603500366211, score:{'roc_auc': 0.8699924414210128, 'MRR': 0.9263565891472867}
Saving model
epoch 0 | batch 1 |train loss 0.68830406665802
epoch 1 | batch 0 |train loss 0.6509556770324707
Valid: loss 0.5574753880500793, score:{'roc_auc': 0.9841269841269841, 'MRR': 1.0}
Saving model
epoch 1 | batch 1 |train loss 0.5586931109428406
epoch 2 | batch 0 |train loss 0.4180358350276947
Valid: loss 0.2373783141374588, score:{'roc_auc': 0.999244142101285, 'MRR': 1.0}
Saving model
epoch 2 | batch 1 |train loss 0.24364398419857025
epoch 3 | batch 0 |train loss 0.14225541055202484
Valid: loss 0.03304408863186836, score:{'roc_auc': 1.0, 'MRR': 1.0}
Saving model
epoch 3 | batch 1 |train loss 0.04466923698782921
epoch 4 | batch 0 |train loss 0.17077504098415375
Valid: loss 0.0035335959400981665, score:{'roc_auc': 1.0, 'MRR': 1.0}
Saving model
epoch 4 | batch 1 |train loss 0.010701635852456093
epoch 5 | batch 0 |train loss 0.15362174808979034
Valid: loss 0.03226671740412712, score:{'roc_auc': 1.0, 'MRR': 1.0}
EarlyStopping counter: 1 out of 3
epoch 5 | batch 1 |train loss 0.03288814797997475
epoch 6 | batch 0 |train loss 0.165404811501503
Valid: loss 0.02393564023077488, score:{'roc_auc': 0.9997480473670949, 'MRR': 1.0}
EarlyStopping counter: 2 out of 3
epoch 6 | batch 1 |train loss 0.17784184217453003
epoch 7 | batch 0 |train loss 0.22489063441753387
Valid: loss 0.03481645882129669, score:{'roc_auc': 0.999748047367095, 'MRR': 1.0}
Meta keys: dict_keys([7, 3])
Data keys: dict_keys([7, 3])
Edge type: 7, Meta: (0, 2)
Edge type: 3, Meta: (0, 0)
edge type: 7, random_score: {'roc_auc': 0.9872876492194674, 'MRR': 1.0}, score: {'roc_auc': 0.863297032828283, 'MRR': 0.9630952380952381}
ROC_AUC: 0.863297032828283
dataset: amazon_style_ccct_features/fold_3, eval_type: 3
edge_list shape: torch.Size([2, 67196])
feat_list shape: [torch.Size([19264, 19264]), torch.Size([558, 558]), torch.Size([940, 940]), torch.Size([188, 188])]
tensor(indices=tensor([[    0,     1,     2,  ..., 19261, 19262, 19263],
                       [    0,     1,     2,  ..., 19261, 19262, 19263]]),
       values=tensor([1., 1., 1.,  ..., 1., 1., 1.]),
       size=(19264, 19264), nnz=19264, layout=torch.sparse_coo)
epoch 0 | batch 0 |train loss 0.5270025730133057
Valid: loss 1.6711933612823486, score:{'roc_auc': 0.75, 'MRR': 0.875}
Saving model
epoch 1 | batch 0 |train loss 0.3614020049571991
Valid: loss 1.3137867450714111, score:{'roc_auc': 0.79, 'MRR': 0.875}
Saving model
epoch 2 | batch 0 |train loss 0.1972270905971527
Valid: loss 0.9623363614082336, score:{'roc_auc': 0.8200000000000001, 'MRR': 0.9375}
Saving model
epoch 3 | batch 0 |train loss 0.10131141543388367
Valid: loss 0.7791073322296143, score:{'roc_auc': 0.8699999999999999, 'MRR': 0.9375}
Saving model
epoch 4 | batch 0 |train loss 0.062153905630111694
Valid: loss 0.6835571527481079, score:{'roc_auc': 0.8800000000000001, 'MRR': 0.9375}
Saving model
epoch 5 | batch 0 |train loss 0.04140164330601692
Valid: loss 0.6271352767944336, score:{'roc_auc': 0.8800000000000001, 'MRR': 0.9375}
Saving model
epoch 6 | batch 0 |train loss 0.031873129308223724
Valid: loss 0.5897520780563354, score:{'roc_auc': 0.8800000000000001, 'MRR': 0.9375}
Saving model
epoch 7 | batch 0 |train loss 0.02565642073750496
Valid: loss 0.5616102814674377, score:{'roc_auc': 0.8800000000000001, 'MRR': 0.9375}
Saving model
epoch 8 | batch 0 |train loss 0.020101288333535194
Valid: loss 0.5380021333694458, score:{'roc_auc': 0.8800000000000001, 'MRR': 0.9375}
Saving model
epoch 9 | batch 0 |train loss 0.01384705025702715
Valid: loss 0.5182140469551086, score:{'roc_auc': 0.8800000000000001, 'MRR': 0.9375}
Saving model
epoch 10 | batch 0 |train loss 0.01148624625056982
Valid: loss 0.5009022355079651, score:{'roc_auc': 0.8800000000000001, 'MRR': 0.9375}
Saving model
epoch 11 | batch 0 |train loss 0.0127634909003973
Valid: loss 0.4872007369995117, score:{'roc_auc': 0.8800000000000001, 'MRR': 0.9375}
Saving model
epoch 12 | batch 0 |train loss 0.00992286391556263
Valid: loss 0.4776221215724945, score:{'roc_auc': 0.8800000000000001, 'MRR': 0.9375}
Saving model
epoch 13 | batch 0 |train loss 0.009998416528105736
Valid: loss 0.4737936854362488, score:{'roc_auc': 0.89, 'MRR': 0.9375}
Saving model
epoch 14 | batch 0 |train loss 0.006027879659086466
Valid: loss 0.47490477561950684, score:{'roc_auc': 0.9, 'MRR': 0.9375}
EarlyStopping counter: 1 out of 3
epoch 15 | batch 0 |train loss 0.0060345809906721115
Valid: loss 0.48114022612571716, score:{'roc_auc': 0.91, 'MRR': 0.9375}
EarlyStopping counter: 2 out of 3
epoch 16 | batch 0 |train loss 0.006023148074746132
Valid: loss 0.49477633833885193, score:{'roc_auc': 0.91, 'MRR': 0.9375}
Meta keys: dict_keys([7, 3])
Data keys: dict_keys([7, 3])
Edge type: 7, Meta: (0, 2)
Edge type: 3, Meta: (0, 0)
edge type: 3, random_score: {'roc_auc': 0.6889995473064735, 'MRR': 1.0}, score: {'roc_auc': 0.6673758865248227, 'MRR': 0.8409090909090909}
ROC_AUC: 0.6673758865248227
Sec neigh test: score list: defaultdict(<class 'list'>, {'roc_auc': [0.863297032828283, 0.6673758865248227], 'MRR': [0.9630952380952381, 0.8409090909090909]})
Random test: score list: defaultdict(<class 'list'>, {'roc_auc': [0.9872876492194674, 0.6889995473064735], 'MRR': [1.0, 1.0]})
Sec neigh test:average score: defaultdict(<class 'list'>, {'roc_auc': 0.7653, 'MRR': 0.902})
Random test: average score: defaultdict(<class 'list'>, {'roc_auc': 0.8381, 'MRR': 1.0})
Completed: amazon_style_ccct_features/fold_3

--------------------------------------
Running model: GCN
Dataset: amazon_style_ccct_features/fold_4
--------------------------------------
use device: cpu
Namespace(data='amazon_style_ccct_features/fold_4', model_path='model.pt', train_iter_n=50, cuda=0, checkpoint='', epochs=100, patience=3, n_layers=2, n_heads=[4], dropout=0.5, model='GCN', lr=0.005, weight_decay=0.0, batch_size=1024, edge_sample_ratio=1, test_with_CPU=False, decoder='dismult')
sys_path ['/home/simonettos/homhetgnn/HGB/LP/benchmark/methods/GNN', '/home/simonettos/homhetgnn/sbatches', '/home/simonettos/homhetgnn/HGB/LP/benchmark/methods/baseline', '/home/simonettos/homhetgnn/HGB/LP/benchmark', '/home/simonettos/homhetgnn/HGB/LP/benchmark/methods/GNN', '/home/simonettos/homhetgnn/HGB/LP/benchmark/methods/GNN/utils', '/home/simonettos/homhetgnn/HGB/LP/benchmark/methods/GNN/models', '/deepstore/software/anaconda3/2022.05/lib/python39.zip', '/deepstore/software/anaconda3/2022.05/lib/python3.9', '/deepstore/software/anaconda3/2022.05/lib/python3.9/lib-dynload', '/home/simonettos/homhetgnn/gpuvenv/lib/python3.9/site-packages', '../../', '../../']
Loading nodes from /home/simonettos/homhetgnn/HGB/LP/benchmark/data/amazon_style_ccct_features/fold_4/node.dat
edge types: dict_keys([6, 4, 8, 7, 9, 10, 0, 2, 5, 3, 1, 11])
nodes.shift keys: [0, 1, 2, 3]
nodes.count keys: [0, 1, 3, 2]
links.meta: {6: (0, 0), 4: (0, 0), 8: (0, 0), 7: (0, 1), 9: (0, 0), 10: (0, 0), 0: (0, 0), 2: (0, 0), 5: (0, 0), 3: (0, 0), 1: (0, 0), 11: (0, 0)}
t_type about to use: 1
h_type: 0
shift dict: {0: 0, 1: 19264, 2: 19822, 3: 20762}
count dict: Counter({0: 19264, 2: 940, 1: 558, 3: 188})
nodes.shift keys: [0, 1, 2, 3]
nodes.count keys: [0, 1, 3, 2]
links.meta: {6: (0, 0), 4: (0, 0), 8: (0, 0), 7: (0, 1), 9: (0, 0), 10: (0, 0), 0: (0, 0), 2: (0, 0), 5: (0, 0), 3: (0, 0), 1: (0, 0), 11: (0, 0)}
t_type about to use: 0
h_type: 0
shift dict: {0: 0, 1: 19264, 2: 19822, 3: 20762}
count dict: Counter({0: 19264, 2: 940, 1: 558, 3: 188})
Info: load amazon_style_ccct_features/fold_4 from original data and generate /home/simonettos/homhetgnn/HGB/LP/benchmark/data/amazon_style_ccct_features/fold_4/dl_pickle 
node_type: 0, dim: 19264
node_type: 1, dim: 558
node_type: 2, dim: 940
node_type: 3, dim: 188
edge types: [7, 3]
dataset: amazon_style_ccct_features/fold_4, eval_type: 7
edge_list shape: torch.Size([2, 67256])
feat_list shape: [torch.Size([19264, 19264]), torch.Size([558, 558]), torch.Size([940, 940]), torch.Size([188, 188])]
tensor(indices=tensor([[    0,     1,     2,  ..., 19261, 19262, 19263],
                       [    0,     1,     2,  ..., 19261, 19262, 19263]]),
       values=tensor([1., 1., 1.,  ..., 1., 1., 1.]),
       size=(19264, 19264), nnz=19264, layout=torch.sparse_coo)
epoch 0 | batch 0 |train loss 0.6931539177894592
Valid: loss 0.6871591210365295, score:{'roc_auc': 0.8869665513264129, 'MRR': 0.9333333333333332}
Saving model
epoch 0 | batch 1 |train loss 0.686423659324646
epoch 1 | batch 0 |train loss 0.6292033791542053
Valid: loss 0.5144912600517273, score:{'roc_auc': 0.9657823913879278, 'MRR': 0.9625}
Saving model
epoch 1 | batch 1 |train loss 0.5072226524353027
epoch 2 | batch 0 |train loss 0.3670298457145691
Valid: loss 0.2523026764392853, score:{'roc_auc': 0.9753940792003076, 'MRR': 0.9875}
Saving model
epoch 2 | batch 1 |train loss 0.22075895965099335
epoch 3 | batch 0 |train loss 0.10967351496219635
Valid: loss 0.10178062319755554, score:{'roc_auc': 0.9919261822376009, 'MRR': 1.0}
Saving model
epoch 3 | batch 1 |train loss 0.057172488421201706
epoch 4 | batch 0 |train loss 0.07348662614822388
Valid: loss 0.13174128532409668, score:{'roc_auc': 0.994232987312572, 'MRR': 1.0}
EarlyStopping counter: 1 out of 3
epoch 4 | batch 1 |train loss 0.022992465645074844
epoch 5 | batch 0 |train loss 0.13848917186260223
Valid: loss 0.25067421793937683, score:{'roc_auc': 0.9946174548250672, 'MRR': 1.0}
EarlyStopping counter: 2 out of 3
epoch 5 | batch 1 |train loss 0.014600798487663269
epoch 6 | batch 0 |train loss 0.057052407413721085
Valid: loss 0.38503092527389526, score:{'roc_auc': 0.9946174548250672, 'MRR': 1.0}
Meta keys: dict_keys([7, 3])
Data keys: dict_keys([7, 3])
Edge type: 7, Meta: (0, 0)
Edge type: 3, Meta: (0, 0)
edge type: 7, random_score: {'roc_auc': 0.9768554480615775, 'MRR': 1.0}, score: {'roc_auc': 0.8275504772044564, 'MRR': 0.9362745098039216}
ROC_AUC: 0.8275504772044564
dataset: amazon_style_ccct_features/fold_4, eval_type: 3
edge_list shape: torch.Size([2, 67256])
feat_list shape: [torch.Size([19264, 19264]), torch.Size([558, 558]), torch.Size([940, 940]), torch.Size([188, 188])]
tensor(indices=tensor([[    0,     1,     2,  ..., 19261, 19262, 19263],
                       [    0,     1,     2,  ..., 19261, 19262, 19263]]),
       values=tensor([1., 1., 1.,  ..., 1., 1., 1.]),
       size=(19264, 19264), nnz=19264, layout=torch.sparse_coo)
epoch 0 | batch 0 |train loss 0.4140949845314026
Valid: loss 1.127336859703064, score:{'roc_auc': 0.7142857142857143, 'MRR': 0.9285714285714286}
Saving model
epoch 1 | batch 0 |train loss 0.47369158267974854
Valid: loss 0.7424376606941223, score:{'roc_auc': 0.8571428571428571, 'MRR': 0.9285714285714286}
Saving model
epoch 2 | batch 0 |train loss 0.21888934075832367
Valid: loss 0.48916634917259216, score:{'roc_auc': 0.8775510204081631, 'MRR': 0.9285714285714286}
Saving model
epoch 3 | batch 0 |train loss 0.1259380429983139
Valid: loss 0.42240071296691895, score:{'roc_auc': 0.8979591836734693, 'MRR': 0.9285714285714286}
Saving model
epoch 4 | batch 0 |train loss 0.10404592007398605
Valid: loss 0.4852888286113739, score:{'roc_auc': 0.9183673469387754, 'MRR': 0.9285714285714286}
EarlyStopping counter: 1 out of 3
epoch 5 | batch 0 |train loss 0.08179820328950882
Valid: loss 0.6112807393074036, score:{'roc_auc': 0.9183673469387754, 'MRR': 0.9285714285714286}
EarlyStopping counter: 2 out of 3
epoch 6 | batch 0 |train loss 0.054113347083330154
Valid: loss 0.7745600342750549, score:{'roc_auc': 0.8979591836734693, 'MRR': 0.9285714285714286}
Meta keys: dict_keys([7, 3])
Data keys: dict_keys([7, 3])
Edge type: 7, Meta: (0, 0)
Edge type: 3, Meta: (0, 0)
edge type: 3, random_score: {'roc_auc': 0.9342560553633218, 'MRR': 1.0}, score: {'roc_auc': 0.49716775599128543, 'MRR': 0.7629629629629628}
ROC_AUC: 0.49716775599128543
Sec neigh test: score list: defaultdict(<class 'list'>, {'roc_auc': [0.8275504772044564, 0.49716775599128543], 'MRR': [0.9362745098039216, 0.7629629629629628]})
Random test: score list: defaultdict(<class 'list'>, {'roc_auc': [0.9768554480615775, 0.9342560553633218], 'MRR': [1.0, 1.0]})
Sec neigh test:average score: defaultdict(<class 'list'>, {'roc_auc': 0.6624, 'MRR': 0.8496})
Random test: average score: defaultdict(<class 'list'>, {'roc_auc': 0.9556, 'MRR': 1.0})
Completed: amazon_style_ccct_features/fold_4

--------------------------------------
Running model: GCN
Dataset: amazon_style_ccct_features/fold_5
--------------------------------------
use device: cpu
Namespace(data='amazon_style_ccct_features/fold_5', model_path='model.pt', train_iter_n=50, cuda=0, checkpoint='', epochs=100, patience=3, n_layers=2, n_heads=[4], dropout=0.5, model='GCN', lr=0.005, weight_decay=0.0, batch_size=1024, edge_sample_ratio=1, test_with_CPU=False, decoder='dismult')
sys_path ['/home/simonettos/homhetgnn/HGB/LP/benchmark/methods/GNN', '/home/simonettos/homhetgnn/sbatches', '/home/simonettos/homhetgnn/HGB/LP/benchmark/methods/baseline', '/home/simonettos/homhetgnn/HGB/LP/benchmark', '/home/simonettos/homhetgnn/HGB/LP/benchmark/methods/GNN', '/home/simonettos/homhetgnn/HGB/LP/benchmark/methods/GNN/utils', '/home/simonettos/homhetgnn/HGB/LP/benchmark/methods/GNN/models', '/deepstore/software/anaconda3/2022.05/lib/python39.zip', '/deepstore/software/anaconda3/2022.05/lib/python3.9', '/deepstore/software/anaconda3/2022.05/lib/python3.9/lib-dynload', '/home/simonettos/homhetgnn/gpuvenv/lib/python3.9/site-packages', '../../', '../../']
Loading nodes from /home/simonettos/homhetgnn/HGB/LP/benchmark/data/amazon_style_ccct_features/fold_5/node.dat
edge types: dict_keys([6, 4, 8, 7, 9, 10, 0, 2, 5, 3, 1, 11])
nodes.shift keys: [0, 1, 2, 3]
nodes.count keys: [0, 1, 3, 2]
links.meta: {6: (0, 0), 4: (0, 0), 8: (0, 0), 7: (0, 1), 9: (0, 0), 10: (0, 0), 0: (0, 0), 2: (0, 0), 5: (0, 0), 3: (0, 0), 1: (0, 0), 11: (0, 0)}
t_type about to use: 1
h_type: 0
shift dict: {0: 0, 1: 19264, 2: 19822, 3: 20762}
count dict: Counter({0: 19264, 2: 940, 1: 558, 3: 188})
nodes.shift keys: [0, 1, 2, 3]
nodes.count keys: [0, 1, 3, 2]
links.meta: {6: (0, 0), 4: (0, 0), 8: (0, 0), 7: (0, 1), 9: (0, 0), 10: (0, 0), 0: (0, 0), 2: (0, 0), 5: (0, 0), 3: (0, 0), 1: (0, 0), 11: (0, 0)}
t_type about to use: 0
h_type: 0
shift dict: {0: 0, 1: 19264, 2: 19822, 3: 20762}
count dict: Counter({0: 19264, 2: 940, 1: 558, 3: 188})
Info: load amazon_style_ccct_features/fold_5 from original data and generate /home/simonettos/homhetgnn/HGB/LP/benchmark/data/amazon_style_ccct_features/fold_5/dl_pickle 
node_type: 0, dim: 19264
node_type: 1, dim: 558
node_type: 2, dim: 940
node_type: 3, dim: 188
edge types: [7, 3]
dataset: amazon_style_ccct_features/fold_5, eval_type: 7
edge_list shape: torch.Size([2, 67264])
feat_list shape: [torch.Size([19264, 19264]), torch.Size([558, 558]), torch.Size([940, 940]), torch.Size([188, 188])]
tensor(indices=tensor([[    0,     1,     2,  ..., 19261, 19262, 19263],
                       [    0,     1,     2,  ..., 19261, 19262, 19263]]),
       values=tensor([1., 1., 1.,  ..., 1., 1., 1.]),
       size=(19264, 19264), nnz=19264, layout=torch.sparse_coo)
epoch 0 | batch 0 |train loss 0.6930074095726013
Valid: loss 0.6827885508537292, score:{'roc_auc': 0.9118516527815104, 'MRR': 0.9891304347826086}
Saving model
epoch 0 | batch 1 |train loss 0.6809855699539185
epoch 1 | batch 0 |train loss 0.6202301979064941
Valid: loss 0.5287937521934509, score:{'roc_auc': 0.958344531040043, 'MRR': 1.0}
Saving model
epoch 1 | batch 1 |train loss 0.5086156725883484
epoch 2 | batch 0 |train loss 0.3920988142490387
Valid: loss 0.29013487696647644, score:{'roc_auc': 0.9841440472991131, 'MRR': 1.0}
Saving model
epoch 2 | batch 1 |train loss 0.20941554009914398
epoch 3 | batch 0 |train loss 0.11183735728263855
Valid: loss 0.17843076586723328, score:{'roc_auc': 0.985622144584789, 'MRR': 1.0}
Saving model
epoch 3 | batch 1 |train loss 0.04610903561115265
epoch 4 | batch 0 |train loss 0.043579403311014175
Valid: loss 0.863624632358551, score:{'roc_auc': 0.9876377317925288, 'MRR': 1.0}
EarlyStopping counter: 1 out of 3
epoch 4 | batch 1 |train loss 0.04010282829403877
epoch 5 | batch 0 |train loss 0.03021796979010105
Valid: loss 0.9168024659156799, score:{'roc_auc': 0.9908626713249127, 'MRR': 1.0}
EarlyStopping counter: 2 out of 3
epoch 5 | batch 1 |train loss 0.04338322952389717
epoch 6 | batch 0 |train loss 0.035186100751161575
Valid: loss 0.8343117237091064, score:{'roc_auc': 0.9915345337274926, 'MRR': 1.0}
Meta keys: dict_keys([7, 3])
Data keys: dict_keys([7, 3])
Edge type: 7, Meta: (0, 0)
Edge type: 3, Meta: (0, 0)
edge type: 7, random_score: {'roc_auc': 0.9890962962962963, 'MRR': 1.0}, score: {'roc_auc': 0.8396941896024465, 'MRR': 0.8958333333333334}
ROC_AUC: 0.8396941896024465
dataset: amazon_style_ccct_features/fold_5, eval_type: 3
edge_list shape: torch.Size([2, 67264])
feat_list shape: [torch.Size([19264, 19264]), torch.Size([558, 558]), torch.Size([940, 940]), torch.Size([188, 188])]
tensor(indices=tensor([[    0,     1,     2,  ..., 19261, 19262, 19263],
                       [    0,     1,     2,  ..., 19261, 19262, 19263]]),
       values=tensor([1., 1., 1.,  ..., 1., 1., 1.]),
       size=(19264, 19264), nnz=19264, layout=torch.sparse_coo)
epoch 0 | batch 0 |train loss 0.4206090569496155
Valid: loss 1.3500783443450928, score:{'roc_auc': 0.76, 'MRR': 1.0}
Saving model
epoch 1 | batch 0 |train loss 0.5063448548316956
Valid: loss 0.8607227206230164, score:{'roc_auc': 1.0, 'MRR': 1.0}
Saving model
epoch 2 | batch 0 |train loss 0.2361035943031311
Valid: loss 0.4639175534248352, score:{'roc_auc': 1.0, 'MRR': 1.0}
Saving model
epoch 3 | batch 0 |train loss 0.13584664463996887
Valid: loss 0.22438713908195496, score:{'roc_auc': 1.0, 'MRR': 1.0}
Saving model
epoch 4 | batch 0 |train loss 0.10208321362733841
Valid: loss 0.13340099155902863, score:{'roc_auc': 1.0, 'MRR': 1.0}
Saving model
epoch 5 | batch 0 |train loss 0.08999495208263397
Valid: loss 0.12774847447872162, score:{'roc_auc': 1.0, 'MRR': 1.0}
Saving model
epoch 6 | batch 0 |train loss 0.06488712877035141
Valid: loss 0.17773683369159698, score:{'roc_auc': 1.0, 'MRR': 1.0}
EarlyStopping counter: 1 out of 3
epoch 7 | batch 0 |train loss 0.03616216778755188
Valid: loss 0.2836889624595642, score:{'roc_auc': 1.0, 'MRR': 1.0}
EarlyStopping counter: 2 out of 3
epoch 8 | batch 0 |train loss 0.027582990005612373
Valid: loss 0.4499145448207855, score:{'roc_auc': 1.0, 'MRR': 1.0}
Meta keys: dict_keys([7, 3])
Data keys: dict_keys([7, 3])
Edge type: 7, Meta: (0, 0)
Edge type: 3, Meta: (0, 0)
edge type: 3, random_score: {'roc_auc': 0.8875044499822, 'MRR': 1.0}, score: {'roc_auc': 0.42241047362341166, 'MRR': 0.7109929078014184}
ROC_AUC: 0.42241047362341166
Sec neigh test: score list: defaultdict(<class 'list'>, {'roc_auc': [0.8396941896024465, 0.42241047362341166], 'MRR': [0.8958333333333334, 0.7109929078014184]})
Random test: score list: defaultdict(<class 'list'>, {'roc_auc': [0.9890962962962963, 0.8875044499822], 'MRR': [1.0, 1.0]})
Sec neigh test:average score: defaultdict(<class 'list'>, {'roc_auc': 0.6311, 'MRR': 0.8034})
Random test: average score: defaultdict(<class 'list'>, {'roc_auc': 0.9383, 'MRR': 1.0})
Completed: amazon_style_ccct_features/fold_5

All jobs completed.
Setup complete
