Starting GCN batch job...
--------------------------------------
Running model: GCN
Dataset: amazon_style_ccctt/fold_1
--------------------------------------
use device: cpu
Namespace(data='amazon_style_ccctt/fold_1', model_path='model.pt', train_iter_n=50, cuda=0, checkpoint='', epochs=100, patience=3, n_layers=2, n_heads=[4], dropout=0.5, model='GCN', lr=0.005, weight_decay=0.0, batch_size=1024, edge_sample_ratio=1, test_with_CPU=False, decoder='dismult')
sys_path ['/home/simonettos/homhetgnn/HGB/LP/benchmark/methods/GNN', '/home/simonettos/homhetgnn/sbatches', '/home/simonettos/homhetgnn/HGB/LP/benchmark/methods/baseline', '/home/simonettos/homhetgnn/HGB/LP/benchmark', '/home/simonettos/homhetgnn/HGB/LP/benchmark/methods/GNN', '/home/simonettos/homhetgnn/HGB/LP/benchmark/methods/GNN/utils', '/home/simonettos/homhetgnn/HGB/LP/benchmark/methods/GNN/models', '/deepstore/software/anaconda3/2022.05/lib/python39.zip', '/deepstore/software/anaconda3/2022.05/lib/python3.9', '/deepstore/software/anaconda3/2022.05/lib/python3.9/lib-dynload', '/home/simonettos/homhetgnn/gpuvenv/lib/python3.9/site-packages', '../../', '../../']
Loading nodes from /home/simonettos/homhetgnn/HGB/LP/benchmark/data/amazon_style_ccctt/fold_1/node.dat
edge types: dict_keys([6, 5, 0, 7, 4, 12, 8, 9, 3, 1, 2, 11, 10])
nodes.shift keys: [0, 1, 2, 3, 4]
nodes.count keys: [0, 1, 3, 2, 4]
links.meta: {6: (3, 0), 5: (0, 0), 0: (2, 0), 7: (0, 0), 4: (0, 0), 12: (0, 3), 8: (0, 1), 9: (0, 0), 3: (0, 0), 1: (0, 0), 2: (0, 0), 11: (0, 0), 10: (0, 0)}
t_type about to use: 0
h_type: 0
shift dict: {0: 0, 1: 19264, 2: 19822, 3: 20762, 4: 21561}
count dict: Counter({0: 19264, 2: 940, 3: 799, 1: 558, 4: 14})
nodes.shift keys: [0, 1, 2, 3, 4]
nodes.count keys: [0, 1, 3, 2, 4]
links.meta: {6: (3, 0), 5: (0, 0), 0: (2, 0), 7: (0, 0), 4: (0, 0), 12: (0, 3), 8: (0, 1), 9: (0, 0), 3: (0, 0), 1: (0, 0), 2: (0, 0), 11: (0, 0), 10: (0, 0)}
t_type about to use: 0
h_type: 0
shift dict: {0: 0, 1: 19264, 2: 19822, 3: 20762, 4: 21561}
count dict: Counter({0: 19264, 2: 940, 3: 799, 1: 558, 4: 14})
Info: load amazon_style_ccctt/fold_1 from original data and generate /home/simonettos/homhetgnn/HGB/LP/benchmark/data/amazon_style_ccctt/fold_1/dl_pickle 
node_type: 0, dim: 19264
node_type: 1, dim: 558
node_type: 2, dim: 940
node_type: 3, dim: 799
node_type: 4, dim: 14
edge types: [7, 3]
dataset: amazon_style_ccctt/fold_1, eval_type: 7
edge_list shape: torch.Size([2, 69821])
feat_list shape: [torch.Size([19264, 19264]), torch.Size([558, 558]), torch.Size([940, 940]), torch.Size([799, 799]), torch.Size([14, 14])]
tensor(indices=tensor([[    0,     1,     2,  ..., 19261, 19262, 19263],
                       [    0,     1,     2,  ..., 19261, 19262, 19263]]),
       values=tensor([1., 1., 1.,  ..., 1., 1., 1.]),
       size=(19264, 19264), nnz=19264, layout=torch.sparse_coo)
epoch 0 | batch 0 |train loss 0.6931063532829285
Valid: loss 0.6908084750175476, score:{'roc_auc': 0.731401384083045, 'MRR': 0.96}
Saving model
epoch 0 | batch 1 |train loss 0.6908000111579895
epoch 1 | batch 0 |train loss 0.6657878756523132
Valid: loss 0.6361829042434692, score:{'roc_auc': 0.8393166089965397, 'MRR': 0.98}
Saving model
epoch 1 | batch 1 |train loss 0.6382908821105957
epoch 2 | batch 0 |train loss 0.5527870655059814
Valid: loss 0.4767107665538788, score:{'roc_auc': 0.960856401384083, 'MRR': 0.99}
Saving model
epoch 2 | batch 1 |train loss 0.4751761555671692
epoch 3 | batch 0 |train loss 0.3258805274963379
Valid: loss 0.3300245702266693, score:{'roc_auc': 0.9586937716262975, 'MRR': 0.99}
Saving model
epoch 3 | batch 1 |train loss 0.2435915172100067
epoch 4 | batch 0 |train loss 0.1493334025144577
Valid: loss 0.9776679873466492, score:{'roc_auc': 0.9606401384083045, 'MRR': 1.0}
EarlyStopping counter: 1 out of 3
epoch 4 | batch 1 |train loss 0.13223567605018616
epoch 5 | batch 0 |train loss 0.12020721286535263
Valid: loss 1.1449291706085205, score:{'roc_auc': 0.9573961937716262, 'MRR': 1.0}
EarlyStopping counter: 2 out of 3
epoch 5 | batch 1 |train loss 0.10027812421321869
epoch 6 | batch 0 |train loss 0.10171327739953995
Valid: loss 1.3343253135681152, score:{'roc_auc': 0.9603157439446368, 'MRR': 1.0}
Meta keys: dict_keys([7, 3])
Data keys: dict_keys([7, 3])
Edge type: 7, Meta: (3, 0)
Edge type: 3, Meta: (0, 0)
edge type: 7, random_score: {'roc_auc': 0.9755858444193298, 'MRR': 1.0}, score: {'roc_auc': 0.7527675276752768, 'MRR': 1.0}
ROC_AUC: 0.7527675276752768
dataset: amazon_style_ccctt/fold_1, eval_type: 3
edge_list shape: torch.Size([2, 69821])
feat_list shape: [torch.Size([19264, 19264]), torch.Size([558, 558]), torch.Size([940, 940]), torch.Size([799, 799]), torch.Size([14, 14])]
tensor(indices=tensor([[    0,     1,     2,  ..., 19261, 19262, 19263],
                       [    0,     1,     2,  ..., 19261, 19262, 19263]]),
       values=tensor([1., 1., 1.,  ..., 1., 1., 1.]),
       size=(19264, 19264), nnz=19264, layout=torch.sparse_coo)
epoch 0 | batch 0 |train loss 0.5057331919670105
Valid: loss 0.7853754162788391, score:{'roc_auc': 0.7551020408163266, 'MRR': 0.9166666666666666}
Saving model
epoch 1 | batch 0 |train loss 0.4249590337276459
Valid: loss 0.656668484210968, score:{'roc_auc': 0.7755102040816326, 'MRR': 0.9166666666666666}
Saving model
epoch 2 | batch 0 |train loss 0.25511375069618225
Valid: loss 0.6154094338417053, score:{'roc_auc': 0.8775510204081634, 'MRR': 0.9166666666666666}
Saving model
epoch 3 | batch 0 |train loss 0.18825805187225342
Valid: loss 0.6101994514465332, score:{'roc_auc': 0.8775510204081634, 'MRR': 0.9166666666666666}
Saving model
epoch 4 | batch 0 |train loss 0.13141222298145294
Valid: loss 0.6069746017456055, score:{'roc_auc': 0.8775510204081634, 'MRR': 0.9166666666666666}
Saving model
epoch 5 | batch 0 |train loss 0.08409889787435532
Valid: loss 0.6512160301208496, score:{'roc_auc': 0.8775510204081634, 'MRR': 0.9166666666666666}
EarlyStopping counter: 1 out of 3
epoch 6 | batch 0 |train loss 0.05591491609811783
Valid: loss 0.7955238223075867, score:{'roc_auc': 0.8775510204081634, 'MRR': 0.9166666666666666}
EarlyStopping counter: 2 out of 3
epoch 7 | batch 0 |train loss 0.040643174201250076
Valid: loss 0.9847663640975952, score:{'roc_auc': 0.8775510204081634, 'MRR': 0.9166666666666666}
Meta keys: dict_keys([7, 3])
Data keys: dict_keys([7, 3])
Edge type: 7, Meta: (3, 0)
Edge type: 3, Meta: (0, 0)
edge type: 3, random_score: {'roc_auc': 0.4983333333333333, 'MRR': 1.0}, score: {'roc_auc': 0.4663265306122449, 'MRR': 0.7735849056603774}
ROC_AUC: 0.4663265306122449
Sec neigh test: score list: defaultdict(<class 'list'>, {'roc_auc': [0.7527675276752768, 0.4663265306122449], 'MRR': [1.0, 0.7735849056603774]})
Random test: score list: defaultdict(<class 'list'>, {'roc_auc': [0.9755858444193298, 0.4983333333333333], 'MRR': [1.0, 1.0]})
Sec neigh test:average score: defaultdict(<class 'list'>, {'roc_auc': 0.6095, 'MRR': 0.8868})
Random test: average score: defaultdict(<class 'list'>, {'roc_auc': 0.737, 'MRR': 1.0})
Completed: amazon_style_ccctt/fold_1

--------------------------------------
Running model: GCN
Dataset: amazon_style_ccctt/fold_2
--------------------------------------
use device: cpu
Namespace(data='amazon_style_ccctt/fold_2', model_path='model.pt', train_iter_n=50, cuda=0, checkpoint='', epochs=100, patience=3, n_layers=2, n_heads=[4], dropout=0.5, model='GCN', lr=0.005, weight_decay=0.0, batch_size=1024, edge_sample_ratio=1, test_with_CPU=False, decoder='dismult')
sys_path ['/home/simonettos/homhetgnn/HGB/LP/benchmark/methods/GNN', '/home/simonettos/homhetgnn/sbatches', '/home/simonettos/homhetgnn/HGB/LP/benchmark/methods/baseline', '/home/simonettos/homhetgnn/HGB/LP/benchmark', '/home/simonettos/homhetgnn/HGB/LP/benchmark/methods/GNN', '/home/simonettos/homhetgnn/HGB/LP/benchmark/methods/GNN/utils', '/home/simonettos/homhetgnn/HGB/LP/benchmark/methods/GNN/models', '/deepstore/software/anaconda3/2022.05/lib/python39.zip', '/deepstore/software/anaconda3/2022.05/lib/python3.9', '/deepstore/software/anaconda3/2022.05/lib/python3.9/lib-dynload', '/home/simonettos/homhetgnn/gpuvenv/lib/python3.9/site-packages', '../../', '../../']
Loading nodes from /home/simonettos/homhetgnn/HGB/LP/benchmark/data/amazon_style_ccctt/fold_2/node.dat
edge types: dict_keys([6, 4, 7, 12, 5, 8, 3, 2, 9, 0, 11, 1, 10])
nodes.shift keys: [0, 1, 2, 3, 4]
nodes.count keys: [0, 1, 3, 2, 4]
links.meta: {6: (0, 0), 4: (0, 0), 7: (3, 0), 12: (0, 0), 5: (0, 0), 8: (0, 3), 3: (0, 0), 2: (0, 0), 9: (0, 0), 0: (3, 0), 11: (0, 0), 1: (0, 0), 10: (0, 0)}
t_type about to use: 0
h_type: 3
shift dict: {0: 0, 1: 19264, 2: 19822, 3: 20762, 4: 21561}
count dict: Counter({0: 19264, 2: 940, 3: 799, 1: 558, 4: 14})
nodes.shift keys: [0, 1, 2, 3, 4]
nodes.count keys: [0, 1, 3, 2, 4]
links.meta: {6: (0, 0), 4: (0, 0), 7: (3, 0), 12: (0, 0), 5: (0, 0), 8: (0, 3), 3: (0, 0), 2: (0, 0), 9: (0, 0), 0: (3, 0), 11: (0, 0), 1: (0, 0), 10: (0, 0)}
t_type about to use: 0
h_type: 0
shift dict: {0: 0, 1: 19264, 2: 19822, 3: 20762, 4: 21561}
count dict: Counter({0: 19264, 2: 940, 3: 799, 1: 558, 4: 14})
Info: load amazon_style_ccctt/fold_2 from original data and generate /home/simonettos/homhetgnn/HGB/LP/benchmark/data/amazon_style_ccctt/fold_2/dl_pickle 
node_type: 0, dim: 19264
node_type: 1, dim: 558
node_type: 2, dim: 940
node_type: 3, dim: 799
node_type: 4, dim: 14
edge types: [7, 3]
dataset: amazon_style_ccctt/fold_2, eval_type: 7
edge_list shape: torch.Size([2, 69931])
feat_list shape: [torch.Size([19264, 19264]), torch.Size([558, 558]), torch.Size([940, 940]), torch.Size([799, 799]), torch.Size([14, 14])]
tensor(indices=tensor([[    0,     1,     2,  ..., 19261, 19262, 19263],
                       [    0,     1,     2,  ..., 19261, 19262, 19263]]),
       values=tensor([1., 1., 1.,  ..., 1., 1., 1.]),
       size=(19264, 19264), nnz=19264, layout=torch.sparse_coo)
epoch 0 | batch 0 |train loss 0.6931532025337219
Valid: loss 0.6931066513061523, score:{'roc_auc': 0.5555102040816327, 'MRR': 0.7762345679012347}
Saving model
epoch 0 | batch 1 |train loss 0.6926625370979309
epoch 1 | batch 0 |train loss 0.6744875907897949
Valid: loss 0.6487908959388733, score:{'roc_auc': 0.8091836734693878, 'MRR': 1.0}
Saving model
epoch 1 | batch 1 |train loss 0.6421397924423218
epoch 2 | batch 0 |train loss 0.5736759901046753
Valid: loss 0.5120235681533813, score:{'roc_auc': 0.9355102040816325, 'MRR': 0.9907407407407407}
Saving model
epoch 2 | batch 1 |train loss 0.5003646612167358
epoch 3 | batch 0 |train loss 0.3670288622379303
Valid: loss 0.37259232997894287, score:{'roc_auc': 0.9540816326530612, 'MRR': 0.9907407407407407}
Saving model
epoch 3 | batch 1 |train loss 0.29887497425079346
epoch 4 | batch 0 |train loss 0.16739317774772644
Valid: loss 0.2444598376750946, score:{'roc_auc': 0.9746938775510203, 'MRR': 0.9907407407407407}
Saving model
epoch 4 | batch 1 |train loss 0.15694452822208405
epoch 5 | batch 0 |train loss 0.0755048394203186
Valid: loss 0.8383696675300598, score:{'roc_auc': 0.9769387755102041, 'MRR': 0.9814814814814815}
EarlyStopping counter: 1 out of 3
epoch 5 | batch 1 |train loss 0.12169326841831207
epoch 6 | batch 0 |train loss 0.03826364502310753
Valid: loss 0.934862494468689, score:{'roc_auc': 0.9780612244897959, 'MRR': 0.9907407407407407}
EarlyStopping counter: 2 out of 3
epoch 6 | batch 1 |train loss 0.22400906682014465
epoch 7 | batch 0 |train loss 0.03214099258184433
Valid: loss 1.0330681800842285, score:{'roc_auc': 0.974795918367347, 'MRR': 0.9814814814814815}
Meta keys: dict_keys([7, 3])
Data keys: dict_keys([7, 3])
Edge type: 7, Meta: (0, 0)
Edge type: 3, Meta: (0, 0)
edge type: 7, random_score: {'roc_auc': 0.9707004301598896, 'MRR': 1.0}, score: {'roc_auc': 0.8621433933933934, 'MRR': 0.9185750636132315}
ROC_AUC: 0.8621433933933934
dataset: amazon_style_ccctt/fold_2, eval_type: 3
edge_list shape: torch.Size([2, 69931])
feat_list shape: [torch.Size([19264, 19264]), torch.Size([558, 558]), torch.Size([940, 940]), torch.Size([799, 799]), torch.Size([14, 14])]
tensor(indices=tensor([[    0,     1,     2,  ..., 19261, 19262, 19263],
                       [    0,     1,     2,  ..., 19261, 19262, 19263]]),
       values=tensor([1., 1., 1.,  ..., 1., 1., 1.]),
       size=(19264, 19264), nnz=19264, layout=torch.sparse_coo)
epoch 0 | batch 0 |train loss 0.6008231043815613
Valid: loss 0.8618085980415344, score:{'roc_auc': 0.7346938775510204, 'MRR': 1.0}
Saving model
epoch 1 | batch 0 |train loss 0.4061548709869385
Valid: loss 0.5893288850784302, score:{'roc_auc': 0.8163265306122449, 'MRR': 1.0}
Saving model
epoch 2 | batch 0 |train loss 0.3310001790523529
Valid: loss 0.47780749201774597, score:{'roc_auc': 0.8571428571428572, 'MRR': 1.0}
Saving model
epoch 3 | batch 0 |train loss 0.24717336893081665
Valid: loss 0.40059587359428406, score:{'roc_auc': 0.8571428571428572, 'MRR': 1.0}
Saving model
epoch 4 | batch 0 |train loss 0.16137968003749847
Valid: loss 0.3527771830558777, score:{'roc_auc': 0.8775510204081632, 'MRR': 1.0}
Saving model
epoch 5 | batch 0 |train loss 0.10898171365261078
Valid: loss 0.3216342628002167, score:{'roc_auc': 0.8775510204081632, 'MRR': 1.0}
Saving model
epoch 6 | batch 0 |train loss 0.05747423321008682
Valid: loss 0.29616090655326843, score:{'roc_auc': 0.9183673469387755, 'MRR': 1.0}
Saving model
epoch 7 | batch 0 |train loss 0.028364229947328568
Valid: loss 0.277607262134552, score:{'roc_auc': 0.9183673469387755, 'MRR': 1.0}
Saving model
epoch 8 | batch 0 |train loss 0.015222905203700066
Valid: loss 0.2658728063106537, score:{'roc_auc': 0.9591836734693878, 'MRR': 1.0}
Saving model
epoch 9 | batch 0 |train loss 0.013444658368825912
Valid: loss 0.25797519087791443, score:{'roc_auc': 0.9591836734693878, 'MRR': 1.0}
Saving model
epoch 10 | batch 0 |train loss 0.008356716483831406
Valid: loss 0.27715831995010376, score:{'roc_auc': 0.9387755102040817, 'MRR': 1.0}
EarlyStopping counter: 1 out of 3
epoch 11 | batch 0 |train loss 0.006311916746199131
Valid: loss 0.328032910823822, score:{'roc_auc': 0.9387755102040817, 'MRR': 1.0}
EarlyStopping counter: 2 out of 3
epoch 12 | batch 0 |train loss 0.004331083968281746
Valid: loss 0.40850064158439636, score:{'roc_auc': 0.9183673469387755, 'MRR': 1.0}
Meta keys: dict_keys([7, 3])
Data keys: dict_keys([7, 3])
Edge type: 7, Meta: (0, 0)
Edge type: 3, Meta: (0, 0)
edge type: 3, random_score: {'roc_auc': 0.6119791666666667, 'MRR': 1.0}, score: {'roc_auc': 0.6438008130081301, 'MRR': 0.8708333333333333}
ROC_AUC: 0.6438008130081301
Sec neigh test: score list: defaultdict(<class 'list'>, {'roc_auc': [0.8621433933933934, 0.6438008130081301], 'MRR': [0.9185750636132315, 0.8708333333333333]})
Random test: score list: defaultdict(<class 'list'>, {'roc_auc': [0.9707004301598896, 0.6119791666666667], 'MRR': [1.0, 1.0]})
Sec neigh test:average score: defaultdict(<class 'list'>, {'roc_auc': 0.753, 'MRR': 0.8947})
Random test: average score: defaultdict(<class 'list'>, {'roc_auc': 0.7913, 'MRR': 1.0})
Completed: amazon_style_ccctt/fold_2

--------------------------------------
Running model: GCN
Dataset: amazon_style_ccctt/fold_3
--------------------------------------
use device: cpu
Namespace(data='amazon_style_ccctt/fold_3', model_path='model.pt', train_iter_n=50, cuda=0, checkpoint='', epochs=100, patience=3, n_layers=2, n_heads=[4], dropout=0.5, model='GCN', lr=0.005, weight_decay=0.0, batch_size=1024, edge_sample_ratio=1, test_with_CPU=False, decoder='dismult')
sys_path ['/home/simonettos/homhetgnn/HGB/LP/benchmark/methods/GNN', '/home/simonettos/homhetgnn/sbatches', '/home/simonettos/homhetgnn/HGB/LP/benchmark/methods/baseline', '/home/simonettos/homhetgnn/HGB/LP/benchmark', '/home/simonettos/homhetgnn/HGB/LP/benchmark/methods/GNN', '/home/simonettos/homhetgnn/HGB/LP/benchmark/methods/GNN/utils', '/home/simonettos/homhetgnn/HGB/LP/benchmark/methods/GNN/models', '/deepstore/software/anaconda3/2022.05/lib/python39.zip', '/deepstore/software/anaconda3/2022.05/lib/python3.9', '/deepstore/software/anaconda3/2022.05/lib/python3.9/lib-dynload', '/home/simonettos/homhetgnn/gpuvenv/lib/python3.9/site-packages', '../../', '../../']
Loading nodes from /home/simonettos/homhetgnn/HGB/LP/benchmark/data/amazon_style_ccctt/fold_3/node.dat
edge types: dict_keys([6, 4, 7, 12, 5, 8, 3, 2, 9, 0, 11, 1, 10])
nodes.shift keys: [0, 1, 2, 3, 4]
nodes.count keys: [0, 1, 3, 2, 4]
links.meta: {6: (0, 0), 4: (0, 0), 7: (3, 0), 12: (0, 0), 5: (0, 0), 8: (0, 3), 3: (0, 0), 2: (0, 0), 9: (0, 0), 0: (3, 0), 11: (0, 0), 1: (0, 0), 10: (0, 0)}
t_type about to use: 0
h_type: 3
shift dict: {0: 0, 1: 19264, 2: 19822, 3: 20762, 4: 21561}
count dict: Counter({0: 19264, 2: 940, 3: 799, 1: 558, 4: 14})
nodes.shift keys: [0, 1, 2, 3, 4]
nodes.count keys: [0, 1, 3, 2, 4]
links.meta: {6: (0, 0), 4: (0, 0), 7: (3, 0), 12: (0, 0), 5: (0, 0), 8: (0, 3), 3: (0, 0), 2: (0, 0), 9: (0, 0), 0: (3, 0), 11: (0, 0), 1: (0, 0), 10: (0, 0)}
t_type about to use: 0
h_type: 0
shift dict: {0: 0, 1: 19264, 2: 19822, 3: 20762, 4: 21561}
count dict: Counter({0: 19264, 2: 940, 3: 799, 1: 558, 4: 14})
Info: load amazon_style_ccctt/fold_3 from original data and generate /home/simonettos/homhetgnn/HGB/LP/benchmark/data/amazon_style_ccctt/fold_3/dl_pickle 
node_type: 0, dim: 19264
node_type: 1, dim: 558
node_type: 2, dim: 940
node_type: 3, dim: 799
node_type: 4, dim: 14
edge types: [7, 3]
dataset: amazon_style_ccctt/fold_3, eval_type: 7
edge_list shape: torch.Size([2, 69945])
feat_list shape: [torch.Size([19264, 19264]), torch.Size([558, 558]), torch.Size([940, 940]), torch.Size([799, 799]), torch.Size([14, 14])]
tensor(indices=tensor([[    0,     1,     2,  ..., 19261, 19262, 19263],
                       [    0,     1,     2,  ..., 19261, 19262, 19263]]),
       values=tensor([1., 1., 1.,  ..., 1., 1., 1.]),
       size=(19264, 19264), nnz=19264, layout=torch.sparse_coo)
epoch 0 | batch 0 |train loss 0.6930900812149048
Valid: loss 0.6890292763710022, score:{'roc_auc': 0.768813775510204, 'MRR': 0.954954954954955}
Saving model
epoch 0 | batch 1 |train loss 0.6897552013397217
epoch 1 | batch 0 |train loss 0.6540767550468445
Valid: loss 0.5983623266220093, score:{'roc_auc': 0.8785076530612245, 'MRR': 0.972972972972973}
Saving model
epoch 1 | batch 1 |train loss 0.6398314833641052
epoch 2 | batch 0 |train loss 0.5291222929954529
Valid: loss 0.41690972447395325, score:{'roc_auc': 0.984375, 'MRR': 0.972972972972973}
Saving model
epoch 2 | batch 1 |train loss 0.45803582668304443
epoch 3 | batch 0 |train loss 0.31156569719314575
Valid: loss 0.187102809548378, score:{'roc_auc': 0.9815051020408163, 'MRR': 0.972972972972973}
Saving model
epoch 3 | batch 1 |train loss 0.1927170306444168
epoch 4 | batch 0 |train loss 0.12577171623706818
Valid: loss 0.2014157474040985, score:{'roc_auc': 0.9808673469387755, 'MRR': 0.9594594594594594}
EarlyStopping counter: 1 out of 3
epoch 4 | batch 1 |train loss 0.07381346076726913
epoch 5 | batch 0 |train loss 0.07103874534368515
Valid: loss 0.27815136313438416, score:{'roc_auc': 0.9786352040816327, 'MRR': 0.9594594594594594}
EarlyStopping counter: 2 out of 3
epoch 5 | batch 1 |train loss 0.0657234787940979
epoch 6 | batch 0 |train loss 0.07541469484567642
Valid: loss 2.0352962017059326, score:{'roc_auc': 0.9695471938775512, 'MRR': 0.972972972972973}
Meta keys: dict_keys([7, 3])
Data keys: dict_keys([7, 3])
Edge type: 7, Meta: (0, 0)
Edge type: 3, Meta: (0, 0)
edge type: 7, random_score: {'roc_auc': 0.9948944744211462, 'MRR': 1.0}, score: {'roc_auc': 0.8634414470606582, 'MRR': 0.9419191919191919}
ROC_AUC: 0.8634414470606582
dataset: amazon_style_ccctt/fold_3, eval_type: 3
edge_list shape: torch.Size([2, 69945])
feat_list shape: [torch.Size([19264, 19264]), torch.Size([558, 558]), torch.Size([940, 940]), torch.Size([799, 799]), torch.Size([14, 14])]
tensor(indices=tensor([[    0,     1,     2,  ..., 19261, 19262, 19263],
                       [    0,     1,     2,  ..., 19261, 19262, 19263]]),
       values=tensor([1., 1., 1.,  ..., 1., 1., 1.]),
       size=(19264, 19264), nnz=19264, layout=torch.sparse_coo)
epoch 0 | batch 0 |train loss 0.5031744837760925
Valid: loss 0.6532960534095764, score:{'roc_auc': 0.7346938775510204, 'MRR': 0.8}
Saving model
epoch 1 | batch 0 |train loss 0.6710665822029114
Valid: loss 0.5982854962348938, score:{'roc_auc': 0.7551020408163266, 'MRR': 0.9}
Saving model
epoch 2 | batch 0 |train loss 0.2538936138153076
Valid: loss 0.6712819337844849, score:{'roc_auc': 0.8367346938775511, 'MRR': 1.0}
EarlyStopping counter: 1 out of 3
epoch 3 | batch 0 |train loss 0.17886225879192352
Valid: loss 0.6319552659988403, score:{'roc_auc': 0.9591836734693878, 'MRR': 1.0}
EarlyStopping counter: 2 out of 3
epoch 4 | batch 0 |train loss 0.11127793043851852
Valid: loss 0.41011762619018555, score:{'roc_auc': 1.0, 'MRR': 1.0}
Saving model
epoch 5 | batch 0 |train loss 0.050096213817596436
Valid: loss 0.16606399416923523, score:{'roc_auc': 1.0, 'MRR': 1.0}
Saving model
epoch 6 | batch 0 |train loss 0.03877633437514305
Valid: loss 0.0707181915640831, score:{'roc_auc': 1.0, 'MRR': 1.0}
Saving model
epoch 7 | batch 0 |train loss 0.032218873500823975
Valid: loss 0.05494234338402748, score:{'roc_auc': 1.0, 'MRR': 1.0}
Saving model
epoch 8 | batch 0 |train loss 0.035555627197027206
Valid: loss 0.1138618141412735, score:{'roc_auc': 1.0, 'MRR': 1.0}
EarlyStopping counter: 1 out of 3
epoch 9 | batch 0 |train loss 0.0317329578101635
Valid: loss 0.3272087275981903, score:{'roc_auc': 1.0, 'MRR': 1.0}
EarlyStopping counter: 2 out of 3
epoch 10 | batch 0 |train loss 0.01780378445982933
Valid: loss 0.7452294230461121, score:{'roc_auc': 1.0, 'MRR': 1.0}
Meta keys: dict_keys([7, 3])
Data keys: dict_keys([7, 3])
Edge type: 7, Meta: (0, 0)
Edge type: 3, Meta: (0, 0)
edge type: 3, random_score: {'roc_auc': 0.7792159763313611, 'MRR': 1.0}, score: {'roc_auc': 0.5508547008547009, 'MRR': 0.8055555555555557}
ROC_AUC: 0.5508547008547009
Sec neigh test: score list: defaultdict(<class 'list'>, {'roc_auc': [0.8634414470606582, 0.5508547008547009], 'MRR': [0.9419191919191919, 0.8055555555555557]})
Random test: score list: defaultdict(<class 'list'>, {'roc_auc': [0.9948944744211462, 0.7792159763313611], 'MRR': [1.0, 1.0]})
Sec neigh test:average score: defaultdict(<class 'list'>, {'roc_auc': 0.7071, 'MRR': 0.8737})
Random test: average score: defaultdict(<class 'list'>, {'roc_auc': 0.8871, 'MRR': 1.0})
Completed: amazon_style_ccctt/fold_3

--------------------------------------
Running model: GCN
Dataset: amazon_style_ccctt/fold_4
--------------------------------------
use device: cpu
Namespace(data='amazon_style_ccctt/fold_4', model_path='model.pt', train_iter_n=50, cuda=0, checkpoint='', epochs=100, patience=3, n_layers=2, n_heads=[4], dropout=0.5, model='GCN', lr=0.005, weight_decay=0.0, batch_size=1024, edge_sample_ratio=1, test_with_CPU=False, decoder='dismult')
sys_path ['/home/simonettos/homhetgnn/HGB/LP/benchmark/methods/GNN', '/home/simonettos/homhetgnn/sbatches', '/home/simonettos/homhetgnn/HGB/LP/benchmark/methods/baseline', '/home/simonettos/homhetgnn/HGB/LP/benchmark', '/home/simonettos/homhetgnn/HGB/LP/benchmark/methods/GNN', '/home/simonettos/homhetgnn/HGB/LP/benchmark/methods/GNN/utils', '/home/simonettos/homhetgnn/HGB/LP/benchmark/methods/GNN/models', '/deepstore/software/anaconda3/2022.05/lib/python39.zip', '/deepstore/software/anaconda3/2022.05/lib/python3.9', '/deepstore/software/anaconda3/2022.05/lib/python3.9/lib-dynload', '/home/simonettos/homhetgnn/gpuvenv/lib/python3.9/site-packages', '../../', '../../']
Loading nodes from /home/simonettos/homhetgnn/HGB/LP/benchmark/data/amazon_style_ccctt/fold_4/node.dat
edge types: dict_keys([6, 4, 7, 12, 5, 8, 3, 2, 9, 0, 11, 1, 10])
nodes.shift keys: [0, 1, 2, 3, 4]
nodes.count keys: [0, 1, 3, 2, 4]
links.meta: {6: (0, 0), 4: (0, 0), 7: (3, 0), 12: (0, 0), 5: (0, 0), 8: (0, 3), 3: (0, 0), 2: (0, 0), 9: (0, 0), 0: (3, 0), 11: (0, 0), 1: (0, 0), 10: (0, 0)}
t_type about to use: 0
h_type: 3
shift dict: {0: 0, 1: 19264, 2: 19822, 3: 20762, 4: 21561}
count dict: Counter({0: 19264, 2: 940, 3: 799, 1: 558, 4: 14})
nodes.shift keys: [0, 1, 2, 3, 4]
nodes.count keys: [0, 1, 3, 2, 4]
links.meta: {6: (0, 0), 4: (0, 0), 7: (3, 0), 12: (0, 0), 5: (0, 0), 8: (0, 3), 3: (0, 0), 2: (0, 0), 9: (0, 0), 0: (3, 0), 11: (0, 0), 1: (0, 0), 10: (0, 0)}
t_type about to use: 0
h_type: 0
shift dict: {0: 0, 1: 19264, 2: 19822, 3: 20762, 4: 21561}
count dict: Counter({0: 19264, 2: 940, 3: 799, 1: 558, 4: 14})
Info: load amazon_style_ccctt/fold_4 from original data and generate /home/simonettos/homhetgnn/HGB/LP/benchmark/data/amazon_style_ccctt/fold_4/dl_pickle 
node_type: 0, dim: 19264
node_type: 1, dim: 558
node_type: 2, dim: 940
node_type: 3, dim: 799
node_type: 4, dim: 14
edge types: [7, 3]
dataset: amazon_style_ccctt/fold_4, eval_type: 7
edge_list shape: torch.Size([2, 69853])
feat_list shape: [torch.Size([19264, 19264]), torch.Size([558, 558]), torch.Size([940, 940]), torch.Size([799, 799]), torch.Size([14, 14])]
tensor(indices=tensor([[    0,     1,     2,  ..., 19261, 19262, 19263],
                       [    0,     1,     2,  ..., 19261, 19262, 19263]]),
       values=tensor([1., 1., 1.,  ..., 1., 1., 1.]),
       size=(19264, 19264), nnz=19264, layout=torch.sparse_coo)
epoch 0 | batch 0 |train loss 0.6932189464569092
Valid: loss 0.6935017108917236, score:{'roc_auc': 0.38387755102040816, 'MRR': 0.6933333333333334}
Saving model
epoch 0 | batch 1 |train loss 0.6933394074440002
epoch 1 | batch 0 |train loss 0.6812644600868225
Valid: loss 0.6560229063034058, score:{'roc_auc': 0.8161224489795919, 'MRR': 0.9777777777777777}
Saving model
epoch 1 | batch 1 |train loss 0.6593461036682129
epoch 2 | batch 0 |train loss 0.6037282347679138
Valid: loss 0.5362637639045715, score:{'roc_auc': 0.9185714285714286, 'MRR': 0.9777777777777777}
Saving model
epoch 2 | batch 1 |train loss 0.5377114415168762
epoch 3 | batch 0 |train loss 0.40263697504997253
Valid: loss 0.3128800392150879, score:{'roc_auc': 0.9577551020408163, 'MRR': 1.0}
Saving model
epoch 3 | batch 1 |train loss 0.3021751940250397
epoch 4 | batch 0 |train loss 0.17320755124092102
Valid: loss 0.4177011549472809, score:{'roc_auc': 0.9551020408163265, 'MRR': 1.0}
EarlyStopping counter: 1 out of 3
epoch 4 | batch 1 |train loss 0.1205328181385994
epoch 5 | batch 0 |train loss 0.0861218199133873
Valid: loss 0.5074408650398254, score:{'roc_auc': 0.9603061224489796, 'MRR': 0.9888888888888889}
EarlyStopping counter: 2 out of 3
epoch 5 | batch 1 |train loss 0.12875960767269135
epoch 6 | batch 0 |train loss 0.17753462493419647
Valid: loss 3.2639710903167725, score:{'roc_auc': 0.9456122448979591, 'MRR': 1.0}
Meta keys: dict_keys([7, 3])
Data keys: dict_keys([7, 3])
Edge type: 7, Meta: (0, 0)
Edge type: 3, Meta: (0, 0)
edge type: 7, random_score: {'roc_auc': 0.9927904388638893, 'MRR': 1.0}, score: {'roc_auc': 0.8260916971051627, 'MRR': 0.9213333333333332}
ROC_AUC: 0.8260916971051627
dataset: amazon_style_ccctt/fold_4, eval_type: 3
edge_list shape: torch.Size([2, 69853])
feat_list shape: [torch.Size([19264, 19264]), torch.Size([558, 558]), torch.Size([940, 940]), torch.Size([799, 799]), torch.Size([14, 14])]
tensor(indices=tensor([[    0,     1,     2,  ..., 19261, 19262, 19263],
                       [    0,     1,     2,  ..., 19261, 19262, 19263]]),
       values=tensor([1., 1., 1.,  ..., 1., 1., 1.]),
       size=(19264, 19264), nnz=19264, layout=torch.sparse_coo)
epoch 0 | batch 0 |train loss 0.6035245656967163
Valid: loss 0.5318268537521362, score:{'roc_auc': 0.8800000000000001, 'MRR': 1.0}
Saving model
epoch 1 | batch 0 |train loss 0.48720359802246094
Valid: loss 0.42239221930503845, score:{'roc_auc': 1.0, 'MRR': 1.0}
Saving model
epoch 2 | batch 0 |train loss 0.3093455135822296
Valid: loss 0.31726348400115967, score:{'roc_auc': 1.0, 'MRR': 1.0}
Saving model
epoch 3 | batch 0 |train loss 0.1743232160806656
Valid: loss 0.23196645081043243, score:{'roc_auc': 1.0, 'MRR': 1.0}
Saving model
epoch 4 | batch 0 |train loss 0.08577334135770798
Valid: loss 0.20136523246765137, score:{'roc_auc': 1.0, 'MRR': 1.0}
Saving model
epoch 5 | batch 0 |train loss 0.04680696874856949
Valid: loss 0.27747082710266113, score:{'roc_auc': 1.0, 'MRR': 1.0}
EarlyStopping counter: 1 out of 3
epoch 6 | batch 0 |train loss 0.02971043437719345
Valid: loss 0.4035237431526184, score:{'roc_auc': 1.0, 'MRR': 1.0}
EarlyStopping counter: 2 out of 3
epoch 7 | batch 0 |train loss 0.017131011933088303
Valid: loss 0.5440473556518555, score:{'roc_auc': 1.0, 'MRR': 1.0}
Meta keys: dict_keys([7, 3])
Data keys: dict_keys([7, 3])
Edge type: 7, Meta: (0, 0)
Edge type: 3, Meta: (0, 0)
edge type: 3, random_score: {'roc_auc': 0.7888581101877501, 'MRR': 1.0}, score: {'roc_auc': 0.5159958720330238, 'MRR': 0.7872340425531915}
ROC_AUC: 0.5159958720330238
Sec neigh test: score list: defaultdict(<class 'list'>, {'roc_auc': [0.8260916971051627, 0.5159958720330238], 'MRR': [0.9213333333333332, 0.7872340425531915]})
Random test: score list: defaultdict(<class 'list'>, {'roc_auc': [0.9927904388638893, 0.7888581101877501], 'MRR': [1.0, 1.0]})
Sec neigh test:average score: defaultdict(<class 'list'>, {'roc_auc': 0.671, 'MRR': 0.8543})
Random test: average score: defaultdict(<class 'list'>, {'roc_auc': 0.8908, 'MRR': 1.0})
Completed: amazon_style_ccctt/fold_4

--------------------------------------
Running model: GCN
Dataset: amazon_style_ccctt/fold_5
--------------------------------------
use device: cpu
Namespace(data='amazon_style_ccctt/fold_5', model_path='model.pt', train_iter_n=50, cuda=0, checkpoint='', epochs=100, patience=3, n_layers=2, n_heads=[4], dropout=0.5, model='GCN', lr=0.005, weight_decay=0.0, batch_size=1024, edge_sample_ratio=1, test_with_CPU=False, decoder='dismult')
sys_path ['/home/simonettos/homhetgnn/HGB/LP/benchmark/methods/GNN', '/home/simonettos/homhetgnn/sbatches', '/home/simonettos/homhetgnn/HGB/LP/benchmark/methods/baseline', '/home/simonettos/homhetgnn/HGB/LP/benchmark', '/home/simonettos/homhetgnn/HGB/LP/benchmark/methods/GNN', '/home/simonettos/homhetgnn/HGB/LP/benchmark/methods/GNN/utils', '/home/simonettos/homhetgnn/HGB/LP/benchmark/methods/GNN/models', '/deepstore/software/anaconda3/2022.05/lib/python39.zip', '/deepstore/software/anaconda3/2022.05/lib/python3.9', '/deepstore/software/anaconda3/2022.05/lib/python3.9/lib-dynload', '/home/simonettos/homhetgnn/gpuvenv/lib/python3.9/site-packages', '../../', '../../']
Loading nodes from /home/simonettos/homhetgnn/HGB/LP/benchmark/data/amazon_style_ccctt/fold_5/node.dat
edge types: dict_keys([6, 4, 7, 12, 5, 8, 3, 2, 9, 0, 11, 1, 10])
nodes.shift keys: [0, 1, 2, 3, 4]
nodes.count keys: [0, 1, 3, 2, 4]
links.meta: {6: (0, 0), 4: (0, 0), 7: (3, 0), 12: (0, 0), 5: (0, 0), 8: (0, 3), 3: (0, 0), 2: (0, 0), 9: (0, 0), 0: (3, 0), 11: (0, 0), 1: (0, 0), 10: (0, 0)}
t_type about to use: 0
h_type: 3
shift dict: {0: 0, 1: 19264, 2: 19822, 3: 20762, 4: 21561}
count dict: Counter({0: 19264, 2: 940, 3: 799, 1: 558, 4: 14})
nodes.shift keys: [0, 1, 2, 3, 4]
nodes.count keys: [0, 1, 3, 2, 4]
links.meta: {6: (0, 0), 4: (0, 0), 7: (3, 0), 12: (0, 0), 5: (0, 0), 8: (0, 3), 3: (0, 0), 2: (0, 0), 9: (0, 0), 0: (3, 0), 11: (0, 0), 1: (0, 0), 10: (0, 0)}
t_type about to use: 0
h_type: 0
shift dict: {0: 0, 1: 19264, 2: 19822, 3: 20762, 4: 21561}
count dict: Counter({0: 19264, 2: 940, 3: 799, 1: 558, 4: 14})
Info: load amazon_style_ccctt/fold_5 from original data and generate /home/simonettos/homhetgnn/HGB/LP/benchmark/data/amazon_style_ccctt/fold_5/dl_pickle 
node_type: 0, dim: 19264
node_type: 1, dim: 558
node_type: 2, dim: 940
node_type: 3, dim: 799
node_type: 4, dim: 14
edge types: [7, 3]
dataset: amazon_style_ccctt/fold_5, eval_type: 7
edge_list shape: torch.Size([2, 69897])
feat_list shape: [torch.Size([19264, 19264]), torch.Size([558, 558]), torch.Size([940, 940]), torch.Size([799, 799]), torch.Size([14, 14])]
tensor(indices=tensor([[    0,     1,     2,  ..., 19261, 19262, 19263],
                       [    0,     1,     2,  ..., 19261, 19262, 19263]]),
       values=tensor([1., 1., 1.,  ..., 1., 1., 1.]),
       size=(19264, 19264), nnz=19264, layout=torch.sparse_coo)
epoch 0 | batch 0 |train loss 0.6931518912315369
Valid: loss 0.6891694664955139, score:{'roc_auc': 0.7991071428571429, 'MRR': 0.9767441860465116}
Saving model
epoch 0 | batch 1 |train loss 0.6891337633132935
epoch 1 | batch 0 |train loss 0.6617282032966614
Valid: loss 0.6310816407203674, score:{'roc_auc': 0.8297193877551021, 'MRR': 0.9883720930232558}
Saving model
epoch 1 | batch 1 |train loss 0.624049186706543
epoch 2 | batch 0 |train loss 0.545225977897644
Valid: loss 0.46993833780288696, score:{'roc_auc': 0.951530612244898, 'MRR': 0.9767441860465116}
Saving model
epoch 2 | batch 1 |train loss 0.44283661246299744
epoch 3 | batch 0 |train loss 0.31606948375701904
Valid: loss 0.34708279371261597, score:{'roc_auc': 0.9544005102040816, 'MRR': 0.9767441860465116}
Saving model
epoch 3 | batch 1 |train loss 0.21056048572063446
epoch 4 | batch 0 |train loss 0.13224351406097412
Valid: loss 0.38211989402770996, score:{'roc_auc': 0.9598214285714286, 'MRR': 0.9767441860465116}
EarlyStopping counter: 1 out of 3
epoch 4 | batch 1 |train loss 0.10132238268852234
epoch 5 | batch 0 |train loss 0.07977737486362457
Valid: loss 0.3895278573036194, score:{'roc_auc': 0.9668367346938775, 'MRR': 0.9767441860465116}
EarlyStopping counter: 2 out of 3
epoch 5 | batch 1 |train loss 0.10898403823375702
epoch 6 | batch 0 |train loss 0.05701887235045433
Valid: loss 1.9290212392807007, score:{'roc_auc': 0.9693877551020409, 'MRR': 0.9883720930232558}
Meta keys: dict_keys([7, 3])
Data keys: dict_keys([7, 3])
Edge type: 7, Meta: (0, 0)
Edge type: 3, Meta: (0, 0)
edge type: 7, random_score: {'roc_auc': 0.9946502835538752, 'MRR': 1.0}, score: {'roc_auc': 0.8340689503732982, 'MRR': 0.9192708333333334}
ROC_AUC: 0.8340689503732982
dataset: amazon_style_ccctt/fold_5, eval_type: 3
edge_list shape: torch.Size([2, 69897])
feat_list shape: [torch.Size([19264, 19264]), torch.Size([558, 558]), torch.Size([940, 940]), torch.Size([799, 799]), torch.Size([14, 14])]
tensor(indices=tensor([[    0,     1,     2,  ..., 19261, 19262, 19263],
                       [    0,     1,     2,  ..., 19261, 19262, 19263]]),
       values=tensor([1., 1., 1.,  ..., 1., 1., 1.]),
       size=(19264, 19264), nnz=19264, layout=torch.sparse_coo)
epoch 0 | batch 0 |train loss 0.5135936141014099
Valid: loss 0.7658777832984924, score:{'roc_auc': 0.7755102040816326, 'MRR': 0.9615384615384616}
Saving model
epoch 1 | batch 0 |train loss 0.456155389547348
Valid: loss 0.6178908944129944, score:{'roc_auc': 0.7857142857142856, 'MRR': 0.9230769230769231}
Saving model
epoch 2 | batch 0 |train loss 0.23894000053405762
Valid: loss 0.5796012282371521, score:{'roc_auc': 0.8316326530612245, 'MRR': 0.9230769230769231}
Saving model
epoch 3 | batch 0 |train loss 0.15731175243854523
Valid: loss 0.5846781730651855, score:{'roc_auc': 0.8316326530612244, 'MRR': 0.9230769230769231}
EarlyStopping counter: 1 out of 3
epoch 4 | batch 0 |train loss 0.12037117779254913
Valid: loss 0.6198686957359314, score:{'roc_auc': 0.8316326530612245, 'MRR': 0.9230769230769231}
EarlyStopping counter: 2 out of 3
epoch 5 | batch 0 |train loss 0.05036350339651108
Valid: loss 0.7799015641212463, score:{'roc_auc': 0.846938775510204, 'MRR': 0.9230769230769231}
Meta keys: dict_keys([7, 3])
Data keys: dict_keys([7, 3])
Edge type: 7, Meta: (0, 0)
Edge type: 3, Meta: (0, 0)
edge type: 3, random_score: {'roc_auc': 0.5092592592592593, 'MRR': 1.0}, score: {'roc_auc': 0.35439360929557007, 'MRR': 0.7064393939393939}
ROC_AUC: 0.35439360929557007
Sec neigh test: score list: defaultdict(<class 'list'>, {'roc_auc': [0.8340689503732982, 0.35439360929557007], 'MRR': [0.9192708333333334, 0.7064393939393939]})
Random test: score list: defaultdict(<class 'list'>, {'roc_auc': [0.9946502835538752, 0.5092592592592593], 'MRR': [1.0, 1.0]})
Sec neigh test:average score: defaultdict(<class 'list'>, {'roc_auc': 0.5942, 'MRR': 0.8129})
Random test: average score: defaultdict(<class 'list'>, {'roc_auc': 0.752, 'MRR': 1.0})
Completed: amazon_style_ccctt/fold_5

All jobs completed.
Setup complete
