Starting GCN batch job...
--------------------------------------
Running model: GCN
Dataset: amazon_style_ccct/fold_1
--------------------------------------
use device: cpu
Namespace(data='amazon_style_ccct/fold_1', model_path='model.pt', train_iter_n=50, cuda=0, checkpoint='', epochs=100, patience=3, n_layers=2, n_heads=[4], dropout=0.5, model='GCN', lr=0.005, weight_decay=0.0, batch_size=1024, edge_sample_ratio=1, test_with_CPU=False, decoder='dismult')
sys_path ['/home/simonettos/homhetgnn/HGB/LP/benchmark/methods/GNN', '/home/simonettos/homhetgnn/sbatches', '/home/simonettos/homhetgnn/HGB/LP/benchmark/methods/baseline', '/home/simonettos/homhetgnn/HGB/LP/benchmark', '/home/simonettos/homhetgnn/HGB/LP/benchmark/methods/GNN', '/home/simonettos/homhetgnn/HGB/LP/benchmark/methods/GNN/utils', '/home/simonettos/homhetgnn/HGB/LP/benchmark/methods/GNN/models', '/deepstore/software/anaconda3/2022.05/lib/python39.zip', '/deepstore/software/anaconda3/2022.05/lib/python3.9', '/deepstore/software/anaconda3/2022.05/lib/python3.9/lib-dynload', '/home/simonettos/homhetgnn/gpuvenv/lib/python3.9/site-packages', '../../', '../../']
Loading nodes from /home/simonettos/homhetgnn/HGB/LP/benchmark/data/amazon_style_ccct/fold_1/node.dat
edge types: dict_keys([6, 5, 7, 4, 1, 8, 0, 3, 9, 2, 10, 11])
nodes.shift keys: [0, 1, 2, 3]
nodes.count keys: [0, 1, 3, 2]
links.meta: {6: (0, 0), 5: (0, 2), 7: (0, 0), 4: (0, 2), 1: (0, 0), 8: (2, 0), 0: (0, 0), 3: (1, 2), 9: (0, 0), 2: (0, 0), 10: (0, 0), 11: (0, 0)}
t_type about to use: 0
h_type: 0
shift dict: {0: 0, 1: 19264, 2: 19822, 3: 20762}
count dict: Counter({0: 19264, 2: 940, 1: 558, 3: 188})
nodes.shift keys: [0, 1, 2, 3]
nodes.count keys: [0, 1, 3, 2]
links.meta: {6: (0, 0), 5: (0, 2), 7: (0, 0), 4: (0, 2), 1: (0, 0), 8: (2, 0), 0: (0, 0), 3: (1, 2), 9: (0, 0), 2: (0, 0), 10: (0, 0), 11: (0, 0)}
t_type about to use: 2
h_type: 1
shift dict: {0: 0, 1: 19264, 2: 19822, 3: 20762}
count dict: Counter({0: 19264, 2: 940, 1: 558, 3: 188})
Info: load amazon_style_ccct/fold_1 from original data and generate /home/simonettos/homhetgnn/HGB/LP/benchmark/data/amazon_style_ccct/fold_1/dl_pickle 
node_type: 0, dim: 19264
node_type: 1, dim: 558
node_type: 2, dim: 940
node_type: 3, dim: 188
edge types: [7, 3]
dataset: amazon_style_ccct/fold_1, eval_type: 7
edge_list shape: torch.Size([2, 67190])
feat_list shape: [torch.Size([19264, 19264]), torch.Size([558, 558]), torch.Size([940, 940]), torch.Size([188, 188])]
tensor(indices=tensor([[    0,     1,     2,  ..., 19261, 19262, 19263],
                       [    0,     1,     2,  ..., 19261, 19262, 19263]]),
       values=tensor([1., 1., 1.,  ..., 1., 1., 1.]),
       size=(19264, 19264), nnz=19264, layout=torch.sparse_coo)
epoch 0 | batch 0 |train loss 0.6931024193763733
Valid: loss 0.6870813965797424, score:{'roc_auc': 0.8341843590432679, 'MRR': 0.9878048780487805}
Saving model
epoch 0 | batch 1 |train loss 0.689244270324707
epoch 1 | batch 0 |train loss 0.6594101190567017
Valid: loss 0.5965721607208252, score:{'roc_auc': 0.916151572158022, 'MRR': 1.0}
Saving model
epoch 1 | batch 1 |train loss 0.6015980243682861
epoch 2 | batch 0 |train loss 0.49430274963378906
Valid: loss 0.34874269366264343, score:{'roc_auc': 0.9690943294813222, 'MRR': 1.0}
Saving model
epoch 2 | batch 1 |train loss 0.37393245100975037
epoch 3 | batch 0 |train loss 0.265006422996521
Valid: loss 0.2788614332675934, score:{'roc_auc': 0.9669443697930664, 'MRR': 1.0}
Saving model
epoch 3 | batch 1 |train loss 0.14145523309707642
epoch 4 | batch 0 |train loss 0.1532924473285675
Valid: loss 0.2266760617494583, score:{'roc_auc': 0.9811878527277613, 'MRR': 1.0}
Saving model
epoch 4 | batch 1 |train loss 0.12357323616743088
epoch 5 | batch 0 |train loss 0.23368273675441742
Valid: loss 1.0983636379241943, score:{'roc_auc': 0.9775597957538296, 'MRR': 1.0}
EarlyStopping counter: 1 out of 3
epoch 5 | batch 1 |train loss 0.10324545204639435
epoch 6 | batch 0 |train loss 0.20973889529705048
Valid: loss 1.8449265956878662, score:{'roc_auc': 0.9669443697930664, 'MRR': 1.0}
EarlyStopping counter: 2 out of 3
epoch 6 | batch 1 |train loss 0.056376051157712936
epoch 7 | batch 0 |train loss 0.38689959049224854
Valid: loss 1.1342291831970215, score:{'roc_auc': 0.9737973662993819, 'MRR': 1.0}
Meta keys: dict_keys([7, 3])
Data keys: dict_keys([7, 3])
Edge type: 7, Meta: (0, 0)
Edge type: 3, Meta: (0, 0)
edge type: 7, random_score: {'roc_auc': 0.977386474609375, 'MRR': 1.0}, score: {'roc_auc': 0.8618289262820513, 'MRR': 0.9155092592592593}
ROC_AUC: 0.8618289262820513
dataset: amazon_style_ccct/fold_1, eval_type: 3
edge_list shape: torch.Size([2, 67190])
feat_list shape: [torch.Size([19264, 19264]), torch.Size([558, 558]), torch.Size([940, 940]), torch.Size([188, 188])]
tensor(indices=tensor([[    0,     1,     2,  ..., 19261, 19262, 19263],
                       [    0,     1,     2,  ..., 19261, 19262, 19263]]),
       values=tensor([1., 1., 1.,  ..., 1., 1., 1.]),
       size=(19264, 19264), nnz=19264, layout=torch.sparse_coo)
epoch 0 | batch 0 |train loss 0.392936646938324
Valid: loss 0.658575713634491, score:{'roc_auc': 0.888888888888889, 'MRR': 1.0}
Saving model
epoch 1 | batch 0 |train loss 0.2564705014228821
Valid: loss 0.5418922901153564, score:{'roc_auc': 0.888888888888889, 'MRR': 1.0}
Saving model
epoch 2 | batch 0 |train loss 0.1356484442949295
Valid: loss 0.5322114825248718, score:{'roc_auc': 0.8611111111111112, 'MRR': 0.9}
Saving model
epoch 3 | batch 0 |train loss 0.10030967742204666
Valid: loss 0.5586904883384705, score:{'roc_auc': 0.9166666666666667, 'MRR': 0.9}
EarlyStopping counter: 1 out of 3
epoch 4 | batch 0 |train loss 0.05172152444720268
Valid: loss 0.6188488602638245, score:{'roc_auc': 0.9166666666666667, 'MRR': 0.9}
EarlyStopping counter: 2 out of 3
epoch 5 | batch 0 |train loss 0.02511615678668022
Valid: loss 0.7177364826202393, score:{'roc_auc': 0.9166666666666667, 'MRR': 0.9}
Meta keys: dict_keys([7, 3])
Data keys: dict_keys([7, 3])
Edge type: 7, Meta: (0, 0)
Edge type: 3, Meta: (0, 0)
edge type: 3, random_score: {'roc_auc': 0.5644718792866941, 'MRR': 1.0}, score: {'roc_auc': 0.4748148148148148, 'MRR': 0.75}
ROC_AUC: 0.4748148148148148
Sec neigh test: score list: defaultdict(<class 'list'>, {'roc_auc': [0.8618289262820513, 0.4748148148148148], 'MRR': [0.9155092592592593, 0.75]})
Random test: score list: defaultdict(<class 'list'>, {'roc_auc': [0.977386474609375, 0.5644718792866941], 'MRR': [1.0, 1.0]})
Sec neigh test:average score: defaultdict(<class 'list'>, {'roc_auc': 0.6683, 'MRR': 0.8328})
Random test: average score: defaultdict(<class 'list'>, {'roc_auc': 0.7709, 'MRR': 1.0})
Completed: amazon_style_ccct/fold_1

--------------------------------------
Running model: GCN
Dataset: amazon_style_ccct_features/fold_2
--------------------------------------
use device: cpu
Namespace(data='amazon_style_ccct_features/fold_2', model_path='model.pt', train_iter_n=50, cuda=0, checkpoint='', epochs=100, patience=3, n_layers=2, n_heads=[4], dropout=0.5, model='GCN', lr=0.005, weight_decay=0.0, batch_size=1024, edge_sample_ratio=1, test_with_CPU=False, decoder='dismult')
sys_path ['/home/simonettos/homhetgnn/HGB/LP/benchmark/methods/GNN', '/home/simonettos/homhetgnn/sbatches', '/home/simonettos/homhetgnn/HGB/LP/benchmark/methods/baseline', '/home/simonettos/homhetgnn/HGB/LP/benchmark', '/home/simonettos/homhetgnn/HGB/LP/benchmark/methods/GNN', '/home/simonettos/homhetgnn/HGB/LP/benchmark/methods/GNN/utils', '/home/simonettos/homhetgnn/HGB/LP/benchmark/methods/GNN/models', '/deepstore/software/anaconda3/2022.05/lib/python39.zip', '/deepstore/software/anaconda3/2022.05/lib/python3.9', '/deepstore/software/anaconda3/2022.05/lib/python3.9/lib-dynload', '/home/simonettos/homhetgnn/gpuvenv/lib/python3.9/site-packages', '../../', '../../']
Loading nodes from /home/simonettos/homhetgnn/HGB/LP/benchmark/data/amazon_style_ccct_features/fold_2/node.dat
edge types: dict_keys([6, 4, 8, 7, 9, 10, 0, 2, 5, 3, 1, 11])
nodes.shift keys: [0, 1, 2, 3]
nodes.count keys: [0, 1, 3, 2]
links.meta: {6: (0, 0), 4: (0, 0), 8: (0, 0), 7: (0, 1), 9: (0, 0), 10: (0, 0), 0: (0, 0), 2: (0, 0), 5: (0, 0), 3: (0, 0), 1: (0, 0), 11: (0, 0)}
t_type about to use: 1
h_type: 0
shift dict: {0: 0, 1: 19264, 2: 19822, 3: 20762}
count dict: Counter({0: 19264, 2: 940, 1: 558, 3: 188})
nodes.shift keys: [0, 1, 2, 3]
nodes.count keys: [0, 1, 3, 2]
links.meta: {6: (0, 0), 4: (0, 0), 8: (0, 0), 7: (0, 1), 9: (0, 0), 10: (0, 0), 0: (0, 0), 2: (0, 0), 5: (0, 0), 3: (0, 0), 1: (0, 0), 11: (0, 0)}
t_type about to use: 0
h_type: 0
shift dict: {0: 0, 1: 19264, 2: 19822, 3: 20762}
count dict: Counter({0: 19264, 2: 940, 1: 558, 3: 188})
Info: load amazon_style_ccct_features/fold_2 from original data and generate /home/simonettos/homhetgnn/HGB/LP/benchmark/data/amazon_style_ccct_features/fold_2/dl_pickle 
node_type: 0, dim: 19264
node_type: 1, dim: 558
node_type: 2, dim: 940
node_type: 3, dim: 188
edge types: [7, 3]
dataset: amazon_style_ccct_features/fold_2, eval_type: 7
edge_list shape: torch.Size([2, 67222])
feat_list shape: [torch.Size([19264, 19264]), torch.Size([558, 558]), torch.Size([940, 940]), torch.Size([188, 188])]
tensor(indices=tensor([[    0,     1,     2,  ..., 19261, 19262, 19263],
                       [    0,     1,     2,  ..., 19261, 19262, 19263]]),
       values=tensor([1., 1., 1.,  ..., 1., 1., 1.]),
       size=(19264, 19264), nnz=19264, layout=torch.sparse_coo)
epoch 0 | batch 0 |train loss 0.69306480884552
Valid: loss 0.6874655485153198, score:{'roc_auc': 0.951416015625, 'MRR': 0.9375}
Saving model
epoch 0 | batch 1 |train loss 0.6885883212089539
epoch 1 | batch 0 |train loss 0.6423256397247314
Valid: loss 0.513428807258606, score:{'roc_auc': 0.98828125, 'MRR': 0.9875}
Saving model
epoch 1 | batch 1 |train loss 0.5411879420280457
epoch 2 | batch 0 |train loss 0.37999069690704346
Valid: loss 0.20471195876598358, score:{'roc_auc': 0.991943359375, 'MRR': 0.9875}
Saving model
epoch 2 | batch 1 |train loss 0.24317805469036102
epoch 3 | batch 0 |train loss 0.1101050153374672
Valid: loss 0.08462607860565186, score:{'roc_auc': 0.99365234375, 'MRR': 0.9875}
Saving model
epoch 3 | batch 1 |train loss 0.048707909882068634
epoch 4 | batch 0 |train loss 0.044862888753414154
Valid: loss 0.13969585299491882, score:{'roc_auc': 0.994140625, 'MRR': 0.9875}
EarlyStopping counter: 1 out of 3
epoch 4 | batch 1 |train loss 0.011917643249034882
epoch 5 | batch 0 |train loss 0.13044139742851257
Valid: loss 0.2278681993484497, score:{'roc_auc': 0.993896484375, 'MRR': 0.9875}
EarlyStopping counter: 2 out of 3
epoch 5 | batch 1 |train loss 0.030494892969727516
epoch 6 | batch 0 |train loss 0.15575189888477325
Valid: loss 0.3152337372303009, score:{'roc_auc': 0.993896484375, 'MRR': 0.9875}
Meta keys: dict_keys([7, 3])
Data keys: dict_keys([7, 3])
Edge type: 7, Meta: (0, 0)
Edge type: 3, Meta: (0, 0)
edge type: 7, random_score: {'roc_auc': 0.988208814834722, 'MRR': 1.0}, score: {'roc_auc': 0.8056167400881058, 'MRR': 0.9313063063063062}
ROC_AUC: 0.8056167400881058
dataset: amazon_style_ccct_features/fold_2, eval_type: 3
edge_list shape: torch.Size([2, 67222])
feat_list shape: [torch.Size([19264, 19264]), torch.Size([558, 558]), torch.Size([940, 940]), torch.Size([188, 188])]
tensor(indices=tensor([[    0,     1,     2,  ..., 19261, 19262, 19263],
                       [    0,     1,     2,  ..., 19261, 19262, 19263]]),
       values=tensor([1., 1., 1.,  ..., 1., 1., 1.]),
       size=(19264, 19264), nnz=19264, layout=torch.sparse_coo)
epoch 0 | batch 0 |train loss 0.399471640586853
Valid: loss 1.7492176294326782, score:{'roc_auc': 0.6666666666666667, 'MRR': 0.9444444444444444}
Saving model
epoch 1 | batch 0 |train loss 0.5869122743606567
Valid: loss 0.9695643186569214, score:{'roc_auc': 0.8518518518518519, 'MRR': 0.9444444444444444}
Saving model
epoch 2 | batch 0 |train loss 0.20752233266830444
Valid: loss 0.4623048007488251, score:{'roc_auc': 0.9382716049382716, 'MRR': 1.0}
Saving model
epoch 3 | batch 0 |train loss 0.12014468014240265
Valid: loss 0.2572052478790283, score:{'roc_auc': 0.9753086419753086, 'MRR': 1.0}
Saving model
epoch 4 | batch 0 |train loss 0.10402119159698486
Valid: loss 0.18829606473445892, score:{'roc_auc': 0.9876543209876543, 'MRR': 1.0}
Saving model
epoch 5 | batch 0 |train loss 0.07791878283023834
Valid: loss 0.1612161546945572, score:{'roc_auc': 0.9876543209876543, 'MRR': 1.0}
Saving model
epoch 6 | batch 0 |train loss 0.04331046715378761
Valid: loss 0.1697777807712555, score:{'roc_auc': 1.0, 'MRR': 1.0}
EarlyStopping counter: 1 out of 3
epoch 7 | batch 0 |train loss 0.022060709074139595
Valid: loss 0.2132575809955597, score:{'roc_auc': 1.0, 'MRR': 1.0}
EarlyStopping counter: 2 out of 3
epoch 8 | batch 0 |train loss 0.013455567881464958
Valid: loss 0.2886488437652588, score:{'roc_auc': 1.0, 'MRR': 1.0}
Meta keys: dict_keys([7, 3])
Data keys: dict_keys([7, 3])
Edge type: 7, Meta: (0, 0)
Edge type: 3, Meta: (0, 0)
edge type: 3, random_score: {'roc_auc': 0.9857600569597722, 'MRR': 1.0}, score: {'roc_auc': 0.5338050314465409, 'MRR': 0.7604166666666666}
ROC_AUC: 0.5338050314465409
Sec neigh test: score list: defaultdict(<class 'list'>, {'roc_auc': [0.8056167400881058, 0.5338050314465409], 'MRR': [0.9313063063063062, 0.7604166666666666]})
Random test: score list: defaultdict(<class 'list'>, {'roc_auc': [0.988208814834722, 0.9857600569597722], 'MRR': [1.0, 1.0]})
Sec neigh test:average score: defaultdict(<class 'list'>, {'roc_auc': 0.6697, 'MRR': 0.8459})
Random test: average score: defaultdict(<class 'list'>, {'roc_auc': 0.987, 'MRR': 1.0})
Completed: amazon_style_ccct_features/fold_2

--------------------------------------
Running model: GCN
Dataset: amazon_style_ccct_features/fold_3
--------------------------------------
use device: cpu
Namespace(data='amazon_style_ccct_features/fold_3', model_path='model.pt', train_iter_n=50, cuda=0, checkpoint='', epochs=100, patience=3, n_layers=2, n_heads=[4], dropout=0.5, model='GCN', lr=0.005, weight_decay=0.0, batch_size=1024, edge_sample_ratio=1, test_with_CPU=False, decoder='dismult')
sys_path ['/home/simonettos/homhetgnn/HGB/LP/benchmark/methods/GNN', '/home/simonettos/homhetgnn/sbatches', '/home/simonettos/homhetgnn/HGB/LP/benchmark/methods/baseline', '/home/simonettos/homhetgnn/HGB/LP/benchmark', '/home/simonettos/homhetgnn/HGB/LP/benchmark/methods/GNN', '/home/simonettos/homhetgnn/HGB/LP/benchmark/methods/GNN/utils', '/home/simonettos/homhetgnn/HGB/LP/benchmark/methods/GNN/models', '/deepstore/software/anaconda3/2022.05/lib/python39.zip', '/deepstore/software/anaconda3/2022.05/lib/python3.9', '/deepstore/software/anaconda3/2022.05/lib/python3.9/lib-dynload', '/home/simonettos/homhetgnn/gpuvenv/lib/python3.9/site-packages', '../../', '../../']
Loading nodes from /home/simonettos/homhetgnn/HGB/LP/benchmark/data/amazon_style_ccct_features/fold_3/node.dat
edge types: dict_keys([6, 4, 8, 7, 9, 10, 0, 2, 5, 3, 1, 11])
nodes.shift keys: [0, 1, 2, 3]
nodes.count keys: [0, 1, 3, 2]
links.meta: {6: (0, 0), 4: (0, 0), 8: (0, 0), 7: (0, 1), 9: (0, 0), 10: (0, 0), 0: (0, 0), 2: (0, 0), 5: (0, 0), 3: (0, 0), 1: (0, 0), 11: (0, 0)}
t_type about to use: 1
h_type: 0
shift dict: {0: 0, 1: 19264, 2: 19822, 3: 20762}
count dict: Counter({0: 19264, 2: 940, 1: 558, 3: 188})
nodes.shift keys: [0, 1, 2, 3]
nodes.count keys: [0, 1, 3, 2]
links.meta: {6: (0, 0), 4: (0, 0), 8: (0, 0), 7: (0, 1), 9: (0, 0), 10: (0, 0), 0: (0, 0), 2: (0, 0), 5: (0, 0), 3: (0, 0), 1: (0, 0), 11: (0, 0)}
t_type about to use: 0
h_type: 0
shift dict: {0: 0, 1: 19264, 2: 19822, 3: 20762}
count dict: Counter({0: 19264, 2: 940, 1: 558, 3: 188})
Info: load amazon_style_ccct_features/fold_3 from original data and generate /home/simonettos/homhetgnn/HGB/LP/benchmark/data/amazon_style_ccct_features/fold_3/dl_pickle 
node_type: 0, dim: 19264
node_type: 1, dim: 558
node_type: 2, dim: 940
node_type: 3, dim: 188
edge types: [7, 3]
dataset: amazon_style_ccct_features/fold_3, eval_type: 7
edge_list shape: torch.Size([2, 67170])
feat_list shape: [torch.Size([19264, 19264]), torch.Size([558, 558]), torch.Size([940, 940]), torch.Size([188, 188])]
tensor(indices=tensor([[    0,     1,     2,  ..., 19261, 19262, 19263],
                       [    0,     1,     2,  ..., 19261, 19262, 19263]]),
       values=tensor([1., 1., 1.,  ..., 1., 1., 1.]),
       size=(19264, 19264), nnz=19264, layout=torch.sparse_coo)
epoch 0 | batch 0 |train loss 0.6933107376098633
Valid: loss 0.6901045441627502, score:{'roc_auc': 0.6769444444444445, 'MRR': 0.7992424242424243}
Saving model
epoch 0 | batch 1 |train loss 0.6902318596839905
epoch 1 | batch 0 |train loss 0.652911365032196
Valid: loss 0.5675170421600342, score:{'roc_auc': 0.9330555555555555, 'MRR': 0.9886363636363636}
Saving model
epoch 1 | batch 1 |train loss 0.5576876401901245
epoch 2 | batch 0 |train loss 0.4539489448070526
Valid: loss 0.3050106465816498, score:{'roc_auc': 0.9816666666666667, 'MRR': 1.0}
Saving model
epoch 2 | batch 1 |train loss 0.27916058897972107
epoch 3 | batch 0 |train loss 0.17547908425331116
Valid: loss 0.1338920295238495, score:{'roc_auc': 0.9869444444444444, 'MRR': 1.0}
Saving model
epoch 3 | batch 1 |train loss 0.08532612770795822
epoch 4 | batch 0 |train loss 0.14126120507717133
Valid: loss 0.8707817196846008, score:{'roc_auc': 0.98625, 'MRR': 1.0}
EarlyStopping counter: 1 out of 3
epoch 4 | batch 1 |train loss 0.05006589740514755
epoch 5 | batch 0 |train loss 0.12589137256145477
Valid: loss 0.8870462775230408, score:{'roc_auc': 0.9902777777777778, 'MRR': 1.0}
EarlyStopping counter: 2 out of 3
epoch 5 | batch 1 |train loss 0.04107264429330826
epoch 6 | batch 0 |train loss 0.13824018836021423
Valid: loss 0.9426667094230652, score:{'roc_auc': 0.99125, 'MRR': 1.0}
Meta keys: dict_keys([7, 3])
Data keys: dict_keys([7, 3])
Edge type: 7, Meta: (0, 2)
Edge type: 3, Meta: (0, 0)
edge type: 7, random_score: {'roc_auc': 0.9700413223140495, 'MRR': 1.0}, score: {'roc_auc': 0.8283222853535354, 'MRR': 0.9238095238095239}
ROC_AUC: 0.8283222853535354
dataset: amazon_style_ccct_features/fold_3, eval_type: 3
edge_list shape: torch.Size([2, 67170])
feat_list shape: [torch.Size([19264, 19264]), torch.Size([558, 558]), torch.Size([940, 940]), torch.Size([188, 188])]
tensor(indices=tensor([[    0,     1,     2,  ..., 19261, 19262, 19263],
                       [    0,     1,     2,  ..., 19261, 19262, 19263]]),
       values=tensor([1., 1., 1.,  ..., 1., 1., 1.]),
       size=(19264, 19264), nnz=19264, layout=torch.sparse_coo)
epoch 0 | batch 0 |train loss 0.43694767355918884
Valid: loss 1.0926337242126465, score:{'roc_auc': 0.7430555555555555, 'MRR': 0.9545454545454546}
Saving model
epoch 1 | batch 0 |train loss 0.45756447315216064
Valid: loss 0.9540438652038574, score:{'roc_auc': 0.8333333333333334, 'MRR': 0.9545454545454546}
Saving model
epoch 2 | batch 0 |train loss 0.2557136118412018
Valid: loss 0.798304557800293, score:{'roc_auc': 0.875, 'MRR': 0.9545454545454546}
Saving model
epoch 3 | batch 0 |train loss 0.12348175793886185
Valid: loss 0.7033231258392334, score:{'roc_auc': 0.9097222222222222, 'MRR': 0.9545454545454546}
Saving model
epoch 4 | batch 0 |train loss 0.0894022136926651
Valid: loss 0.7235012054443359, score:{'roc_auc': 0.9097222222222222, 'MRR': 0.9545454545454546}
EarlyStopping counter: 1 out of 3
epoch 5 | batch 0 |train loss 0.07595118135213852
Valid: loss 0.7993254661560059, score:{'roc_auc': 0.9166666666666666, 'MRR': 0.9090909090909091}
EarlyStopping counter: 2 out of 3
epoch 6 | batch 0 |train loss 0.05190109461545944
Valid: loss 0.8974897265434265, score:{'roc_auc': 0.9375, 'MRR': 0.9545454545454546}
Meta keys: dict_keys([7, 3])
Data keys: dict_keys([7, 3])
Edge type: 7, Meta: (0, 2)
Edge type: 3, Meta: (0, 0)
edge type: 3, random_score: {'roc_auc': 0.8266183793571752, 'MRR': 1.0}, score: {'roc_auc': 0.556501182033097, 'MRR': 0.7840909090909091}
ROC_AUC: 0.556501182033097
Sec neigh test: score list: defaultdict(<class 'list'>, {'roc_auc': [0.8283222853535354, 0.556501182033097], 'MRR': [0.9238095238095239, 0.7840909090909091]})
Random test: score list: defaultdict(<class 'list'>, {'roc_auc': [0.9700413223140495, 0.8266183793571752], 'MRR': [1.0, 1.0]})
Sec neigh test:average score: defaultdict(<class 'list'>, {'roc_auc': 0.6924, 'MRR': 0.854})
Random test: average score: defaultdict(<class 'list'>, {'roc_auc': 0.8983, 'MRR': 1.0})
Completed: amazon_style_ccct_features/fold_3

--------------------------------------
Running model: GCN
Dataset: amazon_style_ccct_features/fold_4
--------------------------------------
use device: cpu
Namespace(data='amazon_style_ccct_features/fold_4', model_path='model.pt', train_iter_n=50, cuda=0, checkpoint='', epochs=100, patience=3, n_layers=2, n_heads=[4], dropout=0.5, model='GCN', lr=0.005, weight_decay=0.0, batch_size=1024, edge_sample_ratio=1, test_with_CPU=False, decoder='dismult')
sys_path ['/home/simonettos/homhetgnn/HGB/LP/benchmark/methods/GNN', '/home/simonettos/homhetgnn/sbatches', '/home/simonettos/homhetgnn/HGB/LP/benchmark/methods/baseline', '/home/simonettos/homhetgnn/HGB/LP/benchmark', '/home/simonettos/homhetgnn/HGB/LP/benchmark/methods/GNN', '/home/simonettos/homhetgnn/HGB/LP/benchmark/methods/GNN/utils', '/home/simonettos/homhetgnn/HGB/LP/benchmark/methods/GNN/models', '/deepstore/software/anaconda3/2022.05/lib/python39.zip', '/deepstore/software/anaconda3/2022.05/lib/python3.9', '/deepstore/software/anaconda3/2022.05/lib/python3.9/lib-dynload', '/home/simonettos/homhetgnn/gpuvenv/lib/python3.9/site-packages', '../../', '../../']
Loading nodes from /home/simonettos/homhetgnn/HGB/LP/benchmark/data/amazon_style_ccct_features/fold_4/node.dat
edge types: dict_keys([6, 4, 8, 7, 9, 10, 0, 2, 5, 3, 1, 11])
nodes.shift keys: [0, 1, 2, 3]
nodes.count keys: [0, 1, 3, 2]
links.meta: {6: (0, 0), 4: (0, 0), 8: (0, 0), 7: (0, 1), 9: (0, 0), 10: (0, 0), 0: (0, 0), 2: (0, 0), 5: (0, 0), 3: (0, 0), 1: (0, 0), 11: (0, 0)}
t_type about to use: 1
h_type: 0
shift dict: {0: 0, 1: 19264, 2: 19822, 3: 20762}
count dict: Counter({0: 19264, 2: 940, 1: 558, 3: 188})
nodes.shift keys: [0, 1, 2, 3]
nodes.count keys: [0, 1, 3, 2]
links.meta: {6: (0, 0), 4: (0, 0), 8: (0, 0), 7: (0, 1), 9: (0, 0), 10: (0, 0), 0: (0, 0), 2: (0, 0), 5: (0, 0), 3: (0, 0), 1: (0, 0), 11: (0, 0)}
t_type about to use: 0
h_type: 0
shift dict: {0: 0, 1: 19264, 2: 19822, 3: 20762}
count dict: Counter({0: 19264, 2: 940, 1: 558, 3: 188})
Info: load amazon_style_ccct_features/fold_4 from original data and generate /home/simonettos/homhetgnn/HGB/LP/benchmark/data/amazon_style_ccct_features/fold_4/dl_pickle 
node_type: 0, dim: 19264
node_type: 1, dim: 558
node_type: 2, dim: 940
node_type: 3, dim: 188
edge types: [7, 3]
dataset: amazon_style_ccct_features/fold_4, eval_type: 7
edge_list shape: torch.Size([2, 67214])
feat_list shape: [torch.Size([19264, 19264]), torch.Size([558, 558]), torch.Size([940, 940]), torch.Size([188, 188])]
tensor(indices=tensor([[    0,     1,     2,  ..., 19261, 19262, 19263],
                       [    0,     1,     2,  ..., 19261, 19262, 19263]]),
       values=tensor([1., 1., 1.,  ..., 1., 1., 1.]),
       size=(19264, 19264), nnz=19264, layout=torch.sparse_coo)
epoch 0 | batch 0 |train loss 0.6933125853538513
Valid: loss 0.6912665963172913, score:{'roc_auc': 0.8135904499540864, 'MRR': 0.9146341463414634}
Saving model
epoch 0 | batch 1 |train loss 0.6904521584510803
epoch 1 | batch 0 |train loss 0.6608850359916687
Valid: loss 0.5836030840873718, score:{'roc_auc': 0.9465105601469237, 'MRR': 0.9878048780487805}
Saving model
epoch 1 | batch 1 |train loss 0.5828345417976379
epoch 2 | batch 0 |train loss 0.473011314868927
Valid: loss 0.33578234910964966, score:{'roc_auc': 0.9775022956841138, 'MRR': 0.9878048780487805}
Saving model
epoch 2 | batch 1 |train loss 0.3259943723678589
epoch 3 | batch 0 |train loss 0.20509353280067444
Valid: loss 0.13884009420871735, score:{'roc_auc': 0.9878328741965106, 'MRR': 1.0}
Saving model
epoch 3 | batch 1 |train loss 0.0894894152879715
epoch 4 | batch 0 |train loss 0.06527079641819
Valid: loss 0.24571725726127625, score:{'roc_auc': 0.9878328741965106, 'MRR': 1.0}
EarlyStopping counter: 1 out of 3
epoch 4 | batch 1 |train loss 0.06601827591657639
epoch 5 | batch 0 |train loss 0.051731355488300323
Valid: loss 0.38294199109077454, score:{'roc_auc': 0.9892102846648301, 'MRR': 1.0}
EarlyStopping counter: 2 out of 3
epoch 5 | batch 1 |train loss 0.04767078161239624
epoch 6 | batch 0 |train loss 0.03525863215327263
Valid: loss 0.5052465796470642, score:{'roc_auc': 0.9885215794306704, 'MRR': 1.0}
Meta keys: dict_keys([7, 3])
Data keys: dict_keys([7, 3])
Edge type: 7, Meta: (0, 0)
Edge type: 3, Meta: (0, 0)
edge type: 7, random_score: {'roc_auc': 0.980280347433091, 'MRR': 1.0}, score: {'roc_auc': 0.8007148560781778, 'MRR': 0.9215686274509803}
ROC_AUC: 0.8007148560781778
dataset: amazon_style_ccct_features/fold_4, eval_type: 3
edge_list shape: torch.Size([2, 67214])
feat_list shape: [torch.Size([19264, 19264]), torch.Size([558, 558]), torch.Size([940, 940]), torch.Size([188, 188])]
tensor(indices=tensor([[    0,     1,     2,  ..., 19261, 19262, 19263],
                       [    0,     1,     2,  ..., 19261, 19262, 19263]]),
       values=tensor([1., 1., 1.,  ..., 1., 1., 1.]),
       size=(19264, 19264), nnz=19264, layout=torch.sparse_coo)
epoch 0 | batch 0 |train loss 0.45565780997276306
Valid: loss 0.9445938467979431, score:{'roc_auc': 0.75, 'MRR': 0.875}
Saving model
epoch 1 | batch 0 |train loss 0.4289316236972809
Valid: loss 0.8368187546730042, score:{'roc_auc': 0.75, 'MRR': 0.875}
Saving model
epoch 2 | batch 0 |train loss 0.22316846251487732
Valid: loss 0.7506259679794312, score:{'roc_auc': 0.75, 'MRR': 0.875}
Saving model
epoch 3 | batch 0 |train loss 0.12312553822994232
Valid: loss 0.8421427011489868, score:{'roc_auc': 0.75, 'MRR': 0.875}
EarlyStopping counter: 1 out of 3
epoch 4 | batch 0 |train loss 0.11485380679368973
Valid: loss 0.9894816875457764, score:{'roc_auc': 0.75, 'MRR': 0.875}
EarlyStopping counter: 2 out of 3
epoch 5 | batch 0 |train loss 0.07462514936923981
Valid: loss 1.1537753343582153, score:{'roc_auc': 0.75, 'MRR': 0.875}
Meta keys: dict_keys([7, 3])
Data keys: dict_keys([7, 3])
Edge type: 7, Meta: (0, 0)
Edge type: 3, Meta: (0, 0)
edge type: 3, random_score: {'roc_auc': 0.8073817762399076, 'MRR': 1.0}, score: {'roc_auc': 0.46840958605664484, 'MRR': 0.8037037037037037}
ROC_AUC: 0.46840958605664484
Sec neigh test: score list: defaultdict(<class 'list'>, {'roc_auc': [0.8007148560781778, 0.46840958605664484], 'MRR': [0.9215686274509803, 0.8037037037037037]})
Random test: score list: defaultdict(<class 'list'>, {'roc_auc': [0.980280347433091, 0.8073817762399076], 'MRR': [1.0, 1.0]})
Sec neigh test:average score: defaultdict(<class 'list'>, {'roc_auc': 0.6346, 'MRR': 0.8626})
Random test: average score: defaultdict(<class 'list'>, {'roc_auc': 0.8938, 'MRR': 1.0})
Completed: amazon_style_ccct_features/fold_4

--------------------------------------
Running model: GCN
Dataset: amazon_style_ccct_features/fold_5
--------------------------------------
use device: cpu
Namespace(data='amazon_style_ccct_features/fold_5', model_path='model.pt', train_iter_n=50, cuda=0, checkpoint='', epochs=100, patience=3, n_layers=2, n_heads=[4], dropout=0.5, model='GCN', lr=0.005, weight_decay=0.0, batch_size=1024, edge_sample_ratio=1, test_with_CPU=False, decoder='dismult')
sys_path ['/home/simonettos/homhetgnn/HGB/LP/benchmark/methods/GNN', '/home/simonettos/homhetgnn/sbatches', '/home/simonettos/homhetgnn/HGB/LP/benchmark/methods/baseline', '/home/simonettos/homhetgnn/HGB/LP/benchmark', '/home/simonettos/homhetgnn/HGB/LP/benchmark/methods/GNN', '/home/simonettos/homhetgnn/HGB/LP/benchmark/methods/GNN/utils', '/home/simonettos/homhetgnn/HGB/LP/benchmark/methods/GNN/models', '/deepstore/software/anaconda3/2022.05/lib/python39.zip', '/deepstore/software/anaconda3/2022.05/lib/python3.9', '/deepstore/software/anaconda3/2022.05/lib/python3.9/lib-dynload', '/home/simonettos/homhetgnn/gpuvenv/lib/python3.9/site-packages', '../../', '../../']
Loading nodes from /home/simonettos/homhetgnn/HGB/LP/benchmark/data/amazon_style_ccct_features/fold_5/node.dat
edge types: dict_keys([6, 4, 8, 7, 9, 10, 0, 2, 5, 3, 1, 11])
nodes.shift keys: [0, 1, 2, 3]
nodes.count keys: [0, 1, 3, 2]
links.meta: {6: (0, 0), 4: (0, 0), 8: (0, 0), 7: (0, 1), 9: (0, 0), 10: (0, 0), 0: (0, 0), 2: (0, 0), 5: (0, 0), 3: (0, 0), 1: (0, 0), 11: (0, 0)}
t_type about to use: 1
h_type: 0
shift dict: {0: 0, 1: 19264, 2: 19822, 3: 20762}
count dict: Counter({0: 19264, 2: 940, 1: 558, 3: 188})
nodes.shift keys: [0, 1, 2, 3]
nodes.count keys: [0, 1, 3, 2]
links.meta: {6: (0, 0), 4: (0, 0), 8: (0, 0), 7: (0, 1), 9: (0, 0), 10: (0, 0), 0: (0, 0), 2: (0, 0), 5: (0, 0), 3: (0, 0), 1: (0, 0), 11: (0, 0)}
t_type about to use: 0
h_type: 0
shift dict: {0: 0, 1: 19264, 2: 19822, 3: 20762}
count dict: Counter({0: 19264, 2: 940, 1: 558, 3: 188})
Info: load amazon_style_ccct_features/fold_5 from original data and generate /home/simonettos/homhetgnn/HGB/LP/benchmark/data/amazon_style_ccct_features/fold_5/dl_pickle 
node_type: 0, dim: 19264
node_type: 1, dim: 558
node_type: 2, dim: 940
node_type: 3, dim: 188
edge types: [7, 3]
dataset: amazon_style_ccct_features/fold_5, eval_type: 7
edge_list shape: torch.Size([2, 67228])
feat_list shape: [torch.Size([19264, 19264]), torch.Size([558, 558]), torch.Size([940, 940]), torch.Size([188, 188])]
tensor(indices=tensor([[    0,     1,     2,  ..., 19261, 19262, 19263],
                       [    0,     1,     2,  ..., 19261, 19262, 19263]]),
       values=tensor([1., 1., 1.,  ..., 1., 1., 1.]),
       size=(19264, 19264), nnz=19264, layout=torch.sparse_coo)
epoch 0 | batch 0 |train loss 0.6931683421134949
Valid: loss 0.6877535581588745, score:{'roc_auc': 0.8390510135887725, 'MRR': 0.9489795918367347}
Saving model
epoch 0 | batch 1 |train loss 0.688031017780304
epoch 1 | batch 0 |train loss 0.6402739882469177
Valid: loss 0.5315683484077454, score:{'roc_auc': 0.97081755402094, 'MRR': 1.0}
Saving model
epoch 1 | batch 1 |train loss 0.5420588850975037
epoch 2 | batch 0 |train loss 0.427082359790802
Valid: loss 0.2224104404449463, score:{'roc_auc': 1.0, 'MRR': 1.0}
Saving model
epoch 2 | batch 1 |train loss 0.25475719571113586
epoch 3 | batch 0 |train loss 0.14087067544460297
Valid: loss 0.04015742987394333, score:{'roc_auc': 1.0, 'MRR': 1.0}
Saving model
epoch 3 | batch 1 |train loss 0.08825580775737762
epoch 4 | batch 0 |train loss 0.050458408892154694
Valid: loss 0.004139991942793131, score:{'roc_auc': 1.0, 'MRR': 1.0}
Saving model
epoch 4 | batch 1 |train loss 0.0598958395421505
epoch 5 | batch 0 |train loss 0.04371992498636246
Valid: loss 0.0032330055255442858, score:{'roc_auc': 1.0, 'MRR': 1.0}
Saving model
epoch 5 | batch 1 |train loss 0.07345522940158844
epoch 6 | batch 0 |train loss 0.12219896912574768
Valid: loss 1.6203091945499182e-05, score:{'roc_auc': 1.0, 'MRR': 1.0}
Saving model
epoch 6 | batch 1 |train loss 0.14471742510795593
epoch 7 | batch 0 |train loss 0.15435685217380524
Valid: loss 0.0005531344213522971, score:{'roc_auc': 1.0, 'MRR': 1.0}
EarlyStopping counter: 1 out of 3
epoch 7 | batch 1 |train loss 0.1666572391986847
epoch 8 | batch 0 |train loss 0.025097079575061798
Valid: loss 0.0036577892024070024, score:{'roc_auc': 1.0, 'MRR': 1.0}
EarlyStopping counter: 2 out of 3
epoch 8 | batch 1 |train loss 0.20416060090065002
epoch 9 | batch 0 |train loss 0.05442404747009277
Valid: loss 0.00042006332660093904, score:{'roc_auc': 1.0, 'MRR': 1.0}
Meta keys: dict_keys([7, 3])
Data keys: dict_keys([7, 3])
Edge type: 7, Meta: (0, 0)
Edge type: 3, Meta: (0, 0)
edge type: 7, random_score: {'roc_auc': 0.9844543209876544, 'MRR': 1.0}, score: {'roc_auc': 0.7851376146788991, 'MRR': 0.9652777777777779}
ROC_AUC: 0.7851376146788991
dataset: amazon_style_ccct_features/fold_5, eval_type: 3
edge_list shape: torch.Size([2, 67228])
feat_list shape: [torch.Size([19264, 19264]), torch.Size([558, 558]), torch.Size([940, 940]), torch.Size([188, 188])]
tensor(indices=tensor([[    0,     1,     2,  ..., 19261, 19262, 19263],
                       [    0,     1,     2,  ..., 19261, 19262, 19263]]),
       values=tensor([1., 1., 1.,  ..., 1., 1., 1.]),
       size=(19264, 19264), nnz=19264, layout=torch.sparse_coo)
epoch 0 | batch 0 |train loss 3.2376160621643066
Valid: loss 2.320845603942871, score:{'roc_auc': 1.0, 'MRR': 1.0}
Saving model
epoch 1 | batch 0 |train loss 0.5791844725608826
Valid: loss 3.3855502605438232, score:{'roc_auc': 0.9012345679012346, 'MRR': 1.0}
EarlyStopping counter: 1 out of 3
epoch 2 | batch 0 |train loss 0.48063525557518005
Valid: loss 2.5727994441986084, score:{'roc_auc': 0.9135802469135803, 'MRR': 1.0}
EarlyStopping counter: 2 out of 3
epoch 3 | batch 0 |train loss 0.2153729498386383
Valid: loss 1.9304529428482056, score:{'roc_auc': 0.9382716049382716, 'MRR': 1.0}
Saving model
epoch 4 | batch 0 |train loss 0.09758446365594864
Valid: loss 1.556333065032959, score:{'roc_auc': 0.9135802469135802, 'MRR': 0.9285714285714286}
Saving model
epoch 5 | batch 0 |train loss 0.06316007673740387
Valid: loss 1.359846591949463, score:{'roc_auc': 0.9259259259259259, 'MRR': 0.9285714285714286}
Saving model
epoch 6 | batch 0 |train loss 0.04856308549642563
Valid: loss 1.249532699584961, score:{'roc_auc': 0.9259259259259259, 'MRR': 0.9285714285714286}
Saving model
epoch 7 | batch 0 |train loss 0.03940480202436447
Valid: loss 1.1823515892028809, score:{'roc_auc': 0.9259259259259259, 'MRR': 0.9285714285714286}
Saving model
epoch 8 | batch 0 |train loss 0.0329546257853508
Valid: loss 1.1427258253097534, score:{'roc_auc': 0.9259259259259259, 'MRR': 0.9285714285714286}
Saving model
epoch 9 | batch 0 |train loss 0.03159174695611
Valid: loss 1.1210122108459473, score:{'roc_auc': 0.9259259259259259, 'MRR': 0.9285714285714286}
Saving model
epoch 10 | batch 0 |train loss 0.026455044746398926
Valid: loss 1.1151479482650757, score:{'roc_auc': 0.9259259259259259, 'MRR': 0.9285714285714286}
Saving model
epoch 11 | batch 0 |train loss 0.022061534225940704
Valid: loss 1.1199125051498413, score:{'roc_auc': 0.9382716049382716, 'MRR': 0.9285714285714286}
EarlyStopping counter: 1 out of 3
epoch 12 | batch 0 |train loss 0.0176109429448843
Valid: loss 1.1326550245285034, score:{'roc_auc': 0.9382716049382716, 'MRR': 0.9285714285714286}
EarlyStopping counter: 2 out of 3
epoch 13 | batch 0 |train loss 0.016476299613714218
Valid: loss 1.151405692100525, score:{'roc_auc': 0.9382716049382716, 'MRR': 0.9285714285714286}
Meta keys: dict_keys([7, 3])
Data keys: dict_keys([7, 3])
Edge type: 7, Meta: (0, 0)
Edge type: 3, Meta: (0, 0)
edge type: 3, random_score: {'roc_auc': 0.5176219295122819, 'MRR': 1.0}, score: {'roc_auc': 0.5779745860608394, 'MRR': 0.7996453900709221}
ROC_AUC: 0.5779745860608394
Sec neigh test: score list: defaultdict(<class 'list'>, {'roc_auc': [0.7851376146788991, 0.5779745860608394], 'MRR': [0.9652777777777779, 0.7996453900709221]})
Random test: score list: defaultdict(<class 'list'>, {'roc_auc': [0.9844543209876544, 0.5176219295122819], 'MRR': [1.0, 1.0]})
Sec neigh test:average score: defaultdict(<class 'list'>, {'roc_auc': 0.6816, 'MRR': 0.8825})
Random test: average score: defaultdict(<class 'list'>, {'roc_auc': 0.751, 'MRR': 1.0})
Completed: amazon_style_ccct_features/fold_5

All jobs completed.
Setup complete
