Starting GCN batch job...
--------------------------------------
Running model: GCN
Dataset: amazon_style_cct/fold_1
--------------------------------------
use device: cpu
Namespace(data='amazon_style_cct/fold_1', model_path='model.pt', train_iter_n=50, cuda=0, checkpoint='', epochs=100, patience=3, n_layers=2, n_heads=[4], dropout=0.5, model='GCN', lr=0.005, weight_decay=0.0, batch_size=1024, edge_sample_ratio=1, test_with_CPU=False, decoder='dismult')
sys_path ['/home/simonettos/homhetgnn/HGB/LP/benchmark/methods/GNN', '/home/simonettos/homhetgnn/sbatches', '/home/simonettos/homhetgnn/HGB/LP/benchmark/methods/baseline', '/home/simonettos/homhetgnn/HGB/LP/benchmark', '/home/simonettos/homhetgnn/HGB/LP/benchmark/methods/GNN', '/home/simonettos/homhetgnn/HGB/LP/benchmark/methods/GNN/utils', '/home/simonettos/homhetgnn/HGB/LP/benchmark/methods/GNN/models', '/deepstore/software/anaconda3/2022.05/lib/python39.zip', '/deepstore/software/anaconda3/2022.05/lib/python3.9', '/deepstore/software/anaconda3/2022.05/lib/python3.9/lib-dynload', '/home/simonettos/homhetgnn/gpuvenv/lib/python3.9/site-packages', '../../', '../../']
Loading nodes from /home/simonettos/homhetgnn/HGB/LP/benchmark/data/amazon_style_cct/fold_1/node.dat
edge types: dict_keys([7, 4, 2, 0, 6, 5, 3, 9, 8, 1, 10])
nodes.shift keys: [0, 1, 2]
nodes.count keys: [0, 1, 2]
links.meta: {7: (1, 0), 4: (0, 1), 2: (1, 1), 0: (1, 0), 6: (1, 1), 5: (0, 1), 3: (1, 1), 9: (1, 2), 8: (1, 0), 1: (0, 1), 10: (0, 2)}
t_type about to use: 1
h_type: 1
shift dict: {0: 0, 1: 558, 2: 1498}
count dict: Counter({1: 940, 0: 558, 2: 188})
nodes.shift keys: [0, 1, 2]
nodes.count keys: [0, 1, 2]
links.meta: {7: (1, 0), 4: (0, 1), 2: (1, 1), 0: (1, 0), 6: (1, 1), 5: (0, 1), 3: (1, 1), 9: (1, 2), 8: (1, 0), 1: (0, 1), 10: (0, 2)}
t_type about to use: 1
h_type: 1
shift dict: {0: 0, 1: 558, 2: 1498}
count dict: Counter({1: 940, 0: 558, 2: 188})
Info: load amazon_style_cct/fold_1 from original data and generate /home/simonettos/homhetgnn/HGB/LP/benchmark/data/amazon_style_cct/fold_1/dl_pickle 
node_type: 0, dim: 558
node_type: 1, dim: 940
node_type: 2, dim: 188
edge types: [6, 3]
dataset: amazon_style_cct/fold_1, eval_type: 6
edge_list shape: torch.Size([2, 9076])
feat_list shape: [torch.Size([558, 558]), torch.Size([940, 940]), torch.Size([188, 188])]
tensor(indices=tensor([[  0,   1,   2,  ..., 555, 556, 557],
                       [  0,   1,   2,  ..., 555, 556, 557]]),
       values=tensor([1., 1., 1., 1., 1., 1., 1., 1., 1., 1., 1., 1., 1., 1.,
                      1., 1., 1., 1., 1., 1., 1., 1., 1., 1., 1., 1., 1., 1.,
                      1., 1., 1., 1., 1., 1., 1., 1., 1., 1., 1., 1., 1., 1.,
                      1., 1., 1., 1., 1., 1., 1., 1., 1., 1., 1., 1., 1., 1.,
                      1., 1., 1., 1., 1., 1., 1., 1., 1., 1., 1., 1., 1., 1.,
                      1., 1., 1., 1., 1., 1., 1., 1., 1., 1., 1., 1., 1., 1.,
                      1., 1., 1., 1., 1., 1., 1., 1., 1., 1., 1., 1., 1., 1.,
                      1., 1., 1., 1., 1., 1., 1., 1., 1., 1., 1., 1., 1., 1.,
                      1., 1., 1., 1., 1., 1., 1., 1., 1., 1., 1., 1., 1., 1.,
                      1., 1., 1., 1., 1., 1., 1., 1., 1., 1., 1., 1., 1., 1.,
                      1., 1., 1., 1., 1., 1., 1., 1., 1., 1., 1., 1., 1., 1.,
                      1., 1., 1., 1., 1., 1., 1., 1., 1., 1., 1., 1., 1., 1.,
                      1., 1., 1., 1., 1., 1., 1., 1., 1., 1., 1., 1., 1., 1.,
                      1., 1., 1., 1., 1., 1., 1., 1., 1., 1., 1., 1., 1., 1.,
                      1., 1., 1., 1., 1., 1., 1., 1., 1., 1., 1., 1., 1., 1.,
                      1., 1., 1., 1., 1., 1., 1., 1., 1., 1., 1., 1., 1., 1.,
                      1., 1., 1., 1., 1., 1., 1., 1., 1., 1., 1., 1., 1., 1.,
                      1., 1., 1., 1., 1., 1., 1., 1., 1., 1., 1., 1., 1., 1.,
                      1., 1., 1., 1., 1., 1., 1., 1., 1., 1., 1., 1., 1., 1.,
                      1., 1., 1., 1., 1., 1., 1., 1., 1., 1., 1., 1., 1., 1.,
                      1., 1., 1., 1., 1., 1., 1., 1., 1., 1., 1., 1., 1., 1.,
                      1., 1., 1., 1., 1., 1., 1., 1., 1., 1., 1., 1., 1., 1.,
                      1., 1., 1., 1., 1., 1., 1., 1., 1., 1., 1., 1., 1., 1.,
                      1., 1., 1., 1., 1., 1., 1., 1., 1., 1., 1., 1., 1., 1.,
                      1., 1., 1., 1., 1., 1., 1., 1., 1., 1., 1., 1., 1., 1.,
                      1., 1., 1., 1., 1., 1., 1., 1., 1., 1., 1., 1., 1., 1.,
                      1., 1., 1., 1., 1., 1., 1., 1., 1., 1., 1., 1., 1., 1.,
                      1., 1., 1., 1., 1., 1., 1., 1., 1., 1., 1., 1., 1., 1.,
                      1., 1., 1., 1., 1., 1., 1., 1., 1., 1., 1., 1., 1., 1.,
                      1., 1., 1., 1., 1., 1., 1., 1., 1., 1., 1., 1., 1., 1.,
                      1., 1., 1., 1., 1., 1., 1., 1., 1., 1., 1., 1., 1., 1.,
                      1., 1., 1., 1., 1., 1., 1., 1., 1., 1., 1., 1., 1., 1.,
                      1., 1., 1., 1., 1., 1., 1., 1., 1., 1., 1., 1., 1., 1.,
                      1., 1., 1., 1., 1., 1., 1., 1., 1., 1., 1., 1., 1., 1.,
                      1., 1., 1., 1., 1., 1., 1., 1., 1., 1., 1., 1., 1., 1.,
                      1., 1., 1., 1., 1., 1., 1., 1., 1., 1., 1., 1., 1., 1.,
                      1., 1., 1., 1., 1., 1., 1., 1., 1., 1., 1., 1., 1., 1.,
                      1., 1., 1., 1., 1., 1., 1., 1., 1., 1., 1., 1., 1., 1.,
                      1., 1., 1., 1., 1., 1., 1., 1., 1., 1., 1., 1., 1., 1.,
                      1., 1., 1., 1., 1., 1., 1., 1., 1., 1., 1., 1.]),
       size=(558, 558), nnz=558, layout=torch.sparse_coo)
epoch 0 | batch 0 |train loss 0.6928278803825378
Valid: loss 0.6901775598526001, score:{'roc_auc': 0.6568405139833711, 'MRR': 0.8983739837398372}
Saving model
epoch 0 | batch 1 |train loss 0.6882432103157043
epoch 1 | batch 0 |train loss 0.6720566749572754
Valid: loss 0.6651103496551514, score:{'roc_auc': 0.7467876039304611, 'MRR': 0.9105691056910568}
Saving model
epoch 1 | batch 1 |train loss 0.6445569396018982
epoch 2 | batch 0 |train loss 0.5943198800086975
Valid: loss 0.5654142498970032, score:{'roc_auc': 0.8264046359284455, 'MRR': 0.9471544715447153}
Saving model
epoch 2 | batch 1 |train loss 0.5305940508842468
epoch 3 | batch 0 |train loss 0.44262099266052246
Valid: loss 0.5424306392669678, score:{'roc_auc': 0.8339632149155959, 'MRR': 0.9349593495934958}
Saving model
epoch 3 | batch 1 |train loss 0.44225987792015076
epoch 4 | batch 0 |train loss 0.4598352015018463
Valid: loss 0.6181402802467346, score:{'roc_auc': 0.8362307886117409, 'MRR': 0.9105691056910568}
EarlyStopping counter: 1 out of 3
epoch 4 | batch 1 |train loss 0.3937397599220276
epoch 5 | batch 0 |train loss 0.368321031332016
Valid: loss 0.6630584001541138, score:{'roc_auc': 0.817334341143865, 'MRR': 0.9105691056910568}
EarlyStopping counter: 2 out of 3
epoch 5 | batch 1 |train loss 0.3606851100921631
epoch 6 | batch 0 |train loss 0.3264213800430298
Valid: loss 0.6871618032455444, score:{'roc_auc': 0.7881078357268834, 'MRR': 0.9105691056910568}
Meta keys: dict_keys([6, 3])
Data keys: dict_keys([6, 3])
Edge type: 6, Meta: (0, 1)
Edge type: 3, Meta: (1, 2)
edge type: 6, random_score: {'roc_auc': 0.8219010107015458, 'MRR': 0.9886363636363636}, score: {'roc_auc': 0.6889920424403183, 'MRR': 0.9690656565656565}
ROC_AUC: 0.6889920424403183
dataset: amazon_style_cct/fold_1, eval_type: 3
edge_list shape: torch.Size([2, 9076])
feat_list shape: [torch.Size([558, 558]), torch.Size([940, 940]), torch.Size([188, 188])]
tensor(indices=tensor([[  0,   1,   2,  ..., 555, 556, 557],
                       [  0,   1,   2,  ..., 555, 556, 557]]),
       values=tensor([1., 1., 1., 1., 1., 1., 1., 1., 1., 1., 1., 1., 1., 1.,
                      1., 1., 1., 1., 1., 1., 1., 1., 1., 1., 1., 1., 1., 1.,
                      1., 1., 1., 1., 1., 1., 1., 1., 1., 1., 1., 1., 1., 1.,
                      1., 1., 1., 1., 1., 1., 1., 1., 1., 1., 1., 1., 1., 1.,
                      1., 1., 1., 1., 1., 1., 1., 1., 1., 1., 1., 1., 1., 1.,
                      1., 1., 1., 1., 1., 1., 1., 1., 1., 1., 1., 1., 1., 1.,
                      1., 1., 1., 1., 1., 1., 1., 1., 1., 1., 1., 1., 1., 1.,
                      1., 1., 1., 1., 1., 1., 1., 1., 1., 1., 1., 1., 1., 1.,
                      1., 1., 1., 1., 1., 1., 1., 1., 1., 1., 1., 1., 1., 1.,
                      1., 1., 1., 1., 1., 1., 1., 1., 1., 1., 1., 1., 1., 1.,
                      1., 1., 1., 1., 1., 1., 1., 1., 1., 1., 1., 1., 1., 1.,
                      1., 1., 1., 1., 1., 1., 1., 1., 1., 1., 1., 1., 1., 1.,
                      1., 1., 1., 1., 1., 1., 1., 1., 1., 1., 1., 1., 1., 1.,
                      1., 1., 1., 1., 1., 1., 1., 1., 1., 1., 1., 1., 1., 1.,
                      1., 1., 1., 1., 1., 1., 1., 1., 1., 1., 1., 1., 1., 1.,
                      1., 1., 1., 1., 1., 1., 1., 1., 1., 1., 1., 1., 1., 1.,
                      1., 1., 1., 1., 1., 1., 1., 1., 1., 1., 1., 1., 1., 1.,
                      1., 1., 1., 1., 1., 1., 1., 1., 1., 1., 1., 1., 1., 1.,
                      1., 1., 1., 1., 1., 1., 1., 1., 1., 1., 1., 1., 1., 1.,
                      1., 1., 1., 1., 1., 1., 1., 1., 1., 1., 1., 1., 1., 1.,
                      1., 1., 1., 1., 1., 1., 1., 1., 1., 1., 1., 1., 1., 1.,
                      1., 1., 1., 1., 1., 1., 1., 1., 1., 1., 1., 1., 1., 1.,
                      1., 1., 1., 1., 1., 1., 1., 1., 1., 1., 1., 1., 1., 1.,
                      1., 1., 1., 1., 1., 1., 1., 1., 1., 1., 1., 1., 1., 1.,
                      1., 1., 1., 1., 1., 1., 1., 1., 1., 1., 1., 1., 1., 1.,
                      1., 1., 1., 1., 1., 1., 1., 1., 1., 1., 1., 1., 1., 1.,
                      1., 1., 1., 1., 1., 1., 1., 1., 1., 1., 1., 1., 1., 1.,
                      1., 1., 1., 1., 1., 1., 1., 1., 1., 1., 1., 1., 1., 1.,
                      1., 1., 1., 1., 1., 1., 1., 1., 1., 1., 1., 1., 1., 1.,
                      1., 1., 1., 1., 1., 1., 1., 1., 1., 1., 1., 1., 1., 1.,
                      1., 1., 1., 1., 1., 1., 1., 1., 1., 1., 1., 1., 1., 1.,
                      1., 1., 1., 1., 1., 1., 1., 1., 1., 1., 1., 1., 1., 1.,
                      1., 1., 1., 1., 1., 1., 1., 1., 1., 1., 1., 1., 1., 1.,
                      1., 1., 1., 1., 1., 1., 1., 1., 1., 1., 1., 1., 1., 1.,
                      1., 1., 1., 1., 1., 1., 1., 1., 1., 1., 1., 1., 1., 1.,
                      1., 1., 1., 1., 1., 1., 1., 1., 1., 1., 1., 1., 1., 1.,
                      1., 1., 1., 1., 1., 1., 1., 1., 1., 1., 1., 1., 1., 1.,
                      1., 1., 1., 1., 1., 1., 1., 1., 1., 1., 1., 1., 1., 1.,
                      1., 1., 1., 1., 1., 1., 1., 1., 1., 1., 1., 1., 1., 1.,
                      1., 1., 1., 1., 1., 1., 1., 1., 1., 1., 1., 1.]),
       size=(558, 558), nnz=558, layout=torch.sparse_coo)
epoch 0 | batch 0 |train loss 0.6628422141075134
Valid: loss 0.485172837972641, score:{'roc_auc': 0.888888888888889, 'MRR': 0.9}
Saving model
epoch 1 | batch 0 |train loss 0.5748047232627869
Valid: loss 0.49238598346710205, score:{'roc_auc': 0.8333333333333335, 'MRR': 0.9}
EarlyStopping counter: 1 out of 3
epoch 2 | batch 0 |train loss 0.49537771940231323
Valid: loss 0.4598463475704193, score:{'roc_auc': 0.8611111111111112, 'MRR': 0.9}
Saving model
epoch 3 | batch 0 |train loss 0.4611557424068451
Valid: loss 0.40055641531944275, score:{'roc_auc': 0.888888888888889, 'MRR': 0.9}
Saving model
epoch 4 | batch 0 |train loss 0.3994256258010864
Valid: loss 0.3948627710342407, score:{'roc_auc': 0.9166666666666667, 'MRR': 0.9}
Saving model
epoch 5 | batch 0 |train loss 0.331380158662796
Valid: loss 0.5015608668327332, score:{'roc_auc': 0.888888888888889, 'MRR': 0.9}
EarlyStopping counter: 1 out of 3
epoch 6 | batch 0 |train loss 0.28992024064064026
Valid: loss 0.6254976987838745, score:{'roc_auc': 0.888888888888889, 'MRR': 0.9}
EarlyStopping counter: 2 out of 3
epoch 7 | batch 0 |train loss 0.2508946359157562
Valid: loss 0.7070720195770264, score:{'roc_auc': 0.888888888888889, 'MRR': 0.9}
Meta keys: dict_keys([6, 3])
Data keys: dict_keys([6, 3])
Edge type: 6, Meta: (0, 1)
Edge type: 3, Meta: (1, 2)
edge type: 3, random_score: {'roc_auc': 0.5949931412894376, 'MRR': 0.9791666666666666}, score: {'roc_auc': 0.35626102292768963, 'MRR': 0.8645833333333334}
ROC_AUC: 0.35626102292768963
Sec neigh test: score list: defaultdict(<class 'list'>, {'roc_auc': [0.6889920424403183, 0.35626102292768963], 'MRR': [0.9690656565656565, 0.8645833333333334]})
Random test: score list: defaultdict(<class 'list'>, {'roc_auc': [0.8219010107015458, 0.5949931412894376], 'MRR': [0.9886363636363636, 0.9791666666666666]})
Sec neigh test:average score: defaultdict(<class 'list'>, {'roc_auc': 0.5226, 'MRR': 0.9168})
Random test: average score: defaultdict(<class 'list'>, {'roc_auc': 0.7084, 'MRR': 0.9839})
Completed: amazon_style_cct/fold_1

--------------------------------------
Running model: GCN
Dataset: amazon_style_cct/fold_2
--------------------------------------
use device: cpu
Namespace(data='amazon_style_cct/fold_2', model_path='model.pt', train_iter_n=50, cuda=0, checkpoint='', epochs=100, patience=3, n_layers=2, n_heads=[4], dropout=0.5, model='GCN', lr=0.005, weight_decay=0.0, batch_size=1024, edge_sample_ratio=1, test_with_CPU=False, decoder='dismult')
sys_path ['/home/simonettos/homhetgnn/HGB/LP/benchmark/methods/GNN', '/home/simonettos/homhetgnn/sbatches', '/home/simonettos/homhetgnn/HGB/LP/benchmark/methods/baseline', '/home/simonettos/homhetgnn/HGB/LP/benchmark', '/home/simonettos/homhetgnn/HGB/LP/benchmark/methods/GNN', '/home/simonettos/homhetgnn/HGB/LP/benchmark/methods/GNN/utils', '/home/simonettos/homhetgnn/HGB/LP/benchmark/methods/GNN/models', '/deepstore/software/anaconda3/2022.05/lib/python39.zip', '/deepstore/software/anaconda3/2022.05/lib/python3.9', '/deepstore/software/anaconda3/2022.05/lib/python3.9/lib-dynload', '/home/simonettos/homhetgnn/gpuvenv/lib/python3.9/site-packages', '../../', '../../']
Loading nodes from /home/simonettos/homhetgnn/HGB/LP/benchmark/data/amazon_style_cct/fold_2/node.dat
edge types: dict_keys([5, 6, 4, 7, 3, 0, 2, 8, 1, 10, 9])
nodes.shift keys: [0, 1, 2]
nodes.count keys: [0, 1, 2]
links.meta: {5: (1, 1), 6: (0, 1), 4: (0, 0), 7: (1, 0), 3: (1, 2), 0: (1, 0), 2: (2, 0), 8: (1, 1), 1: (1, 1), 10: (0, 1), 9: (1, 0)}
t_type about to use: 1
h_type: 0
shift dict: {0: 0, 1: 558, 2: 1498}
count dict: Counter({1: 940, 0: 558, 2: 188})
nodes.shift keys: [0, 1, 2]
nodes.count keys: [0, 1, 2]
links.meta: {5: (1, 1), 6: (0, 1), 4: (0, 0), 7: (1, 0), 3: (1, 2), 0: (1, 0), 2: (2, 0), 8: (1, 1), 1: (1, 1), 10: (0, 1), 9: (1, 0)}
t_type about to use: 2
h_type: 1
shift dict: {0: 0, 1: 558, 2: 1498}
count dict: Counter({1: 940, 0: 558, 2: 188})
Info: load amazon_style_cct/fold_2 from original data and generate /home/simonettos/homhetgnn/HGB/LP/benchmark/data/amazon_style_cct/fold_2/dl_pickle 
node_type: 0, dim: 558
node_type: 1, dim: 940
node_type: 2, dim: 188
edge types: [6, 3]
dataset: amazon_style_cct/fold_2, eval_type: 6
edge_list shape: torch.Size([2, 9046])
feat_list shape: [torch.Size([558, 558]), torch.Size([940, 940]), torch.Size([188, 188])]
tensor(indices=tensor([[  0,   1,   2,  ..., 555, 556, 557],
                       [  0,   1,   2,  ..., 555, 556, 557]]),
       values=tensor([1., 1., 1., 1., 1., 1., 1., 1., 1., 1., 1., 1., 1., 1.,
                      1., 1., 1., 1., 1., 1., 1., 1., 1., 1., 1., 1., 1., 1.,
                      1., 1., 1., 1., 1., 1., 1., 1., 1., 1., 1., 1., 1., 1.,
                      1., 1., 1., 1., 1., 1., 1., 1., 1., 1., 1., 1., 1., 1.,
                      1., 1., 1., 1., 1., 1., 1., 1., 1., 1., 1., 1., 1., 1.,
                      1., 1., 1., 1., 1., 1., 1., 1., 1., 1., 1., 1., 1., 1.,
                      1., 1., 1., 1., 1., 1., 1., 1., 1., 1., 1., 1., 1., 1.,
                      1., 1., 1., 1., 1., 1., 1., 1., 1., 1., 1., 1., 1., 1.,
                      1., 1., 1., 1., 1., 1., 1., 1., 1., 1., 1., 1., 1., 1.,
                      1., 1., 1., 1., 1., 1., 1., 1., 1., 1., 1., 1., 1., 1.,
                      1., 1., 1., 1., 1., 1., 1., 1., 1., 1., 1., 1., 1., 1.,
                      1., 1., 1., 1., 1., 1., 1., 1., 1., 1., 1., 1., 1., 1.,
                      1., 1., 1., 1., 1., 1., 1., 1., 1., 1., 1., 1., 1., 1.,
                      1., 1., 1., 1., 1., 1., 1., 1., 1., 1., 1., 1., 1., 1.,
                      1., 1., 1., 1., 1., 1., 1., 1., 1., 1., 1., 1., 1., 1.,
                      1., 1., 1., 1., 1., 1., 1., 1., 1., 1., 1., 1., 1., 1.,
                      1., 1., 1., 1., 1., 1., 1., 1., 1., 1., 1., 1., 1., 1.,
                      1., 1., 1., 1., 1., 1., 1., 1., 1., 1., 1., 1., 1., 1.,
                      1., 1., 1., 1., 1., 1., 1., 1., 1., 1., 1., 1., 1., 1.,
                      1., 1., 1., 1., 1., 1., 1., 1., 1., 1., 1., 1., 1., 1.,
                      1., 1., 1., 1., 1., 1., 1., 1., 1., 1., 1., 1., 1., 1.,
                      1., 1., 1., 1., 1., 1., 1., 1., 1., 1., 1., 1., 1., 1.,
                      1., 1., 1., 1., 1., 1., 1., 1., 1., 1., 1., 1., 1., 1.,
                      1., 1., 1., 1., 1., 1., 1., 1., 1., 1., 1., 1., 1., 1.,
                      1., 1., 1., 1., 1., 1., 1., 1., 1., 1., 1., 1., 1., 1.,
                      1., 1., 1., 1., 1., 1., 1., 1., 1., 1., 1., 1., 1., 1.,
                      1., 1., 1., 1., 1., 1., 1., 1., 1., 1., 1., 1., 1., 1.,
                      1., 1., 1., 1., 1., 1., 1., 1., 1., 1., 1., 1., 1., 1.,
                      1., 1., 1., 1., 1., 1., 1., 1., 1., 1., 1., 1., 1., 1.,
                      1., 1., 1., 1., 1., 1., 1., 1., 1., 1., 1., 1., 1., 1.,
                      1., 1., 1., 1., 1., 1., 1., 1., 1., 1., 1., 1., 1., 1.,
                      1., 1., 1., 1., 1., 1., 1., 1., 1., 1., 1., 1., 1., 1.,
                      1., 1., 1., 1., 1., 1., 1., 1., 1., 1., 1., 1., 1., 1.,
                      1., 1., 1., 1., 1., 1., 1., 1., 1., 1., 1., 1., 1., 1.,
                      1., 1., 1., 1., 1., 1., 1., 1., 1., 1., 1., 1., 1., 1.,
                      1., 1., 1., 1., 1., 1., 1., 1., 1., 1., 1., 1., 1., 1.,
                      1., 1., 1., 1., 1., 1., 1., 1., 1., 1., 1., 1., 1., 1.,
                      1., 1., 1., 1., 1., 1., 1., 1., 1., 1., 1., 1., 1., 1.,
                      1., 1., 1., 1., 1., 1., 1., 1., 1., 1., 1., 1., 1., 1.,
                      1., 1., 1., 1., 1., 1., 1., 1., 1., 1., 1., 1.]),
       size=(558, 558), nnz=558, layout=torch.sparse_coo)
epoch 0 | batch 0 |train loss 0.6930162906646729
Valid: loss 0.6892648935317993, score:{'roc_auc': 0.6860444444444445, 'MRR': 0.8627450980392157}
Saving model
epoch 0 | batch 1 |train loss 0.6897056698799133
epoch 1 | batch 0 |train loss 0.6781805753707886
Valid: loss 0.6549961566925049, score:{'roc_auc': 0.7960888888888888, 'MRR': 0.9019607843137255}
Saving model
epoch 1 | batch 1 |train loss 0.6550043821334839
epoch 2 | batch 0 |train loss 0.6129984259605408
Valid: loss 0.5360650420188904, score:{'roc_auc': 0.8840888888888888, 'MRR': 0.9215686274509803}
Saving model
epoch 2 | batch 1 |train loss 0.5529752969741821
epoch 3 | batch 0 |train loss 0.47574925422668457
Valid: loss 0.4266960620880127, score:{'roc_auc': 0.8963555555555556, 'MRR': 0.9411764705882353}
Saving model
epoch 3 | batch 1 |train loss 0.43016472458839417
epoch 4 | batch 0 |train loss 0.40728896856307983
Valid: loss 0.5485998392105103, score:{'roc_auc': 0.8867555555555555, 'MRR': 0.9411764705882353}
EarlyStopping counter: 1 out of 3
epoch 4 | batch 1 |train loss 0.4989779591560364
epoch 5 | batch 0 |train loss 0.39127832651138306
Valid: loss 0.5934410691261292, score:{'roc_auc': 0.8901333333333334, 'MRR': 0.9509803921568627}
EarlyStopping counter: 2 out of 3
epoch 5 | batch 1 |train loss 0.41095414757728577
epoch 6 | batch 0 |train loss 0.3486315906047821
Valid: loss 0.46621501445770264, score:{'roc_auc': 0.8739555555555556, 'MRR': 0.9411764705882353}
Meta keys: dict_keys([6, 3])
Data keys: dict_keys([6, 3])
Edge type: 6, Meta: (1, 1)
Edge type: 3, Meta: (1, 1)
edge type: 6, random_score: {'roc_auc': 0.8541927905906255, 'MRR': 0.9932432432432432}, score: {'roc_auc': 0.7653887760217409, 'MRR': 0.938063063063063}
ROC_AUC: 0.7653887760217409
dataset: amazon_style_cct/fold_2, eval_type: 3
edge_list shape: torch.Size([2, 9046])
feat_list shape: [torch.Size([558, 558]), torch.Size([940, 940]), torch.Size([188, 188])]
tensor(indices=tensor([[  0,   1,   2,  ..., 555, 556, 557],
                       [  0,   1,   2,  ..., 555, 556, 557]]),
       values=tensor([1., 1., 1., 1., 1., 1., 1., 1., 1., 1., 1., 1., 1., 1.,
                      1., 1., 1., 1., 1., 1., 1., 1., 1., 1., 1., 1., 1., 1.,
                      1., 1., 1., 1., 1., 1., 1., 1., 1., 1., 1., 1., 1., 1.,
                      1., 1., 1., 1., 1., 1., 1., 1., 1., 1., 1., 1., 1., 1.,
                      1., 1., 1., 1., 1., 1., 1., 1., 1., 1., 1., 1., 1., 1.,
                      1., 1., 1., 1., 1., 1., 1., 1., 1., 1., 1., 1., 1., 1.,
                      1., 1., 1., 1., 1., 1., 1., 1., 1., 1., 1., 1., 1., 1.,
                      1., 1., 1., 1., 1., 1., 1., 1., 1., 1., 1., 1., 1., 1.,
                      1., 1., 1., 1., 1., 1., 1., 1., 1., 1., 1., 1., 1., 1.,
                      1., 1., 1., 1., 1., 1., 1., 1., 1., 1., 1., 1., 1., 1.,
                      1., 1., 1., 1., 1., 1., 1., 1., 1., 1., 1., 1., 1., 1.,
                      1., 1., 1., 1., 1., 1., 1., 1., 1., 1., 1., 1., 1., 1.,
                      1., 1., 1., 1., 1., 1., 1., 1., 1., 1., 1., 1., 1., 1.,
                      1., 1., 1., 1., 1., 1., 1., 1., 1., 1., 1., 1., 1., 1.,
                      1., 1., 1., 1., 1., 1., 1., 1., 1., 1., 1., 1., 1., 1.,
                      1., 1., 1., 1., 1., 1., 1., 1., 1., 1., 1., 1., 1., 1.,
                      1., 1., 1., 1., 1., 1., 1., 1., 1., 1., 1., 1., 1., 1.,
                      1., 1., 1., 1., 1., 1., 1., 1., 1., 1., 1., 1., 1., 1.,
                      1., 1., 1., 1., 1., 1., 1., 1., 1., 1., 1., 1., 1., 1.,
                      1., 1., 1., 1., 1., 1., 1., 1., 1., 1., 1., 1., 1., 1.,
                      1., 1., 1., 1., 1., 1., 1., 1., 1., 1., 1., 1., 1., 1.,
                      1., 1., 1., 1., 1., 1., 1., 1., 1., 1., 1., 1., 1., 1.,
                      1., 1., 1., 1., 1., 1., 1., 1., 1., 1., 1., 1., 1., 1.,
                      1., 1., 1., 1., 1., 1., 1., 1., 1., 1., 1., 1., 1., 1.,
                      1., 1., 1., 1., 1., 1., 1., 1., 1., 1., 1., 1., 1., 1.,
                      1., 1., 1., 1., 1., 1., 1., 1., 1., 1., 1., 1., 1., 1.,
                      1., 1., 1., 1., 1., 1., 1., 1., 1., 1., 1., 1., 1., 1.,
                      1., 1., 1., 1., 1., 1., 1., 1., 1., 1., 1., 1., 1., 1.,
                      1., 1., 1., 1., 1., 1., 1., 1., 1., 1., 1., 1., 1., 1.,
                      1., 1., 1., 1., 1., 1., 1., 1., 1., 1., 1., 1., 1., 1.,
                      1., 1., 1., 1., 1., 1., 1., 1., 1., 1., 1., 1., 1., 1.,
                      1., 1., 1., 1., 1., 1., 1., 1., 1., 1., 1., 1., 1., 1.,
                      1., 1., 1., 1., 1., 1., 1., 1., 1., 1., 1., 1., 1., 1.,
                      1., 1., 1., 1., 1., 1., 1., 1., 1., 1., 1., 1., 1., 1.,
                      1., 1., 1., 1., 1., 1., 1., 1., 1., 1., 1., 1., 1., 1.,
                      1., 1., 1., 1., 1., 1., 1., 1., 1., 1., 1., 1., 1., 1.,
                      1., 1., 1., 1., 1., 1., 1., 1., 1., 1., 1., 1., 1., 1.,
                      1., 1., 1., 1., 1., 1., 1., 1., 1., 1., 1., 1., 1., 1.,
                      1., 1., 1., 1., 1., 1., 1., 1., 1., 1., 1., 1., 1., 1.,
                      1., 1., 1., 1., 1., 1., 1., 1., 1., 1., 1., 1.]),
       size=(558, 558), nnz=558, layout=torch.sparse_coo)
epoch 0 | batch 0 |train loss 0.8421329855918884
Valid: loss 1.131890058517456, score:{'roc_auc': 0.4897959183673469, 'MRR': 0.8333333333333334}
Saving model
epoch 1 | batch 0 |train loss 0.6184201836585999
Valid: loss 0.9078115820884705, score:{'roc_auc': 0.5102040816326531, 'MRR': 0.8333333333333334}
Saving model
epoch 2 | batch 0 |train loss 0.5719571709632874
Valid: loss 0.8280936479568481, score:{'roc_auc': 0.5102040816326531, 'MRR': 0.8333333333333334}
Saving model
epoch 3 | batch 0 |train loss 0.5525739192962646
Valid: loss 0.7881260514259338, score:{'roc_auc': 0.5306122448979592, 'MRR': 0.8333333333333334}
Saving model
epoch 4 | batch 0 |train loss 0.506091296672821
Valid: loss 0.7779452204704285, score:{'roc_auc': 0.5510204081632653, 'MRR': 0.8333333333333334}
Saving model
epoch 5 | batch 0 |train loss 0.43773216009140015
Valid: loss 0.8073968887329102, score:{'roc_auc': 0.5306122448979592, 'MRR': 0.8333333333333334}
EarlyStopping counter: 1 out of 3
epoch 6 | batch 0 |train loss 0.3703981339931488
Valid: loss 0.8899067640304565, score:{'roc_auc': 0.5306122448979591, 'MRR': 0.8333333333333334}
EarlyStopping counter: 2 out of 3
epoch 7 | batch 0 |train loss 0.32708659768104553
Valid: loss 1.0127919912338257, score:{'roc_auc': 0.5510204081632653, 'MRR': 0.8333333333333334}
Meta keys: dict_keys([6, 3])
Data keys: dict_keys([6, 3])
Edge type: 6, Meta: (1, 1)
Edge type: 3, Meta: (1, 1)
edge type: 3, random_score: {'roc_auc': 0.5429687500000001, 'MRR': 1.0}, score: {'roc_auc': 0.5431547619047619, 'MRR': 0.9}
ROC_AUC: 0.5431547619047619
Sec neigh test: score list: defaultdict(<class 'list'>, {'roc_auc': [0.7653887760217409, 0.5431547619047619], 'MRR': [0.938063063063063, 0.9]})
Random test: score list: defaultdict(<class 'list'>, {'roc_auc': [0.8541927905906255, 0.5429687500000001], 'MRR': [0.9932432432432432, 1.0]})
Sec neigh test:average score: defaultdict(<class 'list'>, {'roc_auc': 0.6543, 'MRR': 0.919})
Random test: average score: defaultdict(<class 'list'>, {'roc_auc': 0.6986, 'MRR': 0.9966})
Completed: amazon_style_cct/fold_2

--------------------------------------
Running model: GCN
Dataset: amazon_style_cct/fold_3
--------------------------------------
use device: cpu
Namespace(data='amazon_style_cct/fold_3', model_path='model.pt', train_iter_n=50, cuda=0, checkpoint='', epochs=100, patience=3, n_layers=2, n_heads=[4], dropout=0.5, model='GCN', lr=0.005, weight_decay=0.0, batch_size=1024, edge_sample_ratio=1, test_with_CPU=False, decoder='dismult')
sys_path ['/home/simonettos/homhetgnn/HGB/LP/benchmark/methods/GNN', '/home/simonettos/homhetgnn/sbatches', '/home/simonettos/homhetgnn/HGB/LP/benchmark/methods/baseline', '/home/simonettos/homhetgnn/HGB/LP/benchmark', '/home/simonettos/homhetgnn/HGB/LP/benchmark/methods/GNN', '/home/simonettos/homhetgnn/HGB/LP/benchmark/methods/GNN/utils', '/home/simonettos/homhetgnn/HGB/LP/benchmark/methods/GNN/models', '/deepstore/software/anaconda3/2022.05/lib/python39.zip', '/deepstore/software/anaconda3/2022.05/lib/python3.9', '/deepstore/software/anaconda3/2022.05/lib/python3.9/lib-dynload', '/home/simonettos/homhetgnn/gpuvenv/lib/python3.9/site-packages', '../../', '../../']
Loading nodes from /home/simonettos/homhetgnn/HGB/LP/benchmark/data/amazon_style_cct/fold_3/node.dat
edge types: dict_keys([5, 6, 4, 7, 3, 0, 2, 8, 1, 10, 9])
nodes.shift keys: [0, 1, 2]
nodes.count keys: [0, 1, 2]
links.meta: {5: (1, 1), 6: (0, 1), 4: (0, 0), 7: (1, 0), 3: (1, 2), 0: (1, 0), 2: (2, 0), 8: (1, 1), 1: (1, 1), 10: (0, 1), 9: (1, 0)}
t_type about to use: 1
h_type: 0
shift dict: {0: 0, 1: 558, 2: 1498}
count dict: Counter({1: 940, 0: 558, 2: 188})
nodes.shift keys: [0, 1, 2]
nodes.count keys: [0, 1, 2]
links.meta: {5: (1, 1), 6: (0, 1), 4: (0, 0), 7: (1, 0), 3: (1, 2), 0: (1, 0), 2: (2, 0), 8: (1, 1), 1: (1, 1), 10: (0, 1), 9: (1, 0)}
t_type about to use: 2
h_type: 1
shift dict: {0: 0, 1: 558, 2: 1498}
count dict: Counter({1: 940, 0: 558, 2: 188})
Info: load amazon_style_cct/fold_3 from original data and generate /home/simonettos/homhetgnn/HGB/LP/benchmark/data/amazon_style_cct/fold_3/dl_pickle 
node_type: 0, dim: 558
node_type: 1, dim: 940
node_type: 2, dim: 188
edge types: [6, 3]
dataset: amazon_style_cct/fold_3, eval_type: 6
edge_list shape: torch.Size([2, 9052])
feat_list shape: [torch.Size([558, 558]), torch.Size([940, 940]), torch.Size([188, 188])]
tensor(indices=tensor([[  0,   1,   2,  ..., 555, 556, 557],
                       [  0,   1,   2,  ..., 555, 556, 557]]),
       values=tensor([1., 1., 1., 1., 1., 1., 1., 1., 1., 1., 1., 1., 1., 1.,
                      1., 1., 1., 1., 1., 1., 1., 1., 1., 1., 1., 1., 1., 1.,
                      1., 1., 1., 1., 1., 1., 1., 1., 1., 1., 1., 1., 1., 1.,
                      1., 1., 1., 1., 1., 1., 1., 1., 1., 1., 1., 1., 1., 1.,
                      1., 1., 1., 1., 1., 1., 1., 1., 1., 1., 1., 1., 1., 1.,
                      1., 1., 1., 1., 1., 1., 1., 1., 1., 1., 1., 1., 1., 1.,
                      1., 1., 1., 1., 1., 1., 1., 1., 1., 1., 1., 1., 1., 1.,
                      1., 1., 1., 1., 1., 1., 1., 1., 1., 1., 1., 1., 1., 1.,
                      1., 1., 1., 1., 1., 1., 1., 1., 1., 1., 1., 1., 1., 1.,
                      1., 1., 1., 1., 1., 1., 1., 1., 1., 1., 1., 1., 1., 1.,
                      1., 1., 1., 1., 1., 1., 1., 1., 1., 1., 1., 1., 1., 1.,
                      1., 1., 1., 1., 1., 1., 1., 1., 1., 1., 1., 1., 1., 1.,
                      1., 1., 1., 1., 1., 1., 1., 1., 1., 1., 1., 1., 1., 1.,
                      1., 1., 1., 1., 1., 1., 1., 1., 1., 1., 1., 1., 1., 1.,
                      1., 1., 1., 1., 1., 1., 1., 1., 1., 1., 1., 1., 1., 1.,
                      1., 1., 1., 1., 1., 1., 1., 1., 1., 1., 1., 1., 1., 1.,
                      1., 1., 1., 1., 1., 1., 1., 1., 1., 1., 1., 1., 1., 1.,
                      1., 1., 1., 1., 1., 1., 1., 1., 1., 1., 1., 1., 1., 1.,
                      1., 1., 1., 1., 1., 1., 1., 1., 1., 1., 1., 1., 1., 1.,
                      1., 1., 1., 1., 1., 1., 1., 1., 1., 1., 1., 1., 1., 1.,
                      1., 1., 1., 1., 1., 1., 1., 1., 1., 1., 1., 1., 1., 1.,
                      1., 1., 1., 1., 1., 1., 1., 1., 1., 1., 1., 1., 1., 1.,
                      1., 1., 1., 1., 1., 1., 1., 1., 1., 1., 1., 1., 1., 1.,
                      1., 1., 1., 1., 1., 1., 1., 1., 1., 1., 1., 1., 1., 1.,
                      1., 1., 1., 1., 1., 1., 1., 1., 1., 1., 1., 1., 1., 1.,
                      1., 1., 1., 1., 1., 1., 1., 1., 1., 1., 1., 1., 1., 1.,
                      1., 1., 1., 1., 1., 1., 1., 1., 1., 1., 1., 1., 1., 1.,
                      1., 1., 1., 1., 1., 1., 1., 1., 1., 1., 1., 1., 1., 1.,
                      1., 1., 1., 1., 1., 1., 1., 1., 1., 1., 1., 1., 1., 1.,
                      1., 1., 1., 1., 1., 1., 1., 1., 1., 1., 1., 1., 1., 1.,
                      1., 1., 1., 1., 1., 1., 1., 1., 1., 1., 1., 1., 1., 1.,
                      1., 1., 1., 1., 1., 1., 1., 1., 1., 1., 1., 1., 1., 1.,
                      1., 1., 1., 1., 1., 1., 1., 1., 1., 1., 1., 1., 1., 1.,
                      1., 1., 1., 1., 1., 1., 1., 1., 1., 1., 1., 1., 1., 1.,
                      1., 1., 1., 1., 1., 1., 1., 1., 1., 1., 1., 1., 1., 1.,
                      1., 1., 1., 1., 1., 1., 1., 1., 1., 1., 1., 1., 1., 1.,
                      1., 1., 1., 1., 1., 1., 1., 1., 1., 1., 1., 1., 1., 1.,
                      1., 1., 1., 1., 1., 1., 1., 1., 1., 1., 1., 1., 1., 1.,
                      1., 1., 1., 1., 1., 1., 1., 1., 1., 1., 1., 1., 1., 1.,
                      1., 1., 1., 1., 1., 1., 1., 1., 1., 1., 1., 1.]),
       size=(558, 558), nnz=558, layout=torch.sparse_coo)
epoch 0 | batch 0 |train loss 0.693372368812561
Valid: loss 0.6918042302131653, score:{'roc_auc': 0.671453766691862, 'MRR': 0.825}
Saving model
epoch 0 | batch 1 |train loss 0.6905394792556763
epoch 1 | batch 0 |train loss 0.6812907457351685
Valid: loss 0.6734380722045898, score:{'roc_auc': 0.7389770723104057, 'MRR': 0.8958333333333333}
Saving model
epoch 1 | batch 1 |train loss 0.6661725640296936
epoch 2 | batch 0 |train loss 0.6320581436157227
Valid: loss 0.6076745986938477, score:{'roc_auc': 0.8039808515998993, 'MRR': 0.9375}
Saving model
epoch 2 | batch 1 |train loss 0.5632724165916443
epoch 3 | batch 0 |train loss 0.4931250810623169
Valid: loss 0.5976166725158691, score:{'roc_auc': 0.8160745779793399, 'MRR': 0.9375}
Saving model
epoch 3 | batch 1 |train loss 0.4060331881046295
epoch 4 | batch 0 |train loss 0.43285050988197327
Valid: loss 0.9262529015541077, score:{'roc_auc': 0.817838246409675, 'MRR': 0.95}
EarlyStopping counter: 1 out of 3
epoch 4 | batch 1 |train loss 0.42496830224990845
epoch 5 | batch 0 |train loss 0.4230680465698242
Valid: loss 0.8469352722167969, score:{'roc_auc': 0.8390022675736961, 'MRR': 0.9625}
EarlyStopping counter: 2 out of 3
epoch 5 | batch 1 |train loss 0.34716084599494934
epoch 6 | batch 0 |train loss 0.3526152968406677
Valid: loss 0.6375395059585571, score:{'roc_auc': 0.8490803728898967, 'MRR': 0.975}
Meta keys: dict_keys([6, 3])
Data keys: dict_keys([6, 3])
Edge type: 6, Meta: (0, 0)
Edge type: 3, Meta: (0, 1)
edge type: 6, random_score: {'roc_auc': 0.7138858808829655, 'MRR': 0.9833333333333333}, score: {'roc_auc': 0.48483965014577257, 'MRR': 0.9155555555555555}
ROC_AUC: 0.48483965014577257
dataset: amazon_style_cct/fold_3, eval_type: 3
edge_list shape: torch.Size([2, 9052])
feat_list shape: [torch.Size([558, 558]), torch.Size([940, 940]), torch.Size([188, 188])]
tensor(indices=tensor([[  0,   1,   2,  ..., 555, 556, 557],
                       [  0,   1,   2,  ..., 555, 556, 557]]),
       values=tensor([1., 1., 1., 1., 1., 1., 1., 1., 1., 1., 1., 1., 1., 1.,
                      1., 1., 1., 1., 1., 1., 1., 1., 1., 1., 1., 1., 1., 1.,
                      1., 1., 1., 1., 1., 1., 1., 1., 1., 1., 1., 1., 1., 1.,
                      1., 1., 1., 1., 1., 1., 1., 1., 1., 1., 1., 1., 1., 1.,
                      1., 1., 1., 1., 1., 1., 1., 1., 1., 1., 1., 1., 1., 1.,
                      1., 1., 1., 1., 1., 1., 1., 1., 1., 1., 1., 1., 1., 1.,
                      1., 1., 1., 1., 1., 1., 1., 1., 1., 1., 1., 1., 1., 1.,
                      1., 1., 1., 1., 1., 1., 1., 1., 1., 1., 1., 1., 1., 1.,
                      1., 1., 1., 1., 1., 1., 1., 1., 1., 1., 1., 1., 1., 1.,
                      1., 1., 1., 1., 1., 1., 1., 1., 1., 1., 1., 1., 1., 1.,
                      1., 1., 1., 1., 1., 1., 1., 1., 1., 1., 1., 1., 1., 1.,
                      1., 1., 1., 1., 1., 1., 1., 1., 1., 1., 1., 1., 1., 1.,
                      1., 1., 1., 1., 1., 1., 1., 1., 1., 1., 1., 1., 1., 1.,
                      1., 1., 1., 1., 1., 1., 1., 1., 1., 1., 1., 1., 1., 1.,
                      1., 1., 1., 1., 1., 1., 1., 1., 1., 1., 1., 1., 1., 1.,
                      1., 1., 1., 1., 1., 1., 1., 1., 1., 1., 1., 1., 1., 1.,
                      1., 1., 1., 1., 1., 1., 1., 1., 1., 1., 1., 1., 1., 1.,
                      1., 1., 1., 1., 1., 1., 1., 1., 1., 1., 1., 1., 1., 1.,
                      1., 1., 1., 1., 1., 1., 1., 1., 1., 1., 1., 1., 1., 1.,
                      1., 1., 1., 1., 1., 1., 1., 1., 1., 1., 1., 1., 1., 1.,
                      1., 1., 1., 1., 1., 1., 1., 1., 1., 1., 1., 1., 1., 1.,
                      1., 1., 1., 1., 1., 1., 1., 1., 1., 1., 1., 1., 1., 1.,
                      1., 1., 1., 1., 1., 1., 1., 1., 1., 1., 1., 1., 1., 1.,
                      1., 1., 1., 1., 1., 1., 1., 1., 1., 1., 1., 1., 1., 1.,
                      1., 1., 1., 1., 1., 1., 1., 1., 1., 1., 1., 1., 1., 1.,
                      1., 1., 1., 1., 1., 1., 1., 1., 1., 1., 1., 1., 1., 1.,
                      1., 1., 1., 1., 1., 1., 1., 1., 1., 1., 1., 1., 1., 1.,
                      1., 1., 1., 1., 1., 1., 1., 1., 1., 1., 1., 1., 1., 1.,
                      1., 1., 1., 1., 1., 1., 1., 1., 1., 1., 1., 1., 1., 1.,
                      1., 1., 1., 1., 1., 1., 1., 1., 1., 1., 1., 1., 1., 1.,
                      1., 1., 1., 1., 1., 1., 1., 1., 1., 1., 1., 1., 1., 1.,
                      1., 1., 1., 1., 1., 1., 1., 1., 1., 1., 1., 1., 1., 1.,
                      1., 1., 1., 1., 1., 1., 1., 1., 1., 1., 1., 1., 1., 1.,
                      1., 1., 1., 1., 1., 1., 1., 1., 1., 1., 1., 1., 1., 1.,
                      1., 1., 1., 1., 1., 1., 1., 1., 1., 1., 1., 1., 1., 1.,
                      1., 1., 1., 1., 1., 1., 1., 1., 1., 1., 1., 1., 1., 1.,
                      1., 1., 1., 1., 1., 1., 1., 1., 1., 1., 1., 1., 1., 1.,
                      1., 1., 1., 1., 1., 1., 1., 1., 1., 1., 1., 1., 1., 1.,
                      1., 1., 1., 1., 1., 1., 1., 1., 1., 1., 1., 1., 1., 1.,
                      1., 1., 1., 1., 1., 1., 1., 1., 1., 1., 1., 1.]),
       size=(558, 558), nnz=558, layout=torch.sparse_coo)
epoch 0 | batch 0 |train loss 0.816238284111023
Valid: loss 0.8848305940628052, score:{'roc_auc': 0.5510204081632653, 'MRR': 0.7857142857142857}
Saving model
epoch 1 | batch 0 |train loss 0.6169859766960144
Valid: loss 0.7880727648735046, score:{'roc_auc': 0.5918367346938775, 'MRR': 0.7857142857142857}
Saving model
epoch 2 | batch 0 |train loss 0.5712755918502808
Valid: loss 0.7650526165962219, score:{'roc_auc': 0.6326530612244898, 'MRR': 0.7857142857142857}
Saving model
epoch 3 | batch 0 |train loss 0.528443455696106
Valid: loss 0.7735986709594727, score:{'roc_auc': 0.5918367346938775, 'MRR': 0.7142857142857143}
EarlyStopping counter: 1 out of 3
epoch 4 | batch 0 |train loss 0.4698870778083801
Valid: loss 0.8365246057510376, score:{'roc_auc': 0.5918367346938775, 'MRR': 0.7142857142857143}
EarlyStopping counter: 2 out of 3
epoch 5 | batch 0 |train loss 0.38719746470451355
Valid: loss 1.0061426162719727, score:{'roc_auc': 0.5918367346938775, 'MRR': 0.7857142857142857}
Meta keys: dict_keys([6, 3])
Data keys: dict_keys([6, 3])
Edge type: 6, Meta: (0, 0)
Edge type: 3, Meta: (0, 1)
edge type: 3, random_score: {'roc_auc': 0.5728550295857988, 'MRR': 1.0}, score: {'roc_auc': 0.7019230769230769, 'MRR': 0.9574468085106383}
ROC_AUC: 0.7019230769230769
Sec neigh test: score list: defaultdict(<class 'list'>, {'roc_auc': [0.48483965014577257, 0.7019230769230769], 'MRR': [0.9155555555555555, 0.9574468085106383]})
Random test: score list: defaultdict(<class 'list'>, {'roc_auc': [0.7138858808829655, 0.5728550295857988], 'MRR': [0.9833333333333333, 1.0]})
Sec neigh test:average score: defaultdict(<class 'list'>, {'roc_auc': 0.5934, 'MRR': 0.9365})
Random test: average score: defaultdict(<class 'list'>, {'roc_auc': 0.6434, 'MRR': 0.9917})
Completed: amazon_style_cct/fold_3

--------------------------------------
Running model: GCN
Dataset: amazon_style_cct/fold_4
--------------------------------------
use device: cpu
Namespace(data='amazon_style_cct/fold_4', model_path='model.pt', train_iter_n=50, cuda=0, checkpoint='', epochs=100, patience=3, n_layers=2, n_heads=[4], dropout=0.5, model='GCN', lr=0.005, weight_decay=0.0, batch_size=1024, edge_sample_ratio=1, test_with_CPU=False, decoder='dismult')
sys_path ['/home/simonettos/homhetgnn/HGB/LP/benchmark/methods/GNN', '/home/simonettos/homhetgnn/sbatches', '/home/simonettos/homhetgnn/HGB/LP/benchmark/methods/baseline', '/home/simonettos/homhetgnn/HGB/LP/benchmark', '/home/simonettos/homhetgnn/HGB/LP/benchmark/methods/GNN', '/home/simonettos/homhetgnn/HGB/LP/benchmark/methods/GNN/utils', '/home/simonettos/homhetgnn/HGB/LP/benchmark/methods/GNN/models', '/deepstore/software/anaconda3/2022.05/lib/python39.zip', '/deepstore/software/anaconda3/2022.05/lib/python3.9', '/deepstore/software/anaconda3/2022.05/lib/python3.9/lib-dynload', '/home/simonettos/homhetgnn/gpuvenv/lib/python3.9/site-packages', '../../', '../../']
Loading nodes from /home/simonettos/homhetgnn/HGB/LP/benchmark/data/amazon_style_cct/fold_4/node.dat
edge types: dict_keys([5, 6, 4, 7, 3, 0, 2, 8, 1, 10, 9])
nodes.shift keys: [0, 1, 2]
nodes.count keys: [0, 1, 2]
links.meta: {5: (1, 1), 6: (0, 1), 4: (0, 0), 7: (1, 0), 3: (1, 2), 0: (1, 0), 2: (2, 0), 8: (1, 1), 1: (1, 1), 10: (0, 1), 9: (1, 0)}
t_type about to use: 2
h_type: 1
shift dict: {0: 0, 1: 558, 2: 1498}
count dict: Counter({1: 940, 0: 558, 2: 188})
nodes.shift keys: [0, 1, 2]
nodes.count keys: [0, 1, 2]
links.meta: {5: (1, 1), 6: (0, 1), 4: (0, 0), 7: (1, 0), 3: (1, 2), 0: (1, 0), 2: (2, 0), 8: (1, 1), 1: (1, 1), 10: (0, 1), 9: (1, 0)}
t_type about to use: 1
h_type: 0
shift dict: {0: 0, 1: 558, 2: 1498}
count dict: Counter({1: 940, 0: 558, 2: 188})
Info: load amazon_style_cct/fold_4 from original data and generate /home/simonettos/homhetgnn/HGB/LP/benchmark/data/amazon_style_cct/fold_4/dl_pickle 
node_type: 0, dim: 558
node_type: 1, dim: 940
node_type: 2, dim: 188
edge types: [3, 6]
dataset: amazon_style_cct/fold_4, eval_type: 3
edge_list shape: torch.Size([2, 9034])
feat_list shape: [torch.Size([558, 558]), torch.Size([940, 940]), torch.Size([188, 188])]
tensor(indices=tensor([[  0,   1,   2,  ..., 555, 556, 557],
                       [  0,   1,   2,  ..., 555, 556, 557]]),
       values=tensor([1., 1., 1., 1., 1., 1., 1., 1., 1., 1., 1., 1., 1., 1.,
                      1., 1., 1., 1., 1., 1., 1., 1., 1., 1., 1., 1., 1., 1.,
                      1., 1., 1., 1., 1., 1., 1., 1., 1., 1., 1., 1., 1., 1.,
                      1., 1., 1., 1., 1., 1., 1., 1., 1., 1., 1., 1., 1., 1.,
                      1., 1., 1., 1., 1., 1., 1., 1., 1., 1., 1., 1., 1., 1.,
                      1., 1., 1., 1., 1., 1., 1., 1., 1., 1., 1., 1., 1., 1.,
                      1., 1., 1., 1., 1., 1., 1., 1., 1., 1., 1., 1., 1., 1.,
                      1., 1., 1., 1., 1., 1., 1., 1., 1., 1., 1., 1., 1., 1.,
                      1., 1., 1., 1., 1., 1., 1., 1., 1., 1., 1., 1., 1., 1.,
                      1., 1., 1., 1., 1., 1., 1., 1., 1., 1., 1., 1., 1., 1.,
                      1., 1., 1., 1., 1., 1., 1., 1., 1., 1., 1., 1., 1., 1.,
                      1., 1., 1., 1., 1., 1., 1., 1., 1., 1., 1., 1., 1., 1.,
                      1., 1., 1., 1., 1., 1., 1., 1., 1., 1., 1., 1., 1., 1.,
                      1., 1., 1., 1., 1., 1., 1., 1., 1., 1., 1., 1., 1., 1.,
                      1., 1., 1., 1., 1., 1., 1., 1., 1., 1., 1., 1., 1., 1.,
                      1., 1., 1., 1., 1., 1., 1., 1., 1., 1., 1., 1., 1., 1.,
                      1., 1., 1., 1., 1., 1., 1., 1., 1., 1., 1., 1., 1., 1.,
                      1., 1., 1., 1., 1., 1., 1., 1., 1., 1., 1., 1., 1., 1.,
                      1., 1., 1., 1., 1., 1., 1., 1., 1., 1., 1., 1., 1., 1.,
                      1., 1., 1., 1., 1., 1., 1., 1., 1., 1., 1., 1., 1., 1.,
                      1., 1., 1., 1., 1., 1., 1., 1., 1., 1., 1., 1., 1., 1.,
                      1., 1., 1., 1., 1., 1., 1., 1., 1., 1., 1., 1., 1., 1.,
                      1., 1., 1., 1., 1., 1., 1., 1., 1., 1., 1., 1., 1., 1.,
                      1., 1., 1., 1., 1., 1., 1., 1., 1., 1., 1., 1., 1., 1.,
                      1., 1., 1., 1., 1., 1., 1., 1., 1., 1., 1., 1., 1., 1.,
                      1., 1., 1., 1., 1., 1., 1., 1., 1., 1., 1., 1., 1., 1.,
                      1., 1., 1., 1., 1., 1., 1., 1., 1., 1., 1., 1., 1., 1.,
                      1., 1., 1., 1., 1., 1., 1., 1., 1., 1., 1., 1., 1., 1.,
                      1., 1., 1., 1., 1., 1., 1., 1., 1., 1., 1., 1., 1., 1.,
                      1., 1., 1., 1., 1., 1., 1., 1., 1., 1., 1., 1., 1., 1.,
                      1., 1., 1., 1., 1., 1., 1., 1., 1., 1., 1., 1., 1., 1.,
                      1., 1., 1., 1., 1., 1., 1., 1., 1., 1., 1., 1., 1., 1.,
                      1., 1., 1., 1., 1., 1., 1., 1., 1., 1., 1., 1., 1., 1.,
                      1., 1., 1., 1., 1., 1., 1., 1., 1., 1., 1., 1., 1., 1.,
                      1., 1., 1., 1., 1., 1., 1., 1., 1., 1., 1., 1., 1., 1.,
                      1., 1., 1., 1., 1., 1., 1., 1., 1., 1., 1., 1., 1., 1.,
                      1., 1., 1., 1., 1., 1., 1., 1., 1., 1., 1., 1., 1., 1.,
                      1., 1., 1., 1., 1., 1., 1., 1., 1., 1., 1., 1., 1., 1.,
                      1., 1., 1., 1., 1., 1., 1., 1., 1., 1., 1., 1., 1., 1.,
                      1., 1., 1., 1., 1., 1., 1., 1., 1., 1., 1., 1.]),
       size=(558, 558), nnz=558, layout=torch.sparse_coo)
epoch 0 | batch 0 |train loss 0.6933298707008362
Valid: loss 0.6883845925331116, score:{'roc_auc': 0.85, 'MRR': 0.85}
Saving model
epoch 1 | batch 0 |train loss 0.6868258118629456
Valid: loss 0.6746029257774353, score:{'roc_auc': 0.9400000000000001, 'MRR': 0.95}
Saving model
epoch 2 | batch 0 |train loss 0.6741771101951599
Valid: loss 0.6372657418251038, score:{'roc_auc': 0.99, 'MRR': 1.0}
Saving model
epoch 3 | batch 0 |train loss 0.6372253894805908
Valid: loss 0.5553350448608398, score:{'roc_auc': 1.0, 'MRR': 1.0}
Saving model
epoch 4 | batch 0 |train loss 0.5734018087387085
Valid: loss 0.4123612344264984, score:{'roc_auc': 1.0, 'MRR': 1.0}
Saving model
epoch 5 | batch 0 |train loss 0.461874783039093
Valid: loss 0.2302037477493286, score:{'roc_auc': 1.0, 'MRR': 1.0}
Saving model
epoch 6 | batch 0 |train loss 0.34022200107574463
Valid: loss 0.0994282141327858, score:{'roc_auc': 1.0, 'MRR': 1.0}
Saving model
epoch 7 | batch 0 |train loss 0.2383730411529541
Valid: loss 0.0619535855948925, score:{'roc_auc': 1.0, 'MRR': 1.0}
Saving model
epoch 8 | batch 0 |train loss 0.20517562329769135
Valid: loss 0.018220968544483185, score:{'roc_auc': 1.0, 'MRR': 1.0}
Saving model
epoch 9 | batch 0 |train loss 0.18564686179161072
Valid: loss 0.005279242526739836, score:{'roc_auc': 1.0, 'MRR': 1.0}
Saving model
epoch 10 | batch 0 |train loss 0.13905127346515656
Valid: loss 0.012945758178830147, score:{'roc_auc': 1.0, 'MRR': 1.0}
EarlyStopping counter: 1 out of 3
epoch 11 | batch 0 |train loss 0.10070912539958954
Valid: loss 0.0320480540394783, score:{'roc_auc': 1.0, 'MRR': 1.0}
EarlyStopping counter: 2 out of 3
epoch 12 | batch 0 |train loss 0.07604112476110458
Valid: loss 0.036756061017513275, score:{'roc_auc': 1.0, 'MRR': 1.0}
Meta keys: dict_keys([3, 6])
Data keys: dict_keys([3, 6])
Edge type: 3, Meta: (0, 1)
Edge type: 6, Meta: (0, 1)
edge type: 3, random_score: {'roc_auc': 0.7091491634033464, 'MRR': 1.0}, score: {'roc_auc': 0.5311320754716982, 'MRR': 0.925531914893617}
ROC_AUC: 0.5311320754716982
dataset: amazon_style_cct/fold_4, eval_type: 6
edge_list shape: torch.Size([2, 9034])
feat_list shape: [torch.Size([558, 558]), torch.Size([940, 940]), torch.Size([188, 188])]
tensor(indices=tensor([[  0,   1,   2,  ..., 555, 556, 557],
                       [  0,   1,   2,  ..., 555, 556, 557]]),
       values=tensor([1., 1., 1., 1., 1., 1., 1., 1., 1., 1., 1., 1., 1., 1.,
                      1., 1., 1., 1., 1., 1., 1., 1., 1., 1., 1., 1., 1., 1.,
                      1., 1., 1., 1., 1., 1., 1., 1., 1., 1., 1., 1., 1., 1.,
                      1., 1., 1., 1., 1., 1., 1., 1., 1., 1., 1., 1., 1., 1.,
                      1., 1., 1., 1., 1., 1., 1., 1., 1., 1., 1., 1., 1., 1.,
                      1., 1., 1., 1., 1., 1., 1., 1., 1., 1., 1., 1., 1., 1.,
                      1., 1., 1., 1., 1., 1., 1., 1., 1., 1., 1., 1., 1., 1.,
                      1., 1., 1., 1., 1., 1., 1., 1., 1., 1., 1., 1., 1., 1.,
                      1., 1., 1., 1., 1., 1., 1., 1., 1., 1., 1., 1., 1., 1.,
                      1., 1., 1., 1., 1., 1., 1., 1., 1., 1., 1., 1., 1., 1.,
                      1., 1., 1., 1., 1., 1., 1., 1., 1., 1., 1., 1., 1., 1.,
                      1., 1., 1., 1., 1., 1., 1., 1., 1., 1., 1., 1., 1., 1.,
                      1., 1., 1., 1., 1., 1., 1., 1., 1., 1., 1., 1., 1., 1.,
                      1., 1., 1., 1., 1., 1., 1., 1., 1., 1., 1., 1., 1., 1.,
                      1., 1., 1., 1., 1., 1., 1., 1., 1., 1., 1., 1., 1., 1.,
                      1., 1., 1., 1., 1., 1., 1., 1., 1., 1., 1., 1., 1., 1.,
                      1., 1., 1., 1., 1., 1., 1., 1., 1., 1., 1., 1., 1., 1.,
                      1., 1., 1., 1., 1., 1., 1., 1., 1., 1., 1., 1., 1., 1.,
                      1., 1., 1., 1., 1., 1., 1., 1., 1., 1., 1., 1., 1., 1.,
                      1., 1., 1., 1., 1., 1., 1., 1., 1., 1., 1., 1., 1., 1.,
                      1., 1., 1., 1., 1., 1., 1., 1., 1., 1., 1., 1., 1., 1.,
                      1., 1., 1., 1., 1., 1., 1., 1., 1., 1., 1., 1., 1., 1.,
                      1., 1., 1., 1., 1., 1., 1., 1., 1., 1., 1., 1., 1., 1.,
                      1., 1., 1., 1., 1., 1., 1., 1., 1., 1., 1., 1., 1., 1.,
                      1., 1., 1., 1., 1., 1., 1., 1., 1., 1., 1., 1., 1., 1.,
                      1., 1., 1., 1., 1., 1., 1., 1., 1., 1., 1., 1., 1., 1.,
                      1., 1., 1., 1., 1., 1., 1., 1., 1., 1., 1., 1., 1., 1.,
                      1., 1., 1., 1., 1., 1., 1., 1., 1., 1., 1., 1., 1., 1.,
                      1., 1., 1., 1., 1., 1., 1., 1., 1., 1., 1., 1., 1., 1.,
                      1., 1., 1., 1., 1., 1., 1., 1., 1., 1., 1., 1., 1., 1.,
                      1., 1., 1., 1., 1., 1., 1., 1., 1., 1., 1., 1., 1., 1.,
                      1., 1., 1., 1., 1., 1., 1., 1., 1., 1., 1., 1., 1., 1.,
                      1., 1., 1., 1., 1., 1., 1., 1., 1., 1., 1., 1., 1., 1.,
                      1., 1., 1., 1., 1., 1., 1., 1., 1., 1., 1., 1., 1., 1.,
                      1., 1., 1., 1., 1., 1., 1., 1., 1., 1., 1., 1., 1., 1.,
                      1., 1., 1., 1., 1., 1., 1., 1., 1., 1., 1., 1., 1., 1.,
                      1., 1., 1., 1., 1., 1., 1., 1., 1., 1., 1., 1., 1., 1.,
                      1., 1., 1., 1., 1., 1., 1., 1., 1., 1., 1., 1., 1., 1.,
                      1., 1., 1., 1., 1., 1., 1., 1., 1., 1., 1., 1., 1., 1.,
                      1., 1., 1., 1., 1., 1., 1., 1., 1., 1., 1., 1.]),
       size=(558, 558), nnz=558, layout=torch.sparse_coo)
epoch 0 | batch 0 |train loss 2.9682388305664062
Valid: loss 1.0381097793579102, score:{'roc_auc': 0.5581597222222222, 'MRR': 0.7757575757575759}
Saving model
epoch 0 | batch 1 |train loss 1.188094139099121
epoch 1 | batch 0 |train loss 0.6812193393707275
Valid: loss 0.7713948488235474, score:{'roc_auc': 0.630883487654321, 'MRR': 0.8333333333333334}
Saving model
epoch 1 | batch 1 |train loss 0.7033526301383972
epoch 2 | batch 0 |train loss 0.6747257113456726
Valid: loss 0.7280929088592529, score:{'roc_auc': 0.6322337962962963, 'MRR': 0.8333333333333334}
Saving model
epoch 2 | batch 1 |train loss 0.6532536149024963
epoch 3 | batch 0 |train loss 0.5989575386047363
Valid: loss 0.6579738855361938, score:{'roc_auc': 0.6829668209876543, 'MRR': 0.8333333333333334}
Saving model
epoch 3 | batch 1 |train loss 0.5874868631362915
epoch 4 | batch 0 |train loss 0.5856853723526001
Valid: loss 0.632362425327301, score:{'roc_auc': 0.7433449074074074, 'MRR': 0.8545454545454545}
Saving model
epoch 4 | batch 1 |train loss 0.5604836344718933
epoch 5 | batch 0 |train loss 0.5544500350952148
Valid: loss 0.5995395183563232, score:{'roc_auc': 0.7861689814814815, 'MRR': 0.8636363636363636}
Saving model
epoch 5 | batch 1 |train loss 0.5263041257858276
epoch 6 | batch 0 |train loss 0.5134426951408386
Valid: loss 0.576431930065155, score:{'roc_auc': 0.7967785493827161, 'MRR': 0.8727272727272727}
Saving model
epoch 6 | batch 1 |train loss 0.467062771320343
epoch 7 | batch 0 |train loss 0.48126542568206787
Valid: loss 0.6087995171546936, score:{'roc_auc': 0.8014081790123457, 'MRR': 0.8909090909090909}
EarlyStopping counter: 1 out of 3
epoch 7 | batch 1 |train loss 0.4677788019180298
epoch 8 | batch 0 |train loss 0.4852367043495178
Valid: loss 0.6128842830657959, score:{'roc_auc': 0.8062307098765431, 'MRR': 0.8909090909090909}
EarlyStopping counter: 2 out of 3
epoch 8 | batch 1 |train loss 0.44140443205833435
epoch 9 | batch 0 |train loss 0.4473921060562134
Valid: loss 0.5748744606971741, score:{'roc_auc': 0.8133680555555556, 'MRR': 0.9090909090909091}
Saving model
epoch 9 | batch 1 |train loss 0.39748069643974304
epoch 10 | batch 0 |train loss 0.4361743927001953
Valid: loss 0.5658717751502991, score:{'roc_auc': 0.8168402777777778, 'MRR': 0.9181818181818182}
Saving model
epoch 10 | batch 1 |train loss 0.3926985263824463
epoch 11 | batch 0 |train loss 0.4173096716403961
Valid: loss 0.5738233923912048, score:{'roc_auc': 0.8181905864197531, 'MRR': 0.9363636363636364}
EarlyStopping counter: 1 out of 3
epoch 11 | batch 1 |train loss 0.3580871820449829
epoch 12 | batch 0 |train loss 0.3933175802230835
Valid: loss 0.5890991687774658, score:{'roc_auc': 0.8226273148148149, 'MRR': 0.9454545454545454}
EarlyStopping counter: 2 out of 3
epoch 12 | batch 1 |train loss 0.3206600546836853
epoch 13 | batch 0 |train loss 0.38325685262680054
Valid: loss 0.6075913906097412, score:{'roc_auc': 0.8295717592592593, 'MRR': 0.9363636363636364}
Meta keys: dict_keys([3, 6])
Data keys: dict_keys([3, 6])
Edge type: 3, Meta: (0, 1)
Edge type: 6, Meta: (0, 1)
edge type: 6, random_score: {'roc_auc': 0.7753052549577468, 'MRR': 0.9917257683215128}, score: {'roc_auc': 0.6979049756827534, 'MRR': 0.9521276595744681}
ROC_AUC: 0.6979049756827534
Sec neigh test: score list: defaultdict(<class 'list'>, {'roc_auc': [0.5311320754716982, 0.6979049756827534], 'MRR': [0.925531914893617, 0.9521276595744681]})
Random test: score list: defaultdict(<class 'list'>, {'roc_auc': [0.7091491634033464, 0.7753052549577468], 'MRR': [1.0, 0.9917257683215128]})
Sec neigh test:average score: defaultdict(<class 'list'>, {'roc_auc': 0.6145, 'MRR': 0.9388})
Random test: average score: defaultdict(<class 'list'>, {'roc_auc': 0.7422, 'MRR': 0.9959})
Completed: amazon_style_cct/fold_4

--------------------------------------
Running model: GCN
Dataset: amazon_style_cct/fold_5
--------------------------------------
use device: cpu
Namespace(data='amazon_style_cct/fold_5', model_path='model.pt', train_iter_n=50, cuda=0, checkpoint='', epochs=100, patience=3, n_layers=2, n_heads=[4], dropout=0.5, model='GCN', lr=0.005, weight_decay=0.0, batch_size=1024, edge_sample_ratio=1, test_with_CPU=False, decoder='dismult')
sys_path ['/home/simonettos/homhetgnn/HGB/LP/benchmark/methods/GNN', '/home/simonettos/homhetgnn/sbatches', '/home/simonettos/homhetgnn/HGB/LP/benchmark/methods/baseline', '/home/simonettos/homhetgnn/HGB/LP/benchmark', '/home/simonettos/homhetgnn/HGB/LP/benchmark/methods/GNN', '/home/simonettos/homhetgnn/HGB/LP/benchmark/methods/GNN/utils', '/home/simonettos/homhetgnn/HGB/LP/benchmark/methods/GNN/models', '/deepstore/software/anaconda3/2022.05/lib/python39.zip', '/deepstore/software/anaconda3/2022.05/lib/python3.9', '/deepstore/software/anaconda3/2022.05/lib/python3.9/lib-dynload', '/home/simonettos/homhetgnn/gpuvenv/lib/python3.9/site-packages', '../../', '../../']
Loading nodes from /home/simonettos/homhetgnn/HGB/LP/benchmark/data/amazon_style_cct/fold_5/node.dat
edge types: dict_keys([5, 6, 4, 7, 3, 0, 2, 8, 1, 10, 9])
nodes.shift keys: [0, 1, 2]
nodes.count keys: [0, 1, 2]
links.meta: {5: (1, 1), 6: (0, 1), 4: (0, 0), 7: (1, 0), 3: (1, 2), 0: (1, 0), 2: (2, 0), 8: (1, 1), 1: (1, 1), 10: (0, 1), 9: (1, 0)}
t_type about to use: 2
h_type: 1
shift dict: {0: 0, 1: 558, 2: 1498}
count dict: Counter({1: 940, 0: 558, 2: 188})
nodes.shift keys: [0, 1, 2]
nodes.count keys: [0, 1, 2]
links.meta: {5: (1, 1), 6: (0, 1), 4: (0, 0), 7: (1, 0), 3: (1, 2), 0: (1, 0), 2: (2, 0), 8: (1, 1), 1: (1, 1), 10: (0, 1), 9: (1, 0)}
t_type about to use: 1
h_type: 0
shift dict: {0: 0, 1: 558, 2: 1498}
count dict: Counter({1: 940, 0: 558, 2: 188})
Info: load amazon_style_cct/fold_5 from original data and generate /home/simonettos/homhetgnn/HGB/LP/benchmark/data/amazon_style_cct/fold_5/dl_pickle 
node_type: 0, dim: 558
node_type: 1, dim: 940
node_type: 2, dim: 188
edge types: [3, 6]
dataset: amazon_style_cct/fold_5, eval_type: 3
edge_list shape: torch.Size([2, 9032])
feat_list shape: [torch.Size([558, 558]), torch.Size([940, 940]), torch.Size([188, 188])]
tensor(indices=tensor([[  0,   1,   2,  ..., 555, 556, 557],
                       [  0,   1,   2,  ..., 555, 556, 557]]),
       values=tensor([1., 1., 1., 1., 1., 1., 1., 1., 1., 1., 1., 1., 1., 1.,
                      1., 1., 1., 1., 1., 1., 1., 1., 1., 1., 1., 1., 1., 1.,
                      1., 1., 1., 1., 1., 1., 1., 1., 1., 1., 1., 1., 1., 1.,
                      1., 1., 1., 1., 1., 1., 1., 1., 1., 1., 1., 1., 1., 1.,
                      1., 1., 1., 1., 1., 1., 1., 1., 1., 1., 1., 1., 1., 1.,
                      1., 1., 1., 1., 1., 1., 1., 1., 1., 1., 1., 1., 1., 1.,
                      1., 1., 1., 1., 1., 1., 1., 1., 1., 1., 1., 1., 1., 1.,
                      1., 1., 1., 1., 1., 1., 1., 1., 1., 1., 1., 1., 1., 1.,
                      1., 1., 1., 1., 1., 1., 1., 1., 1., 1., 1., 1., 1., 1.,
                      1., 1., 1., 1., 1., 1., 1., 1., 1., 1., 1., 1., 1., 1.,
                      1., 1., 1., 1., 1., 1., 1., 1., 1., 1., 1., 1., 1., 1.,
                      1., 1., 1., 1., 1., 1., 1., 1., 1., 1., 1., 1., 1., 1.,
                      1., 1., 1., 1., 1., 1., 1., 1., 1., 1., 1., 1., 1., 1.,
                      1., 1., 1., 1., 1., 1., 1., 1., 1., 1., 1., 1., 1., 1.,
                      1., 1., 1., 1., 1., 1., 1., 1., 1., 1., 1., 1., 1., 1.,
                      1., 1., 1., 1., 1., 1., 1., 1., 1., 1., 1., 1., 1., 1.,
                      1., 1., 1., 1., 1., 1., 1., 1., 1., 1., 1., 1., 1., 1.,
                      1., 1., 1., 1., 1., 1., 1., 1., 1., 1., 1., 1., 1., 1.,
                      1., 1., 1., 1., 1., 1., 1., 1., 1., 1., 1., 1., 1., 1.,
                      1., 1., 1., 1., 1., 1., 1., 1., 1., 1., 1., 1., 1., 1.,
                      1., 1., 1., 1., 1., 1., 1., 1., 1., 1., 1., 1., 1., 1.,
                      1., 1., 1., 1., 1., 1., 1., 1., 1., 1., 1., 1., 1., 1.,
                      1., 1., 1., 1., 1., 1., 1., 1., 1., 1., 1., 1., 1., 1.,
                      1., 1., 1., 1., 1., 1., 1., 1., 1., 1., 1., 1., 1., 1.,
                      1., 1., 1., 1., 1., 1., 1., 1., 1., 1., 1., 1., 1., 1.,
                      1., 1., 1., 1., 1., 1., 1., 1., 1., 1., 1., 1., 1., 1.,
                      1., 1., 1., 1., 1., 1., 1., 1., 1., 1., 1., 1., 1., 1.,
                      1., 1., 1., 1., 1., 1., 1., 1., 1., 1., 1., 1., 1., 1.,
                      1., 1., 1., 1., 1., 1., 1., 1., 1., 1., 1., 1., 1., 1.,
                      1., 1., 1., 1., 1., 1., 1., 1., 1., 1., 1., 1., 1., 1.,
                      1., 1., 1., 1., 1., 1., 1., 1., 1., 1., 1., 1., 1., 1.,
                      1., 1., 1., 1., 1., 1., 1., 1., 1., 1., 1., 1., 1., 1.,
                      1., 1., 1., 1., 1., 1., 1., 1., 1., 1., 1., 1., 1., 1.,
                      1., 1., 1., 1., 1., 1., 1., 1., 1., 1., 1., 1., 1., 1.,
                      1., 1., 1., 1., 1., 1., 1., 1., 1., 1., 1., 1., 1., 1.,
                      1., 1., 1., 1., 1., 1., 1., 1., 1., 1., 1., 1., 1., 1.,
                      1., 1., 1., 1., 1., 1., 1., 1., 1., 1., 1., 1., 1., 1.,
                      1., 1., 1., 1., 1., 1., 1., 1., 1., 1., 1., 1., 1., 1.,
                      1., 1., 1., 1., 1., 1., 1., 1., 1., 1., 1., 1., 1., 1.,
                      1., 1., 1., 1., 1., 1., 1., 1., 1., 1., 1., 1.]),
       size=(558, 558), nnz=558, layout=torch.sparse_coo)
epoch 0 | batch 0 |train loss 0.6933545470237732
Valid: loss 0.6787295341491699, score:{'roc_auc': 1.0, 'MRR': 1.0}
Saving model
epoch 1 | batch 0 |train loss 0.6824747323989868
Valid: loss 0.6399068236351013, score:{'roc_auc': 1.0, 'MRR': 1.0}
Saving model
epoch 2 | batch 0 |train loss 0.654843270778656
Valid: loss 0.5527176856994629, score:{'roc_auc': 1.0, 'MRR': 1.0}
Saving model
epoch 3 | batch 0 |train loss 0.5979994535446167
Valid: loss 0.40994349122047424, score:{'roc_auc': 1.0, 'MRR': 1.0}
Saving model
epoch 4 | batch 0 |train loss 0.4801139235496521
Valid: loss 0.25538694858551025, score:{'roc_auc': 1.0, 'MRR': 1.0}
Saving model
epoch 5 | batch 0 |train loss 0.35543954372406006
Valid: loss 0.1757596880197525, score:{'roc_auc': 1.0, 'MRR': 1.0}
Saving model
epoch 6 | batch 0 |train loss 0.2287062704563141
Valid: loss 0.1311822384595871, score:{'roc_auc': 0.979591836734694, 'MRR': 1.0}
Saving model
epoch 7 | batch 0 |train loss 0.1628027856349945
Valid: loss 0.16237781941890717, score:{'roc_auc': 0.979591836734694, 'MRR': 1.0}
EarlyStopping counter: 1 out of 3
epoch 8 | batch 0 |train loss 0.1366409957408905
Valid: loss 0.32363662123680115, score:{'roc_auc': 0.979591836734694, 'MRR': 1.0}
EarlyStopping counter: 2 out of 3
epoch 9 | batch 0 |train loss 0.14999863505363464
Valid: loss 0.6268840432167053, score:{'roc_auc': 0.9591836734693877, 'MRR': 1.0}
Meta keys: dict_keys([3, 6])
Data keys: dict_keys([3, 6])
Edge type: 3, Meta: (0, 2)
Edge type: 6, Meta: (1, 0)
edge type: 3, random_score: {'roc_auc': 0.892578125, 'MRR': 1.0}, score: {'roc_auc': 0.8157552083333334, 'MRR': 0.9685534591194968}
ROC_AUC: 0.8157552083333334
dataset: amazon_style_cct/fold_5, eval_type: 6
edge_list shape: torch.Size([2, 9032])
feat_list shape: [torch.Size([558, 558]), torch.Size([940, 940]), torch.Size([188, 188])]
tensor(indices=tensor([[  0,   1,   2,  ..., 555, 556, 557],
                       [  0,   1,   2,  ..., 555, 556, 557]]),
       values=tensor([1., 1., 1., 1., 1., 1., 1., 1., 1., 1., 1., 1., 1., 1.,
                      1., 1., 1., 1., 1., 1., 1., 1., 1., 1., 1., 1., 1., 1.,
                      1., 1., 1., 1., 1., 1., 1., 1., 1., 1., 1., 1., 1., 1.,
                      1., 1., 1., 1., 1., 1., 1., 1., 1., 1., 1., 1., 1., 1.,
                      1., 1., 1., 1., 1., 1., 1., 1., 1., 1., 1., 1., 1., 1.,
                      1., 1., 1., 1., 1., 1., 1., 1., 1., 1., 1., 1., 1., 1.,
                      1., 1., 1., 1., 1., 1., 1., 1., 1., 1., 1., 1., 1., 1.,
                      1., 1., 1., 1., 1., 1., 1., 1., 1., 1., 1., 1., 1., 1.,
                      1., 1., 1., 1., 1., 1., 1., 1., 1., 1., 1., 1., 1., 1.,
                      1., 1., 1., 1., 1., 1., 1., 1., 1., 1., 1., 1., 1., 1.,
                      1., 1., 1., 1., 1., 1., 1., 1., 1., 1., 1., 1., 1., 1.,
                      1., 1., 1., 1., 1., 1., 1., 1., 1., 1., 1., 1., 1., 1.,
                      1., 1., 1., 1., 1., 1., 1., 1., 1., 1., 1., 1., 1., 1.,
                      1., 1., 1., 1., 1., 1., 1., 1., 1., 1., 1., 1., 1., 1.,
                      1., 1., 1., 1., 1., 1., 1., 1., 1., 1., 1., 1., 1., 1.,
                      1., 1., 1., 1., 1., 1., 1., 1., 1., 1., 1., 1., 1., 1.,
                      1., 1., 1., 1., 1., 1., 1., 1., 1., 1., 1., 1., 1., 1.,
                      1., 1., 1., 1., 1., 1., 1., 1., 1., 1., 1., 1., 1., 1.,
                      1., 1., 1., 1., 1., 1., 1., 1., 1., 1., 1., 1., 1., 1.,
                      1., 1., 1., 1., 1., 1., 1., 1., 1., 1., 1., 1., 1., 1.,
                      1., 1., 1., 1., 1., 1., 1., 1., 1., 1., 1., 1., 1., 1.,
                      1., 1., 1., 1., 1., 1., 1., 1., 1., 1., 1., 1., 1., 1.,
                      1., 1., 1., 1., 1., 1., 1., 1., 1., 1., 1., 1., 1., 1.,
                      1., 1., 1., 1., 1., 1., 1., 1., 1., 1., 1., 1., 1., 1.,
                      1., 1., 1., 1., 1., 1., 1., 1., 1., 1., 1., 1., 1., 1.,
                      1., 1., 1., 1., 1., 1., 1., 1., 1., 1., 1., 1., 1., 1.,
                      1., 1., 1., 1., 1., 1., 1., 1., 1., 1., 1., 1., 1., 1.,
                      1., 1., 1., 1., 1., 1., 1., 1., 1., 1., 1., 1., 1., 1.,
                      1., 1., 1., 1., 1., 1., 1., 1., 1., 1., 1., 1., 1., 1.,
                      1., 1., 1., 1., 1., 1., 1., 1., 1., 1., 1., 1., 1., 1.,
                      1., 1., 1., 1., 1., 1., 1., 1., 1., 1., 1., 1., 1., 1.,
                      1., 1., 1., 1., 1., 1., 1., 1., 1., 1., 1., 1., 1., 1.,
                      1., 1., 1., 1., 1., 1., 1., 1., 1., 1., 1., 1., 1., 1.,
                      1., 1., 1., 1., 1., 1., 1., 1., 1., 1., 1., 1., 1., 1.,
                      1., 1., 1., 1., 1., 1., 1., 1., 1., 1., 1., 1., 1., 1.,
                      1., 1., 1., 1., 1., 1., 1., 1., 1., 1., 1., 1., 1., 1.,
                      1., 1., 1., 1., 1., 1., 1., 1., 1., 1., 1., 1., 1., 1.,
                      1., 1., 1., 1., 1., 1., 1., 1., 1., 1., 1., 1., 1., 1.,
                      1., 1., 1., 1., 1., 1., 1., 1., 1., 1., 1., 1., 1., 1.,
                      1., 1., 1., 1., 1., 1., 1., 1., 1., 1., 1., 1.]),
       size=(558, 558), nnz=558, layout=torch.sparse_coo)
epoch 0 | batch 0 |train loss 1.4408612251281738
Valid: loss 0.8375519514083862, score:{'roc_auc': 0.5383322831337954, 'MRR': 0.7}
Saving model
epoch 0 | batch 1 |train loss 0.9021213054656982
epoch 1 | batch 0 |train loss 0.6795633435249329
Valid: loss 0.6634125709533691, score:{'roc_auc': 0.665826507036337, 'MRR': 0.8066666666666668}
Saving model
epoch 1 | batch 1 |train loss 0.6474001407623291
epoch 2 | batch 0 |train loss 0.6435925960540771
Valid: loss 0.6599574685096741, score:{'roc_auc': 0.7074144087376603, 'MRR': 0.865}
Saving model
epoch 2 | batch 1 |train loss 0.6446796655654907
epoch 3 | batch 0 |train loss 0.6489825248718262
Valid: loss 0.6582323312759399, score:{'roc_auc': 0.732619197647553, 'MRR': 0.8716666666666666}
Saving model
epoch 3 | batch 1 |train loss 0.641090452671051
epoch 4 | batch 0 |train loss 0.6415770649909973
Valid: loss 0.6483826041221619, score:{'roc_auc': 0.7599243856332702, 'MRR': 0.8966666666666666}
Saving model
epoch 4 | batch 1 |train loss 0.6245313286781311
epoch 5 | batch 0 |train loss 0.6189389228820801
Valid: loss 0.6349834203720093, score:{'roc_auc': 0.7746271791640411, 'MRR': 0.9}
Saving model
epoch 5 | batch 1 |train loss 0.5898719429969788
epoch 6 | batch 0 |train loss 0.5878382325172424
Valid: loss 0.6430695056915283, score:{'roc_auc': 0.7754673387943709, 'MRR': 0.89}
EarlyStopping counter: 1 out of 3
epoch 6 | batch 1 |train loss 0.5553534626960754
epoch 7 | batch 0 |train loss 0.568126380443573
Valid: loss 0.6715576648712158, score:{'roc_auc': 0.7828187355597563, 'MRR': 0.92}
EarlyStopping counter: 2 out of 3
epoch 7 | batch 1 |train loss 0.5230993628501892
epoch 8 | batch 0 |train loss 0.5381418466567993
Valid: loss 0.6356555223464966, score:{'roc_auc': 0.7966813694601975, 'MRR': 0.94}
Meta keys: dict_keys([3, 6])
Data keys: dict_keys([3, 6])
Edge type: 3, Meta: (0, 2)
Edge type: 6, Meta: (1, 0)
edge type: 6, random_score: {'roc_auc': 0.7309353248996595, 'MRR': 0.9950617283950618}, score: {'roc_auc': 0.6201426192944428, 'MRR': 0.8761728395061729}
ROC_AUC: 0.6201426192944428
Sec neigh test: score list: defaultdict(<class 'list'>, {'roc_auc': [0.8157552083333334, 0.6201426192944428], 'MRR': [0.9685534591194968, 0.8761728395061729]})
Random test: score list: defaultdict(<class 'list'>, {'roc_auc': [0.892578125, 0.7309353248996595], 'MRR': [1.0, 0.9950617283950618]})
Sec neigh test:average score: defaultdict(<class 'list'>, {'roc_auc': 0.7179, 'MRR': 0.9224})
Random test: average score: defaultdict(<class 'list'>, {'roc_auc': 0.8118, 'MRR': 0.9975})
Completed: amazon_style_cct/fold_5

All jobs completed.
Setup complete
