Starting GCN batch job...
--------------------------------------
Running model: GCN
Dataset: amazon_style_cct_features/fold_1
--------------------------------------
use device: cpu
Namespace(data='amazon_style_cct_features/fold_1', model_path='model.pt', train_iter_n=50, cuda=0, checkpoint='', epochs=100, patience=3, n_layers=2, n_heads=[4], dropout=0.5, model='GCN', lr=0.005, weight_decay=0.0, batch_size=1024, edge_sample_ratio=1, test_with_CPU=False, decoder='dismult')
sys_path ['/home/simonettos/homhetgnn/HGB/LP/benchmark/methods/GNN', '/home/simonettos/homhetgnn/sbatches', '/home/simonettos/homhetgnn/HGB/LP/benchmark/methods/baseline', '/home/simonettos/homhetgnn/HGB/LP/benchmark', '/home/simonettos/homhetgnn/HGB/LP/benchmark/methods/GNN', '/home/simonettos/homhetgnn/HGB/LP/benchmark/methods/GNN/utils', '/home/simonettos/homhetgnn/HGB/LP/benchmark/methods/GNN/models', '/deepstore/software/anaconda3/2022.05/lib/python39.zip', '/deepstore/software/anaconda3/2022.05/lib/python3.9', '/deepstore/software/anaconda3/2022.05/lib/python3.9/lib-dynload', '/home/simonettos/homhetgnn/gpuvenv/lib/python3.9/site-packages', '../../', '../../']
Loading nodes from /home/simonettos/homhetgnn/HGB/LP/benchmark/data/amazon_style_cct_features/fold_1/node.dat
edge types: dict_keys([4, 7, 5, 6, 0, 2, 3, 8, 1, 9, 10])
nodes.shift keys: [0, 1, 2]
nodes.count keys: [0, 1, 2]
links.meta: {4: (1, 0), 7: (1, 1), 5: (1, 0), 6: (1, 0), 0: (1, 0), 2: (2, 1), 3: (0, 1), 8: (1, 1), 1: (0, 0), 9: (1, 0), 10: (1, 1)}
t_type about to use: 0
h_type: 1
shift dict: {0: 0, 1: 558, 2: 1498}
count dict: Counter({1: 940, 0: 558, 2: 188})
nodes.shift keys: [0, 1, 2]
nodes.count keys: [0, 1, 2]
links.meta: {4: (1, 0), 7: (1, 1), 5: (1, 0), 6: (1, 0), 0: (1, 0), 2: (2, 1), 3: (0, 1), 8: (1, 1), 1: (0, 0), 9: (1, 0), 10: (1, 1)}
t_type about to use: 1
h_type: 0
shift dict: {0: 0, 1: 558, 2: 1498}
count dict: Counter({1: 940, 0: 558, 2: 188})
Info: load amazon_style_cct_features/fold_1 from original data and generate /home/simonettos/homhetgnn/HGB/LP/benchmark/data/amazon_style_cct_features/fold_1/dl_pickle 
node_type: 0, dim: 558
node_type: 1, dim: 940
node_type: 2, dim: 188
edge types: [6, 3]
dataset: amazon_style_cct_features/fold_1, eval_type: 6
edge_list shape: torch.Size([2, 9094])
feat_list shape: [torch.Size([558, 558]), torch.Size([940, 940]), torch.Size([188, 188])]
tensor(indices=tensor([[  0,   1,   2,  ..., 555, 556, 557],
                       [  0,   1,   2,  ..., 555, 556, 557]]),
       values=tensor([1., 1., 1., 1., 1., 1., 1., 1., 1., 1., 1., 1., 1., 1.,
                      1., 1., 1., 1., 1., 1., 1., 1., 1., 1., 1., 1., 1., 1.,
                      1., 1., 1., 1., 1., 1., 1., 1., 1., 1., 1., 1., 1., 1.,
                      1., 1., 1., 1., 1., 1., 1., 1., 1., 1., 1., 1., 1., 1.,
                      1., 1., 1., 1., 1., 1., 1., 1., 1., 1., 1., 1., 1., 1.,
                      1., 1., 1., 1., 1., 1., 1., 1., 1., 1., 1., 1., 1., 1.,
                      1., 1., 1., 1., 1., 1., 1., 1., 1., 1., 1., 1., 1., 1.,
                      1., 1., 1., 1., 1., 1., 1., 1., 1., 1., 1., 1., 1., 1.,
                      1., 1., 1., 1., 1., 1., 1., 1., 1., 1., 1., 1., 1., 1.,
                      1., 1., 1., 1., 1., 1., 1., 1., 1., 1., 1., 1., 1., 1.,
                      1., 1., 1., 1., 1., 1., 1., 1., 1., 1., 1., 1., 1., 1.,
                      1., 1., 1., 1., 1., 1., 1., 1., 1., 1., 1., 1., 1., 1.,
                      1., 1., 1., 1., 1., 1., 1., 1., 1., 1., 1., 1., 1., 1.,
                      1., 1., 1., 1., 1., 1., 1., 1., 1., 1., 1., 1., 1., 1.,
                      1., 1., 1., 1., 1., 1., 1., 1., 1., 1., 1., 1., 1., 1.,
                      1., 1., 1., 1., 1., 1., 1., 1., 1., 1., 1., 1., 1., 1.,
                      1., 1., 1., 1., 1., 1., 1., 1., 1., 1., 1., 1., 1., 1.,
                      1., 1., 1., 1., 1., 1., 1., 1., 1., 1., 1., 1., 1., 1.,
                      1., 1., 1., 1., 1., 1., 1., 1., 1., 1., 1., 1., 1., 1.,
                      1., 1., 1., 1., 1., 1., 1., 1., 1., 1., 1., 1., 1., 1.,
                      1., 1., 1., 1., 1., 1., 1., 1., 1., 1., 1., 1., 1., 1.,
                      1., 1., 1., 1., 1., 1., 1., 1., 1., 1., 1., 1., 1., 1.,
                      1., 1., 1., 1., 1., 1., 1., 1., 1., 1., 1., 1., 1., 1.,
                      1., 1., 1., 1., 1., 1., 1., 1., 1., 1., 1., 1., 1., 1.,
                      1., 1., 1., 1., 1., 1., 1., 1., 1., 1., 1., 1., 1., 1.,
                      1., 1., 1., 1., 1., 1., 1., 1., 1., 1., 1., 1., 1., 1.,
                      1., 1., 1., 1., 1., 1., 1., 1., 1., 1., 1., 1., 1., 1.,
                      1., 1., 1., 1., 1., 1., 1., 1., 1., 1., 1., 1., 1., 1.,
                      1., 1., 1., 1., 1., 1., 1., 1., 1., 1., 1., 1., 1., 1.,
                      1., 1., 1., 1., 1., 1., 1., 1., 1., 1., 1., 1., 1., 1.,
                      1., 1., 1., 1., 1., 1., 1., 1., 1., 1., 1., 1., 1., 1.,
                      1., 1., 1., 1., 1., 1., 1., 1., 1., 1., 1., 1., 1., 1.,
                      1., 1., 1., 1., 1., 1., 1., 1., 1., 1., 1., 1., 1., 1.,
                      1., 1., 1., 1., 1., 1., 1., 1., 1., 1., 1., 1., 1., 1.,
                      1., 1., 1., 1., 1., 1., 1., 1., 1., 1., 1., 1., 1., 1.,
                      1., 1., 1., 1., 1., 1., 1., 1., 1., 1., 1., 1., 1., 1.,
                      1., 1., 1., 1., 1., 1., 1., 1., 1., 1., 1., 1., 1., 1.,
                      1., 1., 1., 1., 1., 1., 1., 1., 1., 1., 1., 1., 1., 1.,
                      1., 1., 1., 1., 1., 1., 1., 1., 1., 1., 1., 1., 1., 1.,
                      1., 1., 1., 1., 1., 1., 1., 1., 1., 1., 1., 1.]),
       size=(558, 558), nnz=558, layout=torch.sparse_coo)
epoch 0 | batch 0 |train loss 0.6937573552131653
Valid: loss 0.6907939910888672, score:{'roc_auc': 0.694703431858758, 'MRR': 0.8707482993197279}
Saving model
epoch 0 | batch 1 |train loss 0.6908835768699646
epoch 1 | batch 0 |train loss 0.6791726350784302
Valid: loss 0.6631868481636047, score:{'roc_auc': 0.7391390597103749, 'MRR': 0.9353741496598639}
Saving model
epoch 1 | batch 1 |train loss 0.6530284285545349
epoch 2 | batch 0 |train loss 0.6156690120697021
Valid: loss 0.5892111659049988, score:{'roc_auc': 0.7978575679428684, 'MRR': 0.95578231292517}
Saving model
epoch 2 | batch 1 |train loss 0.5600289106369019
epoch 3 | batch 0 |train loss 0.48581594228744507
Valid: loss 0.5119569897651672, score:{'roc_auc': 0.8363419956357866, 'MRR': 0.945578231292517}
Saving model
epoch 3 | batch 1 |train loss 0.4402402639389038
epoch 4 | batch 0 |train loss 0.3741610646247864
Valid: loss 0.6175374388694763, score:{'roc_auc': 0.8500297560007934, 'MRR': 0.95578231292517}
EarlyStopping counter: 1 out of 3
epoch 4 | batch 1 |train loss 0.40359604358673096
epoch 5 | batch 0 |train loss 0.38682687282562256
Valid: loss 0.6153688430786133, score:{'roc_auc': 0.8561793294981155, 'MRR': 0.945578231292517}
EarlyStopping counter: 2 out of 3
epoch 5 | batch 1 |train loss 0.34808722138404846
epoch 6 | batch 0 |train loss 0.3307831585407257
Valid: loss 0.6033362746238708, score:{'roc_auc': 0.8637175163658004, 'MRR': 0.945578231292517}
Meta keys: dict_keys([6, 3])
Data keys: dict_keys([6, 3])
Edge type: 6, Meta: (0, 1)
Edge type: 3, Meta: (1, 1)
edge type: 6, random_score: {'roc_auc': 0.775080566732137, 'MRR': 0.9818840579710145}, score: {'roc_auc': 0.6049382716049383, 'MRR': 0.9227053140096619}
ROC_AUC: 0.6049382716049383
dataset: amazon_style_cct_features/fold_1, eval_type: 3
edge_list shape: torch.Size([2, 9094])
feat_list shape: [torch.Size([558, 558]), torch.Size([940, 940]), torch.Size([188, 188])]
tensor(indices=tensor([[  0,   1,   2,  ..., 555, 556, 557],
                       [  0,   1,   2,  ..., 555, 556, 557]]),
       values=tensor([1., 1., 1., 1., 1., 1., 1., 1., 1., 1., 1., 1., 1., 1.,
                      1., 1., 1., 1., 1., 1., 1., 1., 1., 1., 1., 1., 1., 1.,
                      1., 1., 1., 1., 1., 1., 1., 1., 1., 1., 1., 1., 1., 1.,
                      1., 1., 1., 1., 1., 1., 1., 1., 1., 1., 1., 1., 1., 1.,
                      1., 1., 1., 1., 1., 1., 1., 1., 1., 1., 1., 1., 1., 1.,
                      1., 1., 1., 1., 1., 1., 1., 1., 1., 1., 1., 1., 1., 1.,
                      1., 1., 1., 1., 1., 1., 1., 1., 1., 1., 1., 1., 1., 1.,
                      1., 1., 1., 1., 1., 1., 1., 1., 1., 1., 1., 1., 1., 1.,
                      1., 1., 1., 1., 1., 1., 1., 1., 1., 1., 1., 1., 1., 1.,
                      1., 1., 1., 1., 1., 1., 1., 1., 1., 1., 1., 1., 1., 1.,
                      1., 1., 1., 1., 1., 1., 1., 1., 1., 1., 1., 1., 1., 1.,
                      1., 1., 1., 1., 1., 1., 1., 1., 1., 1., 1., 1., 1., 1.,
                      1., 1., 1., 1., 1., 1., 1., 1., 1., 1., 1., 1., 1., 1.,
                      1., 1., 1., 1., 1., 1., 1., 1., 1., 1., 1., 1., 1., 1.,
                      1., 1., 1., 1., 1., 1., 1., 1., 1., 1., 1., 1., 1., 1.,
                      1., 1., 1., 1., 1., 1., 1., 1., 1., 1., 1., 1., 1., 1.,
                      1., 1., 1., 1., 1., 1., 1., 1., 1., 1., 1., 1., 1., 1.,
                      1., 1., 1., 1., 1., 1., 1., 1., 1., 1., 1., 1., 1., 1.,
                      1., 1., 1., 1., 1., 1., 1., 1., 1., 1., 1., 1., 1., 1.,
                      1., 1., 1., 1., 1., 1., 1., 1., 1., 1., 1., 1., 1., 1.,
                      1., 1., 1., 1., 1., 1., 1., 1., 1., 1., 1., 1., 1., 1.,
                      1., 1., 1., 1., 1., 1., 1., 1., 1., 1., 1., 1., 1., 1.,
                      1., 1., 1., 1., 1., 1., 1., 1., 1., 1., 1., 1., 1., 1.,
                      1., 1., 1., 1., 1., 1., 1., 1., 1., 1., 1., 1., 1., 1.,
                      1., 1., 1., 1., 1., 1., 1., 1., 1., 1., 1., 1., 1., 1.,
                      1., 1., 1., 1., 1., 1., 1., 1., 1., 1., 1., 1., 1., 1.,
                      1., 1., 1., 1., 1., 1., 1., 1., 1., 1., 1., 1., 1., 1.,
                      1., 1., 1., 1., 1., 1., 1., 1., 1., 1., 1., 1., 1., 1.,
                      1., 1., 1., 1., 1., 1., 1., 1., 1., 1., 1., 1., 1., 1.,
                      1., 1., 1., 1., 1., 1., 1., 1., 1., 1., 1., 1., 1., 1.,
                      1., 1., 1., 1., 1., 1., 1., 1., 1., 1., 1., 1., 1., 1.,
                      1., 1., 1., 1., 1., 1., 1., 1., 1., 1., 1., 1., 1., 1.,
                      1., 1., 1., 1., 1., 1., 1., 1., 1., 1., 1., 1., 1., 1.,
                      1., 1., 1., 1., 1., 1., 1., 1., 1., 1., 1., 1., 1., 1.,
                      1., 1., 1., 1., 1., 1., 1., 1., 1., 1., 1., 1., 1., 1.,
                      1., 1., 1., 1., 1., 1., 1., 1., 1., 1., 1., 1., 1., 1.,
                      1., 1., 1., 1., 1., 1., 1., 1., 1., 1., 1., 1., 1., 1.,
                      1., 1., 1., 1., 1., 1., 1., 1., 1., 1., 1., 1., 1., 1.,
                      1., 1., 1., 1., 1., 1., 1., 1., 1., 1., 1., 1., 1., 1.,
                      1., 1., 1., 1., 1., 1., 1., 1., 1., 1., 1., 1.]),
       size=(558, 558), nnz=558, layout=torch.sparse_coo)
epoch 0 | batch 0 |train loss 0.7412220239639282
Valid: loss 0.7139323353767395, score:{'roc_auc': 0.46938775510204084, 'MRR': 0.75}
Saving model
epoch 1 | batch 0 |train loss 0.6343846321105957
Valid: loss 0.6997150778770447, score:{'roc_auc': 0.5714285714285714, 'MRR': 0.75}
Saving model
epoch 2 | batch 0 |train loss 0.6393886804580688
Valid: loss 0.7095833420753479, score:{'roc_auc': 0.5510204081632654, 'MRR': 0.6666666666666666}
EarlyStopping counter: 1 out of 3
epoch 3 | batch 0 |train loss 0.6194118857383728
Valid: loss 0.7063698172569275, score:{'roc_auc': 0.4897959183673469, 'MRR': 0.75}
EarlyStopping counter: 2 out of 3
epoch 4 | batch 0 |train loss 0.5616558790206909
Valid: loss 0.7144354581832886, score:{'roc_auc': 0.30612244897959184, 'MRR': 0.6666666666666666}
Meta keys: dict_keys([6, 3])
Data keys: dict_keys([6, 3])
Edge type: 6, Meta: (0, 1)
Edge type: 3, Meta: (1, 1)
edge type: 3, random_score: {'roc_auc': 0.615702479338843, 'MRR': 1.0}, score: {'roc_auc': 0.5781818181818181, 'MRR': 0.875}
ROC_AUC: 0.5781818181818181
Sec neigh test: score list: defaultdict(<class 'list'>, {'roc_auc': [0.6049382716049383, 0.5781818181818181], 'MRR': [0.9227053140096619, 0.875]})
Random test: score list: defaultdict(<class 'list'>, {'roc_auc': [0.775080566732137, 0.615702479338843], 'MRR': [0.9818840579710145, 1.0]})
Sec neigh test:average score: defaultdict(<class 'list'>, {'roc_auc': 0.5916, 'MRR': 0.8989})
Random test: average score: defaultdict(<class 'list'>, {'roc_auc': 0.6954, 'MRR': 0.9909})
Completed: amazon_style_cct_features/fold_1

--------------------------------------
Running model: GCN
Dataset: amazon_style_cct_features/fold_2
--------------------------------------
use device: cpu
Namespace(data='amazon_style_cct_features/fold_2', model_path='model.pt', train_iter_n=50, cuda=0, checkpoint='', epochs=100, patience=3, n_layers=2, n_heads=[4], dropout=0.5, model='GCN', lr=0.005, weight_decay=0.0, batch_size=1024, edge_sample_ratio=1, test_with_CPU=False, decoder='dismult')
sys_path ['/home/simonettos/homhetgnn/HGB/LP/benchmark/methods/GNN', '/home/simonettos/homhetgnn/sbatches', '/home/simonettos/homhetgnn/HGB/LP/benchmark/methods/baseline', '/home/simonettos/homhetgnn/HGB/LP/benchmark', '/home/simonettos/homhetgnn/HGB/LP/benchmark/methods/GNN', '/home/simonettos/homhetgnn/HGB/LP/benchmark/methods/GNN/utils', '/home/simonettos/homhetgnn/HGB/LP/benchmark/methods/GNN/models', '/deepstore/software/anaconda3/2022.05/lib/python39.zip', '/deepstore/software/anaconda3/2022.05/lib/python3.9', '/deepstore/software/anaconda3/2022.05/lib/python3.9/lib-dynload', '/home/simonettos/homhetgnn/gpuvenv/lib/python3.9/site-packages', '../../', '../../']
Loading nodes from /home/simonettos/homhetgnn/HGB/LP/benchmark/data/amazon_style_cct_features/fold_2/node.dat
edge types: dict_keys([5, 0, 4, 6, 8, 7, 9, 3, 2, 1, 10])
nodes.shift keys: [0, 1, 2]
nodes.count keys: [0, 1, 2]
links.meta: {5: (0, 1), 0: (1, 2), 4: (1, 0), 6: (0, 1), 8: (1, 1), 7: (1, 1), 9: (1, 0), 3: (1, 1), 2: (2, 1), 1: (0, 2), 10: (0, 2)}
t_type about to use: 1
h_type: 0
shift dict: {0: 0, 1: 558, 2: 1498}
count dict: Counter({1: 940, 0: 558, 2: 188})
nodes.shift keys: [0, 1, 2]
nodes.count keys: [0, 1, 2]
links.meta: {5: (0, 1), 0: (1, 2), 4: (1, 0), 6: (0, 1), 8: (1, 1), 7: (1, 1), 9: (1, 0), 3: (1, 1), 2: (2, 1), 1: (0, 2), 10: (0, 2)}
t_type about to use: 1
h_type: 1
shift dict: {0: 0, 1: 558, 2: 1498}
count dict: Counter({1: 940, 0: 558, 2: 188})
Info: load amazon_style_cct_features/fold_2 from original data and generate /home/simonettos/homhetgnn/HGB/LP/benchmark/data/amazon_style_cct_features/fold_2/dl_pickle 
node_type: 0, dim: 558
node_type: 1, dim: 940
node_type: 2, dim: 188
edge types: [6, 3]
dataset: amazon_style_cct_features/fold_2, eval_type: 6
edge_list shape: torch.Size([2, 9042])
feat_list shape: [torch.Size([558, 558]), torch.Size([940, 940]), torch.Size([188, 188])]
tensor(indices=tensor([[  0,   1,   2,  ..., 555, 556, 557],
                       [  0,   1,   2,  ..., 555, 556, 557]]),
       values=tensor([1., 1., 1., 1., 1., 1., 1., 1., 1., 1., 1., 1., 1., 1.,
                      1., 1., 1., 1., 1., 1., 1., 1., 1., 1., 1., 1., 1., 1.,
                      1., 1., 1., 1., 1., 1., 1., 1., 1., 1., 1., 1., 1., 1.,
                      1., 1., 1., 1., 1., 1., 1., 1., 1., 1., 1., 1., 1., 1.,
                      1., 1., 1., 1., 1., 1., 1., 1., 1., 1., 1., 1., 1., 1.,
                      1., 1., 1., 1., 1., 1., 1., 1., 1., 1., 1., 1., 1., 1.,
                      1., 1., 1., 1., 1., 1., 1., 1., 1., 1., 1., 1., 1., 1.,
                      1., 1., 1., 1., 1., 1., 1., 1., 1., 1., 1., 1., 1., 1.,
                      1., 1., 1., 1., 1., 1., 1., 1., 1., 1., 1., 1., 1., 1.,
                      1., 1., 1., 1., 1., 1., 1., 1., 1., 1., 1., 1., 1., 1.,
                      1., 1., 1., 1., 1., 1., 1., 1., 1., 1., 1., 1., 1., 1.,
                      1., 1., 1., 1., 1., 1., 1., 1., 1., 1., 1., 1., 1., 1.,
                      1., 1., 1., 1., 1., 1., 1., 1., 1., 1., 1., 1., 1., 1.,
                      1., 1., 1., 1., 1., 1., 1., 1., 1., 1., 1., 1., 1., 1.,
                      1., 1., 1., 1., 1., 1., 1., 1., 1., 1., 1., 1., 1., 1.,
                      1., 1., 1., 1., 1., 1., 1., 1., 1., 1., 1., 1., 1., 1.,
                      1., 1., 1., 1., 1., 1., 1., 1., 1., 1., 1., 1., 1., 1.,
                      1., 1., 1., 1., 1., 1., 1., 1., 1., 1., 1., 1., 1., 1.,
                      1., 1., 1., 1., 1., 1., 1., 1., 1., 1., 1., 1., 1., 1.,
                      1., 1., 1., 1., 1., 1., 1., 1., 1., 1., 1., 1., 1., 1.,
                      1., 1., 1., 1., 1., 1., 1., 1., 1., 1., 1., 1., 1., 1.,
                      1., 1., 1., 1., 1., 1., 1., 1., 1., 1., 1., 1., 1., 1.,
                      1., 1., 1., 1., 1., 1., 1., 1., 1., 1., 1., 1., 1., 1.,
                      1., 1., 1., 1., 1., 1., 1., 1., 1., 1., 1., 1., 1., 1.,
                      1., 1., 1., 1., 1., 1., 1., 1., 1., 1., 1., 1., 1., 1.,
                      1., 1., 1., 1., 1., 1., 1., 1., 1., 1., 1., 1., 1., 1.,
                      1., 1., 1., 1., 1., 1., 1., 1., 1., 1., 1., 1., 1., 1.,
                      1., 1., 1., 1., 1., 1., 1., 1., 1., 1., 1., 1., 1., 1.,
                      1., 1., 1., 1., 1., 1., 1., 1., 1., 1., 1., 1., 1., 1.,
                      1., 1., 1., 1., 1., 1., 1., 1., 1., 1., 1., 1., 1., 1.,
                      1., 1., 1., 1., 1., 1., 1., 1., 1., 1., 1., 1., 1., 1.,
                      1., 1., 1., 1., 1., 1., 1., 1., 1., 1., 1., 1., 1., 1.,
                      1., 1., 1., 1., 1., 1., 1., 1., 1., 1., 1., 1., 1., 1.,
                      1., 1., 1., 1., 1., 1., 1., 1., 1., 1., 1., 1., 1., 1.,
                      1., 1., 1., 1., 1., 1., 1., 1., 1., 1., 1., 1., 1., 1.,
                      1., 1., 1., 1., 1., 1., 1., 1., 1., 1., 1., 1., 1., 1.,
                      1., 1., 1., 1., 1., 1., 1., 1., 1., 1., 1., 1., 1., 1.,
                      1., 1., 1., 1., 1., 1., 1., 1., 1., 1., 1., 1., 1., 1.,
                      1., 1., 1., 1., 1., 1., 1., 1., 1., 1., 1., 1., 1., 1.,
                      1., 1., 1., 1., 1., 1., 1., 1., 1., 1., 1., 1.]),
       size=(558, 558), nnz=558, layout=torch.sparse_coo)
epoch 0 | batch 0 |train loss 0.6932405233383179
Valid: loss 0.6901588439941406, score:{'roc_auc': 0.7677514792899409, 'MRR': 0.8777777777777778}
Saving model
epoch 0 | batch 1 |train loss 0.6900092363357544
epoch 1 | batch 0 |train loss 0.6796160340309143
Valid: loss 0.6593261361122131, score:{'roc_auc': 0.7856673241288625, 'MRR': 0.9333333333333333}
Saving model
epoch 1 | batch 1 |train loss 0.6555769443511963
epoch 2 | batch 0 |train loss 0.6175753474235535
Valid: loss 0.5620207190513611, score:{'roc_auc': 0.8407297830374754, 'MRR': 0.9333333333333333}
Saving model
epoch 2 | batch 1 |train loss 0.5531043410301208
epoch 3 | batch 0 |train loss 0.48054245114326477
Valid: loss 0.46987196803092957, score:{'roc_auc': 0.8500986193293886, 'MRR': 0.9222222222222223}
Saving model
epoch 3 | batch 1 |train loss 0.4166014492511749
epoch 4 | batch 0 |train loss 0.40939095616340637
Valid: loss 0.5441563129425049, score:{'roc_auc': 0.8602892833662065, 'MRR': 0.9222222222222223}
EarlyStopping counter: 1 out of 3
epoch 4 | batch 1 |train loss 0.39414507150650024
epoch 5 | batch 0 |train loss 0.3781946897506714
Valid: loss 0.6064152121543884, score:{'roc_auc': 0.8663708086785009, 'MRR': 0.9}
EarlyStopping counter: 2 out of 3
epoch 5 | batch 1 |train loss 0.3857623338699341
epoch 6 | batch 0 |train loss 0.3371434807777405
Valid: loss 0.5167632102966309, score:{'roc_auc': 0.8593030900723209, 'MRR': 0.9111111111111111}
Meta keys: dict_keys([6, 3])
Data keys: dict_keys([6, 3])
Edge type: 6, Meta: (1, 0)
Edge type: 3, Meta: (0, 1)
edge type: 6, random_score: {'roc_auc': 0.6754478250501479, 'MRR': 0.9711538461538461}, score: {'roc_auc': 0.539492831412963, 'MRR': 0.8669871794871795}
ROC_AUC: 0.539492831412963
dataset: amazon_style_cct_features/fold_2, eval_type: 3
edge_list shape: torch.Size([2, 9042])
feat_list shape: [torch.Size([558, 558]), torch.Size([940, 940]), torch.Size([188, 188])]
tensor(indices=tensor([[  0,   1,   2,  ..., 555, 556, 557],
                       [  0,   1,   2,  ..., 555, 556, 557]]),
       values=tensor([1., 1., 1., 1., 1., 1., 1., 1., 1., 1., 1., 1., 1., 1.,
                      1., 1., 1., 1., 1., 1., 1., 1., 1., 1., 1., 1., 1., 1.,
                      1., 1., 1., 1., 1., 1., 1., 1., 1., 1., 1., 1., 1., 1.,
                      1., 1., 1., 1., 1., 1., 1., 1., 1., 1., 1., 1., 1., 1.,
                      1., 1., 1., 1., 1., 1., 1., 1., 1., 1., 1., 1., 1., 1.,
                      1., 1., 1., 1., 1., 1., 1., 1., 1., 1., 1., 1., 1., 1.,
                      1., 1., 1., 1., 1., 1., 1., 1., 1., 1., 1., 1., 1., 1.,
                      1., 1., 1., 1., 1., 1., 1., 1., 1., 1., 1., 1., 1., 1.,
                      1., 1., 1., 1., 1., 1., 1., 1., 1., 1., 1., 1., 1., 1.,
                      1., 1., 1., 1., 1., 1., 1., 1., 1., 1., 1., 1., 1., 1.,
                      1., 1., 1., 1., 1., 1., 1., 1., 1., 1., 1., 1., 1., 1.,
                      1., 1., 1., 1., 1., 1., 1., 1., 1., 1., 1., 1., 1., 1.,
                      1., 1., 1., 1., 1., 1., 1., 1., 1., 1., 1., 1., 1., 1.,
                      1., 1., 1., 1., 1., 1., 1., 1., 1., 1., 1., 1., 1., 1.,
                      1., 1., 1., 1., 1., 1., 1., 1., 1., 1., 1., 1., 1., 1.,
                      1., 1., 1., 1., 1., 1., 1., 1., 1., 1., 1., 1., 1., 1.,
                      1., 1., 1., 1., 1., 1., 1., 1., 1., 1., 1., 1., 1., 1.,
                      1., 1., 1., 1., 1., 1., 1., 1., 1., 1., 1., 1., 1., 1.,
                      1., 1., 1., 1., 1., 1., 1., 1., 1., 1., 1., 1., 1., 1.,
                      1., 1., 1., 1., 1., 1., 1., 1., 1., 1., 1., 1., 1., 1.,
                      1., 1., 1., 1., 1., 1., 1., 1., 1., 1., 1., 1., 1., 1.,
                      1., 1., 1., 1., 1., 1., 1., 1., 1., 1., 1., 1., 1., 1.,
                      1., 1., 1., 1., 1., 1., 1., 1., 1., 1., 1., 1., 1., 1.,
                      1., 1., 1., 1., 1., 1., 1., 1., 1., 1., 1., 1., 1., 1.,
                      1., 1., 1., 1., 1., 1., 1., 1., 1., 1., 1., 1., 1., 1.,
                      1., 1., 1., 1., 1., 1., 1., 1., 1., 1., 1., 1., 1., 1.,
                      1., 1., 1., 1., 1., 1., 1., 1., 1., 1., 1., 1., 1., 1.,
                      1., 1., 1., 1., 1., 1., 1., 1., 1., 1., 1., 1., 1., 1.,
                      1., 1., 1., 1., 1., 1., 1., 1., 1., 1., 1., 1., 1., 1.,
                      1., 1., 1., 1., 1., 1., 1., 1., 1., 1., 1., 1., 1., 1.,
                      1., 1., 1., 1., 1., 1., 1., 1., 1., 1., 1., 1., 1., 1.,
                      1., 1., 1., 1., 1., 1., 1., 1., 1., 1., 1., 1., 1., 1.,
                      1., 1., 1., 1., 1., 1., 1., 1., 1., 1., 1., 1., 1., 1.,
                      1., 1., 1., 1., 1., 1., 1., 1., 1., 1., 1., 1., 1., 1.,
                      1., 1., 1., 1., 1., 1., 1., 1., 1., 1., 1., 1., 1., 1.,
                      1., 1., 1., 1., 1., 1., 1., 1., 1., 1., 1., 1., 1., 1.,
                      1., 1., 1., 1., 1., 1., 1., 1., 1., 1., 1., 1., 1., 1.,
                      1., 1., 1., 1., 1., 1., 1., 1., 1., 1., 1., 1., 1., 1.,
                      1., 1., 1., 1., 1., 1., 1., 1., 1., 1., 1., 1., 1., 1.,
                      1., 1., 1., 1., 1., 1., 1., 1., 1., 1., 1., 1.]),
       size=(558, 558), nnz=558, layout=torch.sparse_coo)
epoch 0 | batch 0 |train loss 0.6332739591598511
Valid: loss 0.8897557854652405, score:{'roc_auc': 0.6666666666666666, 'MRR': 0.8333333333333334}
Saving model
epoch 1 | batch 0 |train loss 0.5286792516708374
Valid: loss 0.9080889225006104, score:{'roc_auc': 0.6666666666666666, 'MRR': 0.8333333333333334}
EarlyStopping counter: 1 out of 3
epoch 2 | batch 0 |train loss 0.46570929884910583
Valid: loss 1.185258150100708, score:{'roc_auc': 0.6666666666666666, 'MRR': 0.8333333333333334}
EarlyStopping counter: 2 out of 3
epoch 3 | batch 0 |train loss 0.38647836446762085
Valid: loss 1.7484220266342163, score:{'roc_auc': 0.6666666666666666, 'MRR': 0.8333333333333334}
Meta keys: dict_keys([6, 3])
Data keys: dict_keys([6, 3])
Edge type: 6, Meta: (1, 0)
Edge type: 3, Meta: (0, 1)
edge type: 3, random_score: {'roc_auc': 0.5851851851851853, 'MRR': 1.0}, score: {'roc_auc': 0.5703703703703703, 'MRR': 0.9007936507936507}
ROC_AUC: 0.5703703703703703
Sec neigh test: score list: defaultdict(<class 'list'>, {'roc_auc': [0.539492831412963, 0.5703703703703703], 'MRR': [0.8669871794871795, 0.9007936507936507]})
Random test: score list: defaultdict(<class 'list'>, {'roc_auc': [0.6754478250501479, 0.5851851851851853], 'MRR': [0.9711538461538461, 1.0]})
Sec neigh test:average score: defaultdict(<class 'list'>, {'roc_auc': 0.5549, 'MRR': 0.8839})
Random test: average score: defaultdict(<class 'list'>, {'roc_auc': 0.6303, 'MRR': 0.9856})
Completed: amazon_style_cct_features/fold_2

--------------------------------------
Running model: GCN
Dataset: amazon_style_cct_features/fold_3
--------------------------------------
use device: cpu
Namespace(data='amazon_style_cct_features/fold_3', model_path='model.pt', train_iter_n=50, cuda=0, checkpoint='', epochs=100, patience=3, n_layers=2, n_heads=[4], dropout=0.5, model='GCN', lr=0.005, weight_decay=0.0, batch_size=1024, edge_sample_ratio=1, test_with_CPU=False, decoder='dismult')
sys_path ['/home/simonettos/homhetgnn/HGB/LP/benchmark/methods/GNN', '/home/simonettos/homhetgnn/sbatches', '/home/simonettos/homhetgnn/HGB/LP/benchmark/methods/baseline', '/home/simonettos/homhetgnn/HGB/LP/benchmark', '/home/simonettos/homhetgnn/HGB/LP/benchmark/methods/GNN', '/home/simonettos/homhetgnn/HGB/LP/benchmark/methods/GNN/utils', '/home/simonettos/homhetgnn/HGB/LP/benchmark/methods/GNN/models', '/deepstore/software/anaconda3/2022.05/lib/python39.zip', '/deepstore/software/anaconda3/2022.05/lib/python3.9', '/deepstore/software/anaconda3/2022.05/lib/python3.9/lib-dynload', '/home/simonettos/homhetgnn/gpuvenv/lib/python3.9/site-packages', '../../', '../../']
Loading nodes from /home/simonettos/homhetgnn/HGB/LP/benchmark/data/amazon_style_cct_features/fold_3/node.dat
edge types: dict_keys([5, 0, 4, 6, 8, 7, 9, 3, 2, 1, 10])
nodes.shift keys: [0, 1, 2]
nodes.count keys: [0, 1, 2]
links.meta: {5: (0, 1), 0: (1, 2), 4: (1, 0), 6: (0, 1), 8: (1, 1), 7: (1, 1), 9: (1, 0), 3: (1, 1), 2: (2, 1), 1: (0, 2), 10: (1, 1)}
t_type about to use: 1
h_type: 1
shift dict: {0: 0, 1: 558, 2: 1498}
count dict: Counter({1: 940, 0: 558, 2: 188})
nodes.shift keys: [0, 1, 2]
nodes.count keys: [0, 1, 2]
links.meta: {5: (0, 1), 0: (1, 2), 4: (1, 0), 6: (0, 1), 8: (1, 1), 7: (1, 1), 9: (1, 0), 3: (1, 1), 2: (2, 1), 1: (0, 2), 10: (1, 1)}
t_type about to use: 1
h_type: 0
shift dict: {0: 0, 1: 558, 2: 1498}
count dict: Counter({1: 940, 0: 558, 2: 188})
Info: load amazon_style_cct_features/fold_3 from original data and generate /home/simonettos/homhetgnn/HGB/LP/benchmark/data/amazon_style_cct_features/fold_3/dl_pickle 
node_type: 0, dim: 558
node_type: 1, dim: 940
node_type: 2, dim: 188
edge types: [3, 6]
dataset: amazon_style_cct_features/fold_3, eval_type: 3
edge_list shape: torch.Size([2, 9034])
feat_list shape: [torch.Size([558, 558]), torch.Size([940, 940]), torch.Size([188, 188])]
tensor(indices=tensor([[  0,   1,   2,  ..., 555, 556, 557],
                       [  0,   1,   2,  ..., 555, 556, 557]]),
       values=tensor([1., 1., 1., 1., 1., 1., 1., 1., 1., 1., 1., 1., 1., 1.,
                      1., 1., 1., 1., 1., 1., 1., 1., 1., 1., 1., 1., 1., 1.,
                      1., 1., 1., 1., 1., 1., 1., 1., 1., 1., 1., 1., 1., 1.,
                      1., 1., 1., 1., 1., 1., 1., 1., 1., 1., 1., 1., 1., 1.,
                      1., 1., 1., 1., 1., 1., 1., 1., 1., 1., 1., 1., 1., 1.,
                      1., 1., 1., 1., 1., 1., 1., 1., 1., 1., 1., 1., 1., 1.,
                      1., 1., 1., 1., 1., 1., 1., 1., 1., 1., 1., 1., 1., 1.,
                      1., 1., 1., 1., 1., 1., 1., 1., 1., 1., 1., 1., 1., 1.,
                      1., 1., 1., 1., 1., 1., 1., 1., 1., 1., 1., 1., 1., 1.,
                      1., 1., 1., 1., 1., 1., 1., 1., 1., 1., 1., 1., 1., 1.,
                      1., 1., 1., 1., 1., 1., 1., 1., 1., 1., 1., 1., 1., 1.,
                      1., 1., 1., 1., 1., 1., 1., 1., 1., 1., 1., 1., 1., 1.,
                      1., 1., 1., 1., 1., 1., 1., 1., 1., 1., 1., 1., 1., 1.,
                      1., 1., 1., 1., 1., 1., 1., 1., 1., 1., 1., 1., 1., 1.,
                      1., 1., 1., 1., 1., 1., 1., 1., 1., 1., 1., 1., 1., 1.,
                      1., 1., 1., 1., 1., 1., 1., 1., 1., 1., 1., 1., 1., 1.,
                      1., 1., 1., 1., 1., 1., 1., 1., 1., 1., 1., 1., 1., 1.,
                      1., 1., 1., 1., 1., 1., 1., 1., 1., 1., 1., 1., 1., 1.,
                      1., 1., 1., 1., 1., 1., 1., 1., 1., 1., 1., 1., 1., 1.,
                      1., 1., 1., 1., 1., 1., 1., 1., 1., 1., 1., 1., 1., 1.,
                      1., 1., 1., 1., 1., 1., 1., 1., 1., 1., 1., 1., 1., 1.,
                      1., 1., 1., 1., 1., 1., 1., 1., 1., 1., 1., 1., 1., 1.,
                      1., 1., 1., 1., 1., 1., 1., 1., 1., 1., 1., 1., 1., 1.,
                      1., 1., 1., 1., 1., 1., 1., 1., 1., 1., 1., 1., 1., 1.,
                      1., 1., 1., 1., 1., 1., 1., 1., 1., 1., 1., 1., 1., 1.,
                      1., 1., 1., 1., 1., 1., 1., 1., 1., 1., 1., 1., 1., 1.,
                      1., 1., 1., 1., 1., 1., 1., 1., 1., 1., 1., 1., 1., 1.,
                      1., 1., 1., 1., 1., 1., 1., 1., 1., 1., 1., 1., 1., 1.,
                      1., 1., 1., 1., 1., 1., 1., 1., 1., 1., 1., 1., 1., 1.,
                      1., 1., 1., 1., 1., 1., 1., 1., 1., 1., 1., 1., 1., 1.,
                      1., 1., 1., 1., 1., 1., 1., 1., 1., 1., 1., 1., 1., 1.,
                      1., 1., 1., 1., 1., 1., 1., 1., 1., 1., 1., 1., 1., 1.,
                      1., 1., 1., 1., 1., 1., 1., 1., 1., 1., 1., 1., 1., 1.,
                      1., 1., 1., 1., 1., 1., 1., 1., 1., 1., 1., 1., 1., 1.,
                      1., 1., 1., 1., 1., 1., 1., 1., 1., 1., 1., 1., 1., 1.,
                      1., 1., 1., 1., 1., 1., 1., 1., 1., 1., 1., 1., 1., 1.,
                      1., 1., 1., 1., 1., 1., 1., 1., 1., 1., 1., 1., 1., 1.,
                      1., 1., 1., 1., 1., 1., 1., 1., 1., 1., 1., 1., 1., 1.,
                      1., 1., 1., 1., 1., 1., 1., 1., 1., 1., 1., 1., 1., 1.,
                      1., 1., 1., 1., 1., 1., 1., 1., 1., 1., 1., 1.]),
       size=(558, 558), nnz=558, layout=torch.sparse_coo)
epoch 0 | batch 0 |train loss 0.6932339668273926
Valid: loss 0.6867172718048096, score:{'roc_auc': 0.88, 'MRR': 1.0}
Saving model
epoch 1 | batch 0 |train loss 0.6859295964241028
Valid: loss 0.6694404482841492, score:{'roc_auc': 0.9600000000000001, 'MRR': 1.0}
Saving model
epoch 2 | batch 0 |train loss 0.6713106036186218
Valid: loss 0.6300771832466125, score:{'roc_auc': 0.9600000000000001, 'MRR': 1.0}
Saving model
epoch 3 | batch 0 |train loss 0.6394438743591309
Valid: loss 0.5618646144866943, score:{'roc_auc': 0.9600000000000001, 'MRR': 1.0}
Saving model
epoch 4 | batch 0 |train loss 0.5802279710769653
Valid: loss 0.4732987880706787, score:{'roc_auc': 0.9600000000000001, 'MRR': 1.0}
Saving model
epoch 5 | batch 0 |train loss 0.49100151658058167
Valid: loss 0.4157392382621765, score:{'roc_auc': 0.92, 'MRR': 1.0}
Saving model
epoch 6 | batch 0 |train loss 0.37306371331214905
Valid: loss 0.4069308638572693, score:{'roc_auc': 0.92, 'MRR': 1.0}
Saving model
epoch 7 | batch 0 |train loss 0.28901562094688416
Valid: loss 0.2869526147842407, score:{'roc_auc': 0.9600000000000001, 'MRR': 1.0}
Saving model
epoch 8 | batch 0 |train loss 0.22451482713222504
Valid: loss 0.355754017829895, score:{'roc_auc': 0.92, 'MRR': 1.0}
EarlyStopping counter: 1 out of 3
epoch 9 | batch 0 |train loss 0.1693374663591385
Valid: loss 0.42259305715560913, score:{'roc_auc': 1.0, 'MRR': 1.0}
EarlyStopping counter: 2 out of 3
epoch 10 | batch 0 |train loss 0.12911416590213776
Valid: loss 0.3140610158443451, score:{'roc_auc': 1.0, 'MRR': 1.0}
Meta keys: dict_keys([3, 6])
Data keys: dict_keys([3, 6])
Edge type: 3, Meta: (1, 1)
Edge type: 6, Meta: (0, 0)
edge type: 3, random_score: {'roc_auc': 0.7847626196284481, 'MRR': 1.0}, score: {'roc_auc': 0.7327096558636819, 'MRR': 0.9262295081967213}
ROC_AUC: 0.7327096558636819
dataset: amazon_style_cct_features/fold_3, eval_type: 6
edge_list shape: torch.Size([2, 9034])
feat_list shape: [torch.Size([558, 558]), torch.Size([940, 940]), torch.Size([188, 188])]
tensor(indices=tensor([[  0,   1,   2,  ..., 555, 556, 557],
                       [  0,   1,   2,  ..., 555, 556, 557]]),
       values=tensor([1., 1., 1., 1., 1., 1., 1., 1., 1., 1., 1., 1., 1., 1.,
                      1., 1., 1., 1., 1., 1., 1., 1., 1., 1., 1., 1., 1., 1.,
                      1., 1., 1., 1., 1., 1., 1., 1., 1., 1., 1., 1., 1., 1.,
                      1., 1., 1., 1., 1., 1., 1., 1., 1., 1., 1., 1., 1., 1.,
                      1., 1., 1., 1., 1., 1., 1., 1., 1., 1., 1., 1., 1., 1.,
                      1., 1., 1., 1., 1., 1., 1., 1., 1., 1., 1., 1., 1., 1.,
                      1., 1., 1., 1., 1., 1., 1., 1., 1., 1., 1., 1., 1., 1.,
                      1., 1., 1., 1., 1., 1., 1., 1., 1., 1., 1., 1., 1., 1.,
                      1., 1., 1., 1., 1., 1., 1., 1., 1., 1., 1., 1., 1., 1.,
                      1., 1., 1., 1., 1., 1., 1., 1., 1., 1., 1., 1., 1., 1.,
                      1., 1., 1., 1., 1., 1., 1., 1., 1., 1., 1., 1., 1., 1.,
                      1., 1., 1., 1., 1., 1., 1., 1., 1., 1., 1., 1., 1., 1.,
                      1., 1., 1., 1., 1., 1., 1., 1., 1., 1., 1., 1., 1., 1.,
                      1., 1., 1., 1., 1., 1., 1., 1., 1., 1., 1., 1., 1., 1.,
                      1., 1., 1., 1., 1., 1., 1., 1., 1., 1., 1., 1., 1., 1.,
                      1., 1., 1., 1., 1., 1., 1., 1., 1., 1., 1., 1., 1., 1.,
                      1., 1., 1., 1., 1., 1., 1., 1., 1., 1., 1., 1., 1., 1.,
                      1., 1., 1., 1., 1., 1., 1., 1., 1., 1., 1., 1., 1., 1.,
                      1., 1., 1., 1., 1., 1., 1., 1., 1., 1., 1., 1., 1., 1.,
                      1., 1., 1., 1., 1., 1., 1., 1., 1., 1., 1., 1., 1., 1.,
                      1., 1., 1., 1., 1., 1., 1., 1., 1., 1., 1., 1., 1., 1.,
                      1., 1., 1., 1., 1., 1., 1., 1., 1., 1., 1., 1., 1., 1.,
                      1., 1., 1., 1., 1., 1., 1., 1., 1., 1., 1., 1., 1., 1.,
                      1., 1., 1., 1., 1., 1., 1., 1., 1., 1., 1., 1., 1., 1.,
                      1., 1., 1., 1., 1., 1., 1., 1., 1., 1., 1., 1., 1., 1.,
                      1., 1., 1., 1., 1., 1., 1., 1., 1., 1., 1., 1., 1., 1.,
                      1., 1., 1., 1., 1., 1., 1., 1., 1., 1., 1., 1., 1., 1.,
                      1., 1., 1., 1., 1., 1., 1., 1., 1., 1., 1., 1., 1., 1.,
                      1., 1., 1., 1., 1., 1., 1., 1., 1., 1., 1., 1., 1., 1.,
                      1., 1., 1., 1., 1., 1., 1., 1., 1., 1., 1., 1., 1., 1.,
                      1., 1., 1., 1., 1., 1., 1., 1., 1., 1., 1., 1., 1., 1.,
                      1., 1., 1., 1., 1., 1., 1., 1., 1., 1., 1., 1., 1., 1.,
                      1., 1., 1., 1., 1., 1., 1., 1., 1., 1., 1., 1., 1., 1.,
                      1., 1., 1., 1., 1., 1., 1., 1., 1., 1., 1., 1., 1., 1.,
                      1., 1., 1., 1., 1., 1., 1., 1., 1., 1., 1., 1., 1., 1.,
                      1., 1., 1., 1., 1., 1., 1., 1., 1., 1., 1., 1., 1., 1.,
                      1., 1., 1., 1., 1., 1., 1., 1., 1., 1., 1., 1., 1., 1.,
                      1., 1., 1., 1., 1., 1., 1., 1., 1., 1., 1., 1., 1., 1.,
                      1., 1., 1., 1., 1., 1., 1., 1., 1., 1., 1., 1., 1., 1.,
                      1., 1., 1., 1., 1., 1., 1., 1., 1., 1., 1., 1.]),
       size=(558, 558), nnz=558, layout=torch.sparse_coo)
epoch 0 | batch 0 |train loss 1.6680817604064941
Valid: loss 1.0596085786819458, score:{'roc_auc': 0.6526222222222223, 'MRR': 0.8156028368794327}
Saving model
epoch 0 | batch 1 |train loss 0.9782683849334717
epoch 1 | batch 0 |train loss 0.7219525575637817
Valid: loss 0.6278411149978638, score:{'roc_auc': 0.7118222222222221, 'MRR': 0.8368794326241136}
Saving model
epoch 1 | batch 1 |train loss 0.6107276082038879
epoch 2 | batch 0 |train loss 0.5826180577278137
Valid: loss 0.6025859117507935, score:{'roc_auc': 0.7639111111111111, 'MRR': 0.875886524822695}
Saving model
epoch 2 | batch 1 |train loss 0.5966460704803467
epoch 3 | batch 0 |train loss 0.6126768589019775
Valid: loss 0.6255090832710266, score:{'roc_auc': 0.7717333333333333, 'MRR': 0.8723404255319149}
EarlyStopping counter: 1 out of 3
epoch 3 | batch 1 |train loss 0.6226761341094971
epoch 4 | batch 0 |train loss 0.6246633529663086
Valid: loss 0.6261595487594604, score:{'roc_auc': 0.7859555555555555, 'MRR': 0.8794326241134751}
EarlyStopping counter: 2 out of 3
epoch 4 | batch 1 |train loss 0.6202425360679626
epoch 5 | batch 0 |train loss 0.6161439418792725
Valid: loss 0.6078019738197327, score:{'roc_auc': 0.8167111111111112, 'MRR': 0.9042553191489362}
Meta keys: dict_keys([3, 6])
Data keys: dict_keys([3, 6])
Edge type: 3, Meta: (1, 1)
Edge type: 6, Meta: (0, 0)
edge type: 6, random_score: {'roc_auc': 0.6669548955337932, 'MRR': 0.98046875}, score: {'roc_auc': 0.5830717488789238, 'MRR': 0.9270833333333334}
ROC_AUC: 0.5830717488789238
Sec neigh test: score list: defaultdict(<class 'list'>, {'roc_auc': [0.7327096558636819, 0.5830717488789238], 'MRR': [0.9262295081967213, 0.9270833333333334]})
Random test: score list: defaultdict(<class 'list'>, {'roc_auc': [0.7847626196284481, 0.6669548955337932], 'MRR': [1.0, 0.98046875]})
Sec neigh test:average score: defaultdict(<class 'list'>, {'roc_auc': 0.6579, 'MRR': 0.9267})
Random test: average score: defaultdict(<class 'list'>, {'roc_auc': 0.7259, 'MRR': 0.9902})
Completed: amazon_style_cct_features/fold_3

--------------------------------------
Running model: GCN
Dataset: amazon_style_cct_features/fold_4
--------------------------------------
use device: cpu
Namespace(data='amazon_style_cct_features/fold_4', model_path='model.pt', train_iter_n=50, cuda=0, checkpoint='', epochs=100, patience=3, n_layers=2, n_heads=[4], dropout=0.5, model='GCN', lr=0.005, weight_decay=0.0, batch_size=1024, edge_sample_ratio=1, test_with_CPU=False, decoder='dismult')
sys_path ['/home/simonettos/homhetgnn/HGB/LP/benchmark/methods/GNN', '/home/simonettos/homhetgnn/sbatches', '/home/simonettos/homhetgnn/HGB/LP/benchmark/methods/baseline', '/home/simonettos/homhetgnn/HGB/LP/benchmark', '/home/simonettos/homhetgnn/HGB/LP/benchmark/methods/GNN', '/home/simonettos/homhetgnn/HGB/LP/benchmark/methods/GNN/utils', '/home/simonettos/homhetgnn/HGB/LP/benchmark/methods/GNN/models', '/deepstore/software/anaconda3/2022.05/lib/python39.zip', '/deepstore/software/anaconda3/2022.05/lib/python3.9', '/deepstore/software/anaconda3/2022.05/lib/python3.9/lib-dynload', '/home/simonettos/homhetgnn/gpuvenv/lib/python3.9/site-packages', '../../', '../../']
Loading nodes from /home/simonettos/homhetgnn/HGB/LP/benchmark/data/amazon_style_cct_features/fold_4/node.dat
edge types: dict_keys([5, 0, 4, 6, 8, 7, 9, 3, 2, 1, 10])
nodes.shift keys: [0, 1, 2]
nodes.count keys: [0, 1, 2]
links.meta: {5: (0, 1), 0: (1, 2), 4: (1, 0), 6: (0, 1), 8: (1, 1), 7: (1, 1), 9: (1, 0), 3: (1, 1), 2: (2, 1), 1: (0, 2), 10: (1, 1)}
t_type about to use: 1
h_type: 0
shift dict: {0: 0, 1: 558, 2: 1498}
count dict: Counter({1: 940, 0: 558, 2: 188})
nodes.shift keys: [0, 1, 2]
nodes.count keys: [0, 1, 2]
links.meta: {5: (0, 1), 0: (1, 2), 4: (1, 0), 6: (0, 1), 8: (1, 1), 7: (1, 1), 9: (1, 0), 3: (1, 1), 2: (2, 1), 1: (0, 2), 10: (1, 1)}
t_type about to use: 1
h_type: 1
shift dict: {0: 0, 1: 558, 2: 1498}
count dict: Counter({1: 940, 0: 558, 2: 188})
Info: load amazon_style_cct_features/fold_4 from original data and generate /home/simonettos/homhetgnn/HGB/LP/benchmark/data/amazon_style_cct_features/fold_4/dl_pickle 
node_type: 0, dim: 558
node_type: 1, dim: 940
node_type: 2, dim: 188
edge types: [6, 3]
dataset: amazon_style_cct_features/fold_4, eval_type: 6
edge_list shape: torch.Size([2, 9028])
feat_list shape: [torch.Size([558, 558]), torch.Size([940, 940]), torch.Size([188, 188])]
tensor(indices=tensor([[  0,   1,   2,  ..., 555, 556, 557],
                       [  0,   1,   2,  ..., 555, 556, 557]]),
       values=tensor([1., 1., 1., 1., 1., 1., 1., 1., 1., 1., 1., 1., 1., 1.,
                      1., 1., 1., 1., 1., 1., 1., 1., 1., 1., 1., 1., 1., 1.,
                      1., 1., 1., 1., 1., 1., 1., 1., 1., 1., 1., 1., 1., 1.,
                      1., 1., 1., 1., 1., 1., 1., 1., 1., 1., 1., 1., 1., 1.,
                      1., 1., 1., 1., 1., 1., 1., 1., 1., 1., 1., 1., 1., 1.,
                      1., 1., 1., 1., 1., 1., 1., 1., 1., 1., 1., 1., 1., 1.,
                      1., 1., 1., 1., 1., 1., 1., 1., 1., 1., 1., 1., 1., 1.,
                      1., 1., 1., 1., 1., 1., 1., 1., 1., 1., 1., 1., 1., 1.,
                      1., 1., 1., 1., 1., 1., 1., 1., 1., 1., 1., 1., 1., 1.,
                      1., 1., 1., 1., 1., 1., 1., 1., 1., 1., 1., 1., 1., 1.,
                      1., 1., 1., 1., 1., 1., 1., 1., 1., 1., 1., 1., 1., 1.,
                      1., 1., 1., 1., 1., 1., 1., 1., 1., 1., 1., 1., 1., 1.,
                      1., 1., 1., 1., 1., 1., 1., 1., 1., 1., 1., 1., 1., 1.,
                      1., 1., 1., 1., 1., 1., 1., 1., 1., 1., 1., 1., 1., 1.,
                      1., 1., 1., 1., 1., 1., 1., 1., 1., 1., 1., 1., 1., 1.,
                      1., 1., 1., 1., 1., 1., 1., 1., 1., 1., 1., 1., 1., 1.,
                      1., 1., 1., 1., 1., 1., 1., 1., 1., 1., 1., 1., 1., 1.,
                      1., 1., 1., 1., 1., 1., 1., 1., 1., 1., 1., 1., 1., 1.,
                      1., 1., 1., 1., 1., 1., 1., 1., 1., 1., 1., 1., 1., 1.,
                      1., 1., 1., 1., 1., 1., 1., 1., 1., 1., 1., 1., 1., 1.,
                      1., 1., 1., 1., 1., 1., 1., 1., 1., 1., 1., 1., 1., 1.,
                      1., 1., 1., 1., 1., 1., 1., 1., 1., 1., 1., 1., 1., 1.,
                      1., 1., 1., 1., 1., 1., 1., 1., 1., 1., 1., 1., 1., 1.,
                      1., 1., 1., 1., 1., 1., 1., 1., 1., 1., 1., 1., 1., 1.,
                      1., 1., 1., 1., 1., 1., 1., 1., 1., 1., 1., 1., 1., 1.,
                      1., 1., 1., 1., 1., 1., 1., 1., 1., 1., 1., 1., 1., 1.,
                      1., 1., 1., 1., 1., 1., 1., 1., 1., 1., 1., 1., 1., 1.,
                      1., 1., 1., 1., 1., 1., 1., 1., 1., 1., 1., 1., 1., 1.,
                      1., 1., 1., 1., 1., 1., 1., 1., 1., 1., 1., 1., 1., 1.,
                      1., 1., 1., 1., 1., 1., 1., 1., 1., 1., 1., 1., 1., 1.,
                      1., 1., 1., 1., 1., 1., 1., 1., 1., 1., 1., 1., 1., 1.,
                      1., 1., 1., 1., 1., 1., 1., 1., 1., 1., 1., 1., 1., 1.,
                      1., 1., 1., 1., 1., 1., 1., 1., 1., 1., 1., 1., 1., 1.,
                      1., 1., 1., 1., 1., 1., 1., 1., 1., 1., 1., 1., 1., 1.,
                      1., 1., 1., 1., 1., 1., 1., 1., 1., 1., 1., 1., 1., 1.,
                      1., 1., 1., 1., 1., 1., 1., 1., 1., 1., 1., 1., 1., 1.,
                      1., 1., 1., 1., 1., 1., 1., 1., 1., 1., 1., 1., 1., 1.,
                      1., 1., 1., 1., 1., 1., 1., 1., 1., 1., 1., 1., 1., 1.,
                      1., 1., 1., 1., 1., 1., 1., 1., 1., 1., 1., 1., 1., 1.,
                      1., 1., 1., 1., 1., 1., 1., 1., 1., 1., 1., 1.]),
       size=(558, 558), nnz=558, layout=torch.sparse_coo)
epoch 0 | batch 0 |train loss 0.6930974125862122
Valid: loss 0.6892639398574829, score:{'roc_auc': 0.7627454870065463, 'MRR': 0.8985507246376813}
Saving model
epoch 0 | batch 1 |train loss 0.6901267766952515
epoch 1 | batch 0 |train loss 0.6761910319328308
Valid: loss 0.6516322493553162, score:{'roc_auc': 0.8325729022019441, 'MRR': 0.9420289855072465}
Saving model
epoch 1 | batch 1 |train loss 0.6507816314697266
epoch 2 | batch 0 |train loss 0.6091765761375427
Valid: loss 0.5303761959075928, score:{'roc_auc': 0.88057925014878, 'MRR': 0.9528985507246376}
Saving model
epoch 2 | batch 1 |train loss 0.5248085856437683
epoch 3 | batch 0 |train loss 0.4725497364997864
Valid: loss 0.4239025413990021, score:{'roc_auc': 0.8845467169212458, 'MRR': 0.9565217391304348}
Saving model
epoch 3 | batch 1 |train loss 0.3937400281429291
epoch 4 | batch 0 |train loss 0.394259512424469
Valid: loss 0.525508463382721, score:{'roc_auc': 0.8902995437413213, 'MRR': 0.9565217391304348}
EarlyStopping counter: 1 out of 3
epoch 4 | batch 1 |train loss 0.37486210465431213
epoch 5 | batch 0 |train loss 0.40971964597702026
Valid: loss 0.49611949920654297, score:{'roc_auc': 0.8924816504661773, 'MRR': 0.967391304347826}
EarlyStopping counter: 2 out of 3
epoch 5 | batch 1 |train loss 0.32528361678123474
epoch 6 | batch 0 |train loss 0.3381832540035248
Valid: loss 0.4581207036972046, score:{'roc_auc': 0.883951596905376, 'MRR': 0.9565217391304348}
Meta keys: dict_keys([6, 3])
Data keys: dict_keys([6, 3])
Edge type: 6, Meta: (1, 2)
Edge type: 3, Meta: (0, 0)
edge type: 6, random_score: {'roc_auc': 0.728854685377999, 'MRR': 0.9767441860465116}, score: {'roc_auc': 0.5790830086904406, 'MRR': 0.8540051679586562}
ROC_AUC: 0.5790830086904406
dataset: amazon_style_cct_features/fold_4, eval_type: 3
edge_list shape: torch.Size([2, 9028])
feat_list shape: [torch.Size([558, 558]), torch.Size([940, 940]), torch.Size([188, 188])]
tensor(indices=tensor([[  0,   1,   2,  ..., 555, 556, 557],
                       [  0,   1,   2,  ..., 555, 556, 557]]),
       values=tensor([1., 1., 1., 1., 1., 1., 1., 1., 1., 1., 1., 1., 1., 1.,
                      1., 1., 1., 1., 1., 1., 1., 1., 1., 1., 1., 1., 1., 1.,
                      1., 1., 1., 1., 1., 1., 1., 1., 1., 1., 1., 1., 1., 1.,
                      1., 1., 1., 1., 1., 1., 1., 1., 1., 1., 1., 1., 1., 1.,
                      1., 1., 1., 1., 1., 1., 1., 1., 1., 1., 1., 1., 1., 1.,
                      1., 1., 1., 1., 1., 1., 1., 1., 1., 1., 1., 1., 1., 1.,
                      1., 1., 1., 1., 1., 1., 1., 1., 1., 1., 1., 1., 1., 1.,
                      1., 1., 1., 1., 1., 1., 1., 1., 1., 1., 1., 1., 1., 1.,
                      1., 1., 1., 1., 1., 1., 1., 1., 1., 1., 1., 1., 1., 1.,
                      1., 1., 1., 1., 1., 1., 1., 1., 1., 1., 1., 1., 1., 1.,
                      1., 1., 1., 1., 1., 1., 1., 1., 1., 1., 1., 1., 1., 1.,
                      1., 1., 1., 1., 1., 1., 1., 1., 1., 1., 1., 1., 1., 1.,
                      1., 1., 1., 1., 1., 1., 1., 1., 1., 1., 1., 1., 1., 1.,
                      1., 1., 1., 1., 1., 1., 1., 1., 1., 1., 1., 1., 1., 1.,
                      1., 1., 1., 1., 1., 1., 1., 1., 1., 1., 1., 1., 1., 1.,
                      1., 1., 1., 1., 1., 1., 1., 1., 1., 1., 1., 1., 1., 1.,
                      1., 1., 1., 1., 1., 1., 1., 1., 1., 1., 1., 1., 1., 1.,
                      1., 1., 1., 1., 1., 1., 1., 1., 1., 1., 1., 1., 1., 1.,
                      1., 1., 1., 1., 1., 1., 1., 1., 1., 1., 1., 1., 1., 1.,
                      1., 1., 1., 1., 1., 1., 1., 1., 1., 1., 1., 1., 1., 1.,
                      1., 1., 1., 1., 1., 1., 1., 1., 1., 1., 1., 1., 1., 1.,
                      1., 1., 1., 1., 1., 1., 1., 1., 1., 1., 1., 1., 1., 1.,
                      1., 1., 1., 1., 1., 1., 1., 1., 1., 1., 1., 1., 1., 1.,
                      1., 1., 1., 1., 1., 1., 1., 1., 1., 1., 1., 1., 1., 1.,
                      1., 1., 1., 1., 1., 1., 1., 1., 1., 1., 1., 1., 1., 1.,
                      1., 1., 1., 1., 1., 1., 1., 1., 1., 1., 1., 1., 1., 1.,
                      1., 1., 1., 1., 1., 1., 1., 1., 1., 1., 1., 1., 1., 1.,
                      1., 1., 1., 1., 1., 1., 1., 1., 1., 1., 1., 1., 1., 1.,
                      1., 1., 1., 1., 1., 1., 1., 1., 1., 1., 1., 1., 1., 1.,
                      1., 1., 1., 1., 1., 1., 1., 1., 1., 1., 1., 1., 1., 1.,
                      1., 1., 1., 1., 1., 1., 1., 1., 1., 1., 1., 1., 1., 1.,
                      1., 1., 1., 1., 1., 1., 1., 1., 1., 1., 1., 1., 1., 1.,
                      1., 1., 1., 1., 1., 1., 1., 1., 1., 1., 1., 1., 1., 1.,
                      1., 1., 1., 1., 1., 1., 1., 1., 1., 1., 1., 1., 1., 1.,
                      1., 1., 1., 1., 1., 1., 1., 1., 1., 1., 1., 1., 1., 1.,
                      1., 1., 1., 1., 1., 1., 1., 1., 1., 1., 1., 1., 1., 1.,
                      1., 1., 1., 1., 1., 1., 1., 1., 1., 1., 1., 1., 1., 1.,
                      1., 1., 1., 1., 1., 1., 1., 1., 1., 1., 1., 1., 1., 1.,
                      1., 1., 1., 1., 1., 1., 1., 1., 1., 1., 1., 1., 1., 1.,
                      1., 1., 1., 1., 1., 1., 1., 1., 1., 1., 1., 1.]),
       size=(558, 558), nnz=558, layout=torch.sparse_coo)
epoch 0 | batch 0 |train loss 0.6280366778373718
Valid: loss 1.15805184841156, score:{'roc_auc': 0.5306122448979592, 'MRR': 0.7857142857142857}
Saving model
epoch 1 | batch 0 |train loss 0.5325503349304199
Valid: loss 1.1122033596038818, score:{'roc_auc': 0.5510204081632654, 'MRR': 0.7857142857142857}
Saving model
epoch 2 | batch 0 |train loss 0.48819705843925476
Valid: loss 1.2687650918960571, score:{'roc_auc': 0.5510204081632654, 'MRR': 0.7857142857142857}
EarlyStopping counter: 1 out of 3
epoch 3 | batch 0 |train loss 0.40635937452316284
Valid: loss 1.6121947765350342, score:{'roc_auc': 0.5510204081632653, 'MRR': 0.7857142857142857}
EarlyStopping counter: 2 out of 3
epoch 4 | batch 0 |train loss 0.3546285629272461
Valid: loss 2.0738039016723633, score:{'roc_auc': 0.5510204081632653, 'MRR': 0.7857142857142857}
Meta keys: dict_keys([6, 3])
Data keys: dict_keys([6, 3])
Edge type: 6, Meta: (1, 2)
Edge type: 3, Meta: (0, 0)
edge type: 3, random_score: {'roc_auc': 0.5109599395313681, 'MRR': 1.0}, score: {'roc_auc': 0.4278812974465148, 'MRR': 0.9166666666666666}
ROC_AUC: 0.4278812974465148
Sec neigh test: score list: defaultdict(<class 'list'>, {'roc_auc': [0.5790830086904406, 0.4278812974465148], 'MRR': [0.8540051679586562, 0.9166666666666666]})
Random test: score list: defaultdict(<class 'list'>, {'roc_auc': [0.728854685377999, 0.5109599395313681], 'MRR': [0.9767441860465116, 1.0]})
Sec neigh test:average score: defaultdict(<class 'list'>, {'roc_auc': 0.5035, 'MRR': 0.8853})
Random test: average score: defaultdict(<class 'list'>, {'roc_auc': 0.6199, 'MRR': 0.9884})
Completed: amazon_style_cct_features/fold_4

--------------------------------------
Running model: GCN
Dataset: amazon_style_cct_features/fold_5
--------------------------------------
use device: cpu
Namespace(data='amazon_style_cct_features/fold_5', model_path='model.pt', train_iter_n=50, cuda=0, checkpoint='', epochs=100, patience=3, n_layers=2, n_heads=[4], dropout=0.5, model='GCN', lr=0.005, weight_decay=0.0, batch_size=1024, edge_sample_ratio=1, test_with_CPU=False, decoder='dismult')
sys_path ['/home/simonettos/homhetgnn/HGB/LP/benchmark/methods/GNN', '/home/simonettos/homhetgnn/sbatches', '/home/simonettos/homhetgnn/HGB/LP/benchmark/methods/baseline', '/home/simonettos/homhetgnn/HGB/LP/benchmark', '/home/simonettos/homhetgnn/HGB/LP/benchmark/methods/GNN', '/home/simonettos/homhetgnn/HGB/LP/benchmark/methods/GNN/utils', '/home/simonettos/homhetgnn/HGB/LP/benchmark/methods/GNN/models', '/deepstore/software/anaconda3/2022.05/lib/python39.zip', '/deepstore/software/anaconda3/2022.05/lib/python3.9', '/deepstore/software/anaconda3/2022.05/lib/python3.9/lib-dynload', '/home/simonettos/homhetgnn/gpuvenv/lib/python3.9/site-packages', '../../', '../../']
Loading nodes from /home/simonettos/homhetgnn/HGB/LP/benchmark/data/amazon_style_cct_features/fold_5/node.dat
edge types: dict_keys([5, 0, 4, 6, 8, 7, 9, 3, 2, 1, 10])
nodes.shift keys: [0, 1, 2]
nodes.count keys: [0, 1, 2]
links.meta: {5: (0, 1), 0: (1, 2), 4: (1, 0), 6: (0, 1), 8: (1, 1), 7: (1, 1), 9: (1, 0), 3: (1, 1), 2: (2, 1), 1: (0, 2), 10: (1, 1)}
t_type about to use: 1
h_type: 0
shift dict: {0: 0, 1: 558, 2: 1498}
count dict: Counter({1: 940, 0: 558, 2: 188})
nodes.shift keys: [0, 1, 2]
nodes.count keys: [0, 1, 2]
links.meta: {5: (0, 1), 0: (1, 2), 4: (1, 0), 6: (0, 1), 8: (1, 1), 7: (1, 1), 9: (1, 0), 3: (1, 1), 2: (2, 1), 1: (0, 2), 10: (1, 1)}
t_type about to use: 1
h_type: 1
shift dict: {0: 0, 1: 558, 2: 1498}
count dict: Counter({1: 940, 0: 558, 2: 188})
Info: load amazon_style_cct_features/fold_5 from original data and generate /home/simonettos/homhetgnn/HGB/LP/benchmark/data/amazon_style_cct_features/fold_5/dl_pickle 
node_type: 0, dim: 558
node_type: 1, dim: 940
node_type: 2, dim: 188
edge types: [6, 3]
dataset: amazon_style_cct_features/fold_5, eval_type: 6
edge_list shape: torch.Size([2, 9012])
feat_list shape: [torch.Size([558, 558]), torch.Size([940, 940]), torch.Size([188, 188])]
tensor(indices=tensor([[  0,   1,   2,  ..., 555, 556, 557],
                       [  0,   1,   2,  ..., 555, 556, 557]]),
       values=tensor([1., 1., 1., 1., 1., 1., 1., 1., 1., 1., 1., 1., 1., 1.,
                      1., 1., 1., 1., 1., 1., 1., 1., 1., 1., 1., 1., 1., 1.,
                      1., 1., 1., 1., 1., 1., 1., 1., 1., 1., 1., 1., 1., 1.,
                      1., 1., 1., 1., 1., 1., 1., 1., 1., 1., 1., 1., 1., 1.,
                      1., 1., 1., 1., 1., 1., 1., 1., 1., 1., 1., 1., 1., 1.,
                      1., 1., 1., 1., 1., 1., 1., 1., 1., 1., 1., 1., 1., 1.,
                      1., 1., 1., 1., 1., 1., 1., 1., 1., 1., 1., 1., 1., 1.,
                      1., 1., 1., 1., 1., 1., 1., 1., 1., 1., 1., 1., 1., 1.,
                      1., 1., 1., 1., 1., 1., 1., 1., 1., 1., 1., 1., 1., 1.,
                      1., 1., 1., 1., 1., 1., 1., 1., 1., 1., 1., 1., 1., 1.,
                      1., 1., 1., 1., 1., 1., 1., 1., 1., 1., 1., 1., 1., 1.,
                      1., 1., 1., 1., 1., 1., 1., 1., 1., 1., 1., 1., 1., 1.,
                      1., 1., 1., 1., 1., 1., 1., 1., 1., 1., 1., 1., 1., 1.,
                      1., 1., 1., 1., 1., 1., 1., 1., 1., 1., 1., 1., 1., 1.,
                      1., 1., 1., 1., 1., 1., 1., 1., 1., 1., 1., 1., 1., 1.,
                      1., 1., 1., 1., 1., 1., 1., 1., 1., 1., 1., 1., 1., 1.,
                      1., 1., 1., 1., 1., 1., 1., 1., 1., 1., 1., 1., 1., 1.,
                      1., 1., 1., 1., 1., 1., 1., 1., 1., 1., 1., 1., 1., 1.,
                      1., 1., 1., 1., 1., 1., 1., 1., 1., 1., 1., 1., 1., 1.,
                      1., 1., 1., 1., 1., 1., 1., 1., 1., 1., 1., 1., 1., 1.,
                      1., 1., 1., 1., 1., 1., 1., 1., 1., 1., 1., 1., 1., 1.,
                      1., 1., 1., 1., 1., 1., 1., 1., 1., 1., 1., 1., 1., 1.,
                      1., 1., 1., 1., 1., 1., 1., 1., 1., 1., 1., 1., 1., 1.,
                      1., 1., 1., 1., 1., 1., 1., 1., 1., 1., 1., 1., 1., 1.,
                      1., 1., 1., 1., 1., 1., 1., 1., 1., 1., 1., 1., 1., 1.,
                      1., 1., 1., 1., 1., 1., 1., 1., 1., 1., 1., 1., 1., 1.,
                      1., 1., 1., 1., 1., 1., 1., 1., 1., 1., 1., 1., 1., 1.,
                      1., 1., 1., 1., 1., 1., 1., 1., 1., 1., 1., 1., 1., 1.,
                      1., 1., 1., 1., 1., 1., 1., 1., 1., 1., 1., 1., 1., 1.,
                      1., 1., 1., 1., 1., 1., 1., 1., 1., 1., 1., 1., 1., 1.,
                      1., 1., 1., 1., 1., 1., 1., 1., 1., 1., 1., 1., 1., 1.,
                      1., 1., 1., 1., 1., 1., 1., 1., 1., 1., 1., 1., 1., 1.,
                      1., 1., 1., 1., 1., 1., 1., 1., 1., 1., 1., 1., 1., 1.,
                      1., 1., 1., 1., 1., 1., 1., 1., 1., 1., 1., 1., 1., 1.,
                      1., 1., 1., 1., 1., 1., 1., 1., 1., 1., 1., 1., 1., 1.,
                      1., 1., 1., 1., 1., 1., 1., 1., 1., 1., 1., 1., 1., 1.,
                      1., 1., 1., 1., 1., 1., 1., 1., 1., 1., 1., 1., 1., 1.,
                      1., 1., 1., 1., 1., 1., 1., 1., 1., 1., 1., 1., 1., 1.,
                      1., 1., 1., 1., 1., 1., 1., 1., 1., 1., 1., 1., 1., 1.,
                      1., 1., 1., 1., 1., 1., 1., 1., 1., 1., 1., 1.]),
       size=(558, 558), nnz=558, layout=torch.sparse_coo)
epoch 0 | batch 0 |train loss 0.6931644082069397
Valid: loss 0.6900529265403748, score:{'roc_auc': 0.7559183673469387, 'MRR': 0.9047619047619048}
Saving model
epoch 0 | batch 1 |train loss 0.6908215880393982
epoch 1 | batch 0 |train loss 0.6811135411262512
Valid: loss 0.6680606007575989, score:{'roc_auc': 0.7465306122448979, 'MRR': 0.9285714285714286}
Saving model
epoch 1 | batch 1 |train loss 0.6649545431137085
epoch 2 | batch 0 |train loss 0.6431889533996582
Valid: loss 0.604006290435791, score:{'roc_auc': 0.8224489795918367, 'MRR': 0.9484126984126985}
Saving model
epoch 2 | batch 1 |train loss 0.5947641730308533
epoch 3 | batch 0 |train loss 0.5269026160240173
Valid: loss 0.5005554556846619, score:{'roc_auc': 0.8479591836734695, 'MRR': 0.9603174603174603}
Saving model
epoch 3 | batch 1 |train loss 0.47251808643341064
epoch 4 | batch 0 |train loss 0.39666467905044556
Valid: loss 0.535065770149231, score:{'roc_auc': 0.8426530612244898, 'MRR': 0.9523809523809523}
EarlyStopping counter: 1 out of 3
epoch 4 | batch 1 |train loss 0.3775053918361664
epoch 5 | batch 0 |train loss 0.34333884716033936
Valid: loss 0.5878885388374329, score:{'roc_auc': 0.8555102040816326, 'MRR': 0.9642857142857143}
EarlyStopping counter: 2 out of 3
epoch 5 | batch 1 |train loss 0.3487939238548279
epoch 6 | batch 0 |train loss 0.28552550077438354
Valid: loss 0.5494731068611145, score:{'roc_auc': 0.8777551020408163, 'MRR': 0.9761904761904762}
Meta keys: dict_keys([6, 3])
Data keys: dict_keys([6, 3])
Edge type: 6, Meta: (1, 0)
Edge type: 3, Meta: (1, 2)
edge type: 6, random_score: {'roc_auc': 0.6822041420118343, 'MRR': 0.9718468468468467}, score: {'roc_auc': 0.5136075949367088, 'MRR': 0.8217342342342342}
ROC_AUC: 0.5136075949367088
dataset: amazon_style_cct_features/fold_5, eval_type: 3
edge_list shape: torch.Size([2, 9012])
feat_list shape: [torch.Size([558, 558]), torch.Size([940, 940]), torch.Size([188, 188])]
tensor(indices=tensor([[  0,   1,   2,  ..., 555, 556, 557],
                       [  0,   1,   2,  ..., 555, 556, 557]]),
       values=tensor([1., 1., 1., 1., 1., 1., 1., 1., 1., 1., 1., 1., 1., 1.,
                      1., 1., 1., 1., 1., 1., 1., 1., 1., 1., 1., 1., 1., 1.,
                      1., 1., 1., 1., 1., 1., 1., 1., 1., 1., 1., 1., 1., 1.,
                      1., 1., 1., 1., 1., 1., 1., 1., 1., 1., 1., 1., 1., 1.,
                      1., 1., 1., 1., 1., 1., 1., 1., 1., 1., 1., 1., 1., 1.,
                      1., 1., 1., 1., 1., 1., 1., 1., 1., 1., 1., 1., 1., 1.,
                      1., 1., 1., 1., 1., 1., 1., 1., 1., 1., 1., 1., 1., 1.,
                      1., 1., 1., 1., 1., 1., 1., 1., 1., 1., 1., 1., 1., 1.,
                      1., 1., 1., 1., 1., 1., 1., 1., 1., 1., 1., 1., 1., 1.,
                      1., 1., 1., 1., 1., 1., 1., 1., 1., 1., 1., 1., 1., 1.,
                      1., 1., 1., 1., 1., 1., 1., 1., 1., 1., 1., 1., 1., 1.,
                      1., 1., 1., 1., 1., 1., 1., 1., 1., 1., 1., 1., 1., 1.,
                      1., 1., 1., 1., 1., 1., 1., 1., 1., 1., 1., 1., 1., 1.,
                      1., 1., 1., 1., 1., 1., 1., 1., 1., 1., 1., 1., 1., 1.,
                      1., 1., 1., 1., 1., 1., 1., 1., 1., 1., 1., 1., 1., 1.,
                      1., 1., 1., 1., 1., 1., 1., 1., 1., 1., 1., 1., 1., 1.,
                      1., 1., 1., 1., 1., 1., 1., 1., 1., 1., 1., 1., 1., 1.,
                      1., 1., 1., 1., 1., 1., 1., 1., 1., 1., 1., 1., 1., 1.,
                      1., 1., 1., 1., 1., 1., 1., 1., 1., 1., 1., 1., 1., 1.,
                      1., 1., 1., 1., 1., 1., 1., 1., 1., 1., 1., 1., 1., 1.,
                      1., 1., 1., 1., 1., 1., 1., 1., 1., 1., 1., 1., 1., 1.,
                      1., 1., 1., 1., 1., 1., 1., 1., 1., 1., 1., 1., 1., 1.,
                      1., 1., 1., 1., 1., 1., 1., 1., 1., 1., 1., 1., 1., 1.,
                      1., 1., 1., 1., 1., 1., 1., 1., 1., 1., 1., 1., 1., 1.,
                      1., 1., 1., 1., 1., 1., 1., 1., 1., 1., 1., 1., 1., 1.,
                      1., 1., 1., 1., 1., 1., 1., 1., 1., 1., 1., 1., 1., 1.,
                      1., 1., 1., 1., 1., 1., 1., 1., 1., 1., 1., 1., 1., 1.,
                      1., 1., 1., 1., 1., 1., 1., 1., 1., 1., 1., 1., 1., 1.,
                      1., 1., 1., 1., 1., 1., 1., 1., 1., 1., 1., 1., 1., 1.,
                      1., 1., 1., 1., 1., 1., 1., 1., 1., 1., 1., 1., 1., 1.,
                      1., 1., 1., 1., 1., 1., 1., 1., 1., 1., 1., 1., 1., 1.,
                      1., 1., 1., 1., 1., 1., 1., 1., 1., 1., 1., 1., 1., 1.,
                      1., 1., 1., 1., 1., 1., 1., 1., 1., 1., 1., 1., 1., 1.,
                      1., 1., 1., 1., 1., 1., 1., 1., 1., 1., 1., 1., 1., 1.,
                      1., 1., 1., 1., 1., 1., 1., 1., 1., 1., 1., 1., 1., 1.,
                      1., 1., 1., 1., 1., 1., 1., 1., 1., 1., 1., 1., 1., 1.,
                      1., 1., 1., 1., 1., 1., 1., 1., 1., 1., 1., 1., 1., 1.,
                      1., 1., 1., 1., 1., 1., 1., 1., 1., 1., 1., 1., 1., 1.,
                      1., 1., 1., 1., 1., 1., 1., 1., 1., 1., 1., 1., 1., 1.,
                      1., 1., 1., 1., 1., 1., 1., 1., 1., 1., 1., 1.]),
       size=(558, 558), nnz=558, layout=torch.sparse_coo)
epoch 0 | batch 0 |train loss 0.5904145836830139
Valid: loss 1.2107263803482056, score:{'roc_auc': 0.125, 'MRR': 0.5}
Saving model
epoch 1 | batch 0 |train loss 0.5097141861915588
Valid: loss 1.4591665267944336, score:{'roc_auc': 0.1875, 'MRR': 0.625}
EarlyStopping counter: 1 out of 3
epoch 2 | batch 0 |train loss 0.43661636114120483
Valid: loss 2.010143518447876, score:{'roc_auc': 0.1875, 'MRR': 0.625}
EarlyStopping counter: 2 out of 3
epoch 3 | batch 0 |train loss 0.38295191526412964
Valid: loss 2.4607324600219727, score:{'roc_auc': 0.1875, 'MRR': 0.625}
Meta keys: dict_keys([6, 3])
Data keys: dict_keys([6, 3])
Edge type: 6, Meta: (1, 0)
Edge type: 3, Meta: (1, 2)
edge type: 3, random_score: {'roc_auc': 0.6261728395061729, 'MRR': 1.0}, score: {'roc_auc': 0.52, 'MRR': 0.8875}
ROC_AUC: 0.52
Sec neigh test: score list: defaultdict(<class 'list'>, {'roc_auc': [0.5136075949367088, 0.52], 'MRR': [0.8217342342342342, 0.8875]})
Random test: score list: defaultdict(<class 'list'>, {'roc_auc': [0.6822041420118343, 0.6261728395061729], 'MRR': [0.9718468468468467, 1.0]})
Sec neigh test:average score: defaultdict(<class 'list'>, {'roc_auc': 0.5168, 'MRR': 0.8546})
Random test: average score: defaultdict(<class 'list'>, {'roc_auc': 0.6542, 'MRR': 0.9859})
Completed: amazon_style_cct_features/fold_5

All jobs completed.
Setup complete
