Starting GCN batch job...
--------------------------------------
Running model: GCN
Dataset: amazon_style_cctt/fold_1
--------------------------------------
use device: cpu
Namespace(data='amazon_style_cctt/fold_1', model_path='model.pt', train_iter_n=50, cuda=0, checkpoint='', epochs=100, patience=3, n_layers=2, n_heads=[4], dropout=0.5, model='GCN', lr=0.005, weight_decay=0.0, batch_size=1024, edge_sample_ratio=1, test_with_CPU=False, decoder='dismult')
sys_path ['/home/simonettos/homhetgnn/HGB/LP/benchmark/methods/GNN', '/home/simonettos/homhetgnn/sbatches', '/home/simonettos/homhetgnn/HGB/LP/benchmark/methods/baseline', '/home/simonettos/homhetgnn/HGB/LP/benchmark', '/home/simonettos/homhetgnn/HGB/LP/benchmark/methods/GNN', '/home/simonettos/homhetgnn/HGB/LP/benchmark/methods/GNN/utils', '/home/simonettos/homhetgnn/HGB/LP/benchmark/methods/GNN/models', '/deepstore/software/anaconda3/2022.05/lib/python39.zip', '/deepstore/software/anaconda3/2022.05/lib/python3.9', '/deepstore/software/anaconda3/2022.05/lib/python3.9/lib-dynload', '/home/simonettos/homhetgnn/gpuvenv/lib/python3.9/site-packages', '../../', '../../']
Loading nodes from /home/simonettos/homhetgnn/HGB/LP/benchmark/data/amazon_style_cctt/fold_1/node.dat
edge types: dict_keys([11, 6, 2, 8, 5, 7, 4, 0, 3, 9, 1, 10])
nodes.shift keys: [0, 1, 2, 3]
nodes.count keys: [0, 1, 2, 3]
links.meta: {11: (1, 1), 6: (2, 1), 2: (0, 1), 8: (1, 0), 5: (2, 1), 7: (2, 2), 4: (0, 1), 0: (1, 0), 3: (0, 1), 9: (2, 2), 1: (2, 1), 10: (0, 2)}
t_type about to use: 1
h_type: 2
shift dict: {0: 0, 1: 558, 2: 1498, 3: 2297}
count dict: Counter({1: 940, 2: 799, 0: 558, 3: 14})
nodes.shift keys: [0, 1, 2, 3]
nodes.count keys: [0, 1, 2, 3]
links.meta: {11: (1, 1), 6: (2, 1), 2: (0, 1), 8: (1, 0), 5: (2, 1), 7: (2, 2), 4: (0, 1), 0: (1, 0), 3: (0, 1), 9: (2, 2), 1: (2, 1), 10: (0, 2)}
t_type about to use: 1
h_type: 0
shift dict: {0: 0, 1: 558, 2: 1498, 3: 2297}
count dict: Counter({1: 940, 2: 799, 0: 558, 3: 14})
Info: load amazon_style_cctt/fold_1 from original data and generate /home/simonettos/homhetgnn/HGB/LP/benchmark/data/amazon_style_cctt/fold_1/dl_pickle 
node_type: 0, dim: 558
node_type: 1, dim: 940
node_type: 2, dim: 799
node_type: 3, dim: 14
edge types: [6, 3]
dataset: amazon_style_cctt/fold_1, eval_type: 6
edge_list shape: torch.Size([2, 11757])
feat_list shape: [torch.Size([558, 558]), torch.Size([940, 940]), torch.Size([799, 799]), torch.Size([14, 14])]
tensor(indices=tensor([[  0,   1,   2,  ..., 555, 556, 557],
                       [  0,   1,   2,  ..., 555, 556, 557]]),
       values=tensor([1., 1., 1., 1., 1., 1., 1., 1., 1., 1., 1., 1., 1., 1.,
                      1., 1., 1., 1., 1., 1., 1., 1., 1., 1., 1., 1., 1., 1.,
                      1., 1., 1., 1., 1., 1., 1., 1., 1., 1., 1., 1., 1., 1.,
                      1., 1., 1., 1., 1., 1., 1., 1., 1., 1., 1., 1., 1., 1.,
                      1., 1., 1., 1., 1., 1., 1., 1., 1., 1., 1., 1., 1., 1.,
                      1., 1., 1., 1., 1., 1., 1., 1., 1., 1., 1., 1., 1., 1.,
                      1., 1., 1., 1., 1., 1., 1., 1., 1., 1., 1., 1., 1., 1.,
                      1., 1., 1., 1., 1., 1., 1., 1., 1., 1., 1., 1., 1., 1.,
                      1., 1., 1., 1., 1., 1., 1., 1., 1., 1., 1., 1., 1., 1.,
                      1., 1., 1., 1., 1., 1., 1., 1., 1., 1., 1., 1., 1., 1.,
                      1., 1., 1., 1., 1., 1., 1., 1., 1., 1., 1., 1., 1., 1.,
                      1., 1., 1., 1., 1., 1., 1., 1., 1., 1., 1., 1., 1., 1.,
                      1., 1., 1., 1., 1., 1., 1., 1., 1., 1., 1., 1., 1., 1.,
                      1., 1., 1., 1., 1., 1., 1., 1., 1., 1., 1., 1., 1., 1.,
                      1., 1., 1., 1., 1., 1., 1., 1., 1., 1., 1., 1., 1., 1.,
                      1., 1., 1., 1., 1., 1., 1., 1., 1., 1., 1., 1., 1., 1.,
                      1., 1., 1., 1., 1., 1., 1., 1., 1., 1., 1., 1., 1., 1.,
                      1., 1., 1., 1., 1., 1., 1., 1., 1., 1., 1., 1., 1., 1.,
                      1., 1., 1., 1., 1., 1., 1., 1., 1., 1., 1., 1., 1., 1.,
                      1., 1., 1., 1., 1., 1., 1., 1., 1., 1., 1., 1., 1., 1.,
                      1., 1., 1., 1., 1., 1., 1., 1., 1., 1., 1., 1., 1., 1.,
                      1., 1., 1., 1., 1., 1., 1., 1., 1., 1., 1., 1., 1., 1.,
                      1., 1., 1., 1., 1., 1., 1., 1., 1., 1., 1., 1., 1., 1.,
                      1., 1., 1., 1., 1., 1., 1., 1., 1., 1., 1., 1., 1., 1.,
                      1., 1., 1., 1., 1., 1., 1., 1., 1., 1., 1., 1., 1., 1.,
                      1., 1., 1., 1., 1., 1., 1., 1., 1., 1., 1., 1., 1., 1.,
                      1., 1., 1., 1., 1., 1., 1., 1., 1., 1., 1., 1., 1., 1.,
                      1., 1., 1., 1., 1., 1., 1., 1., 1., 1., 1., 1., 1., 1.,
                      1., 1., 1., 1., 1., 1., 1., 1., 1., 1., 1., 1., 1., 1.,
                      1., 1., 1., 1., 1., 1., 1., 1., 1., 1., 1., 1., 1., 1.,
                      1., 1., 1., 1., 1., 1., 1., 1., 1., 1., 1., 1., 1., 1.,
                      1., 1., 1., 1., 1., 1., 1., 1., 1., 1., 1., 1., 1., 1.,
                      1., 1., 1., 1., 1., 1., 1., 1., 1., 1., 1., 1., 1., 1.,
                      1., 1., 1., 1., 1., 1., 1., 1., 1., 1., 1., 1., 1., 1.,
                      1., 1., 1., 1., 1., 1., 1., 1., 1., 1., 1., 1., 1., 1.,
                      1., 1., 1., 1., 1., 1., 1., 1., 1., 1., 1., 1., 1., 1.,
                      1., 1., 1., 1., 1., 1., 1., 1., 1., 1., 1., 1., 1., 1.,
                      1., 1., 1., 1., 1., 1., 1., 1., 1., 1., 1., 1., 1., 1.,
                      1., 1., 1., 1., 1., 1., 1., 1., 1., 1., 1., 1., 1., 1.,
                      1., 1., 1., 1., 1., 1., 1., 1., 1., 1., 1., 1.]),
       size=(558, 558), nnz=558, layout=torch.sparse_coo)
epoch 0 | batch 0 |train loss 0.6931588053703308
Valid: loss 0.6912838220596313, score:{'roc_auc': 0.7971597633136095, 'MRR': 0.9081632653061225}
Saving model
epoch 0 | batch 1 |train loss 0.6916540265083313
epoch 1 | batch 0 |train loss 0.6828775405883789
Valid: loss 0.6637442111968994, score:{'roc_auc': 0.8518343195266271, 'MRR': 0.9693877551020408}
Saving model
epoch 1 | batch 1 |train loss 0.6628269553184509
epoch 2 | batch 0 |train loss 0.6235796809196472
Valid: loss 0.5673329830169678, score:{'roc_auc': 0.8944378698224852, 'MRR': 0.9897959183673469}
Saving model
epoch 2 | batch 1 |train loss 0.5522244572639465
epoch 3 | batch 0 |train loss 0.46863919496536255
Valid: loss 0.380776584148407, score:{'roc_auc': 0.9207100591715975, 'MRR': 0.9795918367346939}
Saving model
epoch 3 | batch 1 |train loss 0.39370274543762207
epoch 4 | batch 0 |train loss 0.3373321294784546
Valid: loss 0.3644789457321167, score:{'roc_auc': 0.9233136094674557, 'MRR': 0.9795918367346939}
Saving model
epoch 4 | batch 1 |train loss 0.3251460790634155
epoch 5 | batch 0 |train loss 0.29741400480270386
Valid: loss 0.41795778274536133, score:{'roc_auc': 0.9136094674556213, 'MRR': 0.9693877551020408}
EarlyStopping counter: 1 out of 3
epoch 5 | batch 1 |train loss 0.25352007150650024
epoch 6 | batch 0 |train loss 0.2429993897676468
Valid: loss 0.46479398012161255, score:{'roc_auc': 0.9093491124260354, 'MRR': 0.9591836734693877}
EarlyStopping counter: 2 out of 3
epoch 6 | batch 1 |train loss 0.2459096908569336
epoch 7 | batch 0 |train loss 0.20778286457061768
Valid: loss 0.40414610505104065, score:{'roc_auc': 0.9155029585798817, 'MRR': 0.9693877551020408}
Meta keys: dict_keys([6, 3])
Data keys: dict_keys([6, 3])
Edge type: 6, Meta: (0, 1)
Edge type: 3, Meta: (2, 2)
edge type: 6, random_score: {'roc_auc': 0.8799572657444418, 'MRR': 1.0}, score: {'roc_auc': 0.8134022629730785, 'MRR': 0.9806201550387597}
ROC_AUC: 0.8134022629730785
dataset: amazon_style_cctt/fold_1, eval_type: 3
edge_list shape: torch.Size([2, 11757])
feat_list shape: [torch.Size([558, 558]), torch.Size([940, 940]), torch.Size([799, 799]), torch.Size([14, 14])]
tensor(indices=tensor([[  0,   1,   2,  ..., 555, 556, 557],
                       [  0,   1,   2,  ..., 555, 556, 557]]),
       values=tensor([1., 1., 1., 1., 1., 1., 1., 1., 1., 1., 1., 1., 1., 1.,
                      1., 1., 1., 1., 1., 1., 1., 1., 1., 1., 1., 1., 1., 1.,
                      1., 1., 1., 1., 1., 1., 1., 1., 1., 1., 1., 1., 1., 1.,
                      1., 1., 1., 1., 1., 1., 1., 1., 1., 1., 1., 1., 1., 1.,
                      1., 1., 1., 1., 1., 1., 1., 1., 1., 1., 1., 1., 1., 1.,
                      1., 1., 1., 1., 1., 1., 1., 1., 1., 1., 1., 1., 1., 1.,
                      1., 1., 1., 1., 1., 1., 1., 1., 1., 1., 1., 1., 1., 1.,
                      1., 1., 1., 1., 1., 1., 1., 1., 1., 1., 1., 1., 1., 1.,
                      1., 1., 1., 1., 1., 1., 1., 1., 1., 1., 1., 1., 1., 1.,
                      1., 1., 1., 1., 1., 1., 1., 1., 1., 1., 1., 1., 1., 1.,
                      1., 1., 1., 1., 1., 1., 1., 1., 1., 1., 1., 1., 1., 1.,
                      1., 1., 1., 1., 1., 1., 1., 1., 1., 1., 1., 1., 1., 1.,
                      1., 1., 1., 1., 1., 1., 1., 1., 1., 1., 1., 1., 1., 1.,
                      1., 1., 1., 1., 1., 1., 1., 1., 1., 1., 1., 1., 1., 1.,
                      1., 1., 1., 1., 1., 1., 1., 1., 1., 1., 1., 1., 1., 1.,
                      1., 1., 1., 1., 1., 1., 1., 1., 1., 1., 1., 1., 1., 1.,
                      1., 1., 1., 1., 1., 1., 1., 1., 1., 1., 1., 1., 1., 1.,
                      1., 1., 1., 1., 1., 1., 1., 1., 1., 1., 1., 1., 1., 1.,
                      1., 1., 1., 1., 1., 1., 1., 1., 1., 1., 1., 1., 1., 1.,
                      1., 1., 1., 1., 1., 1., 1., 1., 1., 1., 1., 1., 1., 1.,
                      1., 1., 1., 1., 1., 1., 1., 1., 1., 1., 1., 1., 1., 1.,
                      1., 1., 1., 1., 1., 1., 1., 1., 1., 1., 1., 1., 1., 1.,
                      1., 1., 1., 1., 1., 1., 1., 1., 1., 1., 1., 1., 1., 1.,
                      1., 1., 1., 1., 1., 1., 1., 1., 1., 1., 1., 1., 1., 1.,
                      1., 1., 1., 1., 1., 1., 1., 1., 1., 1., 1., 1., 1., 1.,
                      1., 1., 1., 1., 1., 1., 1., 1., 1., 1., 1., 1., 1., 1.,
                      1., 1., 1., 1., 1., 1., 1., 1., 1., 1., 1., 1., 1., 1.,
                      1., 1., 1., 1., 1., 1., 1., 1., 1., 1., 1., 1., 1., 1.,
                      1., 1., 1., 1., 1., 1., 1., 1., 1., 1., 1., 1., 1., 1.,
                      1., 1., 1., 1., 1., 1., 1., 1., 1., 1., 1., 1., 1., 1.,
                      1., 1., 1., 1., 1., 1., 1., 1., 1., 1., 1., 1., 1., 1.,
                      1., 1., 1., 1., 1., 1., 1., 1., 1., 1., 1., 1., 1., 1.,
                      1., 1., 1., 1., 1., 1., 1., 1., 1., 1., 1., 1., 1., 1.,
                      1., 1., 1., 1., 1., 1., 1., 1., 1., 1., 1., 1., 1., 1.,
                      1., 1., 1., 1., 1., 1., 1., 1., 1., 1., 1., 1., 1., 1.,
                      1., 1., 1., 1., 1., 1., 1., 1., 1., 1., 1., 1., 1., 1.,
                      1., 1., 1., 1., 1., 1., 1., 1., 1., 1., 1., 1., 1., 1.,
                      1., 1., 1., 1., 1., 1., 1., 1., 1., 1., 1., 1., 1., 1.,
                      1., 1., 1., 1., 1., 1., 1., 1., 1., 1., 1., 1., 1., 1.,
                      1., 1., 1., 1., 1., 1., 1., 1., 1., 1., 1., 1.]),
       size=(558, 558), nnz=558, layout=torch.sparse_coo)
epoch 0 | batch 0 |train loss 1.1978487968444824
Valid: loss 1.0725833177566528, score:{'roc_auc': 0.5555555555555556, 'MRR': 0.75}
Saving model
epoch 1 | batch 0 |train loss 0.6886802911758423
Valid: loss 0.7373116612434387, score:{'roc_auc': 0.5833333333333334, 'MRR': 0.75}
Saving model
epoch 2 | batch 0 |train loss 0.5829409956932068
Valid: loss 0.6023004055023193, score:{'roc_auc': 0.7222222222222222, 'MRR': 0.9166666666666666}
Saving model
epoch 3 | batch 0 |train loss 0.5325848460197449
Valid: loss 0.5358372926712036, score:{'roc_auc': 0.8333333333333333, 'MRR': 0.9166666666666666}
Saving model
epoch 4 | batch 0 |train loss 0.5045248866081238
Valid: loss 0.4887113869190216, score:{'roc_auc': 0.888888888888889, 'MRR': 1.0}
Saving model
epoch 5 | batch 0 |train loss 0.47576674818992615
Valid: loss 0.44548165798187256, score:{'roc_auc': 0.9166666666666667, 'MRR': 1.0}
Saving model
epoch 6 | batch 0 |train loss 0.4435785412788391
Valid: loss 0.4062853157520294, score:{'roc_auc': 0.9444444444444445, 'MRR': 1.0}
Saving model
epoch 7 | batch 0 |train loss 0.4019011855125427
Valid: loss 0.3743557929992676, score:{'roc_auc': 0.9166666666666667, 'MRR': 0.9166666666666666}
Saving model
epoch 8 | batch 0 |train loss 0.3663834035396576
Valid: loss 0.3579331934452057, score:{'roc_auc': 0.9166666666666667, 'MRR': 0.9166666666666666}
Saving model
epoch 9 | batch 0 |train loss 0.33644214272499084
Valid: loss 0.35814952850341797, score:{'roc_auc': 0.888888888888889, 'MRR': 0.9166666666666666}
EarlyStopping counter: 1 out of 3
epoch 10 | batch 0 |train loss 0.29585278034210205
Valid: loss 0.37867751717567444, score:{'roc_auc': 0.888888888888889, 'MRR': 0.9166666666666666}
EarlyStopping counter: 2 out of 3
epoch 11 | batch 0 |train loss 0.255141019821167
Valid: loss 0.42398545145988464, score:{'roc_auc': 0.888888888888889, 'MRR': 0.9166666666666666}
Meta keys: dict_keys([6, 3])
Data keys: dict_keys([6, 3])
Edge type: 6, Meta: (0, 1)
Edge type: 3, Meta: (2, 2)
edge type: 3, random_score: {'roc_auc': 0.5907118055555555, 'MRR': 1.0}, score: {'roc_auc': 0.2604166666666667, 'MRR': 0.9047619047619048}
ROC_AUC: 0.2604166666666667
Sec neigh test: score list: defaultdict(<class 'list'>, {'roc_auc': [0.8134022629730785, 0.2604166666666667], 'MRR': [0.9806201550387597, 0.9047619047619048]})
Random test: score list: defaultdict(<class 'list'>, {'roc_auc': [0.8799572657444418, 0.5907118055555555], 'MRR': [1.0, 1.0]})
Sec neigh test:average score: defaultdict(<class 'list'>, {'roc_auc': 0.5369, 'MRR': 0.9427})
Random test: average score: defaultdict(<class 'list'>, {'roc_auc': 0.7353, 'MRR': 1.0})
Completed: amazon_style_cctt/fold_1

--------------------------------------
Running model: GCN
Dataset: amazon_style_cctt/fold_2
--------------------------------------
use device: cpu
Namespace(data='amazon_style_cctt/fold_2', model_path='model.pt', train_iter_n=50, cuda=0, checkpoint='', epochs=100, patience=3, n_layers=2, n_heads=[4], dropout=0.5, model='GCN', lr=0.005, weight_decay=0.0, batch_size=1024, edge_sample_ratio=1, test_with_CPU=False, decoder='dismult')
sys_path ['/home/simonettos/homhetgnn/HGB/LP/benchmark/methods/GNN', '/home/simonettos/homhetgnn/sbatches', '/home/simonettos/homhetgnn/HGB/LP/benchmark/methods/baseline', '/home/simonettos/homhetgnn/HGB/LP/benchmark', '/home/simonettos/homhetgnn/HGB/LP/benchmark/methods/GNN', '/home/simonettos/homhetgnn/HGB/LP/benchmark/methods/GNN/utils', '/home/simonettos/homhetgnn/HGB/LP/benchmark/methods/GNN/models', '/deepstore/software/anaconda3/2022.05/lib/python39.zip', '/deepstore/software/anaconda3/2022.05/lib/python3.9', '/deepstore/software/anaconda3/2022.05/lib/python3.9/lib-dynload', '/home/simonettos/homhetgnn/gpuvenv/lib/python3.9/site-packages', '../../', '../../']
Loading nodes from /home/simonettos/homhetgnn/HGB/LP/benchmark/data/amazon_style_cctt/fold_2/node.dat
edge types: dict_keys([6, 4, 11, 7, 5, 0, 2, 1, 8, 3, 9, 10])
nodes.shift keys: [0, 1, 2, 3]
nodes.count keys: [0, 1, 2, 3]
links.meta: {6: (0, 1), 4: (0, 1), 11: (2, 0), 7: (1, 2), 5: (1, 2), 0: (2, 1), 2: (1, 1), 1: (0, 0), 8: (1, 2), 3: (2, 2), 9: (2, 2), 10: (1, 1)}
t_type about to use: 1
h_type: 0
shift dict: {0: 0, 1: 558, 2: 1498, 3: 2297}
count dict: Counter({1: 940, 2: 799, 0: 558, 3: 14})
nodes.shift keys: [0, 1, 2, 3]
nodes.count keys: [0, 1, 2, 3]
links.meta: {6: (0, 1), 4: (0, 1), 11: (2, 0), 7: (1, 2), 5: (1, 2), 0: (2, 1), 2: (1, 1), 1: (0, 0), 8: (1, 2), 3: (2, 2), 9: (2, 2), 10: (1, 1)}
t_type about to use: 2
h_type: 2
shift dict: {0: 0, 1: 558, 2: 1498, 3: 2297}
count dict: Counter({1: 940, 2: 799, 0: 558, 3: 14})
Info: load amazon_style_cctt/fold_2 from original data and generate /home/simonettos/homhetgnn/HGB/LP/benchmark/data/amazon_style_cctt/fold_2/dl_pickle 
node_type: 0, dim: 558
node_type: 1, dim: 940
node_type: 2, dim: 799
node_type: 3, dim: 14
edge types: [6, 3]
dataset: amazon_style_cctt/fold_2, eval_type: 6
edge_list shape: torch.Size([2, 11761])
feat_list shape: [torch.Size([558, 558]), torch.Size([940, 940]), torch.Size([799, 799]), torch.Size([14, 14])]
tensor(indices=tensor([[  0,   1,   2,  ..., 555, 556, 557],
                       [  0,   1,   2,  ..., 555, 556, 557]]),
       values=tensor([1., 1., 1., 1., 1., 1., 1., 1., 1., 1., 1., 1., 1., 1.,
                      1., 1., 1., 1., 1., 1., 1., 1., 1., 1., 1., 1., 1., 1.,
                      1., 1., 1., 1., 1., 1., 1., 1., 1., 1., 1., 1., 1., 1.,
                      1., 1., 1., 1., 1., 1., 1., 1., 1., 1., 1., 1., 1., 1.,
                      1., 1., 1., 1., 1., 1., 1., 1., 1., 1., 1., 1., 1., 1.,
                      1., 1., 1., 1., 1., 1., 1., 1., 1., 1., 1., 1., 1., 1.,
                      1., 1., 1., 1., 1., 1., 1., 1., 1., 1., 1., 1., 1., 1.,
                      1., 1., 1., 1., 1., 1., 1., 1., 1., 1., 1., 1., 1., 1.,
                      1., 1., 1., 1., 1., 1., 1., 1., 1., 1., 1., 1., 1., 1.,
                      1., 1., 1., 1., 1., 1., 1., 1., 1., 1., 1., 1., 1., 1.,
                      1., 1., 1., 1., 1., 1., 1., 1., 1., 1., 1., 1., 1., 1.,
                      1., 1., 1., 1., 1., 1., 1., 1., 1., 1., 1., 1., 1., 1.,
                      1., 1., 1., 1., 1., 1., 1., 1., 1., 1., 1., 1., 1., 1.,
                      1., 1., 1., 1., 1., 1., 1., 1., 1., 1., 1., 1., 1., 1.,
                      1., 1., 1., 1., 1., 1., 1., 1., 1., 1., 1., 1., 1., 1.,
                      1., 1., 1., 1., 1., 1., 1., 1., 1., 1., 1., 1., 1., 1.,
                      1., 1., 1., 1., 1., 1., 1., 1., 1., 1., 1., 1., 1., 1.,
                      1., 1., 1., 1., 1., 1., 1., 1., 1., 1., 1., 1., 1., 1.,
                      1., 1., 1., 1., 1., 1., 1., 1., 1., 1., 1., 1., 1., 1.,
                      1., 1., 1., 1., 1., 1., 1., 1., 1., 1., 1., 1., 1., 1.,
                      1., 1., 1., 1., 1., 1., 1., 1., 1., 1., 1., 1., 1., 1.,
                      1., 1., 1., 1., 1., 1., 1., 1., 1., 1., 1., 1., 1., 1.,
                      1., 1., 1., 1., 1., 1., 1., 1., 1., 1., 1., 1., 1., 1.,
                      1., 1., 1., 1., 1., 1., 1., 1., 1., 1., 1., 1., 1., 1.,
                      1., 1., 1., 1., 1., 1., 1., 1., 1., 1., 1., 1., 1., 1.,
                      1., 1., 1., 1., 1., 1., 1., 1., 1., 1., 1., 1., 1., 1.,
                      1., 1., 1., 1., 1., 1., 1., 1., 1., 1., 1., 1., 1., 1.,
                      1., 1., 1., 1., 1., 1., 1., 1., 1., 1., 1., 1., 1., 1.,
                      1., 1., 1., 1., 1., 1., 1., 1., 1., 1., 1., 1., 1., 1.,
                      1., 1., 1., 1., 1., 1., 1., 1., 1., 1., 1., 1., 1., 1.,
                      1., 1., 1., 1., 1., 1., 1., 1., 1., 1., 1., 1., 1., 1.,
                      1., 1., 1., 1., 1., 1., 1., 1., 1., 1., 1., 1., 1., 1.,
                      1., 1., 1., 1., 1., 1., 1., 1., 1., 1., 1., 1., 1., 1.,
                      1., 1., 1., 1., 1., 1., 1., 1., 1., 1., 1., 1., 1., 1.,
                      1., 1., 1., 1., 1., 1., 1., 1., 1., 1., 1., 1., 1., 1.,
                      1., 1., 1., 1., 1., 1., 1., 1., 1., 1., 1., 1., 1., 1.,
                      1., 1., 1., 1., 1., 1., 1., 1., 1., 1., 1., 1., 1., 1.,
                      1., 1., 1., 1., 1., 1., 1., 1., 1., 1., 1., 1., 1., 1.,
                      1., 1., 1., 1., 1., 1., 1., 1., 1., 1., 1., 1., 1., 1.,
                      1., 1., 1., 1., 1., 1., 1., 1., 1., 1., 1., 1.]),
       size=(558, 558), nnz=558, layout=torch.sparse_coo)
epoch 0 | batch 0 |train loss 0.693185567855835
Valid: loss 0.6886663436889648, score:{'roc_auc': 0.7653856490190809, 'MRR': 0.8977272727272727}
Saving model
epoch 0 | batch 1 |train loss 0.6884293556213379
epoch 1 | batch 0 |train loss 0.669212818145752
Valid: loss 0.6396932601928711, score:{'roc_auc': 0.8409029830690675, 'MRR': 0.9280303030303029}
Saving model
epoch 1 | batch 1 |train loss 0.6342055797576904
epoch 2 | batch 0 |train loss 0.5723657608032227
Valid: loss 0.49304670095443726, score:{'roc_auc': 0.8812147272238645, 'MRR': 0.9318181818181818}
Saving model
epoch 2 | batch 1 |train loss 0.4896757900714874
epoch 3 | batch 0 |train loss 0.4133557975292206
Valid: loss 0.44570839405059814, score:{'roc_auc': 0.8906208008599839, 'MRR': 0.9431818181818182}
Saving model
epoch 3 | batch 1 |train loss 0.37495532631874084
epoch 4 | batch 0 |train loss 0.33403581380844116
Valid: loss 0.5316119194030762, score:{'roc_auc': 0.9013705993012632, 'MRR': 0.9545454545454546}
EarlyStopping counter: 1 out of 3
epoch 4 | batch 1 |train loss 0.32306280732154846
epoch 5 | batch 0 |train loss 0.29798004031181335
Valid: loss 0.4803656041622162, score:{'roc_auc': 0.9107766729373824, 'MRR': 0.9659090909090909}
EarlyStopping counter: 2 out of 3
epoch 5 | batch 1 |train loss 0.3161691725254059
epoch 6 | batch 0 |train loss 0.24883969128131866
Valid: loss 0.4192430377006531, score:{'roc_auc': 0.9099704380542865, 'MRR': 0.9772727272727273}
Saving model
epoch 6 | batch 1 |train loss 0.2542229890823364
epoch 7 | batch 0 |train loss 0.2453446388244629
Valid: loss 0.3651636242866516, score:{'roc_auc': 0.9220639613007255, 'MRR': 0.9659090909090909}
Saving model
epoch 7 | batch 1 |train loss 0.2318587303161621
epoch 8 | batch 0 |train loss 0.21560634672641754
Valid: loss 0.35812222957611084, score:{'roc_auc': 0.9250201558720774, 'MRR': 0.9772727272727273}
Saving model
epoch 8 | batch 1 |train loss 0.22324493527412415
epoch 9 | batch 0 |train loss 0.1873570680618286
Valid: loss 0.40922245383262634, score:{'roc_auc': 0.9201827465735017, 'MRR': 0.9772727272727273}
EarlyStopping counter: 1 out of 3
epoch 9 | batch 1 |train loss 0.20315897464752197
epoch 10 | batch 0 |train loss 0.1779424548149109
Valid: loss 0.48783594369888306, score:{'roc_auc': 0.9148078473528621, 'MRR': 0.9772727272727273}
EarlyStopping counter: 2 out of 3
epoch 10 | batch 1 |train loss 0.19032154977321625
epoch 11 | batch 0 |train loss 0.1631252020597458
Valid: loss 0.5853579640388489, score:{'roc_auc': 0.9115829078204782, 'MRR': 0.9772727272727273}
Meta keys: dict_keys([6, 3])
Data keys: dict_keys([6, 3])
Edge type: 6, Meta: (2, 1)
Edge type: 3, Meta: (0, 1)
edge type: 6, random_score: {'roc_auc': 0.7799810964083176, 'MRR': 1.0}, score: {'roc_auc': 0.8369565217391304, 'MRR': 0.9758064516129032}
ROC_AUC: 0.8369565217391304
dataset: amazon_style_cctt/fold_2, eval_type: 3
edge_list shape: torch.Size([2, 11761])
feat_list shape: [torch.Size([558, 558]), torch.Size([940, 940]), torch.Size([799, 799]), torch.Size([14, 14])]
tensor(indices=tensor([[  0,   1,   2,  ..., 555, 556, 557],
                       [  0,   1,   2,  ..., 555, 556, 557]]),
       values=tensor([1., 1., 1., 1., 1., 1., 1., 1., 1., 1., 1., 1., 1., 1.,
                      1., 1., 1., 1., 1., 1., 1., 1., 1., 1., 1., 1., 1., 1.,
                      1., 1., 1., 1., 1., 1., 1., 1., 1., 1., 1., 1., 1., 1.,
                      1., 1., 1., 1., 1., 1., 1., 1., 1., 1., 1., 1., 1., 1.,
                      1., 1., 1., 1., 1., 1., 1., 1., 1., 1., 1., 1., 1., 1.,
                      1., 1., 1., 1., 1., 1., 1., 1., 1., 1., 1., 1., 1., 1.,
                      1., 1., 1., 1., 1., 1., 1., 1., 1., 1., 1., 1., 1., 1.,
                      1., 1., 1., 1., 1., 1., 1., 1., 1., 1., 1., 1., 1., 1.,
                      1., 1., 1., 1., 1., 1., 1., 1., 1., 1., 1., 1., 1., 1.,
                      1., 1., 1., 1., 1., 1., 1., 1., 1., 1., 1., 1., 1., 1.,
                      1., 1., 1., 1., 1., 1., 1., 1., 1., 1., 1., 1., 1., 1.,
                      1., 1., 1., 1., 1., 1., 1., 1., 1., 1., 1., 1., 1., 1.,
                      1., 1., 1., 1., 1., 1., 1., 1., 1., 1., 1., 1., 1., 1.,
                      1., 1., 1., 1., 1., 1., 1., 1., 1., 1., 1., 1., 1., 1.,
                      1., 1., 1., 1., 1., 1., 1., 1., 1., 1., 1., 1., 1., 1.,
                      1., 1., 1., 1., 1., 1., 1., 1., 1., 1., 1., 1., 1., 1.,
                      1., 1., 1., 1., 1., 1., 1., 1., 1., 1., 1., 1., 1., 1.,
                      1., 1., 1., 1., 1., 1., 1., 1., 1., 1., 1., 1., 1., 1.,
                      1., 1., 1., 1., 1., 1., 1., 1., 1., 1., 1., 1., 1., 1.,
                      1., 1., 1., 1., 1., 1., 1., 1., 1., 1., 1., 1., 1., 1.,
                      1., 1., 1., 1., 1., 1., 1., 1., 1., 1., 1., 1., 1., 1.,
                      1., 1., 1., 1., 1., 1., 1., 1., 1., 1., 1., 1., 1., 1.,
                      1., 1., 1., 1., 1., 1., 1., 1., 1., 1., 1., 1., 1., 1.,
                      1., 1., 1., 1., 1., 1., 1., 1., 1., 1., 1., 1., 1., 1.,
                      1., 1., 1., 1., 1., 1., 1., 1., 1., 1., 1., 1., 1., 1.,
                      1., 1., 1., 1., 1., 1., 1., 1., 1., 1., 1., 1., 1., 1.,
                      1., 1., 1., 1., 1., 1., 1., 1., 1., 1., 1., 1., 1., 1.,
                      1., 1., 1., 1., 1., 1., 1., 1., 1., 1., 1., 1., 1., 1.,
                      1., 1., 1., 1., 1., 1., 1., 1., 1., 1., 1., 1., 1., 1.,
                      1., 1., 1., 1., 1., 1., 1., 1., 1., 1., 1., 1., 1., 1.,
                      1., 1., 1., 1., 1., 1., 1., 1., 1., 1., 1., 1., 1., 1.,
                      1., 1., 1., 1., 1., 1., 1., 1., 1., 1., 1., 1., 1., 1.,
                      1., 1., 1., 1., 1., 1., 1., 1., 1., 1., 1., 1., 1., 1.,
                      1., 1., 1., 1., 1., 1., 1., 1., 1., 1., 1., 1., 1., 1.,
                      1., 1., 1., 1., 1., 1., 1., 1., 1., 1., 1., 1., 1., 1.,
                      1., 1., 1., 1., 1., 1., 1., 1., 1., 1., 1., 1., 1., 1.,
                      1., 1., 1., 1., 1., 1., 1., 1., 1., 1., 1., 1., 1., 1.,
                      1., 1., 1., 1., 1., 1., 1., 1., 1., 1., 1., 1., 1., 1.,
                      1., 1., 1., 1., 1., 1., 1., 1., 1., 1., 1., 1., 1., 1.,
                      1., 1., 1., 1., 1., 1., 1., 1., 1., 1., 1., 1.]),
       size=(558, 558), nnz=558, layout=torch.sparse_coo)
epoch 0 | batch 0 |train loss 2.014596462249756
Valid: loss 1.1461836099624634, score:{'roc_auc': 0.359375, 'MRR': 0.5}
Saving model
epoch 1 | batch 0 |train loss 1.063156247138977
Valid: loss 0.8377442955970764, score:{'roc_auc': 0.390625, 'MRR': 0.5625}
Saving model
epoch 2 | batch 0 |train loss 0.7323210835456848
Valid: loss 0.7595841884613037, score:{'roc_auc': 0.40625, 'MRR': 0.6875}
Saving model
epoch 3 | batch 0 |train loss 0.6734469532966614
Valid: loss 0.7373824119567871, score:{'roc_auc': 0.390625, 'MRR': 0.6875}
Saving model
epoch 4 | batch 0 |train loss 0.6640137434005737
Valid: loss 0.7256361246109009, score:{'roc_auc': 0.34375, 'MRR': 0.6875}
Saving model
epoch 5 | batch 0 |train loss 0.6655938029289246
Valid: loss 0.7132605910301208, score:{'roc_auc': 0.40625, 'MRR': 0.6875}
Saving model
epoch 6 | batch 0 |train loss 0.6702345609664917
Valid: loss 0.6992173790931702, score:{'roc_auc': 0.4375, 'MRR': 0.6875}
Saving model
epoch 7 | batch 0 |train loss 0.6601042151451111
Valid: loss 0.6837791800498962, score:{'roc_auc': 0.484375, 'MRR': 0.75}
Saving model
epoch 8 | batch 0 |train loss 0.6506086587905884
Valid: loss 0.668079137802124, score:{'roc_auc': 0.65625, 'MRR': 0.875}
Saving model
epoch 9 | batch 0 |train loss 0.6368134021759033
Valid: loss 0.6548169851303101, score:{'roc_auc': 0.71875, 'MRR': 0.875}
Saving model
epoch 10 | batch 0 |train loss 0.6220787763595581
Valid: loss 0.6472789645195007, score:{'roc_auc': 0.734375, 'MRR': 0.875}
Saving model
epoch 11 | batch 0 |train loss 0.6020033955574036
Valid: loss 0.6484113335609436, score:{'roc_auc': 0.671875, 'MRR': 0.8125}
EarlyStopping counter: 1 out of 3
epoch 12 | batch 0 |train loss 0.5826733708381653
Valid: loss 0.6562570333480835, score:{'roc_auc': 0.65625, 'MRR': 0.8125}
EarlyStopping counter: 2 out of 3
epoch 13 | batch 0 |train loss 0.5659593939781189
Valid: loss 0.6550829410552979, score:{'roc_auc': 0.734375, 'MRR': 0.875}
Meta keys: dict_keys([6, 3])
Data keys: dict_keys([6, 3])
Edge type: 6, Meta: (2, 1)
Edge type: 3, Meta: (0, 1)
edge type: 3, random_score: {'roc_auc': 0.7602880658436213, 'MRR': 1.0}, score: {'roc_auc': 0.37191358024691357, 'MRR': 0.93}
ROC_AUC: 0.37191358024691357
Sec neigh test: score list: defaultdict(<class 'list'>, {'roc_auc': [0.8369565217391304, 0.37191358024691357], 'MRR': [0.9758064516129032, 0.93]})
Random test: score list: defaultdict(<class 'list'>, {'roc_auc': [0.7799810964083176, 0.7602880658436213], 'MRR': [1.0, 1.0]})
Sec neigh test:average score: defaultdict(<class 'list'>, {'roc_auc': 0.6044, 'MRR': 0.9529})
Random test: average score: defaultdict(<class 'list'>, {'roc_auc': 0.7701, 'MRR': 1.0})
Completed: amazon_style_cctt/fold_2

--------------------------------------
Running model: GCN
Dataset: amazon_style_cctt/fold_3
--------------------------------------
use device: cpu
Namespace(data='amazon_style_cctt/fold_3', model_path='model.pt', train_iter_n=50, cuda=0, checkpoint='', epochs=100, patience=3, n_layers=2, n_heads=[4], dropout=0.5, model='GCN', lr=0.005, weight_decay=0.0, batch_size=1024, edge_sample_ratio=1, test_with_CPU=False, decoder='dismult')
sys_path ['/home/simonettos/homhetgnn/HGB/LP/benchmark/methods/GNN', '/home/simonettos/homhetgnn/sbatches', '/home/simonettos/homhetgnn/HGB/LP/benchmark/methods/baseline', '/home/simonettos/homhetgnn/HGB/LP/benchmark', '/home/simonettos/homhetgnn/HGB/LP/benchmark/methods/GNN', '/home/simonettos/homhetgnn/HGB/LP/benchmark/methods/GNN/utils', '/home/simonettos/homhetgnn/HGB/LP/benchmark/methods/GNN/models', '/deepstore/software/anaconda3/2022.05/lib/python39.zip', '/deepstore/software/anaconda3/2022.05/lib/python3.9', '/deepstore/software/anaconda3/2022.05/lib/python3.9/lib-dynload', '/home/simonettos/homhetgnn/gpuvenv/lib/python3.9/site-packages', '../../', '../../']
Loading nodes from /home/simonettos/homhetgnn/HGB/LP/benchmark/data/amazon_style_cctt/fold_3/node.dat
edge types: dict_keys([6, 4, 11, 7, 5, 0, 2, 1, 8, 3, 9, 10])
nodes.shift keys: [0, 1, 2, 3]
nodes.count keys: [0, 1, 2, 3]
links.meta: {6: (0, 1), 4: (0, 1), 11: (2, 0), 7: (1, 2), 5: (1, 2), 0: (2, 1), 2: (1, 1), 1: (0, 0), 8: (1, 2), 3: (2, 2), 9: (2, 2), 10: (0, 2)}
t_type about to use: 1
h_type: 0
shift dict: {0: 0, 1: 558, 2: 1498, 3: 2297}
count dict: Counter({1: 940, 2: 799, 0: 558, 3: 14})
nodes.shift keys: [0, 1, 2, 3]
nodes.count keys: [0, 1, 2, 3]
links.meta: {6: (0, 1), 4: (0, 1), 11: (2, 0), 7: (1, 2), 5: (1, 2), 0: (2, 1), 2: (1, 1), 1: (0, 0), 8: (1, 2), 3: (2, 2), 9: (2, 2), 10: (0, 2)}
t_type about to use: 2
h_type: 2
shift dict: {0: 0, 1: 558, 2: 1498, 3: 2297}
count dict: Counter({1: 940, 2: 799, 0: 558, 3: 14})
Info: load amazon_style_cctt/fold_3 from original data and generate /home/simonettos/homhetgnn/HGB/LP/benchmark/data/amazon_style_cctt/fold_3/dl_pickle 
node_type: 0, dim: 558
node_type: 1, dim: 940
node_type: 2, dim: 799
node_type: 3, dim: 14
edge types: [6, 3]
dataset: amazon_style_cctt/fold_3, eval_type: 6
edge_list shape: torch.Size([2, 11653])
feat_list shape: [torch.Size([558, 558]), torch.Size([940, 940]), torch.Size([799, 799]), torch.Size([14, 14])]
tensor(indices=tensor([[  0,   1,   2,  ..., 555, 556, 557],
                       [  0,   1,   2,  ..., 555, 556, 557]]),
       values=tensor([1., 1., 1., 1., 1., 1., 1., 1., 1., 1., 1., 1., 1., 1.,
                      1., 1., 1., 1., 1., 1., 1., 1., 1., 1., 1., 1., 1., 1.,
                      1., 1., 1., 1., 1., 1., 1., 1., 1., 1., 1., 1., 1., 1.,
                      1., 1., 1., 1., 1., 1., 1., 1., 1., 1., 1., 1., 1., 1.,
                      1., 1., 1., 1., 1., 1., 1., 1., 1., 1., 1., 1., 1., 1.,
                      1., 1., 1., 1., 1., 1., 1., 1., 1., 1., 1., 1., 1., 1.,
                      1., 1., 1., 1., 1., 1., 1., 1., 1., 1., 1., 1., 1., 1.,
                      1., 1., 1., 1., 1., 1., 1., 1., 1., 1., 1., 1., 1., 1.,
                      1., 1., 1., 1., 1., 1., 1., 1., 1., 1., 1., 1., 1., 1.,
                      1., 1., 1., 1., 1., 1., 1., 1., 1., 1., 1., 1., 1., 1.,
                      1., 1., 1., 1., 1., 1., 1., 1., 1., 1., 1., 1., 1., 1.,
                      1., 1., 1., 1., 1., 1., 1., 1., 1., 1., 1., 1., 1., 1.,
                      1., 1., 1., 1., 1., 1., 1., 1., 1., 1., 1., 1., 1., 1.,
                      1., 1., 1., 1., 1., 1., 1., 1., 1., 1., 1., 1., 1., 1.,
                      1., 1., 1., 1., 1., 1., 1., 1., 1., 1., 1., 1., 1., 1.,
                      1., 1., 1., 1., 1., 1., 1., 1., 1., 1., 1., 1., 1., 1.,
                      1., 1., 1., 1., 1., 1., 1., 1., 1., 1., 1., 1., 1., 1.,
                      1., 1., 1., 1., 1., 1., 1., 1., 1., 1., 1., 1., 1., 1.,
                      1., 1., 1., 1., 1., 1., 1., 1., 1., 1., 1., 1., 1., 1.,
                      1., 1., 1., 1., 1., 1., 1., 1., 1., 1., 1., 1., 1., 1.,
                      1., 1., 1., 1., 1., 1., 1., 1., 1., 1., 1., 1., 1., 1.,
                      1., 1., 1., 1., 1., 1., 1., 1., 1., 1., 1., 1., 1., 1.,
                      1., 1., 1., 1., 1., 1., 1., 1., 1., 1., 1., 1., 1., 1.,
                      1., 1., 1., 1., 1., 1., 1., 1., 1., 1., 1., 1., 1., 1.,
                      1., 1., 1., 1., 1., 1., 1., 1., 1., 1., 1., 1., 1., 1.,
                      1., 1., 1., 1., 1., 1., 1., 1., 1., 1., 1., 1., 1., 1.,
                      1., 1., 1., 1., 1., 1., 1., 1., 1., 1., 1., 1., 1., 1.,
                      1., 1., 1., 1., 1., 1., 1., 1., 1., 1., 1., 1., 1., 1.,
                      1., 1., 1., 1., 1., 1., 1., 1., 1., 1., 1., 1., 1., 1.,
                      1., 1., 1., 1., 1., 1., 1., 1., 1., 1., 1., 1., 1., 1.,
                      1., 1., 1., 1., 1., 1., 1., 1., 1., 1., 1., 1., 1., 1.,
                      1., 1., 1., 1., 1., 1., 1., 1., 1., 1., 1., 1., 1., 1.,
                      1., 1., 1., 1., 1., 1., 1., 1., 1., 1., 1., 1., 1., 1.,
                      1., 1., 1., 1., 1., 1., 1., 1., 1., 1., 1., 1., 1., 1.,
                      1., 1., 1., 1., 1., 1., 1., 1., 1., 1., 1., 1., 1., 1.,
                      1., 1., 1., 1., 1., 1., 1., 1., 1., 1., 1., 1., 1., 1.,
                      1., 1., 1., 1., 1., 1., 1., 1., 1., 1., 1., 1., 1., 1.,
                      1., 1., 1., 1., 1., 1., 1., 1., 1., 1., 1., 1., 1., 1.,
                      1., 1., 1., 1., 1., 1., 1., 1., 1., 1., 1., 1., 1., 1.,
                      1., 1., 1., 1., 1., 1., 1., 1., 1., 1., 1., 1.]),
       size=(558, 558), nnz=558, layout=torch.sparse_coo)
epoch 0 | batch 0 |train loss 0.6932497024536133
Valid: loss 0.6915481090545654, score:{'roc_auc': 0.7057074910820451, 'MRR': 0.8861788617886178}
Saving model
epoch 0 | batch 1 |train loss 0.6909458637237549
epoch 1 | batch 0 |train loss 0.6790673732757568
Valid: loss 0.6659005284309387, score:{'roc_auc': 0.7954815695600476, 'MRR': 0.9146341463414634}
Saving model
epoch 1 | batch 1 |train loss 0.6531417965888977
epoch 2 | batch 0 |train loss 0.6197929978370667
Valid: loss 0.5810888409614563, score:{'roc_auc': 0.856718192627824, 'MRR': 0.9512195121951219}
Saving model
epoch 2 | batch 1 |train loss 0.5544004440307617
epoch 3 | batch 0 |train loss 0.4770897328853607
Valid: loss 0.44739729166030884, score:{'roc_auc': 0.8935790725326993, 'MRR': 0.9634146341463414}
Saving model
epoch 3 | batch 1 |train loss 0.3972322344779968
epoch 4 | batch 0 |train loss 0.337759792804718
Valid: loss 0.4640798568725586, score:{'roc_auc': 0.9152794292508918, 'MRR': 0.9390243902439024}
EarlyStopping counter: 1 out of 3
epoch 4 | batch 1 |train loss 0.2978241741657257
epoch 5 | batch 0 |train loss 0.31238487362861633
Valid: loss 0.5142484307289124, score:{'roc_auc': 0.9322235434007135, 'MRR': 0.9634146341463414}
EarlyStopping counter: 2 out of 3
epoch 5 | batch 1 |train loss 0.26378127932548523
epoch 6 | batch 0 |train loss 0.2921328842639923
Valid: loss 0.4617822468280792, score:{'roc_auc': 0.9423305588585018, 'MRR': 0.975609756097561}
Meta keys: dict_keys([6, 3])
Data keys: dict_keys([6, 3])
Edge type: 6, Meta: (2, 2)
Edge type: 3, Meta: (1, 1)
edge type: 6, random_score: {'roc_auc': 0.8446644245040236, 'MRR': 0.9901315789473685}, score: {'roc_auc': 0.5427925246994405, 'MRR': 0.9111842105263158}
ROC_AUC: 0.5427925246994405
dataset: amazon_style_cctt/fold_3, eval_type: 3
edge_list shape: torch.Size([2, 11653])
feat_list shape: [torch.Size([558, 558]), torch.Size([940, 940]), torch.Size([799, 799]), torch.Size([14, 14])]
tensor(indices=tensor([[  0,   1,   2,  ..., 555, 556, 557],
                       [  0,   1,   2,  ..., 555, 556, 557]]),
       values=tensor([1., 1., 1., 1., 1., 1., 1., 1., 1., 1., 1., 1., 1., 1.,
                      1., 1., 1., 1., 1., 1., 1., 1., 1., 1., 1., 1., 1., 1.,
                      1., 1., 1., 1., 1., 1., 1., 1., 1., 1., 1., 1., 1., 1.,
                      1., 1., 1., 1., 1., 1., 1., 1., 1., 1., 1., 1., 1., 1.,
                      1., 1., 1., 1., 1., 1., 1., 1., 1., 1., 1., 1., 1., 1.,
                      1., 1., 1., 1., 1., 1., 1., 1., 1., 1., 1., 1., 1., 1.,
                      1., 1., 1., 1., 1., 1., 1., 1., 1., 1., 1., 1., 1., 1.,
                      1., 1., 1., 1., 1., 1., 1., 1., 1., 1., 1., 1., 1., 1.,
                      1., 1., 1., 1., 1., 1., 1., 1., 1., 1., 1., 1., 1., 1.,
                      1., 1., 1., 1., 1., 1., 1., 1., 1., 1., 1., 1., 1., 1.,
                      1., 1., 1., 1., 1., 1., 1., 1., 1., 1., 1., 1., 1., 1.,
                      1., 1., 1., 1., 1., 1., 1., 1., 1., 1., 1., 1., 1., 1.,
                      1., 1., 1., 1., 1., 1., 1., 1., 1., 1., 1., 1., 1., 1.,
                      1., 1., 1., 1., 1., 1., 1., 1., 1., 1., 1., 1., 1., 1.,
                      1., 1., 1., 1., 1., 1., 1., 1., 1., 1., 1., 1., 1., 1.,
                      1., 1., 1., 1., 1., 1., 1., 1., 1., 1., 1., 1., 1., 1.,
                      1., 1., 1., 1., 1., 1., 1., 1., 1., 1., 1., 1., 1., 1.,
                      1., 1., 1., 1., 1., 1., 1., 1., 1., 1., 1., 1., 1., 1.,
                      1., 1., 1., 1., 1., 1., 1., 1., 1., 1., 1., 1., 1., 1.,
                      1., 1., 1., 1., 1., 1., 1., 1., 1., 1., 1., 1., 1., 1.,
                      1., 1., 1., 1., 1., 1., 1., 1., 1., 1., 1., 1., 1., 1.,
                      1., 1., 1., 1., 1., 1., 1., 1., 1., 1., 1., 1., 1., 1.,
                      1., 1., 1., 1., 1., 1., 1., 1., 1., 1., 1., 1., 1., 1.,
                      1., 1., 1., 1., 1., 1., 1., 1., 1., 1., 1., 1., 1., 1.,
                      1., 1., 1., 1., 1., 1., 1., 1., 1., 1., 1., 1., 1., 1.,
                      1., 1., 1., 1., 1., 1., 1., 1., 1., 1., 1., 1., 1., 1.,
                      1., 1., 1., 1., 1., 1., 1., 1., 1., 1., 1., 1., 1., 1.,
                      1., 1., 1., 1., 1., 1., 1., 1., 1., 1., 1., 1., 1., 1.,
                      1., 1., 1., 1., 1., 1., 1., 1., 1., 1., 1., 1., 1., 1.,
                      1., 1., 1., 1., 1., 1., 1., 1., 1., 1., 1., 1., 1., 1.,
                      1., 1., 1., 1., 1., 1., 1., 1., 1., 1., 1., 1., 1., 1.,
                      1., 1., 1., 1., 1., 1., 1., 1., 1., 1., 1., 1., 1., 1.,
                      1., 1., 1., 1., 1., 1., 1., 1., 1., 1., 1., 1., 1., 1.,
                      1., 1., 1., 1., 1., 1., 1., 1., 1., 1., 1., 1., 1., 1.,
                      1., 1., 1., 1., 1., 1., 1., 1., 1., 1., 1., 1., 1., 1.,
                      1., 1., 1., 1., 1., 1., 1., 1., 1., 1., 1., 1., 1., 1.,
                      1., 1., 1., 1., 1., 1., 1., 1., 1., 1., 1., 1., 1., 1.,
                      1., 1., 1., 1., 1., 1., 1., 1., 1., 1., 1., 1., 1., 1.,
                      1., 1., 1., 1., 1., 1., 1., 1., 1., 1., 1., 1., 1., 1.,
                      1., 1., 1., 1., 1., 1., 1., 1., 1., 1., 1., 1.]),
       size=(558, 558), nnz=558, layout=torch.sparse_coo)
epoch 0 | batch 0 |train loss 0.8110790848731995
Valid: loss 0.7172583341598511, score:{'roc_auc': 0.36000000000000004, 'MRR': 0.6}
Saving model
epoch 1 | batch 0 |train loss 0.6872280836105347
Valid: loss 0.673389196395874, score:{'roc_auc': 0.6, 'MRR': 0.8}
Saving model
epoch 2 | batch 0 |train loss 0.6531303524971008
Valid: loss 0.6580808758735657, score:{'roc_auc': 0.7200000000000001, 'MRR': 0.8}
Saving model
epoch 3 | batch 0 |train loss 0.6360855102539062
Valid: loss 0.6471688151359558, score:{'roc_auc': 0.7200000000000001, 'MRR': 0.8}
Saving model
epoch 4 | batch 0 |train loss 0.6084575057029724
Valid: loss 0.6346099972724915, score:{'roc_auc': 0.6799999999999999, 'MRR': 0.8}
Saving model
epoch 5 | batch 0 |train loss 0.5555347800254822
Valid: loss 0.6198161840438843, score:{'roc_auc': 0.64, 'MRR': 0.8}
Saving model
epoch 6 | batch 0 |train loss 0.4861462116241455
Valid: loss 0.6050967574119568, score:{'roc_auc': 0.76, 'MRR': 0.9}
Saving model
epoch 7 | batch 0 |train loss 0.42090168595314026
Valid: loss 0.5855318903923035, score:{'roc_auc': 0.76, 'MRR': 0.9}
Saving model
epoch 8 | batch 0 |train loss 0.3695138394832611
Valid: loss 0.5837650299072266, score:{'roc_auc': 0.76, 'MRR': 0.9}
Saving model
epoch 9 | batch 0 |train loss 0.30783694982528687
Valid: loss 0.6272991895675659, score:{'roc_auc': 0.7200000000000001, 'MRR': 0.9}
EarlyStopping counter: 1 out of 3
epoch 10 | batch 0 |train loss 0.26205411553382874
Valid: loss 0.7095382809638977, score:{'roc_auc': 0.6799999999999999, 'MRR': 0.8}
EarlyStopping counter: 2 out of 3
epoch 11 | batch 0 |train loss 0.2315027266740799
Valid: loss 0.7695658802986145, score:{'roc_auc': 0.6799999999999999, 'MRR': 0.8}
Meta keys: dict_keys([6, 3])
Data keys: dict_keys([6, 3])
Edge type: 6, Meta: (2, 2)
Edge type: 3, Meta: (1, 1)
edge type: 3, random_score: {'roc_auc': 0.7831228164471916, 'MRR': 1.0}, score: {'roc_auc': 0.4452459016393442, 'MRR': 0.8660130718954248}
ROC_AUC: 0.4452459016393442
Sec neigh test: score list: defaultdict(<class 'list'>, {'roc_auc': [0.5427925246994405, 0.4452459016393442], 'MRR': [0.9111842105263158, 0.8660130718954248]})
Random test: score list: defaultdict(<class 'list'>, {'roc_auc': [0.8446644245040236, 0.7831228164471916], 'MRR': [0.9901315789473685, 1.0]})
Sec neigh test:average score: defaultdict(<class 'list'>, {'roc_auc': 0.494, 'MRR': 0.8886})
Random test: average score: defaultdict(<class 'list'>, {'roc_auc': 0.8139, 'MRR': 0.9951})
Completed: amazon_style_cctt/fold_3

--------------------------------------
Running model: GCN
Dataset: amazon_style_cctt/fold_4
--------------------------------------
use device: cpu
Namespace(data='amazon_style_cctt/fold_4', model_path='model.pt', train_iter_n=50, cuda=0, checkpoint='', epochs=100, patience=3, n_layers=2, n_heads=[4], dropout=0.5, model='GCN', lr=0.005, weight_decay=0.0, batch_size=1024, edge_sample_ratio=1, test_with_CPU=False, decoder='dismult')
sys_path ['/home/simonettos/homhetgnn/HGB/LP/benchmark/methods/GNN', '/home/simonettos/homhetgnn/sbatches', '/home/simonettos/homhetgnn/HGB/LP/benchmark/methods/baseline', '/home/simonettos/homhetgnn/HGB/LP/benchmark', '/home/simonettos/homhetgnn/HGB/LP/benchmark/methods/GNN', '/home/simonettos/homhetgnn/HGB/LP/benchmark/methods/GNN/utils', '/home/simonettos/homhetgnn/HGB/LP/benchmark/methods/GNN/models', '/deepstore/software/anaconda3/2022.05/lib/python39.zip', '/deepstore/software/anaconda3/2022.05/lib/python3.9', '/deepstore/software/anaconda3/2022.05/lib/python3.9/lib-dynload', '/home/simonettos/homhetgnn/gpuvenv/lib/python3.9/site-packages', '../../', '../../']
Loading nodes from /home/simonettos/homhetgnn/HGB/LP/benchmark/data/amazon_style_cctt/fold_4/node.dat
edge types: dict_keys([6, 4, 11, 7, 5, 0, 2, 1, 8, 3, 9, 10])
nodes.shift keys: [0, 1, 2, 3]
nodes.count keys: [0, 1, 2, 3]
links.meta: {6: (0, 1), 4: (0, 1), 11: (2, 0), 7: (1, 2), 5: (1, 2), 0: (2, 1), 2: (1, 1), 1: (0, 0), 8: (1, 2), 3: (2, 2), 9: (2, 2), 10: (0, 2)}
t_type about to use: 1
h_type: 0
shift dict: {0: 0, 1: 558, 2: 1498, 3: 2297}
count dict: Counter({1: 940, 2: 799, 0: 558, 3: 14})
nodes.shift keys: [0, 1, 2, 3]
nodes.count keys: [0, 1, 2, 3]
links.meta: {6: (0, 1), 4: (0, 1), 11: (2, 0), 7: (1, 2), 5: (1, 2), 0: (2, 1), 2: (1, 1), 1: (0, 0), 8: (1, 2), 3: (2, 2), 9: (2, 2), 10: (0, 2)}
t_type about to use: 2
h_type: 2
shift dict: {0: 0, 1: 558, 2: 1498, 3: 2297}
count dict: Counter({1: 940, 2: 799, 0: 558, 3: 14})
Info: load amazon_style_cctt/fold_4 from original data and generate /home/simonettos/homhetgnn/HGB/LP/benchmark/data/amazon_style_cctt/fold_4/dl_pickle 
node_type: 0, dim: 558
node_type: 1, dim: 940
node_type: 2, dim: 799
node_type: 3, dim: 14
edge types: [6, 3]
dataset: amazon_style_cctt/fold_4, eval_type: 6
edge_list shape: torch.Size([2, 11761])
feat_list shape: [torch.Size([558, 558]), torch.Size([940, 940]), torch.Size([799, 799]), torch.Size([14, 14])]
tensor(indices=tensor([[  0,   1,   2,  ..., 555, 556, 557],
                       [  0,   1,   2,  ..., 555, 556, 557]]),
       values=tensor([1., 1., 1., 1., 1., 1., 1., 1., 1., 1., 1., 1., 1., 1.,
                      1., 1., 1., 1., 1., 1., 1., 1., 1., 1., 1., 1., 1., 1.,
                      1., 1., 1., 1., 1., 1., 1., 1., 1., 1., 1., 1., 1., 1.,
                      1., 1., 1., 1., 1., 1., 1., 1., 1., 1., 1., 1., 1., 1.,
                      1., 1., 1., 1., 1., 1., 1., 1., 1., 1., 1., 1., 1., 1.,
                      1., 1., 1., 1., 1., 1., 1., 1., 1., 1., 1., 1., 1., 1.,
                      1., 1., 1., 1., 1., 1., 1., 1., 1., 1., 1., 1., 1., 1.,
                      1., 1., 1., 1., 1., 1., 1., 1., 1., 1., 1., 1., 1., 1.,
                      1., 1., 1., 1., 1., 1., 1., 1., 1., 1., 1., 1., 1., 1.,
                      1., 1., 1., 1., 1., 1., 1., 1., 1., 1., 1., 1., 1., 1.,
                      1., 1., 1., 1., 1., 1., 1., 1., 1., 1., 1., 1., 1., 1.,
                      1., 1., 1., 1., 1., 1., 1., 1., 1., 1., 1., 1., 1., 1.,
                      1., 1., 1., 1., 1., 1., 1., 1., 1., 1., 1., 1., 1., 1.,
                      1., 1., 1., 1., 1., 1., 1., 1., 1., 1., 1., 1., 1., 1.,
                      1., 1., 1., 1., 1., 1., 1., 1., 1., 1., 1., 1., 1., 1.,
                      1., 1., 1., 1., 1., 1., 1., 1., 1., 1., 1., 1., 1., 1.,
                      1., 1., 1., 1., 1., 1., 1., 1., 1., 1., 1., 1., 1., 1.,
                      1., 1., 1., 1., 1., 1., 1., 1., 1., 1., 1., 1., 1., 1.,
                      1., 1., 1., 1., 1., 1., 1., 1., 1., 1., 1., 1., 1., 1.,
                      1., 1., 1., 1., 1., 1., 1., 1., 1., 1., 1., 1., 1., 1.,
                      1., 1., 1., 1., 1., 1., 1., 1., 1., 1., 1., 1., 1., 1.,
                      1., 1., 1., 1., 1., 1., 1., 1., 1., 1., 1., 1., 1., 1.,
                      1., 1., 1., 1., 1., 1., 1., 1., 1., 1., 1., 1., 1., 1.,
                      1., 1., 1., 1., 1., 1., 1., 1., 1., 1., 1., 1., 1., 1.,
                      1., 1., 1., 1., 1., 1., 1., 1., 1., 1., 1., 1., 1., 1.,
                      1., 1., 1., 1., 1., 1., 1., 1., 1., 1., 1., 1., 1., 1.,
                      1., 1., 1., 1., 1., 1., 1., 1., 1., 1., 1., 1., 1., 1.,
                      1., 1., 1., 1., 1., 1., 1., 1., 1., 1., 1., 1., 1., 1.,
                      1., 1., 1., 1., 1., 1., 1., 1., 1., 1., 1., 1., 1., 1.,
                      1., 1., 1., 1., 1., 1., 1., 1., 1., 1., 1., 1., 1., 1.,
                      1., 1., 1., 1., 1., 1., 1., 1., 1., 1., 1., 1., 1., 1.,
                      1., 1., 1., 1., 1., 1., 1., 1., 1., 1., 1., 1., 1., 1.,
                      1., 1., 1., 1., 1., 1., 1., 1., 1., 1., 1., 1., 1., 1.,
                      1., 1., 1., 1., 1., 1., 1., 1., 1., 1., 1., 1., 1., 1.,
                      1., 1., 1., 1., 1., 1., 1., 1., 1., 1., 1., 1., 1., 1.,
                      1., 1., 1., 1., 1., 1., 1., 1., 1., 1., 1., 1., 1., 1.,
                      1., 1., 1., 1., 1., 1., 1., 1., 1., 1., 1., 1., 1., 1.,
                      1., 1., 1., 1., 1., 1., 1., 1., 1., 1., 1., 1., 1., 1.,
                      1., 1., 1., 1., 1., 1., 1., 1., 1., 1., 1., 1., 1., 1.,
                      1., 1., 1., 1., 1., 1., 1., 1., 1., 1., 1., 1.]),
       size=(558, 558), nnz=558, layout=torch.sparse_coo)
epoch 0 | batch 0 |train loss 0.693044126033783
Valid: loss 0.6898351907730103, score:{'roc_auc': 0.7534709861160556, 'MRR': 0.9117647058823529}
Saving model
epoch 0 | batch 1 |train loss 0.689361035823822
epoch 1 | batch 0 |train loss 0.6730897426605225
Valid: loss 0.6577425003051758, score:{'roc_auc': 0.7908508365966536, 'MRR': 0.9117647058823529}
Saving model
epoch 1 | batch 1 |train loss 0.6470565795898438
epoch 2 | batch 0 |train loss 0.5992335677146912
Valid: loss 0.5122302174568176, score:{'roc_auc': 0.8901744393022428, 'MRR': 0.9411764705882353}
Saving model
epoch 2 | batch 1 |train loss 0.5231993794441223
epoch 3 | batch 0 |train loss 0.4444468021392822
Valid: loss 0.3864259123802185, score:{'roc_auc': 0.9061943752224991, 'MRR': 0.9558823529411765}
Saving model
epoch 3 | batch 1 |train loss 0.35723814368247986
epoch 4 | batch 0 |train loss 0.34982913732528687
Valid: loss 0.5205615758895874, score:{'roc_auc': 0.9111783552865789, 'MRR': 0.9558823529411765}
EarlyStopping counter: 1 out of 3
epoch 4 | batch 1 |train loss 0.3403598964214325
epoch 5 | batch 0 |train loss 0.3353056311607361
Valid: loss 0.45293450355529785, score:{'roc_auc': 0.9175863296546813, 'MRR': 0.9411764705882353}
EarlyStopping counter: 2 out of 3
epoch 5 | batch 1 |train loss 0.28701815009117126
epoch 6 | batch 0 |train loss 0.27965468168258667
Valid: loss 0.46539387106895447, score:{'roc_auc': 0.9206123175507299, 'MRR': 0.9558823529411765}
Meta keys: dict_keys([6, 3])
Data keys: dict_keys([6, 3])
Edge type: 6, Meta: (2, 2)
Edge type: 3, Meta: (1, 1)
edge type: 6, random_score: {'roc_auc': 0.7980942770090629, 'MRR': 0.9856115107913669}, score: {'roc_auc': 0.5138013717727095, 'MRR': 0.9304556354916066}
ROC_AUC: 0.5138013717727095
dataset: amazon_style_cctt/fold_4, eval_type: 3
edge_list shape: torch.Size([2, 11761])
feat_list shape: [torch.Size([558, 558]), torch.Size([940, 940]), torch.Size([799, 799]), torch.Size([14, 14])]
tensor(indices=tensor([[  0,   1,   2,  ..., 555, 556, 557],
                       [  0,   1,   2,  ..., 555, 556, 557]]),
       values=tensor([1., 1., 1., 1., 1., 1., 1., 1., 1., 1., 1., 1., 1., 1.,
                      1., 1., 1., 1., 1., 1., 1., 1., 1., 1., 1., 1., 1., 1.,
                      1., 1., 1., 1., 1., 1., 1., 1., 1., 1., 1., 1., 1., 1.,
                      1., 1., 1., 1., 1., 1., 1., 1., 1., 1., 1., 1., 1., 1.,
                      1., 1., 1., 1., 1., 1., 1., 1., 1., 1., 1., 1., 1., 1.,
                      1., 1., 1., 1., 1., 1., 1., 1., 1., 1., 1., 1., 1., 1.,
                      1., 1., 1., 1., 1., 1., 1., 1., 1., 1., 1., 1., 1., 1.,
                      1., 1., 1., 1., 1., 1., 1., 1., 1., 1., 1., 1., 1., 1.,
                      1., 1., 1., 1., 1., 1., 1., 1., 1., 1., 1., 1., 1., 1.,
                      1., 1., 1., 1., 1., 1., 1., 1., 1., 1., 1., 1., 1., 1.,
                      1., 1., 1., 1., 1., 1., 1., 1., 1., 1., 1., 1., 1., 1.,
                      1., 1., 1., 1., 1., 1., 1., 1., 1., 1., 1., 1., 1., 1.,
                      1., 1., 1., 1., 1., 1., 1., 1., 1., 1., 1., 1., 1., 1.,
                      1., 1., 1., 1., 1., 1., 1., 1., 1., 1., 1., 1., 1., 1.,
                      1., 1., 1., 1., 1., 1., 1., 1., 1., 1., 1., 1., 1., 1.,
                      1., 1., 1., 1., 1., 1., 1., 1., 1., 1., 1., 1., 1., 1.,
                      1., 1., 1., 1., 1., 1., 1., 1., 1., 1., 1., 1., 1., 1.,
                      1., 1., 1., 1., 1., 1., 1., 1., 1., 1., 1., 1., 1., 1.,
                      1., 1., 1., 1., 1., 1., 1., 1., 1., 1., 1., 1., 1., 1.,
                      1., 1., 1., 1., 1., 1., 1., 1., 1., 1., 1., 1., 1., 1.,
                      1., 1., 1., 1., 1., 1., 1., 1., 1., 1., 1., 1., 1., 1.,
                      1., 1., 1., 1., 1., 1., 1., 1., 1., 1., 1., 1., 1., 1.,
                      1., 1., 1., 1., 1., 1., 1., 1., 1., 1., 1., 1., 1., 1.,
                      1., 1., 1., 1., 1., 1., 1., 1., 1., 1., 1., 1., 1., 1.,
                      1., 1., 1., 1., 1., 1., 1., 1., 1., 1., 1., 1., 1., 1.,
                      1., 1., 1., 1., 1., 1., 1., 1., 1., 1., 1., 1., 1., 1.,
                      1., 1., 1., 1., 1., 1., 1., 1., 1., 1., 1., 1., 1., 1.,
                      1., 1., 1., 1., 1., 1., 1., 1., 1., 1., 1., 1., 1., 1.,
                      1., 1., 1., 1., 1., 1., 1., 1., 1., 1., 1., 1., 1., 1.,
                      1., 1., 1., 1., 1., 1., 1., 1., 1., 1., 1., 1., 1., 1.,
                      1., 1., 1., 1., 1., 1., 1., 1., 1., 1., 1., 1., 1., 1.,
                      1., 1., 1., 1., 1., 1., 1., 1., 1., 1., 1., 1., 1., 1.,
                      1., 1., 1., 1., 1., 1., 1., 1., 1., 1., 1., 1., 1., 1.,
                      1., 1., 1., 1., 1., 1., 1., 1., 1., 1., 1., 1., 1., 1.,
                      1., 1., 1., 1., 1., 1., 1., 1., 1., 1., 1., 1., 1., 1.,
                      1., 1., 1., 1., 1., 1., 1., 1., 1., 1., 1., 1., 1., 1.,
                      1., 1., 1., 1., 1., 1., 1., 1., 1., 1., 1., 1., 1., 1.,
                      1., 1., 1., 1., 1., 1., 1., 1., 1., 1., 1., 1., 1., 1.,
                      1., 1., 1., 1., 1., 1., 1., 1., 1., 1., 1., 1., 1., 1.,
                      1., 1., 1., 1., 1., 1., 1., 1., 1., 1., 1., 1.]),
       size=(558, 558), nnz=558, layout=torch.sparse_coo)
epoch 0 | batch 0 |train loss 0.912677526473999
Valid: loss 0.7799556255340576, score:{'roc_auc': 0.19444444444444442, 'MRR': 0.5}
Saving model
epoch 1 | batch 0 |train loss 0.7023328542709351
Valid: loss 0.7228459715843201, score:{'roc_auc': 0.3055555555555555, 'MRR': 0.5833333333333334}
Saving model
epoch 2 | batch 0 |train loss 0.6618377566337585
Valid: loss 0.7101609706878662, score:{'roc_auc': 0.4166666666666667, 'MRR': 0.6666666666666666}
Saving model
epoch 3 | batch 0 |train loss 0.6551060080528259
Valid: loss 0.7069818377494812, score:{'roc_auc': 0.4166666666666667, 'MRR': 0.6666666666666666}
Saving model
epoch 4 | batch 0 |train loss 0.6416672468185425
Valid: loss 0.7031300067901611, score:{'roc_auc': 0.3055555555555555, 'MRR': 0.6666666666666666}
Saving model
epoch 5 | batch 0 |train loss 0.6141949892044067
Valid: loss 0.6953164935112, score:{'roc_auc': 0.49999999999999994, 'MRR': 0.8333333333333334}
Saving model
epoch 6 | batch 0 |train loss 0.5643956065177917
Valid: loss 0.6901169419288635, score:{'roc_auc': 0.5833333333333334, 'MRR': 0.9166666666666666}
Saving model
epoch 7 | batch 0 |train loss 0.5135594010353088
Valid: loss 0.7068879008293152, score:{'roc_auc': 0.6666666666666667, 'MRR': 0.9166666666666666}
EarlyStopping counter: 1 out of 3
epoch 8 | batch 0 |train loss 0.4834856390953064
Valid: loss 0.713653028011322, score:{'roc_auc': 0.6666666666666667, 'MRR': 0.9166666666666666}
EarlyStopping counter: 2 out of 3
epoch 9 | batch 0 |train loss 0.4417508542537689
Valid: loss 0.6771650910377502, score:{'roc_auc': 0.6666666666666667, 'MRR': 0.9166666666666666}
Saving model
epoch 10 | batch 0 |train loss 0.3834376037120819
Valid: loss 0.6481119990348816, score:{'roc_auc': 0.6388888888888888, 'MRR': 0.9166666666666666}
Saving model
epoch 11 | batch 0 |train loss 0.3378628194332123
Valid: loss 0.6559954285621643, score:{'roc_auc': 0.6388888888888888, 'MRR': 0.9166666666666666}
EarlyStopping counter: 1 out of 3
epoch 12 | batch 0 |train loss 0.33034199476242065
Valid: loss 0.7011319994926453, score:{'roc_auc': 0.6388888888888888, 'MRR': 0.9166666666666666}
EarlyStopping counter: 2 out of 3
epoch 13 | batch 0 |train loss 0.30036264657974243
Valid: loss 0.7875421643257141, score:{'roc_auc': 0.6666666666666667, 'MRR': 0.9166666666666666}
Meta keys: dict_keys([6, 3])
Data keys: dict_keys([6, 3])
Edge type: 6, Meta: (2, 2)
Edge type: 3, Meta: (1, 1)
edge type: 3, random_score: {'roc_auc': 0.617283950617284, 'MRR': 1.0}, score: {'roc_auc': 0.5131172839506173, 'MRR': 0.8846153846153846}
ROC_AUC: 0.5131172839506173
Sec neigh test: score list: defaultdict(<class 'list'>, {'roc_auc': [0.5138013717727095, 0.5131172839506173], 'MRR': [0.9304556354916066, 0.8846153846153846]})
Random test: score list: defaultdict(<class 'list'>, {'roc_auc': [0.7980942770090629, 0.617283950617284], 'MRR': [0.9856115107913669, 1.0]})
Sec neigh test:average score: defaultdict(<class 'list'>, {'roc_auc': 0.5135, 'MRR': 0.9075})
Random test: average score: defaultdict(<class 'list'>, {'roc_auc': 0.7077, 'MRR': 0.9928})
Completed: amazon_style_cctt/fold_4

--------------------------------------
Running model: GCN
Dataset: amazon_style_cctt/fold_5
--------------------------------------
use device: cpu
Namespace(data='amazon_style_cctt/fold_5', model_path='model.pt', train_iter_n=50, cuda=0, checkpoint='', epochs=100, patience=3, n_layers=2, n_heads=[4], dropout=0.5, model='GCN', lr=0.005, weight_decay=0.0, batch_size=1024, edge_sample_ratio=1, test_with_CPU=False, decoder='dismult')
sys_path ['/home/simonettos/homhetgnn/HGB/LP/benchmark/methods/GNN', '/home/simonettos/homhetgnn/sbatches', '/home/simonettos/homhetgnn/HGB/LP/benchmark/methods/baseline', '/home/simonettos/homhetgnn/HGB/LP/benchmark', '/home/simonettos/homhetgnn/HGB/LP/benchmark/methods/GNN', '/home/simonettos/homhetgnn/HGB/LP/benchmark/methods/GNN/utils', '/home/simonettos/homhetgnn/HGB/LP/benchmark/methods/GNN/models', '/deepstore/software/anaconda3/2022.05/lib/python39.zip', '/deepstore/software/anaconda3/2022.05/lib/python3.9', '/deepstore/software/anaconda3/2022.05/lib/python3.9/lib-dynload', '/home/simonettos/homhetgnn/gpuvenv/lib/python3.9/site-packages', '../../', '../../']
Loading nodes from /home/simonettos/homhetgnn/HGB/LP/benchmark/data/amazon_style_cctt/fold_5/node.dat
edge types: dict_keys([6, 4, 11, 7, 5, 0, 2, 1, 8, 3, 9, 10])
nodes.shift keys: [0, 1, 2, 3]
nodes.count keys: [0, 1, 2, 3]
links.meta: {6: (0, 1), 4: (0, 1), 11: (2, 0), 7: (1, 2), 5: (1, 2), 0: (2, 1), 2: (1, 1), 1: (0, 0), 8: (1, 2), 3: (2, 2), 9: (2, 2), 10: (0, 2)}
t_type about to use: 2
h_type: 2
shift dict: {0: 0, 1: 558, 2: 1498, 3: 2297}
count dict: Counter({1: 940, 2: 799, 0: 558, 3: 14})
nodes.shift keys: [0, 1, 2, 3]
nodes.count keys: [0, 1, 2, 3]
links.meta: {6: (0, 1), 4: (0, 1), 11: (2, 0), 7: (1, 2), 5: (1, 2), 0: (2, 1), 2: (1, 1), 1: (0, 0), 8: (1, 2), 3: (2, 2), 9: (2, 2), 10: (0, 2)}
t_type about to use: 1
h_type: 0
shift dict: {0: 0, 1: 558, 2: 1498, 3: 2297}
count dict: Counter({1: 940, 2: 799, 0: 558, 3: 14})
Info: load amazon_style_cctt/fold_5 from original data and generate /home/simonettos/homhetgnn/HGB/LP/benchmark/data/amazon_style_cctt/fold_5/dl_pickle 
node_type: 0, dim: 558
node_type: 1, dim: 940
node_type: 2, dim: 799
node_type: 3, dim: 14
edge types: [3, 6]
dataset: amazon_style_cctt/fold_5, eval_type: 3
edge_list shape: torch.Size([2, 11703])
feat_list shape: [torch.Size([558, 558]), torch.Size([940, 940]), torch.Size([799, 799]), torch.Size([14, 14])]
tensor(indices=tensor([[  0,   1,   2,  ..., 555, 556, 557],
                       [  0,   1,   2,  ..., 555, 556, 557]]),
       values=tensor([1., 1., 1., 1., 1., 1., 1., 1., 1., 1., 1., 1., 1., 1.,
                      1., 1., 1., 1., 1., 1., 1., 1., 1., 1., 1., 1., 1., 1.,
                      1., 1., 1., 1., 1., 1., 1., 1., 1., 1., 1., 1., 1., 1.,
                      1., 1., 1., 1., 1., 1., 1., 1., 1., 1., 1., 1., 1., 1.,
                      1., 1., 1., 1., 1., 1., 1., 1., 1., 1., 1., 1., 1., 1.,
                      1., 1., 1., 1., 1., 1., 1., 1., 1., 1., 1., 1., 1., 1.,
                      1., 1., 1., 1., 1., 1., 1., 1., 1., 1., 1., 1., 1., 1.,
                      1., 1., 1., 1., 1., 1., 1., 1., 1., 1., 1., 1., 1., 1.,
                      1., 1., 1., 1., 1., 1., 1., 1., 1., 1., 1., 1., 1., 1.,
                      1., 1., 1., 1., 1., 1., 1., 1., 1., 1., 1., 1., 1., 1.,
                      1., 1., 1., 1., 1., 1., 1., 1., 1., 1., 1., 1., 1., 1.,
                      1., 1., 1., 1., 1., 1., 1., 1., 1., 1., 1., 1., 1., 1.,
                      1., 1., 1., 1., 1., 1., 1., 1., 1., 1., 1., 1., 1., 1.,
                      1., 1., 1., 1., 1., 1., 1., 1., 1., 1., 1., 1., 1., 1.,
                      1., 1., 1., 1., 1., 1., 1., 1., 1., 1., 1., 1., 1., 1.,
                      1., 1., 1., 1., 1., 1., 1., 1., 1., 1., 1., 1., 1., 1.,
                      1., 1., 1., 1., 1., 1., 1., 1., 1., 1., 1., 1., 1., 1.,
                      1., 1., 1., 1., 1., 1., 1., 1., 1., 1., 1., 1., 1., 1.,
                      1., 1., 1., 1., 1., 1., 1., 1., 1., 1., 1., 1., 1., 1.,
                      1., 1., 1., 1., 1., 1., 1., 1., 1., 1., 1., 1., 1., 1.,
                      1., 1., 1., 1., 1., 1., 1., 1., 1., 1., 1., 1., 1., 1.,
                      1., 1., 1., 1., 1., 1., 1., 1., 1., 1., 1., 1., 1., 1.,
                      1., 1., 1., 1., 1., 1., 1., 1., 1., 1., 1., 1., 1., 1.,
                      1., 1., 1., 1., 1., 1., 1., 1., 1., 1., 1., 1., 1., 1.,
                      1., 1., 1., 1., 1., 1., 1., 1., 1., 1., 1., 1., 1., 1.,
                      1., 1., 1., 1., 1., 1., 1., 1., 1., 1., 1., 1., 1., 1.,
                      1., 1., 1., 1., 1., 1., 1., 1., 1., 1., 1., 1., 1., 1.,
                      1., 1., 1., 1., 1., 1., 1., 1., 1., 1., 1., 1., 1., 1.,
                      1., 1., 1., 1., 1., 1., 1., 1., 1., 1., 1., 1., 1., 1.,
                      1., 1., 1., 1., 1., 1., 1., 1., 1., 1., 1., 1., 1., 1.,
                      1., 1., 1., 1., 1., 1., 1., 1., 1., 1., 1., 1., 1., 1.,
                      1., 1., 1., 1., 1., 1., 1., 1., 1., 1., 1., 1., 1., 1.,
                      1., 1., 1., 1., 1., 1., 1., 1., 1., 1., 1., 1., 1., 1.,
                      1., 1., 1., 1., 1., 1., 1., 1., 1., 1., 1., 1., 1., 1.,
                      1., 1., 1., 1., 1., 1., 1., 1., 1., 1., 1., 1., 1., 1.,
                      1., 1., 1., 1., 1., 1., 1., 1., 1., 1., 1., 1., 1., 1.,
                      1., 1., 1., 1., 1., 1., 1., 1., 1., 1., 1., 1., 1., 1.,
                      1., 1., 1., 1., 1., 1., 1., 1., 1., 1., 1., 1., 1., 1.,
                      1., 1., 1., 1., 1., 1., 1., 1., 1., 1., 1., 1., 1., 1.,
                      1., 1., 1., 1., 1., 1., 1., 1., 1., 1., 1., 1.]),
       size=(558, 558), nnz=558, layout=torch.sparse_coo)
epoch 0 | batch 0 |train loss 0.6933506727218628
Valid: loss 0.6910414099693298, score:{'roc_auc': 0.8800000000000001, 'MRR': 0.9}
Saving model
epoch 1 | batch 0 |train loss 0.6906811594963074
Valid: loss 0.6852442622184753, score:{'roc_auc': 1.0, 'MRR': 1.0}
Saving model
epoch 2 | batch 0 |train loss 0.6829202175140381
Valid: loss 0.6706146001815796, score:{'roc_auc': 1.0, 'MRR': 1.0}
Saving model
epoch 3 | batch 0 |train loss 0.6630995869636536
Valid: loss 0.6404847502708435, score:{'roc_auc': 1.0, 'MRR': 1.0}
Saving model
epoch 4 | batch 0 |train loss 0.6151320338249207
Valid: loss 0.5920770764350891, score:{'roc_auc': 1.0, 'MRR': 1.0}
Saving model
epoch 5 | batch 0 |train loss 0.532453715801239
Valid: loss 0.522924542427063, score:{'roc_auc': 1.0, 'MRR': 1.0}
Saving model
epoch 6 | batch 0 |train loss 0.4337378144264221
Valid: loss 0.4266757369041443, score:{'roc_auc': 1.0, 'MRR': 1.0}
Saving model
epoch 7 | batch 0 |train loss 0.31684237718582153
Valid: loss 0.3123404383659363, score:{'roc_auc': 1.0, 'MRR': 1.0}
Saving model
epoch 8 | batch 0 |train loss 0.22322586178779602
Valid: loss 0.2442721575498581, score:{'roc_auc': 1.0, 'MRR': 1.0}
Saving model
epoch 9 | batch 0 |train loss 0.18865638971328735
Valid: loss 0.297223836183548, score:{'roc_auc': 0.92, 'MRR': 0.9}
EarlyStopping counter: 1 out of 3
epoch 10 | batch 0 |train loss 0.1390380561351776
Valid: loss 0.5748194456100464, score:{'roc_auc': 0.92, 'MRR': 0.9}
EarlyStopping counter: 2 out of 3
epoch 11 | batch 0 |train loss 0.12373516708612442
Valid: loss 0.6085216403007507, score:{'roc_auc': 0.92, 'MRR': 0.9}
Meta keys: dict_keys([3, 6])
Data keys: dict_keys([3, 6])
Edge type: 3, Meta: (1, 0)
Edge type: 6, Meta: (1, 1)
edge type: 3, random_score: {'roc_auc': 0.802064791740833, 'MRR': 1.0}, score: {'roc_auc': 0.76, 'MRR': 0.9393939393939393}
ROC_AUC: 0.76
dataset: amazon_style_cctt/fold_5, eval_type: 6
edge_list shape: torch.Size([2, 11703])
feat_list shape: [torch.Size([558, 558]), torch.Size([940, 940]), torch.Size([799, 799]), torch.Size([14, 14])]
tensor(indices=tensor([[  0,   1,   2,  ..., 555, 556, 557],
                       [  0,   1,   2,  ..., 555, 556, 557]]),
       values=tensor([1., 1., 1., 1., 1., 1., 1., 1., 1., 1., 1., 1., 1., 1.,
                      1., 1., 1., 1., 1., 1., 1., 1., 1., 1., 1., 1., 1., 1.,
                      1., 1., 1., 1., 1., 1., 1., 1., 1., 1., 1., 1., 1., 1.,
                      1., 1., 1., 1., 1., 1., 1., 1., 1., 1., 1., 1., 1., 1.,
                      1., 1., 1., 1., 1., 1., 1., 1., 1., 1., 1., 1., 1., 1.,
                      1., 1., 1., 1., 1., 1., 1., 1., 1., 1., 1., 1., 1., 1.,
                      1., 1., 1., 1., 1., 1., 1., 1., 1., 1., 1., 1., 1., 1.,
                      1., 1., 1., 1., 1., 1., 1., 1., 1., 1., 1., 1., 1., 1.,
                      1., 1., 1., 1., 1., 1., 1., 1., 1., 1., 1., 1., 1., 1.,
                      1., 1., 1., 1., 1., 1., 1., 1., 1., 1., 1., 1., 1., 1.,
                      1., 1., 1., 1., 1., 1., 1., 1., 1., 1., 1., 1., 1., 1.,
                      1., 1., 1., 1., 1., 1., 1., 1., 1., 1., 1., 1., 1., 1.,
                      1., 1., 1., 1., 1., 1., 1., 1., 1., 1., 1., 1., 1., 1.,
                      1., 1., 1., 1., 1., 1., 1., 1., 1., 1., 1., 1., 1., 1.,
                      1., 1., 1., 1., 1., 1., 1., 1., 1., 1., 1., 1., 1., 1.,
                      1., 1., 1., 1., 1., 1., 1., 1., 1., 1., 1., 1., 1., 1.,
                      1., 1., 1., 1., 1., 1., 1., 1., 1., 1., 1., 1., 1., 1.,
                      1., 1., 1., 1., 1., 1., 1., 1., 1., 1., 1., 1., 1., 1.,
                      1., 1., 1., 1., 1., 1., 1., 1., 1., 1., 1., 1., 1., 1.,
                      1., 1., 1., 1., 1., 1., 1., 1., 1., 1., 1., 1., 1., 1.,
                      1., 1., 1., 1., 1., 1., 1., 1., 1., 1., 1., 1., 1., 1.,
                      1., 1., 1., 1., 1., 1., 1., 1., 1., 1., 1., 1., 1., 1.,
                      1., 1., 1., 1., 1., 1., 1., 1., 1., 1., 1., 1., 1., 1.,
                      1., 1., 1., 1., 1., 1., 1., 1., 1., 1., 1., 1., 1., 1.,
                      1., 1., 1., 1., 1., 1., 1., 1., 1., 1., 1., 1., 1., 1.,
                      1., 1., 1., 1., 1., 1., 1., 1., 1., 1., 1., 1., 1., 1.,
                      1., 1., 1., 1., 1., 1., 1., 1., 1., 1., 1., 1., 1., 1.,
                      1., 1., 1., 1., 1., 1., 1., 1., 1., 1., 1., 1., 1., 1.,
                      1., 1., 1., 1., 1., 1., 1., 1., 1., 1., 1., 1., 1., 1.,
                      1., 1., 1., 1., 1., 1., 1., 1., 1., 1., 1., 1., 1., 1.,
                      1., 1., 1., 1., 1., 1., 1., 1., 1., 1., 1., 1., 1., 1.,
                      1., 1., 1., 1., 1., 1., 1., 1., 1., 1., 1., 1., 1., 1.,
                      1., 1., 1., 1., 1., 1., 1., 1., 1., 1., 1., 1., 1., 1.,
                      1., 1., 1., 1., 1., 1., 1., 1., 1., 1., 1., 1., 1., 1.,
                      1., 1., 1., 1., 1., 1., 1., 1., 1., 1., 1., 1., 1., 1.,
                      1., 1., 1., 1., 1., 1., 1., 1., 1., 1., 1., 1., 1., 1.,
                      1., 1., 1., 1., 1., 1., 1., 1., 1., 1., 1., 1., 1., 1.,
                      1., 1., 1., 1., 1., 1., 1., 1., 1., 1., 1., 1., 1., 1.,
                      1., 1., 1., 1., 1., 1., 1., 1., 1., 1., 1., 1., 1., 1.,
                      1., 1., 1., 1., 1., 1., 1., 1., 1., 1., 1., 1.]),
       size=(558, 558), nnz=558, layout=torch.sparse_coo)
epoch 0 | batch 0 |train loss 1.8010419607162476
Valid: loss 0.8997389078140259, score:{'roc_auc': 0.5489958448753461, 'MRR': 0.7340425531914894}
Saving model
epoch 0 | batch 1 |train loss 0.8586462140083313
epoch 1 | batch 0 |train loss 0.6469943523406982
Valid: loss 0.7224448323249817, score:{'roc_auc': 0.6823060941828255, 'MRR': 0.8794326241134752}
Saving model
epoch 1 | batch 1 |train loss 0.6589169502258301
epoch 2 | batch 0 |train loss 0.5817083120346069
Valid: loss 0.6458762288093567, score:{'roc_auc': 0.7299168975069251, 'MRR': 0.9148936170212766}
Saving model
epoch 2 | batch 1 |train loss 0.6008501648902893
epoch 3 | batch 0 |train loss 0.5523812770843506
Valid: loss 0.6206766366958618, score:{'roc_auc': 0.7437673130193906, 'MRR': 0.9361702127659575}
Saving model
epoch 3 | batch 1 |train loss 0.5786035060882568
epoch 4 | batch 0 |train loss 0.5463595986366272
Valid: loss 0.6187858581542969, score:{'roc_auc': 0.7423822714681441, 'MRR': 0.9148936170212766}
Saving model
epoch 4 | batch 1 |train loss 0.5769729614257812
epoch 5 | batch 0 |train loss 0.5313079953193665
Valid: loss 0.6112005710601807, score:{'roc_auc': 0.7659279778393352, 'MRR': 0.9361702127659575}
Saving model
epoch 5 | batch 1 |train loss 0.5342705249786377
epoch 6 | batch 0 |train loss 0.49140891432762146
Valid: loss 0.6310381889343262, score:{'roc_auc': 0.7754501385041551, 'MRR': 0.925531914893617}
EarlyStopping counter: 1 out of 3
epoch 6 | batch 1 |train loss 0.49564504623413086
epoch 7 | batch 0 |train loss 0.4677845239639282
Valid: loss 0.6838440299034119, score:{'roc_auc': 0.7759695290858726, 'MRR': 0.925531914893617}
EarlyStopping counter: 2 out of 3
epoch 7 | batch 1 |train loss 0.47757455706596375
epoch 8 | batch 0 |train loss 0.4519314765930176
Valid: loss 0.6944578289985657, score:{'roc_auc': 0.7976108033240997, 'MRR': 0.9468085106382979}
Meta keys: dict_keys([3, 6])
Data keys: dict_keys([3, 6])
Edge type: 3, Meta: (1, 0)
Edge type: 6, Meta: (1, 1)
edge type: 6, random_score: {'roc_auc': 0.7702823040509928, 'MRR': 0.9897260273972602}, score: {'roc_auc': 0.6653264276952433, 'MRR': 0.9001141552511415}
ROC_AUC: 0.6653264276952433
Sec neigh test: score list: defaultdict(<class 'list'>, {'roc_auc': [0.76, 0.6653264276952433], 'MRR': [0.9393939393939393, 0.9001141552511415]})
Random test: score list: defaultdict(<class 'list'>, {'roc_auc': [0.802064791740833, 0.7702823040509928], 'MRR': [1.0, 0.9897260273972602]})
Sec neigh test:average score: defaultdict(<class 'list'>, {'roc_auc': 0.7127, 'MRR': 0.9198})
Random test: average score: defaultdict(<class 'list'>, {'roc_auc': 0.7862, 'MRR': 0.9949})
Completed: amazon_style_cctt/fold_5

All jobs completed.
Setup complete
