Starting GCN batch job...
--------------------------------------
Running model: GCN
Dataset: amazon_style_cctt_features/fold_1
--------------------------------------
use device: cpu
Namespace(data='amazon_style_cctt_features/fold_1', model_path='model.pt', train_iter_n=50, cuda=0, checkpoint='', epochs=100, patience=3, n_layers=2, n_heads=[4], dropout=0.5, model='GCN', lr=0.005, weight_decay=0.0, batch_size=1024, edge_sample_ratio=1, test_with_CPU=False, decoder='dismult')
sys_path ['/home/simonettos/homhetgnn/HGB/LP/benchmark/methods/GNN', '/home/simonettos/homhetgnn/sbatches', '/home/simonettos/homhetgnn/HGB/LP/benchmark/methods/baseline', '/home/simonettos/homhetgnn/HGB/LP/benchmark', '/home/simonettos/homhetgnn/HGB/LP/benchmark/methods/GNN', '/home/simonettos/homhetgnn/HGB/LP/benchmark/methods/GNN/utils', '/home/simonettos/homhetgnn/HGB/LP/benchmark/methods/GNN/models', '/deepstore/software/anaconda3/2022.05/lib/python39.zip', '/deepstore/software/anaconda3/2022.05/lib/python3.9', '/deepstore/software/anaconda3/2022.05/lib/python3.9/lib-dynload', '/home/simonettos/homhetgnn/gpuvenv/lib/python3.9/site-packages', '../../', '../../']
Loading nodes from /home/simonettos/homhetgnn/HGB/LP/benchmark/data/amazon_style_cctt_features/fold_1/node.dat
edge types: dict_keys([0, 4, 5, 11, 3, 2, 7, 6, 1, 8, 10, 9])
nodes.shift keys: [0, 1, 2, 3]
nodes.count keys: [0, 1, 2, 3]
links.meta: {0: (0, 0), 4: (2, 1), 5: (3, 1), 11: (1, 1), 3: (2, 0), 2: (2, 1), 7: (1, 0), 6: (1, 1), 1: (1, 1), 8: (1, 1), 10: (1, 1), 9: (2, 2)}
t_type about to use: 1
h_type: 1
shift dict: {0: 0, 1: 558, 2: 1498, 3: 2297}
count dict: Counter({1: 940, 2: 799, 0: 558, 3: 14})
nodes.shift keys: [0, 1, 2, 3]
nodes.count keys: [0, 1, 2, 3]
links.meta: {0: (0, 0), 4: (2, 1), 5: (3, 1), 11: (1, 1), 3: (2, 0), 2: (2, 1), 7: (1, 0), 6: (1, 1), 1: (1, 1), 8: (1, 1), 10: (1, 1), 9: (2, 2)}
t_type about to use: 0
h_type: 2
shift dict: {0: 0, 1: 558, 2: 1498, 3: 2297}
count dict: Counter({1: 940, 2: 799, 0: 558, 3: 14})
Info: load amazon_style_cctt_features/fold_1 from original data and generate /home/simonettos/homhetgnn/HGB/LP/benchmark/data/amazon_style_cctt_features/fold_1/dl_pickle 
node_type: 0, dim: 558
node_type: 1, dim: 940
node_type: 2, dim: 799
node_type: 3, dim: 14
edge types: [6, 3]
dataset: amazon_style_cctt_features/fold_1, eval_type: 6
edge_list shape: torch.Size([2, 11757])
feat_list shape: [torch.Size([558, 558]), torch.Size([940, 940]), torch.Size([799, 799]), torch.Size([14, 14])]
tensor(indices=tensor([[  0,   1,   2,  ..., 555, 556, 557],
                       [  0,   1,   2,  ..., 555, 556, 557]]),
       values=tensor([1., 1., 1., 1., 1., 1., 1., 1., 1., 1., 1., 1., 1., 1.,
                      1., 1., 1., 1., 1., 1., 1., 1., 1., 1., 1., 1., 1., 1.,
                      1., 1., 1., 1., 1., 1., 1., 1., 1., 1., 1., 1., 1., 1.,
                      1., 1., 1., 1., 1., 1., 1., 1., 1., 1., 1., 1., 1., 1.,
                      1., 1., 1., 1., 1., 1., 1., 1., 1., 1., 1., 1., 1., 1.,
                      1., 1., 1., 1., 1., 1., 1., 1., 1., 1., 1., 1., 1., 1.,
                      1., 1., 1., 1., 1., 1., 1., 1., 1., 1., 1., 1., 1., 1.,
                      1., 1., 1., 1., 1., 1., 1., 1., 1., 1., 1., 1., 1., 1.,
                      1., 1., 1., 1., 1., 1., 1., 1., 1., 1., 1., 1., 1., 1.,
                      1., 1., 1., 1., 1., 1., 1., 1., 1., 1., 1., 1., 1., 1.,
                      1., 1., 1., 1., 1., 1., 1., 1., 1., 1., 1., 1., 1., 1.,
                      1., 1., 1., 1., 1., 1., 1., 1., 1., 1., 1., 1., 1., 1.,
                      1., 1., 1., 1., 1., 1., 1., 1., 1., 1., 1., 1., 1., 1.,
                      1., 1., 1., 1., 1., 1., 1., 1., 1., 1., 1., 1., 1., 1.,
                      1., 1., 1., 1., 1., 1., 1., 1., 1., 1., 1., 1., 1., 1.,
                      1., 1., 1., 1., 1., 1., 1., 1., 1., 1., 1., 1., 1., 1.,
                      1., 1., 1., 1., 1., 1., 1., 1., 1., 1., 1., 1., 1., 1.,
                      1., 1., 1., 1., 1., 1., 1., 1., 1., 1., 1., 1., 1., 1.,
                      1., 1., 1., 1., 1., 1., 1., 1., 1., 1., 1., 1., 1., 1.,
                      1., 1., 1., 1., 1., 1., 1., 1., 1., 1., 1., 1., 1., 1.,
                      1., 1., 1., 1., 1., 1., 1., 1., 1., 1., 1., 1., 1., 1.,
                      1., 1., 1., 1., 1., 1., 1., 1., 1., 1., 1., 1., 1., 1.,
                      1., 1., 1., 1., 1., 1., 1., 1., 1., 1., 1., 1., 1., 1.,
                      1., 1., 1., 1., 1., 1., 1., 1., 1., 1., 1., 1., 1., 1.,
                      1., 1., 1., 1., 1., 1., 1., 1., 1., 1., 1., 1., 1., 1.,
                      1., 1., 1., 1., 1., 1., 1., 1., 1., 1., 1., 1., 1., 1.,
                      1., 1., 1., 1., 1., 1., 1., 1., 1., 1., 1., 1., 1., 1.,
                      1., 1., 1., 1., 1., 1., 1., 1., 1., 1., 1., 1., 1., 1.,
                      1., 1., 1., 1., 1., 1., 1., 1., 1., 1., 1., 1., 1., 1.,
                      1., 1., 1., 1., 1., 1., 1., 1., 1., 1., 1., 1., 1., 1.,
                      1., 1., 1., 1., 1., 1., 1., 1., 1., 1., 1., 1., 1., 1.,
                      1., 1., 1., 1., 1., 1., 1., 1., 1., 1., 1., 1., 1., 1.,
                      1., 1., 1., 1., 1., 1., 1., 1., 1., 1., 1., 1., 1., 1.,
                      1., 1., 1., 1., 1., 1., 1., 1., 1., 1., 1., 1., 1., 1.,
                      1., 1., 1., 1., 1., 1., 1., 1., 1., 1., 1., 1., 1., 1.,
                      1., 1., 1., 1., 1., 1., 1., 1., 1., 1., 1., 1., 1., 1.,
                      1., 1., 1., 1., 1., 1., 1., 1., 1., 1., 1., 1., 1., 1.,
                      1., 1., 1., 1., 1., 1., 1., 1., 1., 1., 1., 1., 1., 1.,
                      1., 1., 1., 1., 1., 1., 1., 1., 1., 1., 1., 1., 1., 1.,
                      1., 1., 1., 1., 1., 1., 1., 1., 1., 1., 1., 1.]),
       size=(558, 558), nnz=558, layout=torch.sparse_coo)
epoch 0 | batch 0 |train loss 0.6929947733879089
Valid: loss 0.6880035400390625, score:{'roc_auc': 0.785506039150354, 'MRR': 0.9305555555555556}
Saving model
epoch 0 | batch 1 |train loss 0.6889974474906921
epoch 1 | batch 0 |train loss 0.6704392433166504
Valid: loss 0.6376234292984009, score:{'roc_auc': 0.8238234069137859, 'MRR': 0.925925925925926}
Saving model
epoch 1 | batch 1 |train loss 0.6331737637519836
epoch 2 | batch 0 |train loss 0.5664239525794983
Valid: loss 0.491405189037323, score:{'roc_auc': 0.8592253227821741, 'MRR': 0.9444444444444444}
Saving model
epoch 2 | batch 1 |train loss 0.46709853410720825
epoch 3 | batch 0 |train loss 0.3981913626194
Valid: loss 0.48564910888671875, score:{'roc_auc': 0.8667221990837151, 'MRR': 0.9305555555555556}
Saving model
epoch 3 | batch 1 |train loss 0.34342578053474426
epoch 4 | batch 0 |train loss 0.32460784912109375
Valid: loss 0.5547125935554504, score:{'roc_auc': 0.8779675135360266, 'MRR': 0.9583333333333334}
EarlyStopping counter: 1 out of 3
epoch 4 | batch 1 |train loss 0.3203963041305542
epoch 5 | batch 0 |train loss 0.2852408289909363
Valid: loss 0.5869854688644409, score:{'roc_auc': 0.8867138692211578, 'MRR': 0.9722222222222222}
EarlyStopping counter: 2 out of 3
epoch 5 | batch 1 |train loss 0.2630435526371002
epoch 6 | batch 0 |train loss 0.27097824215888977
Valid: loss 0.5242427587509155, score:{'roc_auc': 0.8942107455226989, 'MRR': 0.9861111111111112}
Meta keys: dict_keys([6, 3])
Data keys: dict_keys([6, 3])
Edge type: 6, Meta: (2, 0)
Edge type: 3, Meta: (2, 1)
edge type: 6, random_score: {'roc_auc': 0.7989459931592313, 'MRR': 0.9856115107913669}, score: {'roc_auc': 0.544469987228608, 'MRR': 0.9286570743405275}
ROC_AUC: 0.544469987228608
dataset: amazon_style_cctt_features/fold_1, eval_type: 3
edge_list shape: torch.Size([2, 11757])
feat_list shape: [torch.Size([558, 558]), torch.Size([940, 940]), torch.Size([799, 799]), torch.Size([14, 14])]
tensor(indices=tensor([[  0,   1,   2,  ..., 555, 556, 557],
                       [  0,   1,   2,  ..., 555, 556, 557]]),
       values=tensor([1., 1., 1., 1., 1., 1., 1., 1., 1., 1., 1., 1., 1., 1.,
                      1., 1., 1., 1., 1., 1., 1., 1., 1., 1., 1., 1., 1., 1.,
                      1., 1., 1., 1., 1., 1., 1., 1., 1., 1., 1., 1., 1., 1.,
                      1., 1., 1., 1., 1., 1., 1., 1., 1., 1., 1., 1., 1., 1.,
                      1., 1., 1., 1., 1., 1., 1., 1., 1., 1., 1., 1., 1., 1.,
                      1., 1., 1., 1., 1., 1., 1., 1., 1., 1., 1., 1., 1., 1.,
                      1., 1., 1., 1., 1., 1., 1., 1., 1., 1., 1., 1., 1., 1.,
                      1., 1., 1., 1., 1., 1., 1., 1., 1., 1., 1., 1., 1., 1.,
                      1., 1., 1., 1., 1., 1., 1., 1., 1., 1., 1., 1., 1., 1.,
                      1., 1., 1., 1., 1., 1., 1., 1., 1., 1., 1., 1., 1., 1.,
                      1., 1., 1., 1., 1., 1., 1., 1., 1., 1., 1., 1., 1., 1.,
                      1., 1., 1., 1., 1., 1., 1., 1., 1., 1., 1., 1., 1., 1.,
                      1., 1., 1., 1., 1., 1., 1., 1., 1., 1., 1., 1., 1., 1.,
                      1., 1., 1., 1., 1., 1., 1., 1., 1., 1., 1., 1., 1., 1.,
                      1., 1., 1., 1., 1., 1., 1., 1., 1., 1., 1., 1., 1., 1.,
                      1., 1., 1., 1., 1., 1., 1., 1., 1., 1., 1., 1., 1., 1.,
                      1., 1., 1., 1., 1., 1., 1., 1., 1., 1., 1., 1., 1., 1.,
                      1., 1., 1., 1., 1., 1., 1., 1., 1., 1., 1., 1., 1., 1.,
                      1., 1., 1., 1., 1., 1., 1., 1., 1., 1., 1., 1., 1., 1.,
                      1., 1., 1., 1., 1., 1., 1., 1., 1., 1., 1., 1., 1., 1.,
                      1., 1., 1., 1., 1., 1., 1., 1., 1., 1., 1., 1., 1., 1.,
                      1., 1., 1., 1., 1., 1., 1., 1., 1., 1., 1., 1., 1., 1.,
                      1., 1., 1., 1., 1., 1., 1., 1., 1., 1., 1., 1., 1., 1.,
                      1., 1., 1., 1., 1., 1., 1., 1., 1., 1., 1., 1., 1., 1.,
                      1., 1., 1., 1., 1., 1., 1., 1., 1., 1., 1., 1., 1., 1.,
                      1., 1., 1., 1., 1., 1., 1., 1., 1., 1., 1., 1., 1., 1.,
                      1., 1., 1., 1., 1., 1., 1., 1., 1., 1., 1., 1., 1., 1.,
                      1., 1., 1., 1., 1., 1., 1., 1., 1., 1., 1., 1., 1., 1.,
                      1., 1., 1., 1., 1., 1., 1., 1., 1., 1., 1., 1., 1., 1.,
                      1., 1., 1., 1., 1., 1., 1., 1., 1., 1., 1., 1., 1., 1.,
                      1., 1., 1., 1., 1., 1., 1., 1., 1., 1., 1., 1., 1., 1.,
                      1., 1., 1., 1., 1., 1., 1., 1., 1., 1., 1., 1., 1., 1.,
                      1., 1., 1., 1., 1., 1., 1., 1., 1., 1., 1., 1., 1., 1.,
                      1., 1., 1., 1., 1., 1., 1., 1., 1., 1., 1., 1., 1., 1.,
                      1., 1., 1., 1., 1., 1., 1., 1., 1., 1., 1., 1., 1., 1.,
                      1., 1., 1., 1., 1., 1., 1., 1., 1., 1., 1., 1., 1., 1.,
                      1., 1., 1., 1., 1., 1., 1., 1., 1., 1., 1., 1., 1., 1.,
                      1., 1., 1., 1., 1., 1., 1., 1., 1., 1., 1., 1., 1., 1.,
                      1., 1., 1., 1., 1., 1., 1., 1., 1., 1., 1., 1., 1., 1.,
                      1., 1., 1., 1., 1., 1., 1., 1., 1., 1., 1., 1.]),
       size=(558, 558), nnz=558, layout=torch.sparse_coo)
epoch 0 | batch 0 |train loss 1.1386756896972656
Valid: loss 0.9295381903648376, score:{'roc_auc': 0.16666666666666663, 'MRR': 0.5}
Saving model
epoch 1 | batch 0 |train loss 0.7737875580787659
Valid: loss 0.7413842082023621, score:{'roc_auc': 0.3055555555555556, 'MRR': 0.5833333333333334}
Saving model
epoch 2 | batch 0 |train loss 0.656345546245575
Valid: loss 0.6908998489379883, score:{'roc_auc': 0.5833333333333334, 'MRR': 0.8333333333333334}
Saving model
epoch 3 | batch 0 |train loss 0.6390879154205322
Valid: loss 0.6748182773590088, score:{'roc_auc': 0.6944444444444445, 'MRR': 0.9166666666666666}
Saving model
epoch 4 | batch 0 |train loss 0.6294271945953369
Valid: loss 0.6644935011863708, score:{'roc_auc': 0.8055555555555556, 'MRR': 0.8333333333333334}
Saving model
epoch 5 | batch 0 |train loss 0.6154710650444031
Valid: loss 0.6493239998817444, score:{'roc_auc': 0.75, 'MRR': 0.8333333333333334}
Saving model
epoch 6 | batch 0 |train loss 0.5923869609832764
Valid: loss 0.6242020130157471, score:{'roc_auc': 0.75, 'MRR': 0.8333333333333334}
Saving model
epoch 7 | batch 0 |train loss 0.5577275156974792
Valid: loss 0.5906572937965393, score:{'roc_auc': 0.75, 'MRR': 0.8333333333333334}
Saving model
epoch 8 | batch 0 |train loss 0.5084373950958252
Valid: loss 0.5625481009483337, score:{'roc_auc': 0.8055555555555556, 'MRR': 0.8333333333333334}
Saving model
epoch 9 | batch 0 |train loss 0.45815029740333557
Valid: loss 0.5554401874542236, score:{'roc_auc': 0.8055555555555556, 'MRR': 0.8333333333333334}
Saving model
epoch 10 | batch 0 |train loss 0.43282678723335266
Valid: loss 0.5520133376121521, score:{'roc_auc': 0.8055555555555556, 'MRR': 0.8333333333333334}
Saving model
epoch 11 | batch 0 |train loss 0.3935568630695343
Valid: loss 0.5321669578552246, score:{'roc_auc': 0.8055555555555556, 'MRR': 0.8333333333333334}
Saving model
epoch 12 | batch 0 |train loss 0.327633798122406
Valid: loss 0.5081990957260132, score:{'roc_auc': 0.8333333333333333, 'MRR': 0.9166666666666666}
Saving model
epoch 13 | batch 0 |train loss 0.2870621085166931
Valid: loss 0.4864529073238373, score:{'roc_auc': 0.8611111111111112, 'MRR': 0.9166666666666666}
Saving model
epoch 14 | batch 0 |train loss 0.26948684453964233
Valid: loss 0.45707130432128906, score:{'roc_auc': 0.8611111111111112, 'MRR': 0.9166666666666666}
Saving model
epoch 15 | batch 0 |train loss 0.23940463364124298
Valid: loss 0.410083144903183, score:{'roc_auc': 0.888888888888889, 'MRR': 0.9166666666666666}
Saving model
epoch 16 | batch 0 |train loss 0.2180393487215042
Valid: loss 0.3532588481903076, score:{'roc_auc': 0.9444444444444444, 'MRR': 1.0}
Saving model
epoch 17 | batch 0 |train loss 0.18216493725776672
Valid: loss 0.3043369650840759, score:{'roc_auc': 0.9444444444444444, 'MRR': 1.0}
Saving model
epoch 18 | batch 0 |train loss 0.1570557802915573
Valid: loss 0.27057063579559326, score:{'roc_auc': 0.9444444444444444, 'MRR': 1.0}
Saving model
epoch 19 | batch 0 |train loss 0.1458074450492859
Valid: loss 0.24441345036029816, score:{'roc_auc': 0.9722222222222223, 'MRR': 1.0}
Saving model
epoch 20 | batch 0 |train loss 0.12175251543521881
Valid: loss 0.21185757219791412, score:{'roc_auc': 0.9722222222222223, 'MRR': 1.0}
Saving model
epoch 21 | batch 0 |train loss 0.1153700202703476
Valid: loss 0.18282128870487213, score:{'roc_auc': 0.9722222222222223, 'MRR': 1.0}
Saving model
epoch 22 | batch 0 |train loss 0.1097194254398346
Valid: loss 0.14913563430309296, score:{'roc_auc': 0.9722222222222223, 'MRR': 1.0}
Saving model
epoch 23 | batch 0 |train loss 0.08832110464572906
Valid: loss 0.13204045593738556, score:{'roc_auc': 0.9722222222222223, 'MRR': 1.0}
Saving model
epoch 24 | batch 0 |train loss 0.08879195153713226
Valid: loss 0.10947910696268082, score:{'roc_auc': 1.0, 'MRR': 1.0}
Saving model
epoch 25 | batch 0 |train loss 0.06866144388914108
Valid: loss 0.09117285162210464, score:{'roc_auc': 1.0, 'MRR': 1.0}
Saving model
epoch 26 | batch 0 |train loss 0.06254648417234421
Valid: loss 0.074440598487854, score:{'roc_auc': 1.0, 'MRR': 1.0}
Saving model
epoch 27 | batch 0 |train loss 0.05646030232310295
Valid: loss 0.06621215492486954, score:{'roc_auc': 1.0, 'MRR': 1.0}
Saving model
epoch 28 | batch 0 |train loss 0.05050657317042351
Valid: loss 0.0490037240087986, score:{'roc_auc': 1.0, 'MRR': 1.0}
Saving model
epoch 29 | batch 0 |train loss 0.040391817688941956
Valid: loss 0.04200274869799614, score:{'roc_auc': 1.0, 'MRR': 1.0}
Saving model
epoch 30 | batch 0 |train loss 0.0359024852514267
Valid: loss 0.04369853064417839, score:{'roc_auc': 1.0, 'MRR': 1.0}
EarlyStopping counter: 1 out of 3
epoch 31 | batch 0 |train loss 0.026308095082640648
Valid: loss 0.04792310670018196, score:{'roc_auc': 1.0, 'MRR': 1.0}
EarlyStopping counter: 2 out of 3
epoch 32 | batch 0 |train loss 0.025255072861909866
Valid: loss 0.05468131601810455, score:{'roc_auc': 1.0, 'MRR': 1.0}
Meta keys: dict_keys([6, 3])
Data keys: dict_keys([6, 3])
Edge type: 6, Meta: (2, 0)
Edge type: 3, Meta: (2, 1)
edge type: 3, random_score: {'roc_auc': 0.6589533641865434, 'MRR': 0.986111111111111}, score: {'roc_auc': 0.5684835779175402, 'MRR': 0.8958333333333334}
ROC_AUC: 0.5684835779175402
Sec neigh test: score list: defaultdict(<class 'list'>, {'roc_auc': [0.544469987228608, 0.5684835779175402], 'MRR': [0.9286570743405275, 0.8958333333333334]})
Random test: score list: defaultdict(<class 'list'>, {'roc_auc': [0.7989459931592313, 0.6589533641865434], 'MRR': [0.9856115107913669, 0.986111111111111]})
Sec neigh test:average score: defaultdict(<class 'list'>, {'roc_auc': 0.5565, 'MRR': 0.9122})
Random test: average score: defaultdict(<class 'list'>, {'roc_auc': 0.7289, 'MRR': 0.9859})
Completed: amazon_style_cctt_features/fold_1

--------------------------------------
Running model: GCN
Dataset: amazon_style_cctt_features/fold_2
--------------------------------------
use device: cpu
Namespace(data='amazon_style_cctt_features/fold_2', model_path='model.pt', train_iter_n=50, cuda=0, checkpoint='', epochs=100, patience=3, n_layers=2, n_heads=[4], dropout=0.5, model='GCN', lr=0.005, weight_decay=0.0, batch_size=1024, edge_sample_ratio=1, test_with_CPU=False, decoder='dismult')
sys_path ['/home/simonettos/homhetgnn/HGB/LP/benchmark/methods/GNN', '/home/simonettos/homhetgnn/sbatches', '/home/simonettos/homhetgnn/HGB/LP/benchmark/methods/baseline', '/home/simonettos/homhetgnn/HGB/LP/benchmark', '/home/simonettos/homhetgnn/HGB/LP/benchmark/methods/GNN', '/home/simonettos/homhetgnn/HGB/LP/benchmark/methods/GNN/utils', '/home/simonettos/homhetgnn/HGB/LP/benchmark/methods/GNN/models', '/deepstore/software/anaconda3/2022.05/lib/python39.zip', '/deepstore/software/anaconda3/2022.05/lib/python3.9', '/deepstore/software/anaconda3/2022.05/lib/python3.9/lib-dynload', '/home/simonettos/homhetgnn/gpuvenv/lib/python3.9/site-packages', '../../', '../../']
Loading nodes from /home/simonettos/homhetgnn/HGB/LP/benchmark/data/amazon_style_cctt_features/fold_2/node.dat
edge types: dict_keys([5, 4, 6, 3, 11, 7, 2, 0, 8, 9, 1, 10])
nodes.shift keys: [0, 1, 2, 3]
nodes.count keys: [0, 1, 2, 3]
links.meta: {5: (1, 1), 4: (2, 2), 6: (2, 0), 3: (2, 1), 11: (0, 1), 7: (2, 2), 2: (1, 2), 0: (1, 1), 8: (1, 1), 9: (1, 0), 1: (2, 1), 10: (0, 2)}
t_type about to use: 1
h_type: 2
shift dict: {0: 0, 1: 558, 2: 1498, 3: 2297}
count dict: Counter({1: 940, 2: 799, 0: 558, 3: 14})
nodes.shift keys: [0, 1, 2, 3]
nodes.count keys: [0, 1, 2, 3]
links.meta: {5: (1, 1), 4: (2, 2), 6: (2, 0), 3: (2, 1), 11: (0, 1), 7: (2, 2), 2: (1, 2), 0: (1, 1), 8: (1, 1), 9: (1, 0), 1: (2, 1), 10: (0, 2)}
t_type about to use: 0
h_type: 2
shift dict: {0: 0, 1: 558, 2: 1498, 3: 2297}
count dict: Counter({1: 940, 2: 799, 0: 558, 3: 14})
Info: load amazon_style_cctt_features/fold_2 from original data and generate /home/simonettos/homhetgnn/HGB/LP/benchmark/data/amazon_style_cctt_features/fold_2/dl_pickle 
node_type: 0, dim: 558
node_type: 1, dim: 940
node_type: 2, dim: 799
node_type: 3, dim: 14
edge types: [3, 6]
dataset: amazon_style_cctt_features/fold_2, eval_type: 3
edge_list shape: torch.Size([2, 11779])
feat_list shape: [torch.Size([558, 558]), torch.Size([940, 940]), torch.Size([799, 799]), torch.Size([14, 14])]
tensor(indices=tensor([[  0,   1,   2,  ..., 555, 556, 557],
                       [  0,   1,   2,  ..., 555, 556, 557]]),
       values=tensor([1., 1., 1., 1., 1., 1., 1., 1., 1., 1., 1., 1., 1., 1.,
                      1., 1., 1., 1., 1., 1., 1., 1., 1., 1., 1., 1., 1., 1.,
                      1., 1., 1., 1., 1., 1., 1., 1., 1., 1., 1., 1., 1., 1.,
                      1., 1., 1., 1., 1., 1., 1., 1., 1., 1., 1., 1., 1., 1.,
                      1., 1., 1., 1., 1., 1., 1., 1., 1., 1., 1., 1., 1., 1.,
                      1., 1., 1., 1., 1., 1., 1., 1., 1., 1., 1., 1., 1., 1.,
                      1., 1., 1., 1., 1., 1., 1., 1., 1., 1., 1., 1., 1., 1.,
                      1., 1., 1., 1., 1., 1., 1., 1., 1., 1., 1., 1., 1., 1.,
                      1., 1., 1., 1., 1., 1., 1., 1., 1., 1., 1., 1., 1., 1.,
                      1., 1., 1., 1., 1., 1., 1., 1., 1., 1., 1., 1., 1., 1.,
                      1., 1., 1., 1., 1., 1., 1., 1., 1., 1., 1., 1., 1., 1.,
                      1., 1., 1., 1., 1., 1., 1., 1., 1., 1., 1., 1., 1., 1.,
                      1., 1., 1., 1., 1., 1., 1., 1., 1., 1., 1., 1., 1., 1.,
                      1., 1., 1., 1., 1., 1., 1., 1., 1., 1., 1., 1., 1., 1.,
                      1., 1., 1., 1., 1., 1., 1., 1., 1., 1., 1., 1., 1., 1.,
                      1., 1., 1., 1., 1., 1., 1., 1., 1., 1., 1., 1., 1., 1.,
                      1., 1., 1., 1., 1., 1., 1., 1., 1., 1., 1., 1., 1., 1.,
                      1., 1., 1., 1., 1., 1., 1., 1., 1., 1., 1., 1., 1., 1.,
                      1., 1., 1., 1., 1., 1., 1., 1., 1., 1., 1., 1., 1., 1.,
                      1., 1., 1., 1., 1., 1., 1., 1., 1., 1., 1., 1., 1., 1.,
                      1., 1., 1., 1., 1., 1., 1., 1., 1., 1., 1., 1., 1., 1.,
                      1., 1., 1., 1., 1., 1., 1., 1., 1., 1., 1., 1., 1., 1.,
                      1., 1., 1., 1., 1., 1., 1., 1., 1., 1., 1., 1., 1., 1.,
                      1., 1., 1., 1., 1., 1., 1., 1., 1., 1., 1., 1., 1., 1.,
                      1., 1., 1., 1., 1., 1., 1., 1., 1., 1., 1., 1., 1., 1.,
                      1., 1., 1., 1., 1., 1., 1., 1., 1., 1., 1., 1., 1., 1.,
                      1., 1., 1., 1., 1., 1., 1., 1., 1., 1., 1., 1., 1., 1.,
                      1., 1., 1., 1., 1., 1., 1., 1., 1., 1., 1., 1., 1., 1.,
                      1., 1., 1., 1., 1., 1., 1., 1., 1., 1., 1., 1., 1., 1.,
                      1., 1., 1., 1., 1., 1., 1., 1., 1., 1., 1., 1., 1., 1.,
                      1., 1., 1., 1., 1., 1., 1., 1., 1., 1., 1., 1., 1., 1.,
                      1., 1., 1., 1., 1., 1., 1., 1., 1., 1., 1., 1., 1., 1.,
                      1., 1., 1., 1., 1., 1., 1., 1., 1., 1., 1., 1., 1., 1.,
                      1., 1., 1., 1., 1., 1., 1., 1., 1., 1., 1., 1., 1., 1.,
                      1., 1., 1., 1., 1., 1., 1., 1., 1., 1., 1., 1., 1., 1.,
                      1., 1., 1., 1., 1., 1., 1., 1., 1., 1., 1., 1., 1., 1.,
                      1., 1., 1., 1., 1., 1., 1., 1., 1., 1., 1., 1., 1., 1.,
                      1., 1., 1., 1., 1., 1., 1., 1., 1., 1., 1., 1., 1., 1.,
                      1., 1., 1., 1., 1., 1., 1., 1., 1., 1., 1., 1., 1., 1.,
                      1., 1., 1., 1., 1., 1., 1., 1., 1., 1., 1., 1.]),
       size=(558, 558), nnz=558, layout=torch.sparse_coo)
epoch 0 | batch 0 |train loss 0.6930018663406372
Valid: loss 0.6921836733818054, score:{'roc_auc': 0.6666666666666667, 'MRR': 0.9375}
Saving model
epoch 1 | batch 0 |train loss 0.6891472935676575
Valid: loss 0.6844667792320251, score:{'roc_auc': 0.8395061728395061, 'MRR': 0.9375}
Saving model
epoch 2 | batch 0 |train loss 0.6776362657546997
Valid: loss 0.6608005166053772, score:{'roc_auc': 0.925925925925926, 'MRR': 1.0}
Saving model
epoch 3 | batch 0 |train loss 0.6463683843612671
Valid: loss 0.6053216457366943, score:{'roc_auc': 0.9506172839506173, 'MRR': 1.0}
Saving model
epoch 4 | batch 0 |train loss 0.5869632959365845
Valid: loss 0.5008021593093872, score:{'roc_auc': 0.9506172839506173, 'MRR': 1.0}
Saving model
epoch 5 | batch 0 |train loss 0.47152867913246155
Valid: loss 0.3618133068084717, score:{'roc_auc': 0.9629629629629629, 'MRR': 1.0}
Saving model
epoch 6 | batch 0 |train loss 0.36095482110977173
Valid: loss 0.29524505138397217, score:{'roc_auc': 0.9629629629629629, 'MRR': 1.0}
Saving model
epoch 7 | batch 0 |train loss 0.25855737924575806
Valid: loss 0.20542870461940765, score:{'roc_auc': 0.9629629629629629, 'MRR': 1.0}
Saving model
epoch 8 | batch 0 |train loss 0.222818985581398
Valid: loss 0.3144257366657257, score:{'roc_auc': 0.9753086419753085, 'MRR': 1.0}
EarlyStopping counter: 1 out of 3
epoch 9 | batch 0 |train loss 0.183567613363266
Valid: loss 0.4454176723957062, score:{'roc_auc': 0.9629629629629629, 'MRR': 1.0}
EarlyStopping counter: 2 out of 3
epoch 10 | batch 0 |train loss 0.16632646322250366
Valid: loss 0.42226800322532654, score:{'roc_auc': 0.9629629629629629, 'MRR': 1.0}
Meta keys: dict_keys([3, 6])
Data keys: dict_keys([3, 6])
Edge type: 3, Meta: (2, 0)
Edge type: 6, Meta: (1, 1)
edge type: 3, random_score: {'roc_auc': 0.9320042719829121, 'MRR': 0.99}, score: {'roc_auc': 0.7246998284734134, 'MRR': 0.97}
ROC_AUC: 0.7246998284734134
dataset: amazon_style_cctt_features/fold_2, eval_type: 6
edge_list shape: torch.Size([2, 11779])
feat_list shape: [torch.Size([558, 558]), torch.Size([940, 940]), torch.Size([799, 799]), torch.Size([14, 14])]
tensor(indices=tensor([[  0,   1,   2,  ..., 555, 556, 557],
                       [  0,   1,   2,  ..., 555, 556, 557]]),
       values=tensor([1., 1., 1., 1., 1., 1., 1., 1., 1., 1., 1., 1., 1., 1.,
                      1., 1., 1., 1., 1., 1., 1., 1., 1., 1., 1., 1., 1., 1.,
                      1., 1., 1., 1., 1., 1., 1., 1., 1., 1., 1., 1., 1., 1.,
                      1., 1., 1., 1., 1., 1., 1., 1., 1., 1., 1., 1., 1., 1.,
                      1., 1., 1., 1., 1., 1., 1., 1., 1., 1., 1., 1., 1., 1.,
                      1., 1., 1., 1., 1., 1., 1., 1., 1., 1., 1., 1., 1., 1.,
                      1., 1., 1., 1., 1., 1., 1., 1., 1., 1., 1., 1., 1., 1.,
                      1., 1., 1., 1., 1., 1., 1., 1., 1., 1., 1., 1., 1., 1.,
                      1., 1., 1., 1., 1., 1., 1., 1., 1., 1., 1., 1., 1., 1.,
                      1., 1., 1., 1., 1., 1., 1., 1., 1., 1., 1., 1., 1., 1.,
                      1., 1., 1., 1., 1., 1., 1., 1., 1., 1., 1., 1., 1., 1.,
                      1., 1., 1., 1., 1., 1., 1., 1., 1., 1., 1., 1., 1., 1.,
                      1., 1., 1., 1., 1., 1., 1., 1., 1., 1., 1., 1., 1., 1.,
                      1., 1., 1., 1., 1., 1., 1., 1., 1., 1., 1., 1., 1., 1.,
                      1., 1., 1., 1., 1., 1., 1., 1., 1., 1., 1., 1., 1., 1.,
                      1., 1., 1., 1., 1., 1., 1., 1., 1., 1., 1., 1., 1., 1.,
                      1., 1., 1., 1., 1., 1., 1., 1., 1., 1., 1., 1., 1., 1.,
                      1., 1., 1., 1., 1., 1., 1., 1., 1., 1., 1., 1., 1., 1.,
                      1., 1., 1., 1., 1., 1., 1., 1., 1., 1., 1., 1., 1., 1.,
                      1., 1., 1., 1., 1., 1., 1., 1., 1., 1., 1., 1., 1., 1.,
                      1., 1., 1., 1., 1., 1., 1., 1., 1., 1., 1., 1., 1., 1.,
                      1., 1., 1., 1., 1., 1., 1., 1., 1., 1., 1., 1., 1., 1.,
                      1., 1., 1., 1., 1., 1., 1., 1., 1., 1., 1., 1., 1., 1.,
                      1., 1., 1., 1., 1., 1., 1., 1., 1., 1., 1., 1., 1., 1.,
                      1., 1., 1., 1., 1., 1., 1., 1., 1., 1., 1., 1., 1., 1.,
                      1., 1., 1., 1., 1., 1., 1., 1., 1., 1., 1., 1., 1., 1.,
                      1., 1., 1., 1., 1., 1., 1., 1., 1., 1., 1., 1., 1., 1.,
                      1., 1., 1., 1., 1., 1., 1., 1., 1., 1., 1., 1., 1., 1.,
                      1., 1., 1., 1., 1., 1., 1., 1., 1., 1., 1., 1., 1., 1.,
                      1., 1., 1., 1., 1., 1., 1., 1., 1., 1., 1., 1., 1., 1.,
                      1., 1., 1., 1., 1., 1., 1., 1., 1., 1., 1., 1., 1., 1.,
                      1., 1., 1., 1., 1., 1., 1., 1., 1., 1., 1., 1., 1., 1.,
                      1., 1., 1., 1., 1., 1., 1., 1., 1., 1., 1., 1., 1., 1.,
                      1., 1., 1., 1., 1., 1., 1., 1., 1., 1., 1., 1., 1., 1.,
                      1., 1., 1., 1., 1., 1., 1., 1., 1., 1., 1., 1., 1., 1.,
                      1., 1., 1., 1., 1., 1., 1., 1., 1., 1., 1., 1., 1., 1.,
                      1., 1., 1., 1., 1., 1., 1., 1., 1., 1., 1., 1., 1., 1.,
                      1., 1., 1., 1., 1., 1., 1., 1., 1., 1., 1., 1., 1., 1.,
                      1., 1., 1., 1., 1., 1., 1., 1., 1., 1., 1., 1., 1., 1.,
                      1., 1., 1., 1., 1., 1., 1., 1., 1., 1., 1., 1.]),
       size=(558, 558), nnz=558, layout=torch.sparse_coo)
epoch 0 | batch 0 |train loss 2.6312360763549805
Valid: loss 1.378987431526184, score:{'roc_auc': 0.49151234567901236, 'MRR': 0.7470238095238095}
Saving model
epoch 0 | batch 1 |train loss 1.317936897277832
epoch 1 | batch 0 |train loss 0.8458280563354492
Valid: loss 0.6435143351554871, score:{'roc_auc': 0.6672453703703703, 'MRR': 0.8095238095238095}
Saving model
epoch 1 | batch 1 |train loss 0.6261230111122131
epoch 2 | batch 0 |train loss 0.598712682723999
Valid: loss 0.6053338050842285, score:{'roc_auc': 0.7972608024691359, 'MRR': 0.8839285714285714}
Saving model
epoch 2 | batch 1 |train loss 0.5870025753974915
epoch 3 | batch 0 |train loss 0.6049270629882812
Valid: loss 0.616775393486023, score:{'roc_auc': 0.8420138888888888, 'MRR': 0.9107142857142857}
EarlyStopping counter: 1 out of 3
epoch 3 | batch 1 |train loss 0.6048445701599121
epoch 4 | batch 0 |train loss 0.6144658923149109
Valid: loss 0.613877534866333, score:{'roc_auc': 0.8641975308641976, 'MRR': 0.9196428571428571}
EarlyStopping counter: 2 out of 3
epoch 4 | batch 1 |train loss 0.6068309545516968
epoch 5 | batch 0 |train loss 0.5964986085891724
Valid: loss 0.5890169143676758, score:{'roc_auc': 0.8952546296296297, 'MRR': 0.9553571428571429}
Saving model
epoch 5 | batch 1 |train loss 0.5735969543457031
epoch 6 | batch 0 |train loss 0.5524837374687195
Valid: loss 0.5366482138633728, score:{'roc_auc': 0.9184027777777778, 'MRR': 0.9553571428571429}
Saving model
epoch 6 | batch 1 |train loss 0.5190070867538452
epoch 7 | batch 0 |train loss 0.48378440737724304
Valid: loss 0.45721641182899475, score:{'roc_auc': 0.9245756172839507, 'MRR': 0.9642857142857143}
Saving model
epoch 7 | batch 1 |train loss 0.4300871789455414
epoch 8 | batch 0 |train loss 0.4051658511161804
Valid: loss 0.3910546898841858, score:{'roc_auc': 0.9263117283950617, 'MRR': 0.9642857142857143}
Saving model
epoch 8 | batch 1 |train loss 0.36148589849472046
epoch 9 | batch 0 |train loss 0.3703131675720215
Valid: loss 0.38810381293296814, score:{'roc_auc': 0.9274691358024691, 'MRR': 0.9732142857142857}
Saving model
epoch 9 | batch 1 |train loss 0.35883182287216187
epoch 10 | batch 0 |train loss 0.3774401545524597
Valid: loss 0.38641035556793213, score:{'roc_auc': 0.927854938271605, 'MRR': 0.9642857142857143}
Saving model
epoch 10 | batch 1 |train loss 0.3404472768306732
epoch 11 | batch 0 |train loss 0.33654022216796875
Valid: loss 0.3573518991470337, score:{'roc_auc': 0.9324845679012346, 'MRR': 0.9613095238095237}
Saving model
epoch 11 | batch 1 |train loss 0.28455549478530884
epoch 12 | batch 0 |train loss 0.3036728501319885
Valid: loss 0.3445333242416382, score:{'roc_auc': 0.9351851851851852, 'MRR': 0.9613095238095237}
Saving model
epoch 12 | batch 1 |train loss 0.2604466676712036
epoch 13 | batch 0 |train loss 0.28032422065734863
Valid: loss 0.35384127497673035, score:{'roc_auc': 0.9334490740740742, 'MRR': 0.9613095238095237}
EarlyStopping counter: 1 out of 3
epoch 13 | batch 1 |train loss 0.2590652108192444
epoch 14 | batch 0 |train loss 0.2837987542152405
Valid: loss 0.36169105768203735, score:{'roc_auc': 0.9320987654320988, 'MRR': 0.9642857142857143}
EarlyStopping counter: 2 out of 3
epoch 14 | batch 1 |train loss 0.25858864188194275
epoch 15 | batch 0 |train loss 0.26738035678863525
Valid: loss 0.3499510586261749, score:{'roc_auc': 0.9369212962962964, 'MRR': 0.9642857142857143}
Meta keys: dict_keys([3, 6])
Data keys: dict_keys([3, 6])
Edge type: 3, Meta: (2, 0)
Edge type: 6, Meta: (1, 1)
edge type: 6, random_score: {'roc_auc': 0.8195781503515415, 'MRR': 0.9959677419354839}, score: {'roc_auc': 0.645639534883721, 'MRR': 0.9213709677419355}
ROC_AUC: 0.645639534883721
Sec neigh test: score list: defaultdict(<class 'list'>, {'roc_auc': [0.7246998284734134, 0.645639534883721], 'MRR': [0.97, 0.9213709677419355]})
Random test: score list: defaultdict(<class 'list'>, {'roc_auc': [0.9320042719829121, 0.8195781503515415], 'MRR': [0.99, 0.9959677419354839]})
Sec neigh test:average score: defaultdict(<class 'list'>, {'roc_auc': 0.6852, 'MRR': 0.9457})
Random test: average score: defaultdict(<class 'list'>, {'roc_auc': 0.8758, 'MRR': 0.993})
Completed: amazon_style_cctt_features/fold_2

--------------------------------------
Running model: GCN
Dataset: amazon_style_cctt_features/fold_3
--------------------------------------
use device: cpu
Namespace(data='amazon_style_cctt_features/fold_3', model_path='model.pt', train_iter_n=50, cuda=0, checkpoint='', epochs=100, patience=3, n_layers=2, n_heads=[4], dropout=0.5, model='GCN', lr=0.005, weight_decay=0.0, batch_size=1024, edge_sample_ratio=1, test_with_CPU=False, decoder='dismult')
sys_path ['/home/simonettos/homhetgnn/HGB/LP/benchmark/methods/GNN', '/home/simonettos/homhetgnn/sbatches', '/home/simonettos/homhetgnn/HGB/LP/benchmark/methods/baseline', '/home/simonettos/homhetgnn/HGB/LP/benchmark', '/home/simonettos/homhetgnn/HGB/LP/benchmark/methods/GNN', '/home/simonettos/homhetgnn/HGB/LP/benchmark/methods/GNN/utils', '/home/simonettos/homhetgnn/HGB/LP/benchmark/methods/GNN/models', '/deepstore/software/anaconda3/2022.05/lib/python39.zip', '/deepstore/software/anaconda3/2022.05/lib/python3.9', '/deepstore/software/anaconda3/2022.05/lib/python3.9/lib-dynload', '/home/simonettos/homhetgnn/gpuvenv/lib/python3.9/site-packages', '../../', '../../']
Loading nodes from /home/simonettos/homhetgnn/HGB/LP/benchmark/data/amazon_style_cctt_features/fold_3/node.dat
edge types: dict_keys([5, 4, 6, 3, 11, 7, 2, 0, 8, 9, 1, 10])
nodes.shift keys: [0, 1, 2, 3]
nodes.count keys: [0, 1, 2, 3]
links.meta: {5: (1, 1), 4: (2, 2), 6: (2, 0), 3: (2, 1), 11: (0, 1), 7: (2, 2), 2: (1, 2), 0: (1, 1), 8: (1, 1), 9: (1, 0), 1: (2, 1), 10: (1, 1)}
t_type about to use: 0
h_type: 2
shift dict: {0: 0, 1: 558, 2: 1498, 3: 2297}
count dict: Counter({1: 940, 2: 799, 0: 558, 3: 14})
nodes.shift keys: [0, 1, 2, 3]
nodes.count keys: [0, 1, 2, 3]
links.meta: {5: (1, 1), 4: (2, 2), 6: (2, 0), 3: (2, 1), 11: (0, 1), 7: (2, 2), 2: (1, 2), 0: (1, 1), 8: (1, 1), 9: (1, 0), 1: (2, 1), 10: (1, 1)}
t_type about to use: 1
h_type: 2
shift dict: {0: 0, 1: 558, 2: 1498, 3: 2297}
count dict: Counter({1: 940, 2: 799, 0: 558, 3: 14})
Info: load amazon_style_cctt_features/fold_3 from original data and generate /home/simonettos/homhetgnn/HGB/LP/benchmark/data/amazon_style_cctt_features/fold_3/dl_pickle 
node_type: 0, dim: 558
node_type: 1, dim: 940
node_type: 2, dim: 799
node_type: 3, dim: 14
edge types: [6, 3]
dataset: amazon_style_cctt_features/fold_3, eval_type: 6
edge_list shape: torch.Size([2, 11687])
feat_list shape: [torch.Size([558, 558]), torch.Size([940, 940]), torch.Size([799, 799]), torch.Size([14, 14])]
tensor(indices=tensor([[  0,   1,   2,  ..., 555, 556, 557],
                       [  0,   1,   2,  ..., 555, 556, 557]]),
       values=tensor([1., 1., 1., 1., 1., 1., 1., 1., 1., 1., 1., 1., 1., 1.,
                      1., 1., 1., 1., 1., 1., 1., 1., 1., 1., 1., 1., 1., 1.,
                      1., 1., 1., 1., 1., 1., 1., 1., 1., 1., 1., 1., 1., 1.,
                      1., 1., 1., 1., 1., 1., 1., 1., 1., 1., 1., 1., 1., 1.,
                      1., 1., 1., 1., 1., 1., 1., 1., 1., 1., 1., 1., 1., 1.,
                      1., 1., 1., 1., 1., 1., 1., 1., 1., 1., 1., 1., 1., 1.,
                      1., 1., 1., 1., 1., 1., 1., 1., 1., 1., 1., 1., 1., 1.,
                      1., 1., 1., 1., 1., 1., 1., 1., 1., 1., 1., 1., 1., 1.,
                      1., 1., 1., 1., 1., 1., 1., 1., 1., 1., 1., 1., 1., 1.,
                      1., 1., 1., 1., 1., 1., 1., 1., 1., 1., 1., 1., 1., 1.,
                      1., 1., 1., 1., 1., 1., 1., 1., 1., 1., 1., 1., 1., 1.,
                      1., 1., 1., 1., 1., 1., 1., 1., 1., 1., 1., 1., 1., 1.,
                      1., 1., 1., 1., 1., 1., 1., 1., 1., 1., 1., 1., 1., 1.,
                      1., 1., 1., 1., 1., 1., 1., 1., 1., 1., 1., 1., 1., 1.,
                      1., 1., 1., 1., 1., 1., 1., 1., 1., 1., 1., 1., 1., 1.,
                      1., 1., 1., 1., 1., 1., 1., 1., 1., 1., 1., 1., 1., 1.,
                      1., 1., 1., 1., 1., 1., 1., 1., 1., 1., 1., 1., 1., 1.,
                      1., 1., 1., 1., 1., 1., 1., 1., 1., 1., 1., 1., 1., 1.,
                      1., 1., 1., 1., 1., 1., 1., 1., 1., 1., 1., 1., 1., 1.,
                      1., 1., 1., 1., 1., 1., 1., 1., 1., 1., 1., 1., 1., 1.,
                      1., 1., 1., 1., 1., 1., 1., 1., 1., 1., 1., 1., 1., 1.,
                      1., 1., 1., 1., 1., 1., 1., 1., 1., 1., 1., 1., 1., 1.,
                      1., 1., 1., 1., 1., 1., 1., 1., 1., 1., 1., 1., 1., 1.,
                      1., 1., 1., 1., 1., 1., 1., 1., 1., 1., 1., 1., 1., 1.,
                      1., 1., 1., 1., 1., 1., 1., 1., 1., 1., 1., 1., 1., 1.,
                      1., 1., 1., 1., 1., 1., 1., 1., 1., 1., 1., 1., 1., 1.,
                      1., 1., 1., 1., 1., 1., 1., 1., 1., 1., 1., 1., 1., 1.,
                      1., 1., 1., 1., 1., 1., 1., 1., 1., 1., 1., 1., 1., 1.,
                      1., 1., 1., 1., 1., 1., 1., 1., 1., 1., 1., 1., 1., 1.,
                      1., 1., 1., 1., 1., 1., 1., 1., 1., 1., 1., 1., 1., 1.,
                      1., 1., 1., 1., 1., 1., 1., 1., 1., 1., 1., 1., 1., 1.,
                      1., 1., 1., 1., 1., 1., 1., 1., 1., 1., 1., 1., 1., 1.,
                      1., 1., 1., 1., 1., 1., 1., 1., 1., 1., 1., 1., 1., 1.,
                      1., 1., 1., 1., 1., 1., 1., 1., 1., 1., 1., 1., 1., 1.,
                      1., 1., 1., 1., 1., 1., 1., 1., 1., 1., 1., 1., 1., 1.,
                      1., 1., 1., 1., 1., 1., 1., 1., 1., 1., 1., 1., 1., 1.,
                      1., 1., 1., 1., 1., 1., 1., 1., 1., 1., 1., 1., 1., 1.,
                      1., 1., 1., 1., 1., 1., 1., 1., 1., 1., 1., 1., 1., 1.,
                      1., 1., 1., 1., 1., 1., 1., 1., 1., 1., 1., 1., 1., 1.,
                      1., 1., 1., 1., 1., 1., 1., 1., 1., 1., 1., 1.]),
       size=(558, 558), nnz=558, layout=torch.sparse_coo)
epoch 0 | batch 0 |train loss 0.6932325959205627
Valid: loss 0.6899232864379883, score:{'roc_auc': 0.7822265625, 'MRR': 0.8875}
Saving model
epoch 0 | batch 1 |train loss 0.6895171999931335
epoch 1 | batch 0 |train loss 0.6737583875656128
Valid: loss 0.6281929016113281, score:{'roc_auc': 0.89794921875, 'MRR': 0.9625}
Saving model
epoch 1 | batch 1 |train loss 0.6254097819328308
epoch 2 | batch 0 |train loss 0.5877361297607422
Valid: loss 0.4732643961906433, score:{'roc_auc': 0.94189453125, 'MRR': 0.975}
Saving model
epoch 2 | batch 1 |train loss 0.4834335744380951
epoch 3 | batch 0 |train loss 0.40611445903778076
Valid: loss 0.27005648612976074, score:{'roc_auc': 0.964111328125, 'MRR': 0.9708333333333332}
Saving model
epoch 3 | batch 1 |train loss 0.31969112157821655
epoch 4 | batch 0 |train loss 0.2924956679344177
Valid: loss 0.22923161089420319, score:{'roc_auc': 0.96875, 'MRR': 0.9708333333333332}
Saving model
epoch 4 | batch 1 |train loss 0.2542669475078583
epoch 5 | batch 0 |train loss 0.26986005902290344
Valid: loss 0.20616376399993896, score:{'roc_auc': 0.974365234375, 'MRR': 0.9708333333333332}
Saving model
epoch 5 | batch 1 |train loss 0.2369360625743866
epoch 6 | batch 0 |train loss 0.23173749446868896
Valid: loss 0.20934440195560455, score:{'roc_auc': 0.974609375, 'MRR': 0.9708333333333332}
EarlyStopping counter: 1 out of 3
epoch 6 | batch 1 |train loss 0.18854664266109467
epoch 7 | batch 0 |train loss 0.2082151472568512
Valid: loss 0.22480395436286926, score:{'roc_auc': 0.9736328125, 'MRR': 0.9708333333333332}
EarlyStopping counter: 2 out of 3
epoch 7 | batch 1 |train loss 0.15933574736118317
epoch 8 | batch 0 |train loss 0.17912112176418304
Valid: loss 0.21931342780590057, score:{'roc_auc': 0.97265625, 'MRR': 0.9875}
Meta keys: dict_keys([6, 3])
Data keys: dict_keys([6, 3])
Edge type: 6, Meta: (2, 1)
Edge type: 3, Meta: (0, 1)
edge type: 6, random_score: {'roc_auc': 0.7900504561291909, 'MRR': 1.0}, score: {'roc_auc': 0.5832787028538962, 'MRR': 0.941142191142191}
ROC_AUC: 0.5832787028538962
dataset: amazon_style_cctt_features/fold_3, eval_type: 3
edge_list shape: torch.Size([2, 11687])
feat_list shape: [torch.Size([558, 558]), torch.Size([940, 940]), torch.Size([799, 799]), torch.Size([14, 14])]
tensor(indices=tensor([[  0,   1,   2,  ..., 555, 556, 557],
                       [  0,   1,   2,  ..., 555, 556, 557]]),
       values=tensor([1., 1., 1., 1., 1., 1., 1., 1., 1., 1., 1., 1., 1., 1.,
                      1., 1., 1., 1., 1., 1., 1., 1., 1., 1., 1., 1., 1., 1.,
                      1., 1., 1., 1., 1., 1., 1., 1., 1., 1., 1., 1., 1., 1.,
                      1., 1., 1., 1., 1., 1., 1., 1., 1., 1., 1., 1., 1., 1.,
                      1., 1., 1., 1., 1., 1., 1., 1., 1., 1., 1., 1., 1., 1.,
                      1., 1., 1., 1., 1., 1., 1., 1., 1., 1., 1., 1., 1., 1.,
                      1., 1., 1., 1., 1., 1., 1., 1., 1., 1., 1., 1., 1., 1.,
                      1., 1., 1., 1., 1., 1., 1., 1., 1., 1., 1., 1., 1., 1.,
                      1., 1., 1., 1., 1., 1., 1., 1., 1., 1., 1., 1., 1., 1.,
                      1., 1., 1., 1., 1., 1., 1., 1., 1., 1., 1., 1., 1., 1.,
                      1., 1., 1., 1., 1., 1., 1., 1., 1., 1., 1., 1., 1., 1.,
                      1., 1., 1., 1., 1., 1., 1., 1., 1., 1., 1., 1., 1., 1.,
                      1., 1., 1., 1., 1., 1., 1., 1., 1., 1., 1., 1., 1., 1.,
                      1., 1., 1., 1., 1., 1., 1., 1., 1., 1., 1., 1., 1., 1.,
                      1., 1., 1., 1., 1., 1., 1., 1., 1., 1., 1., 1., 1., 1.,
                      1., 1., 1., 1., 1., 1., 1., 1., 1., 1., 1., 1., 1., 1.,
                      1., 1., 1., 1., 1., 1., 1., 1., 1., 1., 1., 1., 1., 1.,
                      1., 1., 1., 1., 1., 1., 1., 1., 1., 1., 1., 1., 1., 1.,
                      1., 1., 1., 1., 1., 1., 1., 1., 1., 1., 1., 1., 1., 1.,
                      1., 1., 1., 1., 1., 1., 1., 1., 1., 1., 1., 1., 1., 1.,
                      1., 1., 1., 1., 1., 1., 1., 1., 1., 1., 1., 1., 1., 1.,
                      1., 1., 1., 1., 1., 1., 1., 1., 1., 1., 1., 1., 1., 1.,
                      1., 1., 1., 1., 1., 1., 1., 1., 1., 1., 1., 1., 1., 1.,
                      1., 1., 1., 1., 1., 1., 1., 1., 1., 1., 1., 1., 1., 1.,
                      1., 1., 1., 1., 1., 1., 1., 1., 1., 1., 1., 1., 1., 1.,
                      1., 1., 1., 1., 1., 1., 1., 1., 1., 1., 1., 1., 1., 1.,
                      1., 1., 1., 1., 1., 1., 1., 1., 1., 1., 1., 1., 1., 1.,
                      1., 1., 1., 1., 1., 1., 1., 1., 1., 1., 1., 1., 1., 1.,
                      1., 1., 1., 1., 1., 1., 1., 1., 1., 1., 1., 1., 1., 1.,
                      1., 1., 1., 1., 1., 1., 1., 1., 1., 1., 1., 1., 1., 1.,
                      1., 1., 1., 1., 1., 1., 1., 1., 1., 1., 1., 1., 1., 1.,
                      1., 1., 1., 1., 1., 1., 1., 1., 1., 1., 1., 1., 1., 1.,
                      1., 1., 1., 1., 1., 1., 1., 1., 1., 1., 1., 1., 1., 1.,
                      1., 1., 1., 1., 1., 1., 1., 1., 1., 1., 1., 1., 1., 1.,
                      1., 1., 1., 1., 1., 1., 1., 1., 1., 1., 1., 1., 1., 1.,
                      1., 1., 1., 1., 1., 1., 1., 1., 1., 1., 1., 1., 1., 1.,
                      1., 1., 1., 1., 1., 1., 1., 1., 1., 1., 1., 1., 1., 1.,
                      1., 1., 1., 1., 1., 1., 1., 1., 1., 1., 1., 1., 1., 1.,
                      1., 1., 1., 1., 1., 1., 1., 1., 1., 1., 1., 1., 1., 1.,
                      1., 1., 1., 1., 1., 1., 1., 1., 1., 1., 1., 1.]),
       size=(558, 558), nnz=558, layout=torch.sparse_coo)
epoch 0 | batch 0 |train loss 1.677695393562317
Valid: loss 0.8616752028465271, score:{'roc_auc': 0.375, 'MRR': 0.75}
Saving model
epoch 1 | batch 0 |train loss 0.8515111207962036
Valid: loss 0.6649343371391296, score:{'roc_auc': 0.5625, 'MRR': 0.75}
Saving model
epoch 2 | batch 0 |train loss 0.6507195830345154
Valid: loss 0.636541485786438, score:{'roc_auc': 0.75, 'MRR': 0.75}
Saving model
epoch 3 | batch 0 |train loss 0.6006465554237366
Valid: loss 0.6449981927871704, score:{'roc_auc': 0.8125, 'MRR': 0.875}
EarlyStopping counter: 1 out of 3
epoch 4 | batch 0 |train loss 0.5891209244728088
Valid: loss 0.654459536075592, score:{'roc_auc': 0.8125, 'MRR': 0.875}
EarlyStopping counter: 2 out of 3
epoch 5 | batch 0 |train loss 0.5845499634742737
Valid: loss 0.6572732329368591, score:{'roc_auc': 0.75, 'MRR': 0.875}
Meta keys: dict_keys([6, 3])
Data keys: dict_keys([6, 3])
Edge type: 6, Meta: (2, 1)
Edge type: 3, Meta: (0, 1)
edge type: 3, random_score: {'roc_auc': 0.21843112244897958, 'MRR': 1.0}, score: {'roc_auc': 0.15535714285714283, 'MRR': 0.9270833333333334}
ROC_AUC: 0.15535714285714283
Sec neigh test: score list: defaultdict(<class 'list'>, {'roc_auc': [0.5832787028538962, 0.15535714285714283], 'MRR': [0.941142191142191, 0.9270833333333334]})
Random test: score list: defaultdict(<class 'list'>, {'roc_auc': [0.7900504561291909, 0.21843112244897958], 'MRR': [1.0, 1.0]})
Sec neigh test:average score: defaultdict(<class 'list'>, {'roc_auc': 0.3693, 'MRR': 0.9341})
Random test: average score: defaultdict(<class 'list'>, {'roc_auc': 0.5042, 'MRR': 1.0})
Completed: amazon_style_cctt_features/fold_3

--------------------------------------
Running model: GCN
Dataset: amazon_style_cctt_features/fold_4
--------------------------------------
use device: cpu
Namespace(data='amazon_style_cctt_features/fold_4', model_path='model.pt', train_iter_n=50, cuda=0, checkpoint='', epochs=100, patience=3, n_layers=2, n_heads=[4], dropout=0.5, model='GCN', lr=0.005, weight_decay=0.0, batch_size=1024, edge_sample_ratio=1, test_with_CPU=False, decoder='dismult')
sys_path ['/home/simonettos/homhetgnn/HGB/LP/benchmark/methods/GNN', '/home/simonettos/homhetgnn/sbatches', '/home/simonettos/homhetgnn/HGB/LP/benchmark/methods/baseline', '/home/simonettos/homhetgnn/HGB/LP/benchmark', '/home/simonettos/homhetgnn/HGB/LP/benchmark/methods/GNN', '/home/simonettos/homhetgnn/HGB/LP/benchmark/methods/GNN/utils', '/home/simonettos/homhetgnn/HGB/LP/benchmark/methods/GNN/models', '/deepstore/software/anaconda3/2022.05/lib/python39.zip', '/deepstore/software/anaconda3/2022.05/lib/python3.9', '/deepstore/software/anaconda3/2022.05/lib/python3.9/lib-dynload', '/home/simonettos/homhetgnn/gpuvenv/lib/python3.9/site-packages', '../../', '../../']
Loading nodes from /home/simonettos/homhetgnn/HGB/LP/benchmark/data/amazon_style_cctt_features/fold_4/node.dat
edge types: dict_keys([5, 4, 6, 3, 11, 7, 2, 0, 8, 9, 1, 10])
nodes.shift keys: [0, 1, 2, 3]
nodes.count keys: [0, 1, 2, 3]
links.meta: {5: (1, 1), 4: (2, 2), 6: (2, 0), 3: (2, 1), 11: (0, 1), 7: (2, 2), 2: (1, 2), 0: (1, 1), 8: (1, 1), 9: (1, 0), 1: (2, 1), 10: (1, 1)}
t_type about to use: 1
h_type: 2
shift dict: {0: 0, 1: 558, 2: 1498, 3: 2297}
count dict: Counter({1: 940, 2: 799, 0: 558, 3: 14})
nodes.shift keys: [0, 1, 2, 3]
nodes.count keys: [0, 1, 2, 3]
links.meta: {5: (1, 1), 4: (2, 2), 6: (2, 0), 3: (2, 1), 11: (0, 1), 7: (2, 2), 2: (1, 2), 0: (1, 1), 8: (1, 1), 9: (1, 0), 1: (2, 1), 10: (1, 1)}
t_type about to use: 0
h_type: 2
shift dict: {0: 0, 1: 558, 2: 1498, 3: 2297}
count dict: Counter({1: 940, 2: 799, 0: 558, 3: 14})
Info: load amazon_style_cctt_features/fold_4 from original data and generate /home/simonettos/homhetgnn/HGB/LP/benchmark/data/amazon_style_cctt_features/fold_4/dl_pickle 
node_type: 0, dim: 558
node_type: 1, dim: 940
node_type: 2, dim: 799
node_type: 3, dim: 14
edge types: [3, 6]
dataset: amazon_style_cctt_features/fold_4, eval_type: 3
edge_list shape: torch.Size([2, 11747])
feat_list shape: [torch.Size([558, 558]), torch.Size([940, 940]), torch.Size([799, 799]), torch.Size([14, 14])]
tensor(indices=tensor([[  0,   1,   2,  ..., 555, 556, 557],
                       [  0,   1,   2,  ..., 555, 556, 557]]),
       values=tensor([1., 1., 1., 1., 1., 1., 1., 1., 1., 1., 1., 1., 1., 1.,
                      1., 1., 1., 1., 1., 1., 1., 1., 1., 1., 1., 1., 1., 1.,
                      1., 1., 1., 1., 1., 1., 1., 1., 1., 1., 1., 1., 1., 1.,
                      1., 1., 1., 1., 1., 1., 1., 1., 1., 1., 1., 1., 1., 1.,
                      1., 1., 1., 1., 1., 1., 1., 1., 1., 1., 1., 1., 1., 1.,
                      1., 1., 1., 1., 1., 1., 1., 1., 1., 1., 1., 1., 1., 1.,
                      1., 1., 1., 1., 1., 1., 1., 1., 1., 1., 1., 1., 1., 1.,
                      1., 1., 1., 1., 1., 1., 1., 1., 1., 1., 1., 1., 1., 1.,
                      1., 1., 1., 1., 1., 1., 1., 1., 1., 1., 1., 1., 1., 1.,
                      1., 1., 1., 1., 1., 1., 1., 1., 1., 1., 1., 1., 1., 1.,
                      1., 1., 1., 1., 1., 1., 1., 1., 1., 1., 1., 1., 1., 1.,
                      1., 1., 1., 1., 1., 1., 1., 1., 1., 1., 1., 1., 1., 1.,
                      1., 1., 1., 1., 1., 1., 1., 1., 1., 1., 1., 1., 1., 1.,
                      1., 1., 1., 1., 1., 1., 1., 1., 1., 1., 1., 1., 1., 1.,
                      1., 1., 1., 1., 1., 1., 1., 1., 1., 1., 1., 1., 1., 1.,
                      1., 1., 1., 1., 1., 1., 1., 1., 1., 1., 1., 1., 1., 1.,
                      1., 1., 1., 1., 1., 1., 1., 1., 1., 1., 1., 1., 1., 1.,
                      1., 1., 1., 1., 1., 1., 1., 1., 1., 1., 1., 1., 1., 1.,
                      1., 1., 1., 1., 1., 1., 1., 1., 1., 1., 1., 1., 1., 1.,
                      1., 1., 1., 1., 1., 1., 1., 1., 1., 1., 1., 1., 1., 1.,
                      1., 1., 1., 1., 1., 1., 1., 1., 1., 1., 1., 1., 1., 1.,
                      1., 1., 1., 1., 1., 1., 1., 1., 1., 1., 1., 1., 1., 1.,
                      1., 1., 1., 1., 1., 1., 1., 1., 1., 1., 1., 1., 1., 1.,
                      1., 1., 1., 1., 1., 1., 1., 1., 1., 1., 1., 1., 1., 1.,
                      1., 1., 1., 1., 1., 1., 1., 1., 1., 1., 1., 1., 1., 1.,
                      1., 1., 1., 1., 1., 1., 1., 1., 1., 1., 1., 1., 1., 1.,
                      1., 1., 1., 1., 1., 1., 1., 1., 1., 1., 1., 1., 1., 1.,
                      1., 1., 1., 1., 1., 1., 1., 1., 1., 1., 1., 1., 1., 1.,
                      1., 1., 1., 1., 1., 1., 1., 1., 1., 1., 1., 1., 1., 1.,
                      1., 1., 1., 1., 1., 1., 1., 1., 1., 1., 1., 1., 1., 1.,
                      1., 1., 1., 1., 1., 1., 1., 1., 1., 1., 1., 1., 1., 1.,
                      1., 1., 1., 1., 1., 1., 1., 1., 1., 1., 1., 1., 1., 1.,
                      1., 1., 1., 1., 1., 1., 1., 1., 1., 1., 1., 1., 1., 1.,
                      1., 1., 1., 1., 1., 1., 1., 1., 1., 1., 1., 1., 1., 1.,
                      1., 1., 1., 1., 1., 1., 1., 1., 1., 1., 1., 1., 1., 1.,
                      1., 1., 1., 1., 1., 1., 1., 1., 1., 1., 1., 1., 1., 1.,
                      1., 1., 1., 1., 1., 1., 1., 1., 1., 1., 1., 1., 1., 1.,
                      1., 1., 1., 1., 1., 1., 1., 1., 1., 1., 1., 1., 1., 1.,
                      1., 1., 1., 1., 1., 1., 1., 1., 1., 1., 1., 1., 1., 1.,
                      1., 1., 1., 1., 1., 1., 1., 1., 1., 1., 1., 1.]),
       size=(558, 558), nnz=558, layout=torch.sparse_coo)
epoch 0 | batch 0 |train loss 0.6932410597801208
Valid: loss 0.6930245161056519, score:{'roc_auc': 0.5, 'MRR': 0.75}
Saving model
epoch 1 | batch 0 |train loss 0.690942108631134
Valid: loss 0.6936113238334656, score:{'roc_auc': 0.5, 'MRR': 0.75}
EarlyStopping counter: 1 out of 3
epoch 2 | batch 0 |train loss 0.6845612525939941
Valid: loss 0.6915119886398315, score:{'roc_auc': 0.5, 'MRR': 0.75}
Saving model
epoch 3 | batch 0 |train loss 0.6679831743240356
Valid: loss 0.6817597150802612, score:{'roc_auc': 0.75, 'MRR': 0.75}
Saving model
epoch 4 | batch 0 |train loss 0.6325814127922058
Valid: loss 0.6615684032440186, score:{'roc_auc': 0.75, 'MRR': 0.75}
Saving model
epoch 5 | batch 0 |train loss 0.5666476488113403
Valid: loss 0.637946367263794, score:{'roc_auc': 0.75, 'MRR': 0.75}
Saving model
epoch 6 | batch 0 |train loss 0.4666651487350464
Valid: loss 0.6562107801437378, score:{'roc_auc': 0.75, 'MRR': 0.75}
EarlyStopping counter: 1 out of 3
epoch 7 | batch 0 |train loss 0.3536156713962555
Valid: loss 0.6283801198005676, score:{'roc_auc': 0.75, 'MRR': 0.75}
Saving model
epoch 8 | batch 0 |train loss 0.2564729154109955
Valid: loss 0.6051033139228821, score:{'roc_auc': 0.75, 'MRR': 0.75}
Saving model
epoch 9 | batch 0 |train loss 0.20576244592666626
Valid: loss 1.1538939476013184, score:{'roc_auc': 0.75, 'MRR': 0.75}
EarlyStopping counter: 1 out of 3
epoch 10 | batch 0 |train loss 0.17355500161647797
Valid: loss 1.1256623268127441, score:{'roc_auc': 0.5, 'MRR': 0.75}
EarlyStopping counter: 2 out of 3
epoch 11 | batch 0 |train loss 0.13365612924098969
Valid: loss 1.073992371559143, score:{'roc_auc': 0.5, 'MRR': 0.75}
Meta keys: dict_keys([3, 6])
Data keys: dict_keys([3, 6])
Edge type: 3, Meta: (0, 0)
Edge type: 6, Meta: (0, 1)
edge type: 3, random_score: {'roc_auc': 0.782844387755102, 'MRR': 1.0}, score: {'roc_auc': 0.650297619047619, 'MRR': 0.9489795918367347}
ROC_AUC: 0.650297619047619
dataset: amazon_style_cctt_features/fold_4, eval_type: 6
edge_list shape: torch.Size([2, 11747])
feat_list shape: [torch.Size([558, 558]), torch.Size([940, 940]), torch.Size([799, 799]), torch.Size([14, 14])]
tensor(indices=tensor([[  0,   1,   2,  ..., 555, 556, 557],
                       [  0,   1,   2,  ..., 555, 556, 557]]),
       values=tensor([1., 1., 1., 1., 1., 1., 1., 1., 1., 1., 1., 1., 1., 1.,
                      1., 1., 1., 1., 1., 1., 1., 1., 1., 1., 1., 1., 1., 1.,
                      1., 1., 1., 1., 1., 1., 1., 1., 1., 1., 1., 1., 1., 1.,
                      1., 1., 1., 1., 1., 1., 1., 1., 1., 1., 1., 1., 1., 1.,
                      1., 1., 1., 1., 1., 1., 1., 1., 1., 1., 1., 1., 1., 1.,
                      1., 1., 1., 1., 1., 1., 1., 1., 1., 1., 1., 1., 1., 1.,
                      1., 1., 1., 1., 1., 1., 1., 1., 1., 1., 1., 1., 1., 1.,
                      1., 1., 1., 1., 1., 1., 1., 1., 1., 1., 1., 1., 1., 1.,
                      1., 1., 1., 1., 1., 1., 1., 1., 1., 1., 1., 1., 1., 1.,
                      1., 1., 1., 1., 1., 1., 1., 1., 1., 1., 1., 1., 1., 1.,
                      1., 1., 1., 1., 1., 1., 1., 1., 1., 1., 1., 1., 1., 1.,
                      1., 1., 1., 1., 1., 1., 1., 1., 1., 1., 1., 1., 1., 1.,
                      1., 1., 1., 1., 1., 1., 1., 1., 1., 1., 1., 1., 1., 1.,
                      1., 1., 1., 1., 1., 1., 1., 1., 1., 1., 1., 1., 1., 1.,
                      1., 1., 1., 1., 1., 1., 1., 1., 1., 1., 1., 1., 1., 1.,
                      1., 1., 1., 1., 1., 1., 1., 1., 1., 1., 1., 1., 1., 1.,
                      1., 1., 1., 1., 1., 1., 1., 1., 1., 1., 1., 1., 1., 1.,
                      1., 1., 1., 1., 1., 1., 1., 1., 1., 1., 1., 1., 1., 1.,
                      1., 1., 1., 1., 1., 1., 1., 1., 1., 1., 1., 1., 1., 1.,
                      1., 1., 1., 1., 1., 1., 1., 1., 1., 1., 1., 1., 1., 1.,
                      1., 1., 1., 1., 1., 1., 1., 1., 1., 1., 1., 1., 1., 1.,
                      1., 1., 1., 1., 1., 1., 1., 1., 1., 1., 1., 1., 1., 1.,
                      1., 1., 1., 1., 1., 1., 1., 1., 1., 1., 1., 1., 1., 1.,
                      1., 1., 1., 1., 1., 1., 1., 1., 1., 1., 1., 1., 1., 1.,
                      1., 1., 1., 1., 1., 1., 1., 1., 1., 1., 1., 1., 1., 1.,
                      1., 1., 1., 1., 1., 1., 1., 1., 1., 1., 1., 1., 1., 1.,
                      1., 1., 1., 1., 1., 1., 1., 1., 1., 1., 1., 1., 1., 1.,
                      1., 1., 1., 1., 1., 1., 1., 1., 1., 1., 1., 1., 1., 1.,
                      1., 1., 1., 1., 1., 1., 1., 1., 1., 1., 1., 1., 1., 1.,
                      1., 1., 1., 1., 1., 1., 1., 1., 1., 1., 1., 1., 1., 1.,
                      1., 1., 1., 1., 1., 1., 1., 1., 1., 1., 1., 1., 1., 1.,
                      1., 1., 1., 1., 1., 1., 1., 1., 1., 1., 1., 1., 1., 1.,
                      1., 1., 1., 1., 1., 1., 1., 1., 1., 1., 1., 1., 1., 1.,
                      1., 1., 1., 1., 1., 1., 1., 1., 1., 1., 1., 1., 1., 1.,
                      1., 1., 1., 1., 1., 1., 1., 1., 1., 1., 1., 1., 1., 1.,
                      1., 1., 1., 1., 1., 1., 1., 1., 1., 1., 1., 1., 1., 1.,
                      1., 1., 1., 1., 1., 1., 1., 1., 1., 1., 1., 1., 1., 1.,
                      1., 1., 1., 1., 1., 1., 1., 1., 1., 1., 1., 1., 1., 1.,
                      1., 1., 1., 1., 1., 1., 1., 1., 1., 1., 1., 1., 1., 1.,
                      1., 1., 1., 1., 1., 1., 1., 1., 1., 1., 1., 1.]),
       size=(558, 558), nnz=558, layout=torch.sparse_coo)
epoch 0 | batch 0 |train loss 2.6179447174072266
Valid: loss 2.097104549407959, score:{'roc_auc': 0.4555765595463139, 'MRR': 0.734375}
Saving model
epoch 0 | batch 1 |train loss 1.4225939512252808
epoch 1 | batch 0 |train loss 1.0028141736984253
Valid: loss 0.8926060795783997, score:{'roc_auc': 0.6135265700483092, 'MRR': 0.859375}
Saving model
epoch 1 | batch 1 |train loss 0.6971725225448608
epoch 2 | batch 0 |train loss 0.5835621953010559
Valid: loss 0.5884547829627991, score:{'roc_auc': 0.8157950010501995, 'MRR': 0.9375}
Saving model
epoch 2 | batch 1 |train loss 0.5633636713027954
epoch 3 | batch 0 |train loss 0.570797324180603
Valid: loss 0.5781242251396179, score:{'roc_auc': 0.8767065742491073, 'MRR': 0.9791666666666666}
Saving model
epoch 3 | batch 1 |train loss 0.5814962387084961
epoch 4 | batch 0 |train loss 0.5883252620697021
Valid: loss 0.573765218257904, score:{'roc_auc': 0.8557025834908634, 'MRR': 0.9791666666666666}
Saving model
epoch 4 | batch 1 |train loss 0.583687424659729
epoch 5 | batch 0 |train loss 0.5682058334350586
Valid: loss 0.5443559885025024, score:{'roc_auc': 0.8792270531400966, 'MRR': 0.9791666666666666}
Saving model
epoch 5 | batch 1 |train loss 0.5484196543693542
epoch 6 | batch 0 |train loss 0.5275669097900391
Valid: loss 0.49524593353271484, score:{'roc_auc': 0.9033816425120773, 'MRR': 0.9791666666666666}
Saving model
epoch 6 | batch 1 |train loss 0.48938053846359253
epoch 7 | batch 0 |train loss 0.4545328617095947
Valid: loss 0.4484570324420929, score:{'roc_auc': 0.9082125603864735, 'MRR': 0.9791666666666666}
Saving model
epoch 7 | batch 1 |train loss 0.426665723323822
epoch 8 | batch 0 |train loss 0.38450929522514343
Valid: loss 0.4317457675933838, score:{'roc_auc': 0.9029615626969124, 'MRR': 0.9791666666666666}
Saving model
epoch 8 | batch 1 |train loss 0.37772971391677856
epoch 9 | batch 0 |train loss 0.3464561402797699
Valid: loss 0.44221875071525574, score:{'roc_auc': 0.9010712035286704, 'MRR': 0.9791666666666666}
EarlyStopping counter: 1 out of 3
epoch 9 | batch 1 |train loss 0.36070388555526733
epoch 10 | batch 0 |train loss 0.31012651324272156
Valid: loss 0.43347033858299255, score:{'roc_auc': 0.9080025204788911, 'MRR': 0.9791666666666666}
EarlyStopping counter: 2 out of 3
epoch 10 | batch 1 |train loss 0.3283887505531311
epoch 11 | batch 0 |train loss 0.28839415311813354
Valid: loss 0.4027908742427826, score:{'roc_auc': 0.9182944759504306, 'MRR': 0.9791666666666666}
Saving model
epoch 11 | batch 1 |train loss 0.2945120334625244
epoch 12 | batch 0 |train loss 0.26385241746902466
Valid: loss 0.3747819662094116, score:{'roc_auc': 0.9233354337324092, 'MRR': 0.9791666666666666}
Saving model
epoch 12 | batch 1 |train loss 0.2594079077243805
epoch 13 | batch 0 |train loss 0.23989486694335938
Valid: loss 0.3557575047016144, score:{'roc_auc': 0.9290065112371351, 'MRR': 0.9895833333333334}
Saving model
epoch 13 | batch 1 |train loss 0.2299712598323822
epoch 14 | batch 0 |train loss 0.2212432622909546
Valid: loss 0.3502647578716278, score:{'roc_auc': 0.931316950220542, 'MRR': 1.0}
Saving model
epoch 14 | batch 1 |train loss 0.205617293715477
epoch 15 | batch 0 |train loss 0.20788727700710297
Valid: loss 0.35248661041259766, score:{'roc_auc': 0.9329972694812014, 'MRR': 1.0}
EarlyStopping counter: 1 out of 3
epoch 15 | batch 1 |train loss 0.18644747138023376
epoch 16 | batch 0 |train loss 0.197145476937294
Valid: loss 0.3550296723842621, score:{'roc_auc': 0.9350976685570258, 'MRR': 1.0}
EarlyStopping counter: 2 out of 3
epoch 16 | batch 1 |train loss 0.16676124930381775
epoch 17 | batch 0 |train loss 0.1829528510570526
Valid: loss 0.35615983605384827, score:{'roc_auc': 0.9369880277252678, 'MRR': 1.0}
Meta keys: dict_keys([3, 6])
Data keys: dict_keys([3, 6])
Edge type: 3, Meta: (0, 0)
Edge type: 6, Meta: (0, 1)
edge type: 6, random_score: {'roc_auc': 0.7109375, 'MRR': 1.0}, score: {'roc_auc': 0.6900332728372656, 'MRR': 0.9450231481481483}
ROC_AUC: 0.6900332728372656
Sec neigh test: score list: defaultdict(<class 'list'>, {'roc_auc': [0.650297619047619, 0.6900332728372656], 'MRR': [0.9489795918367347, 0.9450231481481483]})
Random test: score list: defaultdict(<class 'list'>, {'roc_auc': [0.782844387755102, 0.7109375], 'MRR': [1.0, 1.0]})
Sec neigh test:average score: defaultdict(<class 'list'>, {'roc_auc': 0.6702, 'MRR': 0.947})
Random test: average score: defaultdict(<class 'list'>, {'roc_auc': 0.7469, 'MRR': 1.0})
Completed: amazon_style_cctt_features/fold_4

--------------------------------------
Running model: GCN
Dataset: amazon_style_cctt_features/fold_5
--------------------------------------
use device: cpu
Namespace(data='amazon_style_cctt_features/fold_5', model_path='model.pt', train_iter_n=50, cuda=0, checkpoint='', epochs=100, patience=3, n_layers=2, n_heads=[4], dropout=0.5, model='GCN', lr=0.005, weight_decay=0.0, batch_size=1024, edge_sample_ratio=1, test_with_CPU=False, decoder='dismult')
sys_path ['/home/simonettos/homhetgnn/HGB/LP/benchmark/methods/GNN', '/home/simonettos/homhetgnn/sbatches', '/home/simonettos/homhetgnn/HGB/LP/benchmark/methods/baseline', '/home/simonettos/homhetgnn/HGB/LP/benchmark', '/home/simonettos/homhetgnn/HGB/LP/benchmark/methods/GNN', '/home/simonettos/homhetgnn/HGB/LP/benchmark/methods/GNN/utils', '/home/simonettos/homhetgnn/HGB/LP/benchmark/methods/GNN/models', '/deepstore/software/anaconda3/2022.05/lib/python39.zip', '/deepstore/software/anaconda3/2022.05/lib/python3.9', '/deepstore/software/anaconda3/2022.05/lib/python3.9/lib-dynload', '/home/simonettos/homhetgnn/gpuvenv/lib/python3.9/site-packages', '../../', '../../']
Loading nodes from /home/simonettos/homhetgnn/HGB/LP/benchmark/data/amazon_style_cctt_features/fold_5/node.dat
edge types: dict_keys([5, 4, 6, 3, 11, 7, 2, 0, 8, 9, 1, 10])
nodes.shift keys: [0, 1, 2, 3]
nodes.count keys: [0, 1, 2, 3]
links.meta: {5: (1, 1), 4: (2, 2), 6: (2, 0), 3: (2, 1), 11: (0, 1), 7: (2, 2), 2: (1, 2), 0: (1, 1), 8: (1, 1), 9: (1, 0), 1: (2, 1), 10: (1, 1)}
t_type about to use: 0
h_type: 2
shift dict: {0: 0, 1: 558, 2: 1498, 3: 2297}
count dict: Counter({1: 940, 2: 799, 0: 558, 3: 14})
nodes.shift keys: [0, 1, 2, 3]
nodes.count keys: [0, 1, 2, 3]
links.meta: {5: (1, 1), 4: (2, 2), 6: (2, 0), 3: (2, 1), 11: (0, 1), 7: (2, 2), 2: (1, 2), 0: (1, 1), 8: (1, 1), 9: (1, 0), 1: (2, 1), 10: (1, 1)}
t_type about to use: 1
h_type: 2
shift dict: {0: 0, 1: 558, 2: 1498, 3: 2297}
count dict: Counter({1: 940, 2: 799, 0: 558, 3: 14})
Info: load amazon_style_cctt_features/fold_5 from original data and generate /home/simonettos/homhetgnn/HGB/LP/benchmark/data/amazon_style_cctt_features/fold_5/dl_pickle 
node_type: 0, dim: 558
node_type: 1, dim: 940
node_type: 2, dim: 799
node_type: 3, dim: 14
edge types: [6, 3]
dataset: amazon_style_cctt_features/fold_5, eval_type: 6
edge_list shape: torch.Size([2, 11663])
feat_list shape: [torch.Size([558, 558]), torch.Size([940, 940]), torch.Size([799, 799]), torch.Size([14, 14])]
tensor(indices=tensor([[  0,   1,   2,  ..., 555, 556, 557],
                       [  0,   1,   2,  ..., 555, 556, 557]]),
       values=tensor([1., 1., 1., 1., 1., 1., 1., 1., 1., 1., 1., 1., 1., 1.,
                      1., 1., 1., 1., 1., 1., 1., 1., 1., 1., 1., 1., 1., 1.,
                      1., 1., 1., 1., 1., 1., 1., 1., 1., 1., 1., 1., 1., 1.,
                      1., 1., 1., 1., 1., 1., 1., 1., 1., 1., 1., 1., 1., 1.,
                      1., 1., 1., 1., 1., 1., 1., 1., 1., 1., 1., 1., 1., 1.,
                      1., 1., 1., 1., 1., 1., 1., 1., 1., 1., 1., 1., 1., 1.,
                      1., 1., 1., 1., 1., 1., 1., 1., 1., 1., 1., 1., 1., 1.,
                      1., 1., 1., 1., 1., 1., 1., 1., 1., 1., 1., 1., 1., 1.,
                      1., 1., 1., 1., 1., 1., 1., 1., 1., 1., 1., 1., 1., 1.,
                      1., 1., 1., 1., 1., 1., 1., 1., 1., 1., 1., 1., 1., 1.,
                      1., 1., 1., 1., 1., 1., 1., 1., 1., 1., 1., 1., 1., 1.,
                      1., 1., 1., 1., 1., 1., 1., 1., 1., 1., 1., 1., 1., 1.,
                      1., 1., 1., 1., 1., 1., 1., 1., 1., 1., 1., 1., 1., 1.,
                      1., 1., 1., 1., 1., 1., 1., 1., 1., 1., 1., 1., 1., 1.,
                      1., 1., 1., 1., 1., 1., 1., 1., 1., 1., 1., 1., 1., 1.,
                      1., 1., 1., 1., 1., 1., 1., 1., 1., 1., 1., 1., 1., 1.,
                      1., 1., 1., 1., 1., 1., 1., 1., 1., 1., 1., 1., 1., 1.,
                      1., 1., 1., 1., 1., 1., 1., 1., 1., 1., 1., 1., 1., 1.,
                      1., 1., 1., 1., 1., 1., 1., 1., 1., 1., 1., 1., 1., 1.,
                      1., 1., 1., 1., 1., 1., 1., 1., 1., 1., 1., 1., 1., 1.,
                      1., 1., 1., 1., 1., 1., 1., 1., 1., 1., 1., 1., 1., 1.,
                      1., 1., 1., 1., 1., 1., 1., 1., 1., 1., 1., 1., 1., 1.,
                      1., 1., 1., 1., 1., 1., 1., 1., 1., 1., 1., 1., 1., 1.,
                      1., 1., 1., 1., 1., 1., 1., 1., 1., 1., 1., 1., 1., 1.,
                      1., 1., 1., 1., 1., 1., 1., 1., 1., 1., 1., 1., 1., 1.,
                      1., 1., 1., 1., 1., 1., 1., 1., 1., 1., 1., 1., 1., 1.,
                      1., 1., 1., 1., 1., 1., 1., 1., 1., 1., 1., 1., 1., 1.,
                      1., 1., 1., 1., 1., 1., 1., 1., 1., 1., 1., 1., 1., 1.,
                      1., 1., 1., 1., 1., 1., 1., 1., 1., 1., 1., 1., 1., 1.,
                      1., 1., 1., 1., 1., 1., 1., 1., 1., 1., 1., 1., 1., 1.,
                      1., 1., 1., 1., 1., 1., 1., 1., 1., 1., 1., 1., 1., 1.,
                      1., 1., 1., 1., 1., 1., 1., 1., 1., 1., 1., 1., 1., 1.,
                      1., 1., 1., 1., 1., 1., 1., 1., 1., 1., 1., 1., 1., 1.,
                      1., 1., 1., 1., 1., 1., 1., 1., 1., 1., 1., 1., 1., 1.,
                      1., 1., 1., 1., 1., 1., 1., 1., 1., 1., 1., 1., 1., 1.,
                      1., 1., 1., 1., 1., 1., 1., 1., 1., 1., 1., 1., 1., 1.,
                      1., 1., 1., 1., 1., 1., 1., 1., 1., 1., 1., 1., 1., 1.,
                      1., 1., 1., 1., 1., 1., 1., 1., 1., 1., 1., 1., 1., 1.,
                      1., 1., 1., 1., 1., 1., 1., 1., 1., 1., 1., 1., 1., 1.,
                      1., 1., 1., 1., 1., 1., 1., 1., 1., 1., 1., 1.]),
       size=(558, 558), nnz=558, layout=torch.sparse_coo)
epoch 0 | batch 0 |train loss 0.6932880878448486
Valid: loss 0.6911106705665588, score:{'roc_auc': 0.6816239316239316, 'MRR': 0.8333333333333334}
Saving model
epoch 0 | batch 1 |train loss 0.6903885006904602
epoch 1 | batch 0 |train loss 0.6737561225891113
Valid: loss 0.6505345702171326, score:{'roc_auc': 0.8290598290598291, 'MRR': 0.9230769230769231}
Saving model
epoch 1 | batch 1 |train loss 0.6394104957580566
epoch 2 | batch 0 |train loss 0.560490608215332
Valid: loss 0.5653875470161438, score:{'roc_auc': 0.8676857330703485, 'MRR': 0.939102564102564}
Saving model
epoch 2 | batch 1 |train loss 0.5186727643013
epoch 3 | batch 0 |train loss 0.3675711154937744
Valid: loss 0.4287341237068176, score:{'roc_auc': 0.8834648257725182, 'MRR': 0.9294871794871794}
Saving model
epoch 3 | batch 1 |train loss 0.33763888478279114
epoch 4 | batch 0 |train loss 0.3033405542373657
Valid: loss 0.5623378753662109, score:{'roc_auc': 0.8923405654174885, 'MRR': 0.9294871794871794}
EarlyStopping counter: 1 out of 3
epoch 4 | batch 1 |train loss 0.29845136404037476
epoch 5 | batch 0 |train loss 0.289095014333725
Valid: loss 0.5939586758613586, score:{'roc_auc': 0.9040105193951348, 'MRR': 0.939102564102564}
EarlyStopping counter: 2 out of 3
epoch 5 | batch 1 |train loss 0.24023015797138214
epoch 6 | batch 0 |train loss 0.2477879524230957
Valid: loss 0.5428470373153687, score:{'roc_auc': 0.9091058514135437, 'MRR': 0.9326923076923077}
Meta keys: dict_keys([6, 3])
Data keys: dict_keys([6, 3])
Edge type: 6, Meta: (0, 1)
Edge type: 3, Meta: (0, 2)
edge type: 6, random_score: {'roc_auc': 0.8364917272096055, 'MRR': 0.9954648526077097}, score: {'roc_auc': 0.5837235703136087, 'MRR': 0.9546485260770974}
ROC_AUC: 0.5837235703136087
dataset: amazon_style_cctt_features/fold_5, eval_type: 3
edge_list shape: torch.Size([2, 11663])
feat_list shape: [torch.Size([558, 558]), torch.Size([940, 940]), torch.Size([799, 799]), torch.Size([14, 14])]
tensor(indices=tensor([[  0,   1,   2,  ..., 555, 556, 557],
                       [  0,   1,   2,  ..., 555, 556, 557]]),
       values=tensor([1., 1., 1., 1., 1., 1., 1., 1., 1., 1., 1., 1., 1., 1.,
                      1., 1., 1., 1., 1., 1., 1., 1., 1., 1., 1., 1., 1., 1.,
                      1., 1., 1., 1., 1., 1., 1., 1., 1., 1., 1., 1., 1., 1.,
                      1., 1., 1., 1., 1., 1., 1., 1., 1., 1., 1., 1., 1., 1.,
                      1., 1., 1., 1., 1., 1., 1., 1., 1., 1., 1., 1., 1., 1.,
                      1., 1., 1., 1., 1., 1., 1., 1., 1., 1., 1., 1., 1., 1.,
                      1., 1., 1., 1., 1., 1., 1., 1., 1., 1., 1., 1., 1., 1.,
                      1., 1., 1., 1., 1., 1., 1., 1., 1., 1., 1., 1., 1., 1.,
                      1., 1., 1., 1., 1., 1., 1., 1., 1., 1., 1., 1., 1., 1.,
                      1., 1., 1., 1., 1., 1., 1., 1., 1., 1., 1., 1., 1., 1.,
                      1., 1., 1., 1., 1., 1., 1., 1., 1., 1., 1., 1., 1., 1.,
                      1., 1., 1., 1., 1., 1., 1., 1., 1., 1., 1., 1., 1., 1.,
                      1., 1., 1., 1., 1., 1., 1., 1., 1., 1., 1., 1., 1., 1.,
                      1., 1., 1., 1., 1., 1., 1., 1., 1., 1., 1., 1., 1., 1.,
                      1., 1., 1., 1., 1., 1., 1., 1., 1., 1., 1., 1., 1., 1.,
                      1., 1., 1., 1., 1., 1., 1., 1., 1., 1., 1., 1., 1., 1.,
                      1., 1., 1., 1., 1., 1., 1., 1., 1., 1., 1., 1., 1., 1.,
                      1., 1., 1., 1., 1., 1., 1., 1., 1., 1., 1., 1., 1., 1.,
                      1., 1., 1., 1., 1., 1., 1., 1., 1., 1., 1., 1., 1., 1.,
                      1., 1., 1., 1., 1., 1., 1., 1., 1., 1., 1., 1., 1., 1.,
                      1., 1., 1., 1., 1., 1., 1., 1., 1., 1., 1., 1., 1., 1.,
                      1., 1., 1., 1., 1., 1., 1., 1., 1., 1., 1., 1., 1., 1.,
                      1., 1., 1., 1., 1., 1., 1., 1., 1., 1., 1., 1., 1., 1.,
                      1., 1., 1., 1., 1., 1., 1., 1., 1., 1., 1., 1., 1., 1.,
                      1., 1., 1., 1., 1., 1., 1., 1., 1., 1., 1., 1., 1., 1.,
                      1., 1., 1., 1., 1., 1., 1., 1., 1., 1., 1., 1., 1., 1.,
                      1., 1., 1., 1., 1., 1., 1., 1., 1., 1., 1., 1., 1., 1.,
                      1., 1., 1., 1., 1., 1., 1., 1., 1., 1., 1., 1., 1., 1.,
                      1., 1., 1., 1., 1., 1., 1., 1., 1., 1., 1., 1., 1., 1.,
                      1., 1., 1., 1., 1., 1., 1., 1., 1., 1., 1., 1., 1., 1.,
                      1., 1., 1., 1., 1., 1., 1., 1., 1., 1., 1., 1., 1., 1.,
                      1., 1., 1., 1., 1., 1., 1., 1., 1., 1., 1., 1., 1., 1.,
                      1., 1., 1., 1., 1., 1., 1., 1., 1., 1., 1., 1., 1., 1.,
                      1., 1., 1., 1., 1., 1., 1., 1., 1., 1., 1., 1., 1., 1.,
                      1., 1., 1., 1., 1., 1., 1., 1., 1., 1., 1., 1., 1., 1.,
                      1., 1., 1., 1., 1., 1., 1., 1., 1., 1., 1., 1., 1., 1.,
                      1., 1., 1., 1., 1., 1., 1., 1., 1., 1., 1., 1., 1., 1.,
                      1., 1., 1., 1., 1., 1., 1., 1., 1., 1., 1., 1., 1., 1.,
                      1., 1., 1., 1., 1., 1., 1., 1., 1., 1., 1., 1., 1., 1.,
                      1., 1., 1., 1., 1., 1., 1., 1., 1., 1., 1., 1.]),
       size=(558, 558), nnz=558, layout=torch.sparse_coo)
epoch 0 | batch 0 |train loss 0.7979459762573242
Valid: loss 0.6469126343727112, score:{'roc_auc': 0.7777777777777779, 'MRR': 0.8333333333333334}
Saving model
epoch 1 | batch 0 |train loss 0.6697073578834534
Valid: loss 0.595808207988739, score:{'roc_auc': 1.0, 'MRR': 1.0}
Saving model
epoch 2 | batch 0 |train loss 0.6431548595428467
Valid: loss 0.5503128170967102, score:{'roc_auc': 1.0, 'MRR': 1.0}
Saving model
epoch 3 | batch 0 |train loss 0.6228220462799072
Valid: loss 0.472356915473938, score:{'roc_auc': 1.0, 'MRR': 1.0}
Saving model
epoch 4 | batch 0 |train loss 0.5912448763847351
Valid: loss 0.3557170629501343, score:{'roc_auc': 1.0, 'MRR': 1.0}
Saving model
epoch 5 | batch 0 |train loss 0.5463730692863464
Valid: loss 0.22449834644794464, score:{'roc_auc': 1.0, 'MRR': 1.0}
Saving model
epoch 6 | batch 0 |train loss 0.5041488409042358
Valid: loss 0.1491573303937912, score:{'roc_auc': 1.0, 'MRR': 1.0}
Saving model
epoch 7 | batch 0 |train loss 0.4470585286617279
Valid: loss 0.14407967031002045, score:{'roc_auc': 1.0, 'MRR': 1.0}
Saving model
epoch 8 | batch 0 |train loss 0.3981119990348816
Valid: loss 0.17092780768871307, score:{'roc_auc': 1.0, 'MRR': 1.0}
EarlyStopping counter: 1 out of 3
epoch 9 | batch 0 |train loss 0.3885548710823059
Valid: loss 0.12742312252521515, score:{'roc_auc': 1.0, 'MRR': 1.0}
Saving model
epoch 10 | batch 0 |train loss 0.34101513028144836
Valid: loss 0.0402996651828289, score:{'roc_auc': 1.0, 'MRR': 1.0}
Saving model
epoch 11 | batch 0 |train loss 0.29747921228408813
Valid: loss 0.005276821553707123, score:{'roc_auc': 1.0, 'MRR': 1.0}
Saving model
epoch 12 | batch 0 |train loss 0.26602864265441895
Valid: loss 0.0018910854123532772, score:{'roc_auc': 1.0, 'MRR': 1.0}
Saving model
epoch 13 | batch 0 |train loss 0.23474782705307007
Valid: loss 0.001824695966206491, score:{'roc_auc': 1.0, 'MRR': 1.0}
Saving model
epoch 14 | batch 0 |train loss 0.2047107219696045
Valid: loss 0.0014905451098456979, score:{'roc_auc': 1.0, 'MRR': 1.0}
Saving model
epoch 15 | batch 0 |train loss 0.18275132775306702
Valid: loss 0.00045050063636153936, score:{'roc_auc': 1.0, 'MRR': 1.0}
Saving model
epoch 16 | batch 0 |train loss 0.16068752110004425
Valid: loss 8.839566726237535e-05, score:{'roc_auc': 1.0, 'MRR': 1.0}
Saving model
epoch 17 | batch 0 |train loss 0.14082284271717072
Valid: loss 1.0411120456410572e-05, score:{'roc_auc': 1.0, 'MRR': 1.0}
Saving model
epoch 18 | batch 0 |train loss 0.13008682429790497
Valid: loss 3.2584084692643955e-06, score:{'roc_auc': 1.0, 'MRR': 1.0}
Saving model
epoch 19 | batch 0 |train loss 0.10638943314552307
Valid: loss 7.549933798145503e-07, score:{'roc_auc': 1.0, 'MRR': 1.0}
Saving model
epoch 20 | batch 0 |train loss 0.09447696059942245
Valid: loss 4.172328260665381e-07, score:{'roc_auc': 1.0, 'MRR': 1.0}
Saving model
epoch 21 | batch 0 |train loss 0.06966152042150497
Valid: loss 7.947286917442398e-08, score:{'roc_auc': 1.0, 'MRR': 1.0}
Saving model
epoch 22 | batch 0 |train loss 0.06943167001008987
Valid: loss 4.206711325469853e-27, score:{'roc_auc': 1.0, 'MRR': 1.0}
Saving model
epoch 23 | batch 0 |train loss 0.05819234624505043
Valid: loss 7.619676257284361e-30, score:{'roc_auc': 1.0, 'MRR': 1.0}
Saving model
epoch 24 | batch 0 |train loss 0.045551035553216934
Valid: loss 3.5864165135643e-32, score:{'roc_auc': 1.0, 'MRR': 1.0}
Saving model
epoch 25 | batch 0 |train loss 0.04930288717150688
Valid: loss 9.011136736957147e-34, score:{'roc_auc': 1.0, 'MRR': 1.0}
Saving model
epoch 26 | batch 0 |train loss 0.042465049773454666
Valid: loss 2.1788965582729325e-34, score:{'roc_auc': 1.0, 'MRR': 1.0}
Saving model
epoch 27 | batch 0 |train loss 0.03426680713891983
Valid: loss 3.4905274468195305e-35, score:{'roc_auc': 1.0, 'MRR': 1.0}
Saving model
epoch 28 | batch 0 |train loss 0.02072010189294815
Valid: loss 1.693909852056827e-36, score:{'roc_auc': 1.0, 'MRR': 1.0}
Saving model
epoch 29 | batch 0 |train loss 0.01078097801655531
Valid: loss 4.483432296091516e-38, score:{'roc_auc': 1.0, 'MRR': 1.0}
Saving model
epoch 30 | batch 0 |train loss 0.012312737293541431
Valid: loss 1.49196808016049e-39, score:{'roc_auc': 1.0, 'MRR': 1.0}
Saving model
epoch 31 | batch 0 |train loss 0.018240319564938545
Valid: loss 0.0, score:{'roc_auc': 1.0, 'MRR': 1.0}
Saving model
epoch 32 | batch 0 |train loss 0.016141442582011223
Valid: loss 9.934136642186786e-07, score:{'roc_auc': 1.0, 'MRR': 1.0}
EarlyStopping counter: 1 out of 3
epoch 33 | batch 0 |train loss 0.012046127580106258
Valid: loss 0.00023899716325104237, score:{'roc_auc': 1.0, 'MRR': 1.0}
EarlyStopping counter: 2 out of 3
epoch 34 | batch 0 |train loss 0.01117408461868763
Valid: loss 0.0016029825201258063, score:{'roc_auc': 1.0, 'MRR': 1.0}
Meta keys: dict_keys([6, 3])
Data keys: dict_keys([6, 3])
Edge type: 6, Meta: (0, 1)
Edge type: 3, Meta: (0, 2)
edge type: 3, random_score: {'roc_auc': 0.7041651833392666, 'MRR': 1.0}, score: {'roc_auc': 0.6774764150943396, 'MRR': 0.9545454545454546}
ROC_AUC: 0.6774764150943396
Sec neigh test: score list: defaultdict(<class 'list'>, {'roc_auc': [0.5837235703136087, 0.6774764150943396], 'MRR': [0.9546485260770974, 0.9545454545454546]})
Random test: score list: defaultdict(<class 'list'>, {'roc_auc': [0.8364917272096055, 0.7041651833392666], 'MRR': [0.9954648526077097, 1.0]})
Sec neigh test:average score: defaultdict(<class 'list'>, {'roc_auc': 0.6306, 'MRR': 0.9546})
Random test: average score: defaultdict(<class 'list'>, {'roc_auc': 0.7703, 'MRR': 0.9977})
Completed: amazon_style_cctt_features/fold_5

All jobs completed.
Setup complete
