Starting hetgnn batch job with 6 repetitions...
=== Repetition 1/6 ===
--------------------------------------
Running model: hetgnn
Dataset: amazon_style_cc_features_securebert_fold_1
Repetition: 1
--------------------------------------
Use device: cpu
------arguments-------
data: amazon_style_cc_features_securebert_fold_1
model_path: ../model_save/
in_f_d: 128
embed_d: 128
lr: 0.01
batch_s: 20000
mini_batch_s: 200
train_iter_n: 310
walk_n: 10
walk_L: 30
window: 5
random_seed: 10
train_test_label: 0
save_model_freq: 10
cuda: 0
checkpoint: 
feat_type: 1
Data path: ../../data/amazon_style_cc_features_securebert_fold_1
Loading nodes from ../../data/amazon_style_cc_features_securebert_fold_1/node.dat
edge types: dict_keys([4, 5, 3, 6, 2, 7, 0, 1, 8, 9])
Getting training negative samples for edge types: [5]
nodes.shift keys: [0, 1]
nodes.count keys: [0, 1]
links.meta: {4: (1, 1), 5: (1, 0), 3: (0, 0), 6: (0, 0), 2: (1, 1), 7: (1, 1), 0: (0, 0), 1: (1, 1), 8: (1, 1), 9: (1, 1)}
t_type about to use: 0
h_type: 1
shift dict: {0: 0, 1: 558}
count dict: Counter({1: 940, 0: 558})
Generated 922 negative samples for edge type 5
Info: load amazon_style_cc_features_securebert_fold_1 from original data and generate ../../data/amazon_style_cc_features_securebert_fold_1/dl_pickle
INFO node.dat: {'1': 'we', '0': 'apec'}
INFO link.dat: {'0': {'start': '0', 'end': '0', 'meaning': 'can_precede'}, '1': {'start': '1', 'end': '1', 'meaning': 'canalsobe'}, '2': {'start': '1', 'end': '1', 'meaning': 'canprecede'}, '3': {'start': '0', 'end': '0', 'meaning': 'child_of'}, '4': {'start': '1', 'end': '1', 'meaning': 'childof'}, '5': {'start': '1', 'end': '0', 'meaning': 'cwe_to_capec'}, '6': {'start': '0', 'end': '0', 'meaning': 'parent_of'}, '7': {'start': '1', 'end': '1', 'meaning': 'peerof'}, '8': {'start': '1', 'end': '1', 'meaning': 'requires'}, '9': {'start': '1', 'end': '1', 'meaning': 'startswith'}}
node_type2name: {}
node_name2type: {}
nodes.count: {0: 558, 1: 940}
nodes.shift: {0: 0, 1: 558}
links.meta: {4: (1, 1), 5: (1, 0), 3: (0, 0), 6: (0, 0), 2: (1, 1), 7: (1, 1), 0: (0, 0), 1: (1, 1), 8: (1, 1), 9: (1, 1), -6: (0, 1)}
Info: generate /home/simonettos/homhetgnn/HGB/LP/benchmark/methods/HetGNN/amazon_style_cc_features_securebert_fold_1-temp/het_neigh_train.txt start.
Namespace(embed_d=128, data='amazon_style_cc_features_securebert_fold_1')
Info: load amazon_style_cc_features_securebert_fold_1 from ../../data/amazon_style_cc_features_securebert_fold_1/dl_pickle
1Info: iter: 30
temp iter /home/simonettos/homhetgnn/HGB/LP/benchmark/methods/HetGNN/amazon_style_cc_features_securebert_fold_1-temp
Completed: amazon_style_cc_features_securebert_fold_1 (rep 1)

--------------------------------------
Running model: hetgnn
Dataset: amazon_style_cc_features_securebert_fold_2
Repetition: 1
--------------------------------------
Use device: cpu
------arguments-------
data: amazon_style_cc_features_securebert_fold_2
model_path: ../model_save/
in_f_d: 128
embed_d: 128
lr: 0.01
batch_s: 20000
mini_batch_s: 200
train_iter_n: 310
walk_n: 10
walk_L: 30
window: 5
random_seed: 10
train_test_label: 0
save_model_freq: 10
cuda: 0
checkpoint: 
feat_type: 1
Data path: ../../data/amazon_style_cc_features_securebert_fold_2
Loading nodes from ../../data/amazon_style_cc_features_securebert_fold_2/node.dat
edge types: dict_keys([4, 3, 5, 0, 6, 7, 2, 1, 8, 9])
Getting training negative samples for edge types: [5]
nodes.shift keys: [0, 1]
nodes.count keys: [0, 1]
links.meta: {4: (1, 1), 3: (0, 0), 5: (1, 0), 0: (0, 0), 6: (0, 0), 7: (1, 1), 2: (1, 1), 1: (1, 1), 8: (1, 1), 9: (1, 1)}
t_type about to use: 0
h_type: 1
shift dict: {0: 0, 1: 558}
count dict: Counter({1: 940, 0: 558})
Generated 900 negative samples for edge type 5
Info: load amazon_style_cc_features_securebert_fold_2 from original data and generate ../../data/amazon_style_cc_features_securebert_fold_2/dl_pickle
INFO node.dat: {'1': 'we', '0': 'apec'}
INFO link.dat: {'0': {'start': '0', 'end': '0', 'meaning': 'can_precede'}, '1': {'start': '1', 'end': '1', 'meaning': 'canalsobe'}, '2': {'start': '1', 'end': '1', 'meaning': 'canprecede'}, '3': {'start': '0', 'end': '0', 'meaning': 'child_of'}, '4': {'start': '1', 'end': '1', 'meaning': 'childof'}, '5': {'start': '1', 'end': '0', 'meaning': 'cwe_to_capec'}, '6': {'start': '0', 'end': '0', 'meaning': 'parent_of'}, '7': {'start': '1', 'end': '1', 'meaning': 'peerof'}, '8': {'start': '1', 'end': '1', 'meaning': 'requires'}, '9': {'start': '1', 'end': '1', 'meaning': 'startswith'}}
node_type2name: {}
node_name2type: {}
nodes.count: {0: 558, 1: 940}
nodes.shift: {0: 0, 1: 558}
links.meta: {4: (1, 1), 3: (0, 0), 5: (1, 0), 0: (0, 0), 6: (0, 0), 7: (1, 1), 2: (1, 1), 1: (1, 1), 8: (1, 1), 9: (1, 1), -6: (0, 1)}
Info: generate /home/simonettos/homhetgnn/HGB/LP/benchmark/methods/HetGNN/amazon_style_cc_features_securebert_fold_2-temp/het_neigh_train.txt start.
Namespace(embed_d=128, data='amazon_style_cc_features_securebert_fold_2')
Info: load amazon_style_cc_features_securebert_fold_2 from ../../data/amazon_style_cc_features_securebert_fold_2/dl_pickle
1Info: iter: 30
temp iter /home/simonettos/homhetgnn/HGB/LP/benchmark/methods/HetGNN/amazon_style_cc_features_securebert_fold_2-temp
Completed: amazon_style_cc_features_securebert_fold_2 (rep 1)

--------------------------------------
Running model: hetgnn
Dataset: amazon_style_cc_features_securebert_fold_3
Repetition: 1
--------------------------------------
Use device: cpu
------arguments-------
data: amazon_style_cc_features_securebert_fold_3
model_path: ../model_save/
in_f_d: 128
embed_d: 128
lr: 0.01
batch_s: 20000
mini_batch_s: 200
train_iter_n: 310
walk_n: 10
walk_L: 30
window: 5
random_seed: 10
train_test_label: 0
save_model_freq: 10
cuda: 0
checkpoint: 
feat_type: 1
Data path: ../../data/amazon_style_cc_features_securebert_fold_3
Loading nodes from ../../data/amazon_style_cc_features_securebert_fold_3/node.dat
edge types: dict_keys([4, 3, 5, 0, 6, 7, 2, 1, 8, 9])
Getting training negative samples for edge types: [5]
nodes.shift keys: [0, 1]
nodes.count keys: [0, 1]
links.meta: {4: (1, 1), 3: (0, 0), 5: (1, 0), 0: (0, 0), 6: (0, 0), 7: (1, 1), 2: (1, 1), 1: (1, 1), 8: (1, 1), 9: (1, 1)}
t_type about to use: 0
h_type: 1
shift dict: {0: 0, 1: 558}
count dict: Counter({1: 940, 0: 558})
Generated 914 negative samples for edge type 5
Info: load amazon_style_cc_features_securebert_fold_3 from original data and generate ../../data/amazon_style_cc_features_securebert_fold_3/dl_pickle
INFO node.dat: {'1': 'we', '0': 'apec'}
INFO link.dat: {'0': {'start': '0', 'end': '0', 'meaning': 'can_precede'}, '1': {'start': '1', 'end': '1', 'meaning': 'canalsobe'}, '2': {'start': '1', 'end': '1', 'meaning': 'canprecede'}, '3': {'start': '0', 'end': '0', 'meaning': 'child_of'}, '4': {'start': '1', 'end': '1', 'meaning': 'childof'}, '5': {'start': '1', 'end': '0', 'meaning': 'cwe_to_capec'}, '6': {'start': '0', 'end': '0', 'meaning': 'parent_of'}, '7': {'start': '1', 'end': '1', 'meaning': 'peerof'}, '8': {'start': '1', 'end': '1', 'meaning': 'requires'}, '9': {'start': '1', 'end': '1', 'meaning': 'startswith'}}
node_type2name: {}
node_name2type: {}
nodes.count: {0: 558, 1: 940}
nodes.shift: {0: 0, 1: 558}
links.meta: {4: (1, 1), 3: (0, 0), 5: (1, 0), 0: (0, 0), 6: (0, 0), 7: (1, 1), 2: (1, 1), 1: (1, 1), 8: (1, 1), 9: (1, 1), -6: (0, 1)}
Info: generate /home/simonettos/homhetgnn/HGB/LP/benchmark/methods/HetGNN/amazon_style_cc_features_securebert_fold_3-temp/het_neigh_train.txt start.
Namespace(embed_d=128, data='amazon_style_cc_features_securebert_fold_3')
Info: load amazon_style_cc_features_securebert_fold_3 from ../../data/amazon_style_cc_features_securebert_fold_3/dl_pickle
1Info: iter: 30
temp iter /home/simonettos/homhetgnn/HGB/LP/benchmark/methods/HetGNN/amazon_style_cc_features_securebert_fold_3-temp
Completed: amazon_style_cc_features_securebert_fold_3 (rep 1)

--------------------------------------
Running model: hetgnn
Dataset: amazon_style_cc_features_securebert_fold_4
Repetition: 1
--------------------------------------
Use device: cpu
------arguments-------
data: amazon_style_cc_features_securebert_fold_4
model_path: ../model_save/
in_f_d: 128
embed_d: 128
lr: 0.01
batch_s: 20000
mini_batch_s: 200
train_iter_n: 310
walk_n: 10
walk_L: 30
window: 5
random_seed: 10
train_test_label: 0
save_model_freq: 10
cuda: 0
checkpoint: 
feat_type: 1
Data path: ../../data/amazon_style_cc_features_securebert_fold_4
Loading nodes from ../../data/amazon_style_cc_features_securebert_fold_4/node.dat
edge types: dict_keys([4, 3, 5, 0, 6, 7, 2, 1, 8, 9])
Getting training negative samples for edge types: [5]
nodes.shift keys: [0, 1]
nodes.count keys: [0, 1]
links.meta: {4: (1, 1), 3: (0, 0), 5: (1, 0), 0: (0, 0), 6: (0, 0), 7: (1, 1), 2: (1, 1), 1: (1, 1), 8: (1, 1), 9: (1, 1)}
t_type about to use: 0
h_type: 1
shift dict: {0: 0, 1: 558}
count dict: Counter({1: 940, 0: 558})
Generated 922 negative samples for edge type 5
Info: load amazon_style_cc_features_securebert_fold_4 from original data and generate ../../data/amazon_style_cc_features_securebert_fold_4/dl_pickle
INFO node.dat: {'1': 'we', '0': 'apec'}
INFO link.dat: {'0': {'start': '0', 'end': '0', 'meaning': 'can_precede'}, '1': {'start': '1', 'end': '1', 'meaning': 'canalsobe'}, '2': {'start': '1', 'end': '1', 'meaning': 'canprecede'}, '3': {'start': '0', 'end': '0', 'meaning': 'child_of'}, '4': {'start': '1', 'end': '1', 'meaning': 'childof'}, '5': {'start': '1', 'end': '0', 'meaning': 'cwe_to_capec'}, '6': {'start': '0', 'end': '0', 'meaning': 'parent_of'}, '7': {'start': '1', 'end': '1', 'meaning': 'peerof'}, '8': {'start': '1', 'end': '1', 'meaning': 'requires'}, '9': {'start': '1', 'end': '1', 'meaning': 'startswith'}}
node_type2name: {}
node_name2type: {}
nodes.count: {0: 558, 1: 940}
nodes.shift: {0: 0, 1: 558}
links.meta: {4: (1, 1), 3: (0, 0), 5: (1, 0), 0: (0, 0), 6: (0, 0), 7: (1, 1), 2: (1, 1), 1: (1, 1), 8: (1, 1), 9: (1, 1), -6: (0, 1)}
Info: generate /home/simonettos/homhetgnn/HGB/LP/benchmark/methods/HetGNN/amazon_style_cc_features_securebert_fold_4-temp/het_neigh_train.txt start.
Namespace(embed_d=128, data='amazon_style_cc_features_securebert_fold_4')
Info: load amazon_style_cc_features_securebert_fold_4 from ../../data/amazon_style_cc_features_securebert_fold_4/dl_pickle
1Info: iter: 30
temp iter /home/simonettos/homhetgnn/HGB/LP/benchmark/methods/HetGNN/amazon_style_cc_features_securebert_fold_4-temp
Completed: amazon_style_cc_features_securebert_fold_4 (rep 1)

--------------------------------------
Running model: hetgnn
Dataset: amazon_style_cc_features_securebert_fold_5
Repetition: 1
--------------------------------------
Use device: cpu
------arguments-------
data: amazon_style_cc_features_securebert_fold_5
model_path: ../model_save/
in_f_d: 128
embed_d: 128
lr: 0.01
batch_s: 20000
mini_batch_s: 200
train_iter_n: 310
walk_n: 10
walk_L: 30
window: 5
random_seed: 10
train_test_label: 0
save_model_freq: 10
cuda: 0
checkpoint: 
feat_type: 1
Data path: ../../data/amazon_style_cc_features_securebert_fold_5
Loading nodes from ../../data/amazon_style_cc_features_securebert_fold_5/node.dat
edge types: dict_keys([4, 3, 5, 0, 6, 7, 2, 1, 8, 9])
Getting training negative samples for edge types: [5]
nodes.shift keys: [0, 1]
nodes.count keys: [0, 1]
links.meta: {4: (1, 1), 3: (0, 0), 5: (1, 0), 0: (0, 0), 6: (0, 0), 7: (1, 1), 2: (1, 1), 1: (1, 1), 8: (1, 1), 9: (1, 1)}
t_type about to use: 0
h_type: 1
shift dict: {0: 0, 1: 558}
count dict: Counter({1: 940, 0: 558})
Generated 923 negative samples for edge type 5
Info: load amazon_style_cc_features_securebert_fold_5 from original data and generate ../../data/amazon_style_cc_features_securebert_fold_5/dl_pickle
INFO node.dat: {'1': 'we', '0': 'apec'}
INFO link.dat: {'0': {'start': '0', 'end': '0', 'meaning': 'can_precede'}, '1': {'start': '1', 'end': '1', 'meaning': 'canalsobe'}, '2': {'start': '1', 'end': '1', 'meaning': 'canprecede'}, '3': {'start': '0', 'end': '0', 'meaning': 'child_of'}, '4': {'start': '1', 'end': '1', 'meaning': 'childof'}, '5': {'start': '1', 'end': '0', 'meaning': 'cwe_to_capec'}, '6': {'start': '0', 'end': '0', 'meaning': 'parent_of'}, '7': {'start': '1', 'end': '1', 'meaning': 'peerof'}, '8': {'start': '1', 'end': '1', 'meaning': 'requires'}, '9': {'start': '1', 'end': '1', 'meaning': 'startswith'}}
node_type2name: {}
node_name2type: {}
nodes.count: {0: 558, 1: 940}
nodes.shift: {0: 0, 1: 558}
links.meta: {4: (1, 1), 3: (0, 0), 5: (1, 0), 0: (0, 0), 6: (0, 0), 7: (1, 1), 2: (1, 1), 1: (1, 1), 8: (1, 1), 9: (1, 1), -6: (0, 1)}
Info: generate /home/simonettos/homhetgnn/HGB/LP/benchmark/methods/HetGNN/amazon_style_cc_features_securebert_fold_5-temp/het_neigh_train.txt start.
Namespace(embed_d=128, data='amazon_style_cc_features_securebert_fold_5')
Info: load amazon_style_cc_features_securebert_fold_5 from ../../data/amazon_style_cc_features_securebert_fold_5/dl_pickle
1Info: iter: 30
temp iter /home/simonettos/homhetgnn/HGB/LP/benchmark/methods/HetGNN/amazon_style_cc_features_securebert_fold_5-temp
Completed: amazon_style_cc_features_securebert_fold_5 (rep 1)

=== Repetition 2/6 ===
--------------------------------------
Running model: hetgnn
Dataset: amazon_style_cc_features_securebert_fold_1
Repetition: 2
--------------------------------------
Use device: cpu
------arguments-------
data: amazon_style_cc_features_securebert_fold_1
model_path: ../model_save/
in_f_d: 128
embed_d: 128
lr: 0.01
batch_s: 20000
mini_batch_s: 200
train_iter_n: 310
walk_n: 10
walk_L: 30
window: 5
random_seed: 10
train_test_label: 0
save_model_freq: 10
cuda: 0
checkpoint: 
feat_type: 1
Info: load amazon_style_cc_features_securebert_fold_1 from ../../data/amazon_style_cc_features_securebert_fold_1/dl_pickle
INFO node.dat: {'1': 'we', '0': 'apec'}
INFO link.dat: {'0': {'start': '0', 'end': '0', 'meaning': 'can_precede'}, '1': {'start': '1', 'end': '1', 'meaning': 'canalsobe'}, '2': {'start': '1', 'end': '1', 'meaning': 'canprecede'}, '3': {'start': '0', 'end': '0', 'meaning': 'child_of'}, '4': {'start': '1', 'end': '1', 'meaning': 'childof'}, '5': {'start': '1', 'end': '0', 'meaning': 'cwe_to_capec'}, '6': {'start': '0', 'end': '0', 'meaning': 'parent_of'}, '7': {'start': '1', 'end': '1', 'meaning': 'peerof'}, '8': {'start': '1', 'end': '1', 'meaning': 'requires'}, '9': {'start': '1', 'end': '1', 'meaning': 'startswith'}}
node_type2name: {}
node_name2type: {}
nodes.count: {0: 558, 1: 940}
nodes.shift: {0: 0, 1: 558}
links.meta: {4: (1, 1), 5: (1, 0), 3: (0, 0), 6: (0, 0), 2: (1, 1), 7: (1, 1), 0: (0, 0), 1: (1, 1), 8: (1, 1), 9: (1, 1), -6: (0, 1)}
Info: generate /home/simonettos/homhetgnn/HGB/LP/benchmark/methods/HetGNN/amazon_style_cc_features_securebert_fold_1-temp/het_neigh_train.txt start.
Namespace(embed_d=128, data='amazon_style_cc_features_securebert_fold_1')
Info: load amazon_style_cc_features_securebert_fold_1 from ../../data/amazon_style_cc_features_securebert_fold_1/dl_pickle
1Info: iter: 30
temp iter /home/simonettos/homhetgnn/HGB/LP/benchmark/methods/HetGNN/amazon_style_cc_features_securebert_fold_1-temp
Completed: amazon_style_cc_features_securebert_fold_1 (rep 2)

--------------------------------------
Running model: hetgnn
Dataset: amazon_style_cc_features_securebert_fold_2
Repetition: 2
--------------------------------------
Use device: cpu
------arguments-------
data: amazon_style_cc_features_securebert_fold_2
model_path: ../model_save/
in_f_d: 128
embed_d: 128
lr: 0.01
batch_s: 20000
mini_batch_s: 200
train_iter_n: 310
walk_n: 10
walk_L: 30
window: 5
random_seed: 10
train_test_label: 0
save_model_freq: 10
cuda: 0
checkpoint: 
feat_type: 1
Info: load amazon_style_cc_features_securebert_fold_2 from ../../data/amazon_style_cc_features_securebert_fold_2/dl_pickle
INFO node.dat: {'1': 'we', '0': 'apec'}
INFO link.dat: {'0': {'start': '0', 'end': '0', 'meaning': 'can_precede'}, '1': {'start': '1', 'end': '1', 'meaning': 'canalsobe'}, '2': {'start': '1', 'end': '1', 'meaning': 'canprecede'}, '3': {'start': '0', 'end': '0', 'meaning': 'child_of'}, '4': {'start': '1', 'end': '1', 'meaning': 'childof'}, '5': {'start': '1', 'end': '0', 'meaning': 'cwe_to_capec'}, '6': {'start': '0', 'end': '0', 'meaning': 'parent_of'}, '7': {'start': '1', 'end': '1', 'meaning': 'peerof'}, '8': {'start': '1', 'end': '1', 'meaning': 'requires'}, '9': {'start': '1', 'end': '1', 'meaning': 'startswith'}}
node_type2name: {}
node_name2type: {}
nodes.count: {0: 558, 1: 940}
nodes.shift: {0: 0, 1: 558}
links.meta: {4: (1, 1), 3: (0, 0), 5: (1, 0), 0: (0, 0), 6: (0, 0), 7: (1, 1), 2: (1, 1), 1: (1, 1), 8: (1, 1), 9: (1, 1), -6: (0, 1)}
Info: generate /home/simonettos/homhetgnn/HGB/LP/benchmark/methods/HetGNN/amazon_style_cc_features_securebert_fold_2-temp/het_neigh_train.txt start.
Namespace(embed_d=128, data='amazon_style_cc_features_securebert_fold_2')
Info: load amazon_style_cc_features_securebert_fold_2 from ../../data/amazon_style_cc_features_securebert_fold_2/dl_pickle
1Info: iter: 30
temp iter /home/simonettos/homhetgnn/HGB/LP/benchmark/methods/HetGNN/amazon_style_cc_features_securebert_fold_2-temp
Completed: amazon_style_cc_features_securebert_fold_2 (rep 2)

--------------------------------------
Running model: hetgnn
Dataset: amazon_style_cc_features_securebert_fold_3
Repetition: 2
--------------------------------------
Use device: cpu
------arguments-------
data: amazon_style_cc_features_securebert_fold_3
model_path: ../model_save/
in_f_d: 128
embed_d: 128
lr: 0.01
batch_s: 20000
mini_batch_s: 200
train_iter_n: 310
walk_n: 10
walk_L: 30
window: 5
random_seed: 10
train_test_label: 0
save_model_freq: 10
cuda: 0
checkpoint: 
feat_type: 1
Info: load amazon_style_cc_features_securebert_fold_3 from ../../data/amazon_style_cc_features_securebert_fold_3/dl_pickle
INFO node.dat: {'1': 'we', '0': 'apec'}
INFO link.dat: {'0': {'start': '0', 'end': '0', 'meaning': 'can_precede'}, '1': {'start': '1', 'end': '1', 'meaning': 'canalsobe'}, '2': {'start': '1', 'end': '1', 'meaning': 'canprecede'}, '3': {'start': '0', 'end': '0', 'meaning': 'child_of'}, '4': {'start': '1', 'end': '1', 'meaning': 'childof'}, '5': {'start': '1', 'end': '0', 'meaning': 'cwe_to_capec'}, '6': {'start': '0', 'end': '0', 'meaning': 'parent_of'}, '7': {'start': '1', 'end': '1', 'meaning': 'peerof'}, '8': {'start': '1', 'end': '1', 'meaning': 'requires'}, '9': {'start': '1', 'end': '1', 'meaning': 'startswith'}}
node_type2name: {}
node_name2type: {}
nodes.count: {0: 558, 1: 940}
nodes.shift: {0: 0, 1: 558}
links.meta: {4: (1, 1), 3: (0, 0), 5: (1, 0), 0: (0, 0), 6: (0, 0), 7: (1, 1), 2: (1, 1), 1: (1, 1), 8: (1, 1), 9: (1, 1), -6: (0, 1)}
Info: generate /home/simonettos/homhetgnn/HGB/LP/benchmark/methods/HetGNN/amazon_style_cc_features_securebert_fold_3-temp/het_neigh_train.txt start.
Namespace(embed_d=128, data='amazon_style_cc_features_securebert_fold_3')
Info: load amazon_style_cc_features_securebert_fold_3 from ../../data/amazon_style_cc_features_securebert_fold_3/dl_pickle
1Info: iter: 30
temp iter /home/simonettos/homhetgnn/HGB/LP/benchmark/methods/HetGNN/amazon_style_cc_features_securebert_fold_3-temp
Completed: amazon_style_cc_features_securebert_fold_3 (rep 2)

--------------------------------------
Running model: hetgnn
Dataset: amazon_style_cc_features_securebert_fold_4
Repetition: 2
--------------------------------------
Use device: cpu
------arguments-------
data: amazon_style_cc_features_securebert_fold_4
model_path: ../model_save/
in_f_d: 128
embed_d: 128
lr: 0.01
batch_s: 20000
mini_batch_s: 200
train_iter_n: 310
walk_n: 10
walk_L: 30
window: 5
random_seed: 10
train_test_label: 0
save_model_freq: 10
cuda: 0
checkpoint: 
feat_type: 1
Info: load amazon_style_cc_features_securebert_fold_4 from ../../data/amazon_style_cc_features_securebert_fold_4/dl_pickle
INFO node.dat: {'1': 'we', '0': 'apec'}
INFO link.dat: {'0': {'start': '0', 'end': '0', 'meaning': 'can_precede'}, '1': {'start': '1', 'end': '1', 'meaning': 'canalsobe'}, '2': {'start': '1', 'end': '1', 'meaning': 'canprecede'}, '3': {'start': '0', 'end': '0', 'meaning': 'child_of'}, '4': {'start': '1', 'end': '1', 'meaning': 'childof'}, '5': {'start': '1', 'end': '0', 'meaning': 'cwe_to_capec'}, '6': {'start': '0', 'end': '0', 'meaning': 'parent_of'}, '7': {'start': '1', 'end': '1', 'meaning': 'peerof'}, '8': {'start': '1', 'end': '1', 'meaning': 'requires'}, '9': {'start': '1', 'end': '1', 'meaning': 'startswith'}}
node_type2name: {}
node_name2type: {}
nodes.count: {0: 558, 1: 940}
nodes.shift: {0: 0, 1: 558}
links.meta: {4: (1, 1), 3: (0, 0), 5: (1, 0), 0: (0, 0), 6: (0, 0), 7: (1, 1), 2: (1, 1), 1: (1, 1), 8: (1, 1), 9: (1, 1), -6: (0, 1)}
Info: generate /home/simonettos/homhetgnn/HGB/LP/benchmark/methods/HetGNN/amazon_style_cc_features_securebert_fold_4-temp/het_neigh_train.txt start.
Namespace(embed_d=128, data='amazon_style_cc_features_securebert_fold_4')
Info: load amazon_style_cc_features_securebert_fold_4 from ../../data/amazon_style_cc_features_securebert_fold_4/dl_pickle
1Info: iter: 30
temp iter /home/simonettos/homhetgnn/HGB/LP/benchmark/methods/HetGNN/amazon_style_cc_features_securebert_fold_4-temp
Completed: amazon_style_cc_features_securebert_fold_4 (rep 2)

--------------------------------------
Running model: hetgnn
Dataset: amazon_style_cc_features_securebert_fold_5
Repetition: 2
--------------------------------------
Use device: cpu
------arguments-------
data: amazon_style_cc_features_securebert_fold_5
model_path: ../model_save/
in_f_d: 128
embed_d: 128
lr: 0.01
batch_s: 20000
mini_batch_s: 200
train_iter_n: 310
walk_n: 10
walk_L: 30
window: 5
random_seed: 10
train_test_label: 0
save_model_freq: 10
cuda: 0
checkpoint: 
feat_type: 1
Info: load amazon_style_cc_features_securebert_fold_5 from ../../data/amazon_style_cc_features_securebert_fold_5/dl_pickle
INFO node.dat: {'1': 'we', '0': 'apec'}
INFO link.dat: {'0': {'start': '0', 'end': '0', 'meaning': 'can_precede'}, '1': {'start': '1', 'end': '1', 'meaning': 'canalsobe'}, '2': {'start': '1', 'end': '1', 'meaning': 'canprecede'}, '3': {'start': '0', 'end': '0', 'meaning': 'child_of'}, '4': {'start': '1', 'end': '1', 'meaning': 'childof'}, '5': {'start': '1', 'end': '0', 'meaning': 'cwe_to_capec'}, '6': {'start': '0', 'end': '0', 'meaning': 'parent_of'}, '7': {'start': '1', 'end': '1', 'meaning': 'peerof'}, '8': {'start': '1', 'end': '1', 'meaning': 'requires'}, '9': {'start': '1', 'end': '1', 'meaning': 'startswith'}}
node_type2name: {}
node_name2type: {}
nodes.count: {0: 558, 1: 940}
nodes.shift: {0: 0, 1: 558}
links.meta: {4: (1, 1), 3: (0, 0), 5: (1, 0), 0: (0, 0), 6: (0, 0), 7: (1, 1), 2: (1, 1), 1: (1, 1), 8: (1, 1), 9: (1, 1), -6: (0, 1)}
Info: generate /home/simonettos/homhetgnn/HGB/LP/benchmark/methods/HetGNN/amazon_style_cc_features_securebert_fold_5-temp/het_neigh_train.txt start.
Namespace(embed_d=128, data='amazon_style_cc_features_securebert_fold_5')
Info: load amazon_style_cc_features_securebert_fold_5 from ../../data/amazon_style_cc_features_securebert_fold_5/dl_pickle
1Info: iter: 30
temp iter /home/simonettos/homhetgnn/HGB/LP/benchmark/methods/HetGNN/amazon_style_cc_features_securebert_fold_5-temp
Completed: amazon_style_cc_features_securebert_fold_5 (rep 2)

=== Repetition 3/6 ===
--------------------------------------
Running model: hetgnn
Dataset: amazon_style_cc_features_securebert_fold_1
Repetition: 3
--------------------------------------
Use device: cpu
------arguments-------
data: amazon_style_cc_features_securebert_fold_1
model_path: ../model_save/
in_f_d: 128
embed_d: 128
lr: 0.01
batch_s: 20000
mini_batch_s: 200
train_iter_n: 310
walk_n: 10
walk_L: 30
window: 5
random_seed: 10
train_test_label: 0
save_model_freq: 10
cuda: 0
checkpoint: 
feat_type: 1
Info: load amazon_style_cc_features_securebert_fold_1 from ../../data/amazon_style_cc_features_securebert_fold_1/dl_pickle
INFO node.dat: {'1': 'we', '0': 'apec'}
INFO link.dat: {'0': {'start': '0', 'end': '0', 'meaning': 'can_precede'}, '1': {'start': '1', 'end': '1', 'meaning': 'canalsobe'}, '2': {'start': '1', 'end': '1', 'meaning': 'canprecede'}, '3': {'start': '0', 'end': '0', 'meaning': 'child_of'}, '4': {'start': '1', 'end': '1', 'meaning': 'childof'}, '5': {'start': '1', 'end': '0', 'meaning': 'cwe_to_capec'}, '6': {'start': '0', 'end': '0', 'meaning': 'parent_of'}, '7': {'start': '1', 'end': '1', 'meaning': 'peerof'}, '8': {'start': '1', 'end': '1', 'meaning': 'requires'}, '9': {'start': '1', 'end': '1', 'meaning': 'startswith'}}
node_type2name: {}
node_name2type: {}
nodes.count: {0: 558, 1: 940}
nodes.shift: {0: 0, 1: 558}
links.meta: {4: (1, 1), 5: (1, 0), 3: (0, 0), 6: (0, 0), 2: (1, 1), 7: (1, 1), 0: (0, 0), 1: (1, 1), 8: (1, 1), 9: (1, 1), -6: (0, 1)}
Info: generate /home/simonettos/homhetgnn/HGB/LP/benchmark/methods/HetGNN/amazon_style_cc_features_securebert_fold_1-temp/het_neigh_train.txt start.
Namespace(embed_d=128, data='amazon_style_cc_features_securebert_fold_1')
Info: load amazon_style_cc_features_securebert_fold_1 from ../../data/amazon_style_cc_features_securebert_fold_1/dl_pickle
1Info: iter: 30
temp iter /home/simonettos/homhetgnn/HGB/LP/benchmark/methods/HetGNN/amazon_style_cc_features_securebert_fold_1-temp
Completed: amazon_style_cc_features_securebert_fold_1 (rep 3)

--------------------------------------
Running model: hetgnn
Dataset: amazon_style_cc_features_securebert_fold_2
Repetition: 3
--------------------------------------
Use device: cpu
------arguments-------
data: amazon_style_cc_features_securebert_fold_2
model_path: ../model_save/
in_f_d: 128
embed_d: 128
lr: 0.01
batch_s: 20000
mini_batch_s: 200
train_iter_n: 310
walk_n: 10
walk_L: 30
window: 5
random_seed: 10
train_test_label: 0
save_model_freq: 10
cuda: 0
checkpoint: 
feat_type: 1
Info: load amazon_style_cc_features_securebert_fold_2 from ../../data/amazon_style_cc_features_securebert_fold_2/dl_pickle
INFO node.dat: {'1': 'we', '0': 'apec'}
INFO link.dat: {'0': {'start': '0', 'end': '0', 'meaning': 'can_precede'}, '1': {'start': '1', 'end': '1', 'meaning': 'canalsobe'}, '2': {'start': '1', 'end': '1', 'meaning': 'canprecede'}, '3': {'start': '0', 'end': '0', 'meaning': 'child_of'}, '4': {'start': '1', 'end': '1', 'meaning': 'childof'}, '5': {'start': '1', 'end': '0', 'meaning': 'cwe_to_capec'}, '6': {'start': '0', 'end': '0', 'meaning': 'parent_of'}, '7': {'start': '1', 'end': '1', 'meaning': 'peerof'}, '8': {'start': '1', 'end': '1', 'meaning': 'requires'}, '9': {'start': '1', 'end': '1', 'meaning': 'startswith'}}
node_type2name: {}
node_name2type: {}
nodes.count: {0: 558, 1: 940}
nodes.shift: {0: 0, 1: 558}
links.meta: {4: (1, 1), 3: (0, 0), 5: (1, 0), 0: (0, 0), 6: (0, 0), 7: (1, 1), 2: (1, 1), 1: (1, 1), 8: (1, 1), 9: (1, 1), -6: (0, 1)}
Info: generate /home/simonettos/homhetgnn/HGB/LP/benchmark/methods/HetGNN/amazon_style_cc_features_securebert_fold_2-temp/het_neigh_train.txt start.
Namespace(embed_d=128, data='amazon_style_cc_features_securebert_fold_2')
Info: load amazon_style_cc_features_securebert_fold_2 from ../../data/amazon_style_cc_features_securebert_fold_2/dl_pickle
1Info: iter: 30
temp iter /home/simonettos/homhetgnn/HGB/LP/benchmark/methods/HetGNN/amazon_style_cc_features_securebert_fold_2-temp
Completed: amazon_style_cc_features_securebert_fold_2 (rep 3)

--------------------------------------
Running model: hetgnn
Dataset: amazon_style_cc_features_securebert_fold_3
Repetition: 3
--------------------------------------
Use device: cpu
------arguments-------
data: amazon_style_cc_features_securebert_fold_3
model_path: ../model_save/
in_f_d: 128
embed_d: 128
lr: 0.01
batch_s: 20000
mini_batch_s: 200
train_iter_n: 310
walk_n: 10
walk_L: 30
window: 5
random_seed: 10
train_test_label: 0
save_model_freq: 10
cuda: 0
checkpoint: 
feat_type: 1
Info: load amazon_style_cc_features_securebert_fold_3 from ../../data/amazon_style_cc_features_securebert_fold_3/dl_pickle
INFO node.dat: {'1': 'we', '0': 'apec'}
INFO link.dat: {'0': {'start': '0', 'end': '0', 'meaning': 'can_precede'}, '1': {'start': '1', 'end': '1', 'meaning': 'canalsobe'}, '2': {'start': '1', 'end': '1', 'meaning': 'canprecede'}, '3': {'start': '0', 'end': '0', 'meaning': 'child_of'}, '4': {'start': '1', 'end': '1', 'meaning': 'childof'}, '5': {'start': '1', 'end': '0', 'meaning': 'cwe_to_capec'}, '6': {'start': '0', 'end': '0', 'meaning': 'parent_of'}, '7': {'start': '1', 'end': '1', 'meaning': 'peerof'}, '8': {'start': '1', 'end': '1', 'meaning': 'requires'}, '9': {'start': '1', 'end': '1', 'meaning': 'startswith'}}
node_type2name: {}
node_name2type: {}
nodes.count: {0: 558, 1: 940}
nodes.shift: {0: 0, 1: 558}
links.meta: {4: (1, 1), 3: (0, 0), 5: (1, 0), 0: (0, 0), 6: (0, 0), 7: (1, 1), 2: (1, 1), 1: (1, 1), 8: (1, 1), 9: (1, 1), -6: (0, 1)}
Info: generate /home/simonettos/homhetgnn/HGB/LP/benchmark/methods/HetGNN/amazon_style_cc_features_securebert_fold_3-temp/het_neigh_train.txt start.
Namespace(embed_d=128, data='amazon_style_cc_features_securebert_fold_3')
Info: load amazon_style_cc_features_securebert_fold_3 from ../../data/amazon_style_cc_features_securebert_fold_3/dl_pickle
1Info: iter: 30
temp iter /home/simonettos/homhetgnn/HGB/LP/benchmark/methods/HetGNN/amazon_style_cc_features_securebert_fold_3-temp
Completed: amazon_style_cc_features_securebert_fold_3 (rep 3)

--------------------------------------
Running model: hetgnn
Dataset: amazon_style_cc_features_securebert_fold_4
Repetition: 3
--------------------------------------
Use device: cpu
------arguments-------
data: amazon_style_cc_features_securebert_fold_4
model_path: ../model_save/
in_f_d: 128
embed_d: 128
lr: 0.01
batch_s: 20000
mini_batch_s: 200
train_iter_n: 310
walk_n: 10
walk_L: 30
window: 5
random_seed: 10
train_test_label: 0
save_model_freq: 10
cuda: 0
checkpoint: 
feat_type: 1
Info: load amazon_style_cc_features_securebert_fold_4 from ../../data/amazon_style_cc_features_securebert_fold_4/dl_pickle
INFO node.dat: {'1': 'we', '0': 'apec'}
INFO link.dat: {'0': {'start': '0', 'end': '0', 'meaning': 'can_precede'}, '1': {'start': '1', 'end': '1', 'meaning': 'canalsobe'}, '2': {'start': '1', 'end': '1', 'meaning': 'canprecede'}, '3': {'start': '0', 'end': '0', 'meaning': 'child_of'}, '4': {'start': '1', 'end': '1', 'meaning': 'childof'}, '5': {'start': '1', 'end': '0', 'meaning': 'cwe_to_capec'}, '6': {'start': '0', 'end': '0', 'meaning': 'parent_of'}, '7': {'start': '1', 'end': '1', 'meaning': 'peerof'}, '8': {'start': '1', 'end': '1', 'meaning': 'requires'}, '9': {'start': '1', 'end': '1', 'meaning': 'startswith'}}
node_type2name: {}
node_name2type: {}
nodes.count: {0: 558, 1: 940}
nodes.shift: {0: 0, 1: 558}
links.meta: {4: (1, 1), 3: (0, 0), 5: (1, 0), 0: (0, 0), 6: (0, 0), 7: (1, 1), 2: (1, 1), 1: (1, 1), 8: (1, 1), 9: (1, 1), -6: (0, 1)}
Info: generate /home/simonettos/homhetgnn/HGB/LP/benchmark/methods/HetGNN/amazon_style_cc_features_securebert_fold_4-temp/het_neigh_train.txt start.
Namespace(embed_d=128, data='amazon_style_cc_features_securebert_fold_4')
Info: load amazon_style_cc_features_securebert_fold_4 from ../../data/amazon_style_cc_features_securebert_fold_4/dl_pickle
1Info: iter: 30
temp iter /home/simonettos/homhetgnn/HGB/LP/benchmark/methods/HetGNN/amazon_style_cc_features_securebert_fold_4-temp
Completed: amazon_style_cc_features_securebert_fold_4 (rep 3)

--------------------------------------
Running model: hetgnn
Dataset: amazon_style_cc_features_securebert_fold_5
Repetition: 3
--------------------------------------
Use device: cpu
------arguments-------
data: amazon_style_cc_features_securebert_fold_5
model_path: ../model_save/
in_f_d: 128
embed_d: 128
lr: 0.01
batch_s: 20000
mini_batch_s: 200
train_iter_n: 310
walk_n: 10
walk_L: 30
window: 5
random_seed: 10
train_test_label: 0
save_model_freq: 10
cuda: 0
checkpoint: 
feat_type: 1
Info: load amazon_style_cc_features_securebert_fold_5 from ../../data/amazon_style_cc_features_securebert_fold_5/dl_pickle
INFO node.dat: {'1': 'we', '0': 'apec'}
INFO link.dat: {'0': {'start': '0', 'end': '0', 'meaning': 'can_precede'}, '1': {'start': '1', 'end': '1', 'meaning': 'canalsobe'}, '2': {'start': '1', 'end': '1', 'meaning': 'canprecede'}, '3': {'start': '0', 'end': '0', 'meaning': 'child_of'}, '4': {'start': '1', 'end': '1', 'meaning': 'childof'}, '5': {'start': '1', 'end': '0', 'meaning': 'cwe_to_capec'}, '6': {'start': '0', 'end': '0', 'meaning': 'parent_of'}, '7': {'start': '1', 'end': '1', 'meaning': 'peerof'}, '8': {'start': '1', 'end': '1', 'meaning': 'requires'}, '9': {'start': '1', 'end': '1', 'meaning': 'startswith'}}
node_type2name: {}
node_name2type: {}
nodes.count: {0: 558, 1: 940}
nodes.shift: {0: 0, 1: 558}
links.meta: {4: (1, 1), 3: (0, 0), 5: (1, 0), 0: (0, 0), 6: (0, 0), 7: (1, 1), 2: (1, 1), 1: (1, 1), 8: (1, 1), 9: (1, 1), -6: (0, 1)}
Info: generate /home/simonettos/homhetgnn/HGB/LP/benchmark/methods/HetGNN/amazon_style_cc_features_securebert_fold_5-temp/het_neigh_train.txt start.
Namespace(embed_d=128, data='amazon_style_cc_features_securebert_fold_5')
Info: load amazon_style_cc_features_securebert_fold_5 from ../../data/amazon_style_cc_features_securebert_fold_5/dl_pickle
1Info: iter: 30
temp iter /home/simonettos/homhetgnn/HGB/LP/benchmark/methods/HetGNN/amazon_style_cc_features_securebert_fold_5-temp
Completed: amazon_style_cc_features_securebert_fold_5 (rep 3)

=== Repetition 4/6 ===
--------------------------------------
Running model: hetgnn
Dataset: amazon_style_cc_features_securebert_fold_1
Repetition: 4
--------------------------------------
Use device: cpu
------arguments-------
data: amazon_style_cc_features_securebert_fold_1
model_path: ../model_save/
in_f_d: 128
embed_d: 128
lr: 0.01
batch_s: 20000
mini_batch_s: 200
train_iter_n: 310
walk_n: 10
walk_L: 30
window: 5
random_seed: 10
train_test_label: 0
save_model_freq: 10
cuda: 0
checkpoint: 
feat_type: 1
Info: load amazon_style_cc_features_securebert_fold_1 from ../../data/amazon_style_cc_features_securebert_fold_1/dl_pickle
INFO node.dat: {'1': 'we', '0': 'apec'}
INFO link.dat: {'0': {'start': '0', 'end': '0', 'meaning': 'can_precede'}, '1': {'start': '1', 'end': '1', 'meaning': 'canalsobe'}, '2': {'start': '1', 'end': '1', 'meaning': 'canprecede'}, '3': {'start': '0', 'end': '0', 'meaning': 'child_of'}, '4': {'start': '1', 'end': '1', 'meaning': 'childof'}, '5': {'start': '1', 'end': '0', 'meaning': 'cwe_to_capec'}, '6': {'start': '0', 'end': '0', 'meaning': 'parent_of'}, '7': {'start': '1', 'end': '1', 'meaning': 'peerof'}, '8': {'start': '1', 'end': '1', 'meaning': 'requires'}, '9': {'start': '1', 'end': '1', 'meaning': 'startswith'}}
node_type2name: {}
node_name2type: {}
nodes.count: {0: 558, 1: 940}
nodes.shift: {0: 0, 1: 558}
links.meta: {4: (1, 1), 5: (1, 0), 3: (0, 0), 6: (0, 0), 2: (1, 1), 7: (1, 1), 0: (0, 0), 1: (1, 1), 8: (1, 1), 9: (1, 1), -6: (0, 1)}
Info: generate /home/simonettos/homhetgnn/HGB/LP/benchmark/methods/HetGNN/amazon_style_cc_features_securebert_fold_1-temp/het_neigh_train.txt start.
Namespace(embed_d=128, data='amazon_style_cc_features_securebert_fold_1')
Info: load amazon_style_cc_features_securebert_fold_1 from ../../data/amazon_style_cc_features_securebert_fold_1/dl_pickle
1Info: iter: 30
temp iter /home/simonettos/homhetgnn/HGB/LP/benchmark/methods/HetGNN/amazon_style_cc_features_securebert_fold_1-temp
Completed: amazon_style_cc_features_securebert_fold_1 (rep 4)

--------------------------------------
Running model: hetgnn
Dataset: amazon_style_cc_features_securebert_fold_2
Repetition: 4
--------------------------------------
Use device: cpu
------arguments-------
data: amazon_style_cc_features_securebert_fold_2
model_path: ../model_save/
in_f_d: 128
embed_d: 128
lr: 0.01
batch_s: 20000
mini_batch_s: 200
train_iter_n: 310
walk_n: 10
walk_L: 30
window: 5
random_seed: 10
train_test_label: 0
save_model_freq: 10
cuda: 0
checkpoint: 
feat_type: 1
Info: load amazon_style_cc_features_securebert_fold_2 from ../../data/amazon_style_cc_features_securebert_fold_2/dl_pickle
INFO node.dat: {'1': 'we', '0': 'apec'}
INFO link.dat: {'0': {'start': '0', 'end': '0', 'meaning': 'can_precede'}, '1': {'start': '1', 'end': '1', 'meaning': 'canalsobe'}, '2': {'start': '1', 'end': '1', 'meaning': 'canprecede'}, '3': {'start': '0', 'end': '0', 'meaning': 'child_of'}, '4': {'start': '1', 'end': '1', 'meaning': 'childof'}, '5': {'start': '1', 'end': '0', 'meaning': 'cwe_to_capec'}, '6': {'start': '0', 'end': '0', 'meaning': 'parent_of'}, '7': {'start': '1', 'end': '1', 'meaning': 'peerof'}, '8': {'start': '1', 'end': '1', 'meaning': 'requires'}, '9': {'start': '1', 'end': '1', 'meaning': 'startswith'}}
node_type2name: {}
node_name2type: {}
nodes.count: {0: 558, 1: 940}
nodes.shift: {0: 0, 1: 558}
links.meta: {4: (1, 1), 3: (0, 0), 5: (1, 0), 0: (0, 0), 6: (0, 0), 7: (1, 1), 2: (1, 1), 1: (1, 1), 8: (1, 1), 9: (1, 1), -6: (0, 1)}
Info: generate /home/simonettos/homhetgnn/HGB/LP/benchmark/methods/HetGNN/amazon_style_cc_features_securebert_fold_2-temp/het_neigh_train.txt start.
Namespace(embed_d=128, data='amazon_style_cc_features_securebert_fold_2')
Info: load amazon_style_cc_features_securebert_fold_2 from ../../data/amazon_style_cc_features_securebert_fold_2/dl_pickle
1Info: iter: 30
temp iter /home/simonettos/homhetgnn/HGB/LP/benchmark/methods/HetGNN/amazon_style_cc_features_securebert_fold_2-temp
Completed: amazon_style_cc_features_securebert_fold_2 (rep 4)

--------------------------------------
Running model: hetgnn
Dataset: amazon_style_cc_features_securebert_fold_3
Repetition: 4
--------------------------------------
Use device: cpu
------arguments-------
data: amazon_style_cc_features_securebert_fold_3
model_path: ../model_save/
in_f_d: 128
embed_d: 128
lr: 0.01
batch_s: 20000
mini_batch_s: 200
train_iter_n: 310
walk_n: 10
walk_L: 30
window: 5
random_seed: 10
train_test_label: 0
save_model_freq: 10
cuda: 0
checkpoint: 
feat_type: 1
Info: load amazon_style_cc_features_securebert_fold_3 from ../../data/amazon_style_cc_features_securebert_fold_3/dl_pickle
INFO node.dat: {'1': 'we', '0': 'apec'}
INFO link.dat: {'0': {'start': '0', 'end': '0', 'meaning': 'can_precede'}, '1': {'start': '1', 'end': '1', 'meaning': 'canalsobe'}, '2': {'start': '1', 'end': '1', 'meaning': 'canprecede'}, '3': {'start': '0', 'end': '0', 'meaning': 'child_of'}, '4': {'start': '1', 'end': '1', 'meaning': 'childof'}, '5': {'start': '1', 'end': '0', 'meaning': 'cwe_to_capec'}, '6': {'start': '0', 'end': '0', 'meaning': 'parent_of'}, '7': {'start': '1', 'end': '1', 'meaning': 'peerof'}, '8': {'start': '1', 'end': '1', 'meaning': 'requires'}, '9': {'start': '1', 'end': '1', 'meaning': 'startswith'}}
node_type2name: {}
node_name2type: {}
nodes.count: {0: 558, 1: 940}
nodes.shift: {0: 0, 1: 558}
links.meta: {4: (1, 1), 3: (0, 0), 5: (1, 0), 0: (0, 0), 6: (0, 0), 7: (1, 1), 2: (1, 1), 1: (1, 1), 8: (1, 1), 9: (1, 1), -6: (0, 1)}
Info: generate /home/simonettos/homhetgnn/HGB/LP/benchmark/methods/HetGNN/amazon_style_cc_features_securebert_fold_3-temp/het_neigh_train.txt start.
Namespace(embed_d=128, data='amazon_style_cc_features_securebert_fold_3')
Info: load amazon_style_cc_features_securebert_fold_3 from ../../data/amazon_style_cc_features_securebert_fold_3/dl_pickle
1Info: iter: 30
temp iter /home/simonettos/homhetgnn/HGB/LP/benchmark/methods/HetGNN/amazon_style_cc_features_securebert_fold_3-temp
Completed: amazon_style_cc_features_securebert_fold_3 (rep 4)

--------------------------------------
Running model: hetgnn
Dataset: amazon_style_cc_features_securebert_fold_4
Repetition: 4
--------------------------------------
Use device: cpu
------arguments-------
data: amazon_style_cc_features_securebert_fold_4
model_path: ../model_save/
in_f_d: 128
embed_d: 128
lr: 0.01
batch_s: 20000
mini_batch_s: 200
train_iter_n: 310
walk_n: 10
walk_L: 30
window: 5
random_seed: 10
train_test_label: 0
save_model_freq: 10
cuda: 0
checkpoint: 
feat_type: 1
Info: load amazon_style_cc_features_securebert_fold_4 from ../../data/amazon_style_cc_features_securebert_fold_4/dl_pickle
INFO node.dat: {'1': 'we', '0': 'apec'}
INFO link.dat: {'0': {'start': '0', 'end': '0', 'meaning': 'can_precede'}, '1': {'start': '1', 'end': '1', 'meaning': 'canalsobe'}, '2': {'start': '1', 'end': '1', 'meaning': 'canprecede'}, '3': {'start': '0', 'end': '0', 'meaning': 'child_of'}, '4': {'start': '1', 'end': '1', 'meaning': 'childof'}, '5': {'start': '1', 'end': '0', 'meaning': 'cwe_to_capec'}, '6': {'start': '0', 'end': '0', 'meaning': 'parent_of'}, '7': {'start': '1', 'end': '1', 'meaning': 'peerof'}, '8': {'start': '1', 'end': '1', 'meaning': 'requires'}, '9': {'start': '1', 'end': '1', 'meaning': 'startswith'}}
node_type2name: {}
node_name2type: {}
nodes.count: {0: 558, 1: 940}
nodes.shift: {0: 0, 1: 558}
links.meta: {4: (1, 1), 3: (0, 0), 5: (1, 0), 0: (0, 0), 6: (0, 0), 7: (1, 1), 2: (1, 1), 1: (1, 1), 8: (1, 1), 9: (1, 1), -6: (0, 1)}
Info: generate /home/simonettos/homhetgnn/HGB/LP/benchmark/methods/HetGNN/amazon_style_cc_features_securebert_fold_4-temp/het_neigh_train.txt start.
Namespace(embed_d=128, data='amazon_style_cc_features_securebert_fold_4')
Info: load amazon_style_cc_features_securebert_fold_4 from ../../data/amazon_style_cc_features_securebert_fold_4/dl_pickle
1Info: iter: 30
temp iter /home/simonettos/homhetgnn/HGB/LP/benchmark/methods/HetGNN/amazon_style_cc_features_securebert_fold_4-temp
Completed: amazon_style_cc_features_securebert_fold_4 (rep 4)

--------------------------------------
Running model: hetgnn
Dataset: amazon_style_cc_features_securebert_fold_5
Repetition: 4
--------------------------------------
Use device: cpu
------arguments-------
data: amazon_style_cc_features_securebert_fold_5
model_path: ../model_save/
in_f_d: 128
embed_d: 128
lr: 0.01
batch_s: 20000
mini_batch_s: 200
train_iter_n: 310
walk_n: 10
walk_L: 30
window: 5
random_seed: 10
train_test_label: 0
save_model_freq: 10
cuda: 0
checkpoint: 
feat_type: 1
Info: load amazon_style_cc_features_securebert_fold_5 from ../../data/amazon_style_cc_features_securebert_fold_5/dl_pickle
INFO node.dat: {'1': 'we', '0': 'apec'}
INFO link.dat: {'0': {'start': '0', 'end': '0', 'meaning': 'can_precede'}, '1': {'start': '1', 'end': '1', 'meaning': 'canalsobe'}, '2': {'start': '1', 'end': '1', 'meaning': 'canprecede'}, '3': {'start': '0', 'end': '0', 'meaning': 'child_of'}, '4': {'start': '1', 'end': '1', 'meaning': 'childof'}, '5': {'start': '1', 'end': '0', 'meaning': 'cwe_to_capec'}, '6': {'start': '0', 'end': '0', 'meaning': 'parent_of'}, '7': {'start': '1', 'end': '1', 'meaning': 'peerof'}, '8': {'start': '1', 'end': '1', 'meaning': 'requires'}, '9': {'start': '1', 'end': '1', 'meaning': 'startswith'}}
node_type2name: {}
node_name2type: {}
nodes.count: {0: 558, 1: 940}
nodes.shift: {0: 0, 1: 558}
links.meta: {4: (1, 1), 3: (0, 0), 5: (1, 0), 0: (0, 0), 6: (0, 0), 7: (1, 1), 2: (1, 1), 1: (1, 1), 8: (1, 1), 9: (1, 1), -6: (0, 1)}
Info: generate /home/simonettos/homhetgnn/HGB/LP/benchmark/methods/HetGNN/amazon_style_cc_features_securebert_fold_5-temp/het_neigh_train.txt start.
Namespace(embed_d=128, data='amazon_style_cc_features_securebert_fold_5')
Info: load amazon_style_cc_features_securebert_fold_5 from ../../data/amazon_style_cc_features_securebert_fold_5/dl_pickle
1Info: iter: 30
temp iter /home/simonettos/homhetgnn/HGB/LP/benchmark/methods/HetGNN/amazon_style_cc_features_securebert_fold_5-temp
Completed: amazon_style_cc_features_securebert_fold_5 (rep 4)

=== Repetition 5/6 ===
--------------------------------------
Running model: hetgnn
Dataset: amazon_style_cc_features_securebert_fold_1
Repetition: 5
--------------------------------------
Use device: cpu
------arguments-------
data: amazon_style_cc_features_securebert_fold_1
model_path: ../model_save/
in_f_d: 128
embed_d: 128
lr: 0.01
batch_s: 20000
mini_batch_s: 200
train_iter_n: 310
walk_n: 10
walk_L: 30
window: 5
random_seed: 10
train_test_label: 0
save_model_freq: 10
cuda: 0
checkpoint: 
feat_type: 1
Info: load amazon_style_cc_features_securebert_fold_1 from ../../data/amazon_style_cc_features_securebert_fold_1/dl_pickle
INFO node.dat: {'1': 'we', '0': 'apec'}
INFO link.dat: {'0': {'start': '0', 'end': '0', 'meaning': 'can_precede'}, '1': {'start': '1', 'end': '1', 'meaning': 'canalsobe'}, '2': {'start': '1', 'end': '1', 'meaning': 'canprecede'}, '3': {'start': '0', 'end': '0', 'meaning': 'child_of'}, '4': {'start': '1', 'end': '1', 'meaning': 'childof'}, '5': {'start': '1', 'end': '0', 'meaning': 'cwe_to_capec'}, '6': {'start': '0', 'end': '0', 'meaning': 'parent_of'}, '7': {'start': '1', 'end': '1', 'meaning': 'peerof'}, '8': {'start': '1', 'end': '1', 'meaning': 'requires'}, '9': {'start': '1', 'end': '1', 'meaning': 'startswith'}}
node_type2name: {}
node_name2type: {}
nodes.count: {0: 558, 1: 940}
nodes.shift: {0: 0, 1: 558}
links.meta: {4: (1, 1), 5: (1, 0), 3: (0, 0), 6: (0, 0), 2: (1, 1), 7: (1, 1), 0: (0, 0), 1: (1, 1), 8: (1, 1), 9: (1, 1), -6: (0, 1)}
Info: generate /home/simonettos/homhetgnn/HGB/LP/benchmark/methods/HetGNN/amazon_style_cc_features_securebert_fold_1-temp/het_neigh_train.txt start.
Namespace(embed_d=128, data='amazon_style_cc_features_securebert_fold_1')
Info: load amazon_style_cc_features_securebert_fold_1 from ../../data/amazon_style_cc_features_securebert_fold_1/dl_pickle
1Info: iter: 30
temp iter /home/simonettos/homhetgnn/HGB/LP/benchmark/methods/HetGNN/amazon_style_cc_features_securebert_fold_1-temp
Completed: amazon_style_cc_features_securebert_fold_1 (rep 5)

--------------------------------------
Running model: hetgnn
Dataset: amazon_style_cc_features_securebert_fold_2
Repetition: 5
--------------------------------------
Use device: cpu
------arguments-------
data: amazon_style_cc_features_securebert_fold_2
model_path: ../model_save/
in_f_d: 128
embed_d: 128
lr: 0.01
batch_s: 20000
mini_batch_s: 200
train_iter_n: 310
walk_n: 10
walk_L: 30
window: 5
random_seed: 10
train_test_label: 0
save_model_freq: 10
cuda: 0
checkpoint: 
feat_type: 1
Info: load amazon_style_cc_features_securebert_fold_2 from ../../data/amazon_style_cc_features_securebert_fold_2/dl_pickle
INFO node.dat: {'1': 'we', '0': 'apec'}
INFO link.dat: {'0': {'start': '0', 'end': '0', 'meaning': 'can_precede'}, '1': {'start': '1', 'end': '1', 'meaning': 'canalsobe'}, '2': {'start': '1', 'end': '1', 'meaning': 'canprecede'}, '3': {'start': '0', 'end': '0', 'meaning': 'child_of'}, '4': {'start': '1', 'end': '1', 'meaning': 'childof'}, '5': {'start': '1', 'end': '0', 'meaning': 'cwe_to_capec'}, '6': {'start': '0', 'end': '0', 'meaning': 'parent_of'}, '7': {'start': '1', 'end': '1', 'meaning': 'peerof'}, '8': {'start': '1', 'end': '1', 'meaning': 'requires'}, '9': {'start': '1', 'end': '1', 'meaning': 'startswith'}}
node_type2name: {}
node_name2type: {}
nodes.count: {0: 558, 1: 940}
nodes.shift: {0: 0, 1: 558}
links.meta: {4: (1, 1), 3: (0, 0), 5: (1, 0), 0: (0, 0), 6: (0, 0), 7: (1, 1), 2: (1, 1), 1: (1, 1), 8: (1, 1), 9: (1, 1), -6: (0, 1)}
Info: generate /home/simonettos/homhetgnn/HGB/LP/benchmark/methods/HetGNN/amazon_style_cc_features_securebert_fold_2-temp/het_neigh_train.txt start.
Namespace(embed_d=128, data='amazon_style_cc_features_securebert_fold_2')
Info: load amazon_style_cc_features_securebert_fold_2 from ../../data/amazon_style_cc_features_securebert_fold_2/dl_pickle
1Info: iter: 30
temp iter /home/simonettos/homhetgnn/HGB/LP/benchmark/methods/HetGNN/amazon_style_cc_features_securebert_fold_2-temp
Completed: amazon_style_cc_features_securebert_fold_2 (rep 5)

--------------------------------------
Running model: hetgnn
Dataset: amazon_style_cc_features_securebert_fold_3
Repetition: 5
--------------------------------------
Use device: cpu
------arguments-------
data: amazon_style_cc_features_securebert_fold_3
model_path: ../model_save/
in_f_d: 128
embed_d: 128
lr: 0.01
batch_s: 20000
mini_batch_s: 200
train_iter_n: 310
walk_n: 10
walk_L: 30
window: 5
random_seed: 10
train_test_label: 0
save_model_freq: 10
cuda: 0
checkpoint: 
feat_type: 1
Info: load amazon_style_cc_features_securebert_fold_3 from ../../data/amazon_style_cc_features_securebert_fold_3/dl_pickle
INFO node.dat: {'1': 'we', '0': 'apec'}
INFO link.dat: {'0': {'start': '0', 'end': '0', 'meaning': 'can_precede'}, '1': {'start': '1', 'end': '1', 'meaning': 'canalsobe'}, '2': {'start': '1', 'end': '1', 'meaning': 'canprecede'}, '3': {'start': '0', 'end': '0', 'meaning': 'child_of'}, '4': {'start': '1', 'end': '1', 'meaning': 'childof'}, '5': {'start': '1', 'end': '0', 'meaning': 'cwe_to_capec'}, '6': {'start': '0', 'end': '0', 'meaning': 'parent_of'}, '7': {'start': '1', 'end': '1', 'meaning': 'peerof'}, '8': {'start': '1', 'end': '1', 'meaning': 'requires'}, '9': {'start': '1', 'end': '1', 'meaning': 'startswith'}}
node_type2name: {}
node_name2type: {}
nodes.count: {0: 558, 1: 940}
nodes.shift: {0: 0, 1: 558}
links.meta: {4: (1, 1), 3: (0, 0), 5: (1, 0), 0: (0, 0), 6: (0, 0), 7: (1, 1), 2: (1, 1), 1: (1, 1), 8: (1, 1), 9: (1, 1), -6: (0, 1)}
Info: generate /home/simonettos/homhetgnn/HGB/LP/benchmark/methods/HetGNN/amazon_style_cc_features_securebert_fold_3-temp/het_neigh_train.txt start.
Namespace(embed_d=128, data='amazon_style_cc_features_securebert_fold_3')
Info: load amazon_style_cc_features_securebert_fold_3 from ../../data/amazon_style_cc_features_securebert_fold_3/dl_pickle
1Info: iter: 30
temp iter /home/simonettos/homhetgnn/HGB/LP/benchmark/methods/HetGNN/amazon_style_cc_features_securebert_fold_3-temp
Completed: amazon_style_cc_features_securebert_fold_3 (rep 5)

--------------------------------------
Running model: hetgnn
Dataset: amazon_style_cc_features_securebert_fold_4
Repetition: 5
--------------------------------------
Use device: cpu
------arguments-------
data: amazon_style_cc_features_securebert_fold_4
model_path: ../model_save/
in_f_d: 128
embed_d: 128
lr: 0.01
batch_s: 20000
mini_batch_s: 200
train_iter_n: 310
walk_n: 10
walk_L: 30
window: 5
random_seed: 10
train_test_label: 0
save_model_freq: 10
cuda: 0
checkpoint: 
feat_type: 1
Info: load amazon_style_cc_features_securebert_fold_4 from ../../data/amazon_style_cc_features_securebert_fold_4/dl_pickle
INFO node.dat: {'1': 'we', '0': 'apec'}
INFO link.dat: {'0': {'start': '0', 'end': '0', 'meaning': 'can_precede'}, '1': {'start': '1', 'end': '1', 'meaning': 'canalsobe'}, '2': {'start': '1', 'end': '1', 'meaning': 'canprecede'}, '3': {'start': '0', 'end': '0', 'meaning': 'child_of'}, '4': {'start': '1', 'end': '1', 'meaning': 'childof'}, '5': {'start': '1', 'end': '0', 'meaning': 'cwe_to_capec'}, '6': {'start': '0', 'end': '0', 'meaning': 'parent_of'}, '7': {'start': '1', 'end': '1', 'meaning': 'peerof'}, '8': {'start': '1', 'end': '1', 'meaning': 'requires'}, '9': {'start': '1', 'end': '1', 'meaning': 'startswith'}}
node_type2name: {}
node_name2type: {}
nodes.count: {0: 558, 1: 940}
nodes.shift: {0: 0, 1: 558}
links.meta: {4: (1, 1), 3: (0, 0), 5: (1, 0), 0: (0, 0), 6: (0, 0), 7: (1, 1), 2: (1, 1), 1: (1, 1), 8: (1, 1), 9: (1, 1), -6: (0, 1)}
Info: generate /home/simonettos/homhetgnn/HGB/LP/benchmark/methods/HetGNN/amazon_style_cc_features_securebert_fold_4-temp/het_neigh_train.txt start.
Namespace(embed_d=128, data='amazon_style_cc_features_securebert_fold_4')
Info: load amazon_style_cc_features_securebert_fold_4 from ../../data/amazon_style_cc_features_securebert_fold_4/dl_pickle
1Info: iter: 30
temp iter /home/simonettos/homhetgnn/HGB/LP/benchmark/methods/HetGNN/amazon_style_cc_features_securebert_fold_4-temp
Completed: amazon_style_cc_features_securebert_fold_4 (rep 5)

--------------------------------------
Running model: hetgnn
Dataset: amazon_style_cc_features_securebert_fold_5
Repetition: 5
--------------------------------------
Use device: cpu
------arguments-------
data: amazon_style_cc_features_securebert_fold_5
model_path: ../model_save/
in_f_d: 128
embed_d: 128
lr: 0.01
batch_s: 20000
mini_batch_s: 200
train_iter_n: 310
walk_n: 10
walk_L: 30
window: 5
random_seed: 10
train_test_label: 0
save_model_freq: 10
cuda: 0
checkpoint: 
feat_type: 1
Info: load amazon_style_cc_features_securebert_fold_5 from ../../data/amazon_style_cc_features_securebert_fold_5/dl_pickle
INFO node.dat: {'1': 'we', '0': 'apec'}
INFO link.dat: {'0': {'start': '0', 'end': '0', 'meaning': 'can_precede'}, '1': {'start': '1', 'end': '1', 'meaning': 'canalsobe'}, '2': {'start': '1', 'end': '1', 'meaning': 'canprecede'}, '3': {'start': '0', 'end': '0', 'meaning': 'child_of'}, '4': {'start': '1', 'end': '1', 'meaning': 'childof'}, '5': {'start': '1', 'end': '0', 'meaning': 'cwe_to_capec'}, '6': {'start': '0', 'end': '0', 'meaning': 'parent_of'}, '7': {'start': '1', 'end': '1', 'meaning': 'peerof'}, '8': {'start': '1', 'end': '1', 'meaning': 'requires'}, '9': {'start': '1', 'end': '1', 'meaning': 'startswith'}}
node_type2name: {}
node_name2type: {}
nodes.count: {0: 558, 1: 940}
nodes.shift: {0: 0, 1: 558}
links.meta: {4: (1, 1), 3: (0, 0), 5: (1, 0), 0: (0, 0), 6: (0, 0), 7: (1, 1), 2: (1, 1), 1: (1, 1), 8: (1, 1), 9: (1, 1), -6: (0, 1)}
Info: generate /home/simonettos/homhetgnn/HGB/LP/benchmark/methods/HetGNN/amazon_style_cc_features_securebert_fold_5-temp/het_neigh_train.txt start.
Namespace(embed_d=128, data='amazon_style_cc_features_securebert_fold_5')
Info: load amazon_style_cc_features_securebert_fold_5 from ../../data/amazon_style_cc_features_securebert_fold_5/dl_pickle
1Info: iter: 30
temp iter /home/simonettos/homhetgnn/HGB/LP/benchmark/methods/HetGNN/amazon_style_cc_features_securebert_fold_5-temp
Completed: amazon_style_cc_features_securebert_fold_5 (rep 5)

=== Repetition 6/6 ===
--------------------------------------
Running model: hetgnn
Dataset: amazon_style_cc_features_securebert_fold_1
Repetition: 6
--------------------------------------
Use device: cpu
------arguments-------
data: amazon_style_cc_features_securebert_fold_1
model_path: ../model_save/
in_f_d: 128
embed_d: 128
lr: 0.01
batch_s: 20000
mini_batch_s: 200
train_iter_n: 310
walk_n: 10
walk_L: 30
window: 5
random_seed: 10
train_test_label: 0
save_model_freq: 10
cuda: 0
checkpoint: 
feat_type: 1
Info: load amazon_style_cc_features_securebert_fold_1 from ../../data/amazon_style_cc_features_securebert_fold_1/dl_pickle
INFO node.dat: {'1': 'we', '0': 'apec'}
INFO link.dat: {'0': {'start': '0', 'end': '0', 'meaning': 'can_precede'}, '1': {'start': '1', 'end': '1', 'meaning': 'canalsobe'}, '2': {'start': '1', 'end': '1', 'meaning': 'canprecede'}, '3': {'start': '0', 'end': '0', 'meaning': 'child_of'}, '4': {'start': '1', 'end': '1', 'meaning': 'childof'}, '5': {'start': '1', 'end': '0', 'meaning': 'cwe_to_capec'}, '6': {'start': '0', 'end': '0', 'meaning': 'parent_of'}, '7': {'start': '1', 'end': '1', 'meaning': 'peerof'}, '8': {'start': '1', 'end': '1', 'meaning': 'requires'}, '9': {'start': '1', 'end': '1', 'meaning': 'startswith'}}
node_type2name: {}
node_name2type: {}
nodes.count: {0: 558, 1: 940}
nodes.shift: {0: 0, 1: 558}
links.meta: {4: (1, 1), 5: (1, 0), 3: (0, 0), 6: (0, 0), 2: (1, 1), 7: (1, 1), 0: (0, 0), 1: (1, 1), 8: (1, 1), 9: (1, 1), -6: (0, 1)}
Info: generate /home/simonettos/homhetgnn/HGB/LP/benchmark/methods/HetGNN/amazon_style_cc_features_securebert_fold_1-temp/het_neigh_train.txt start.
Namespace(embed_d=128, data='amazon_style_cc_features_securebert_fold_1')
Info: load amazon_style_cc_features_securebert_fold_1 from ../../data/amazon_style_cc_features_securebert_fold_1/dl_pickle
1Info: iter: 30
temp iter /home/simonettos/homhetgnn/HGB/LP/benchmark/methods/HetGNN/amazon_style_cc_features_securebert_fold_1-temp
Completed: amazon_style_cc_features_securebert_fold_1 (rep 6)

--------------------------------------
Running model: hetgnn
Dataset: amazon_style_cc_features_securebert_fold_2
Repetition: 6
--------------------------------------
Use device: cpu
------arguments-------
data: amazon_style_cc_features_securebert_fold_2
model_path: ../model_save/
in_f_d: 128
embed_d: 128
lr: 0.01
batch_s: 20000
mini_batch_s: 200
train_iter_n: 310
walk_n: 10
walk_L: 30
window: 5
random_seed: 10
train_test_label: 0
save_model_freq: 10
cuda: 0
checkpoint: 
feat_type: 1
Info: load amazon_style_cc_features_securebert_fold_2 from ../../data/amazon_style_cc_features_securebert_fold_2/dl_pickle
INFO node.dat: {'1': 'we', '0': 'apec'}
INFO link.dat: {'0': {'start': '0', 'end': '0', 'meaning': 'can_precede'}, '1': {'start': '1', 'end': '1', 'meaning': 'canalsobe'}, '2': {'start': '1', 'end': '1', 'meaning': 'canprecede'}, '3': {'start': '0', 'end': '0', 'meaning': 'child_of'}, '4': {'start': '1', 'end': '1', 'meaning': 'childof'}, '5': {'start': '1', 'end': '0', 'meaning': 'cwe_to_capec'}, '6': {'start': '0', 'end': '0', 'meaning': 'parent_of'}, '7': {'start': '1', 'end': '1', 'meaning': 'peerof'}, '8': {'start': '1', 'end': '1', 'meaning': 'requires'}, '9': {'start': '1', 'end': '1', 'meaning': 'startswith'}}
node_type2name: {}
node_name2type: {}
nodes.count: {0: 558, 1: 940}
nodes.shift: {0: 0, 1: 558}
links.meta: {4: (1, 1), 3: (0, 0), 5: (1, 0), 0: (0, 0), 6: (0, 0), 7: (1, 1), 2: (1, 1), 1: (1, 1), 8: (1, 1), 9: (1, 1), -6: (0, 1)}
Info: generate /home/simonettos/homhetgnn/HGB/LP/benchmark/methods/HetGNN/amazon_style_cc_features_securebert_fold_2-temp/het_neigh_train.txt start.
Namespace(embed_d=128, data='amazon_style_cc_features_securebert_fold_2')
Info: load amazon_style_cc_features_securebert_fold_2 from ../../data/amazon_style_cc_features_securebert_fold_2/dl_pickle
1Info: iter: 30
temp iter /home/simonettos/homhetgnn/HGB/LP/benchmark/methods/HetGNN/amazon_style_cc_features_securebert_fold_2-temp
Completed: amazon_style_cc_features_securebert_fold_2 (rep 6)

--------------------------------------
Running model: hetgnn
Dataset: amazon_style_cc_features_securebert_fold_3
Repetition: 6
--------------------------------------
Use device: cpu
------arguments-------
data: amazon_style_cc_features_securebert_fold_3
model_path: ../model_save/
in_f_d: 128
embed_d: 128
lr: 0.01
batch_s: 20000
mini_batch_s: 200
train_iter_n: 310
walk_n: 10
walk_L: 30
window: 5
random_seed: 10
train_test_label: 0
save_model_freq: 10
cuda: 0
checkpoint: 
feat_type: 1
Info: load amazon_style_cc_features_securebert_fold_3 from ../../data/amazon_style_cc_features_securebert_fold_3/dl_pickle
INFO node.dat: {'1': 'we', '0': 'apec'}
INFO link.dat: {'0': {'start': '0', 'end': '0', 'meaning': 'can_precede'}, '1': {'start': '1', 'end': '1', 'meaning': 'canalsobe'}, '2': {'start': '1', 'end': '1', 'meaning': 'canprecede'}, '3': {'start': '0', 'end': '0', 'meaning': 'child_of'}, '4': {'start': '1', 'end': '1', 'meaning': 'childof'}, '5': {'start': '1', 'end': '0', 'meaning': 'cwe_to_capec'}, '6': {'start': '0', 'end': '0', 'meaning': 'parent_of'}, '7': {'start': '1', 'end': '1', 'meaning': 'peerof'}, '8': {'start': '1', 'end': '1', 'meaning': 'requires'}, '9': {'start': '1', 'end': '1', 'meaning': 'startswith'}}
node_type2name: {}
node_name2type: {}
nodes.count: {0: 558, 1: 940}
nodes.shift: {0: 0, 1: 558}
links.meta: {4: (1, 1), 3: (0, 0), 5: (1, 0), 0: (0, 0), 6: (0, 0), 7: (1, 1), 2: (1, 1), 1: (1, 1), 8: (1, 1), 9: (1, 1), -6: (0, 1)}
Info: generate /home/simonettos/homhetgnn/HGB/LP/benchmark/methods/HetGNN/amazon_style_cc_features_securebert_fold_3-temp/het_neigh_train.txt start.
Namespace(embed_d=128, data='amazon_style_cc_features_securebert_fold_3')
Info: load amazon_style_cc_features_securebert_fold_3 from ../../data/amazon_style_cc_features_securebert_fold_3/dl_pickle
1Info: iter: 30
temp iter /home/simonettos/homhetgnn/HGB/LP/benchmark/methods/HetGNN/amazon_style_cc_features_securebert_fold_3-temp
Completed: amazon_style_cc_features_securebert_fold_3 (rep 6)

--------------------------------------
Running model: hetgnn
Dataset: amazon_style_cc_features_securebert_fold_4
Repetition: 6
--------------------------------------
Use device: cpu
------arguments-------
data: amazon_style_cc_features_securebert_fold_4
model_path: ../model_save/
in_f_d: 128
embed_d: 128
lr: 0.01
batch_s: 20000
mini_batch_s: 200
train_iter_n: 310
walk_n: 10
walk_L: 30
window: 5
random_seed: 10
train_test_label: 0
save_model_freq: 10
cuda: 0
checkpoint: 
feat_type: 1
Info: load amazon_style_cc_features_securebert_fold_4 from ../../data/amazon_style_cc_features_securebert_fold_4/dl_pickle
INFO node.dat: {'1': 'we', '0': 'apec'}
INFO link.dat: {'0': {'start': '0', 'end': '0', 'meaning': 'can_precede'}, '1': {'start': '1', 'end': '1', 'meaning': 'canalsobe'}, '2': {'start': '1', 'end': '1', 'meaning': 'canprecede'}, '3': {'start': '0', 'end': '0', 'meaning': 'child_of'}, '4': {'start': '1', 'end': '1', 'meaning': 'childof'}, '5': {'start': '1', 'end': '0', 'meaning': 'cwe_to_capec'}, '6': {'start': '0', 'end': '0', 'meaning': 'parent_of'}, '7': {'start': '1', 'end': '1', 'meaning': 'peerof'}, '8': {'start': '1', 'end': '1', 'meaning': 'requires'}, '9': {'start': '1', 'end': '1', 'meaning': 'startswith'}}
node_type2name: {}
node_name2type: {}
nodes.count: {0: 558, 1: 940}
nodes.shift: {0: 0, 1: 558}
links.meta: {4: (1, 1), 3: (0, 0), 5: (1, 0), 0: (0, 0), 6: (0, 0), 7: (1, 1), 2: (1, 1), 1: (1, 1), 8: (1, 1), 9: (1, 1), -6: (0, 1)}
Info: generate /home/simonettos/homhetgnn/HGB/LP/benchmark/methods/HetGNN/amazon_style_cc_features_securebert_fold_4-temp/het_neigh_train.txt start.
Namespace(embed_d=128, data='amazon_style_cc_features_securebert_fold_4')
Info: load amazon_style_cc_features_securebert_fold_4 from ../../data/amazon_style_cc_features_securebert_fold_4/dl_pickle
1Info: iter: 30
temp iter /home/simonettos/homhetgnn/HGB/LP/benchmark/methods/HetGNN/amazon_style_cc_features_securebert_fold_4-temp
Completed: amazon_style_cc_features_securebert_fold_4 (rep 6)

--------------------------------------
Running model: hetgnn
Dataset: amazon_style_cc_features_securebert_fold_5
Repetition: 6
--------------------------------------
Use device: cpu
------arguments-------
data: amazon_style_cc_features_securebert_fold_5
model_path: ../model_save/
in_f_d: 128
embed_d: 128
lr: 0.01
batch_s: 20000
mini_batch_s: 200
train_iter_n: 310
walk_n: 10
walk_L: 30
window: 5
random_seed: 10
train_test_label: 0
save_model_freq: 10
cuda: 0
checkpoint: 
feat_type: 1
Info: load amazon_style_cc_features_securebert_fold_5 from ../../data/amazon_style_cc_features_securebert_fold_5/dl_pickle
INFO node.dat: {'1': 'we', '0': 'apec'}
INFO link.dat: {'0': {'start': '0', 'end': '0', 'meaning': 'can_precede'}, '1': {'start': '1', 'end': '1', 'meaning': 'canalsobe'}, '2': {'start': '1', 'end': '1', 'meaning': 'canprecede'}, '3': {'start': '0', 'end': '0', 'meaning': 'child_of'}, '4': {'start': '1', 'end': '1', 'meaning': 'childof'}, '5': {'start': '1', 'end': '0', 'meaning': 'cwe_to_capec'}, '6': {'start': '0', 'end': '0', 'meaning': 'parent_of'}, '7': {'start': '1', 'end': '1', 'meaning': 'peerof'}, '8': {'start': '1', 'end': '1', 'meaning': 'requires'}, '9': {'start': '1', 'end': '1', 'meaning': 'startswith'}}
node_type2name: {}
node_name2type: {}
nodes.count: {0: 558, 1: 940}
nodes.shift: {0: 0, 1: 558}
links.meta: {4: (1, 1), 3: (0, 0), 5: (1, 0), 0: (0, 0), 6: (0, 0), 7: (1, 1), 2: (1, 1), 1: (1, 1), 8: (1, 1), 9: (1, 1), -6: (0, 1)}
Info: generate /home/simonettos/homhetgnn/HGB/LP/benchmark/methods/HetGNN/amazon_style_cc_features_securebert_fold_5-temp/het_neigh_train.txt start.
Namespace(embed_d=128, data='amazon_style_cc_features_securebert_fold_5')
Info: load amazon_style_cc_features_securebert_fold_5 from ../../data/amazon_style_cc_features_securebert_fold_5/dl_pickle
1Info: iter: 30
temp iter /home/simonettos/homhetgnn/HGB/LP/benchmark/methods/HetGNN/amazon_style_cc_features_securebert_fold_5-temp
Completed: amazon_style_cc_features_securebert_fold_5 (rep 6)

All 30 jobs completed.
Setup complete
