Starting hetgnn batch job with 6 repetitions...
=== Repetition 1/6 ===
--------------------------------------
Running model: hetgnn
Dataset: amazon_style_ccc_features_securebert_fold_1
Repetition: 1
--------------------------------------
Use device: cpu
------arguments-------
data: amazon_style_ccc_features_securebert_fold_1
model_path: ../model_save/
in_f_d: 128
embed_d: 128
lr: 0.01
batch_s: 20000
mini_batch_s: 200
train_iter_n: 310
walk_n: 10
walk_L: 30
window: 5
random_seed: 10
train_test_label: 0
save_model_freq: 10
cuda: 0
checkpoint: 
feat_type: 1
Info: load amazon_style_ccc_features_securebert_fold_1 from ../../data/amazon_style_ccc_features_securebert_fold_1/dl_pickle
INFO node.dat: {'0': 've', '2': 'we', '1': 'apec'}
INFO link.dat: {'0': {'start': '1', 'end': '1', 'meaning': 'can_precede'}, '1': {'start': '2', 'end': '2', 'meaning': 'canalsobe'}, '2': {'start': '2', 'end': '2', 'meaning': 'canprecede'}, '3': {'start': '1', 'end': '1', 'meaning': 'child_of'}, '4': {'start': '2', 'end': '2', 'meaning': 'childof'}, '5': {'start': '0', 'end': '2', 'meaning': 'cve_to_cwe'}, '6': {'start': '2', 'end': '1', 'meaning': 'cwe_to_capec'}, '7': {'start': '1', 'end': '1', 'meaning': 'parent_of'}, '8': {'start': '2', 'end': '2', 'meaning': 'peerof'}, '9': {'start': '2', 'end': '2', 'meaning': 'requires'}, '10': {'start': '2', 'end': '2', 'meaning': 'startswith'}}
node_type2name: {}
node_name2type: {}
nodes.count: {2: 19264, 0: 558, 1: 940}
nodes.shift: {0: 0, 1: 558, 2: 1498}
links.meta: {5: (2, 2), 4: (2, 2), 3: (2, 2), 7: (2, 2), 6: (2, 2), 0: (2, 2), 2: (2, 2), 8: (2, 2), 9: (2, 2), 1: (2, 2), 10: (2, 2)}
Info: generate /home/simonettos/homhetgnn/HGB/LP/benchmark/methods/HetGNN/amazon_style_ccc_features_securebert_fold_1-temp/het_neigh_train.txt start.
Namespace(embed_d=128, data='amazon_style_ccc_features_securebert_fold_1')
Info: load amazon_style_ccc_features_securebert_fold_1 from ../../data/amazon_style_ccc_features_securebert_fold_1/dl_pickle
1Info: iter: 30
temp iter /home/simonettos/homhetgnn/HGB/LP/benchmark/methods/HetGNN/amazon_style_ccc_features_securebert_fold_1-temp
Completed: amazon_style_ccc_features_securebert_fold_1 (rep 1)

--------------------------------------
Running model: hetgnn
Dataset: amazon_style_ccc_features_securebert_fold_2
Repetition: 1
--------------------------------------
Use device: cpu
------arguments-------
data: amazon_style_ccc_features_securebert_fold_2
model_path: ../model_save/
in_f_d: 128
embed_d: 128
lr: 0.01
batch_s: 20000
mini_batch_s: 200
train_iter_n: 310
walk_n: 10
walk_L: 30
window: 5
random_seed: 10
train_test_label: 0
save_model_freq: 10
cuda: 0
checkpoint: 
feat_type: 1
Info: load amazon_style_ccc_features_securebert_fold_2 from ../../data/amazon_style_ccc_features_securebert_fold_2/dl_pickle
INFO node.dat: {'0': 've', '2': 'we', '1': 'apec'}
INFO link.dat: {'0': {'start': '1', 'end': '1', 'meaning': 'can_precede'}, '1': {'start': '2', 'end': '2', 'meaning': 'canalsobe'}, '2': {'start': '2', 'end': '2', 'meaning': 'canprecede'}, '3': {'start': '1', 'end': '1', 'meaning': 'child_of'}, '4': {'start': '2', 'end': '2', 'meaning': 'childof'}, '5': {'start': '0', 'end': '2', 'meaning': 'cve_to_cwe'}, '6': {'start': '2', 'end': '1', 'meaning': 'cwe_to_capec'}, '7': {'start': '1', 'end': '1', 'meaning': 'parent_of'}, '8': {'start': '2', 'end': '2', 'meaning': 'peerof'}, '9': {'start': '2', 'end': '2', 'meaning': 'requires'}, '10': {'start': '2', 'end': '2', 'meaning': 'startswith'}}
node_type2name: {}
node_name2type: {}
nodes.count: {2: 19264, 0: 558, 1: 940}
nodes.shift: {0: 0, 1: 558, 2: 1498}
links.meta: {6: (2, 2), 5: (2, 2), 4: (2, 2), 7: (2, 2), 3: (2, 2), 0: (2, 2), 8: (2, 2), 1: (2, 2), 2: (2, 2), 9: (2, 2), 10: (2, 2)}
Info: generate /home/simonettos/homhetgnn/HGB/LP/benchmark/methods/HetGNN/amazon_style_ccc_features_securebert_fold_2-temp/het_neigh_train.txt start.
Namespace(embed_d=128, data='amazon_style_ccc_features_securebert_fold_2')
Info: load amazon_style_ccc_features_securebert_fold_2 from ../../data/amazon_style_ccc_features_securebert_fold_2/dl_pickle
1Info: iter: 30
temp iter /home/simonettos/homhetgnn/HGB/LP/benchmark/methods/HetGNN/amazon_style_ccc_features_securebert_fold_2-temp
Completed: amazon_style_ccc_features_securebert_fold_2 (rep 1)

--------------------------------------
Running model: hetgnn
Dataset: amazon_style_ccc_features_securebert_fold_3
Repetition: 1
--------------------------------------
Use device: cpu
------arguments-------
data: amazon_style_ccc_features_securebert_fold_3
model_path: ../model_save/
in_f_d: 128
embed_d: 128
lr: 0.01
batch_s: 20000
mini_batch_s: 200
train_iter_n: 310
walk_n: 10
walk_L: 30
window: 5
random_seed: 10
train_test_label: 0
save_model_freq: 10
cuda: 0
checkpoint: 
feat_type: 1
Info: load amazon_style_ccc_features_securebert_fold_3 from ../../data/amazon_style_ccc_features_securebert_fold_3/dl_pickle
INFO node.dat: {'0': 've', '2': 'we', '1': 'apec'}
INFO link.dat: {'0': {'start': '1', 'end': '1', 'meaning': 'can_precede'}, '1': {'start': '2', 'end': '2', 'meaning': 'canalsobe'}, '2': {'start': '2', 'end': '2', 'meaning': 'canprecede'}, '3': {'start': '1', 'end': '1', 'meaning': 'child_of'}, '4': {'start': '2', 'end': '2', 'meaning': 'childof'}, '5': {'start': '0', 'end': '2', 'meaning': 'cve_to_cwe'}, '6': {'start': '2', 'end': '1', 'meaning': 'cwe_to_capec'}, '7': {'start': '1', 'end': '1', 'meaning': 'parent_of'}, '8': {'start': '2', 'end': '2', 'meaning': 'peerof'}, '9': {'start': '2', 'end': '2', 'meaning': 'requires'}, '10': {'start': '2', 'end': '2', 'meaning': 'startswith'}}
node_type2name: {}
node_name2type: {}
nodes.count: {2: 19264, 0: 558, 1: 940}
nodes.shift: {0: 0, 1: 558, 2: 1498}
links.meta: {6: (2, 2), 5: (2, 2), 4: (2, 2), 7: (2, 2), 3: (2, 2), 0: (2, 2), 8: (2, 2), 1: (2, 2), 2: (2, 2), 9: (2, 2), 10: (2, 2)}
Info: generate /home/simonettos/homhetgnn/HGB/LP/benchmark/methods/HetGNN/amazon_style_ccc_features_securebert_fold_3-temp/het_neigh_train.txt start.
Namespace(embed_d=128, data='amazon_style_ccc_features_securebert_fold_3')
Info: load amazon_style_ccc_features_securebert_fold_3 from ../../data/amazon_style_ccc_features_securebert_fold_3/dl_pickle
1Info: iter: 30
temp iter /home/simonettos/homhetgnn/HGB/LP/benchmark/methods/HetGNN/amazon_style_ccc_features_securebert_fold_3-temp
Completed: amazon_style_ccc_features_securebert_fold_3 (rep 1)

--------------------------------------
Running model: hetgnn
Dataset: amazon_style_ccc_features_securebert_fold_4
Repetition: 1
--------------------------------------
Use device: cpu
------arguments-------
data: amazon_style_ccc_features_securebert_fold_4
model_path: ../model_save/
in_f_d: 128
embed_d: 128
lr: 0.01
batch_s: 20000
mini_batch_s: 200
train_iter_n: 310
walk_n: 10
walk_L: 30
window: 5
random_seed: 10
train_test_label: 0
save_model_freq: 10
cuda: 0
checkpoint: 
feat_type: 1
Info: load amazon_style_ccc_features_securebert_fold_4 from ../../data/amazon_style_ccc_features_securebert_fold_4/dl_pickle
INFO node.dat: {'0': 've', '2': 'we', '1': 'apec'}
INFO link.dat: {'0': {'start': '1', 'end': '1', 'meaning': 'can_precede'}, '1': {'start': '2', 'end': '2', 'meaning': 'canalsobe'}, '2': {'start': '2', 'end': '2', 'meaning': 'canprecede'}, '3': {'start': '1', 'end': '1', 'meaning': 'child_of'}, '4': {'start': '2', 'end': '2', 'meaning': 'childof'}, '5': {'start': '0', 'end': '2', 'meaning': 'cve_to_cwe'}, '6': {'start': '2', 'end': '1', 'meaning': 'cwe_to_capec'}, '7': {'start': '1', 'end': '1', 'meaning': 'parent_of'}, '8': {'start': '2', 'end': '2', 'meaning': 'peerof'}, '9': {'start': '2', 'end': '2', 'meaning': 'requires'}, '10': {'start': '2', 'end': '2', 'meaning': 'startswith'}}
node_type2name: {}
node_name2type: {}
nodes.count: {2: 19264, 0: 558, 1: 940}
nodes.shift: {0: 0, 1: 558, 2: 1498}
links.meta: {6: (2, 2), 5: (2, 2), 4: (2, 2), 7: (2, 2), 3: (2, 2), 0: (2, 2), 8: (2, 2), 1: (2, 2), 2: (2, 2), 9: (2, 2), 10: (2, 2)}
Info: generate /home/simonettos/homhetgnn/HGB/LP/benchmark/methods/HetGNN/amazon_style_ccc_features_securebert_fold_4-temp/het_neigh_train.txt start.
Namespace(embed_d=128, data='amazon_style_ccc_features_securebert_fold_4')
Info: load amazon_style_ccc_features_securebert_fold_4 from ../../data/amazon_style_ccc_features_securebert_fold_4/dl_pickle
1Info: iter: 30
temp iter /home/simonettos/homhetgnn/HGB/LP/benchmark/methods/HetGNN/amazon_style_ccc_features_securebert_fold_4-temp
Completed: amazon_style_ccc_features_securebert_fold_4 (rep 1)

--------------------------------------
Running model: hetgnn
Dataset: amazon_style_ccc_features_securebert_fold_5
Repetition: 1
--------------------------------------
Use device: cpu
------arguments-------
data: amazon_style_ccc_features_securebert_fold_5
model_path: ../model_save/
in_f_d: 128
embed_d: 128
lr: 0.01
batch_s: 20000
mini_batch_s: 200
train_iter_n: 310
walk_n: 10
walk_L: 30
window: 5
random_seed: 10
train_test_label: 0
save_model_freq: 10
cuda: 0
checkpoint: 
feat_type: 1
Info: load amazon_style_ccc_features_securebert_fold_5 from ../../data/amazon_style_ccc_features_securebert_fold_5/dl_pickle
INFO node.dat: {'0': 've', '2': 'we', '1': 'apec'}
INFO link.dat: {'0': {'start': '1', 'end': '1', 'meaning': 'can_precede'}, '1': {'start': '2', 'end': '2', 'meaning': 'canalsobe'}, '2': {'start': '2', 'end': '2', 'meaning': 'canprecede'}, '3': {'start': '1', 'end': '1', 'meaning': 'child_of'}, '4': {'start': '2', 'end': '2', 'meaning': 'childof'}, '5': {'start': '0', 'end': '2', 'meaning': 'cve_to_cwe'}, '6': {'start': '2', 'end': '1', 'meaning': 'cwe_to_capec'}, '7': {'start': '1', 'end': '1', 'meaning': 'parent_of'}, '8': {'start': '2', 'end': '2', 'meaning': 'peerof'}, '9': {'start': '2', 'end': '2', 'meaning': 'requires'}, '10': {'start': '2', 'end': '2', 'meaning': 'startswith'}}
node_type2name: {}
node_name2type: {}
nodes.count: {2: 19264, 0: 558, 1: 940}
nodes.shift: {0: 0, 1: 558, 2: 1498}
links.meta: {6: (2, 2), 5: (2, 2), 4: (2, 2), 7: (2, 2), 3: (2, 2), 0: (2, 2), 8: (2, 2), 1: (2, 2), 2: (2, 2), 9: (2, 2), 10: (2, 2)}
Info: generate /home/simonettos/homhetgnn/HGB/LP/benchmark/methods/HetGNN/amazon_style_ccc_features_securebert_fold_5-temp/het_neigh_train.txt start.
Namespace(embed_d=128, data='amazon_style_ccc_features_securebert_fold_5')
Info: load amazon_style_ccc_features_securebert_fold_5 from ../../data/amazon_style_ccc_features_securebert_fold_5/dl_pickle
1Info: iter: 30
temp iter /home/simonettos/homhetgnn/HGB/LP/benchmark/methods/HetGNN/amazon_style_ccc_features_securebert_fold_5-temp
Completed: amazon_style_ccc_features_securebert_fold_5 (rep 1)

=== Repetition 2/6 ===
--------------------------------------
Running model: hetgnn
Dataset: amazon_style_ccc_features_securebert_fold_1
Repetition: 2
--------------------------------------
Use device: cpu
------arguments-------
data: amazon_style_ccc_features_securebert_fold_1
model_path: ../model_save/
in_f_d: 128
embed_d: 128
lr: 0.01
batch_s: 20000
mini_batch_s: 200
train_iter_n: 310
walk_n: 10
walk_L: 30
window: 5
random_seed: 10
train_test_label: 0
save_model_freq: 10
cuda: 0
checkpoint: 
feat_type: 1
Info: load amazon_style_ccc_features_securebert_fold_1 from ../../data/amazon_style_ccc_features_securebert_fold_1/dl_pickle
INFO node.dat: {'0': 've', '2': 'we', '1': 'apec'}
INFO link.dat: {'0': {'start': '1', 'end': '1', 'meaning': 'can_precede'}, '1': {'start': '2', 'end': '2', 'meaning': 'canalsobe'}, '2': {'start': '2', 'end': '2', 'meaning': 'canprecede'}, '3': {'start': '1', 'end': '1', 'meaning': 'child_of'}, '4': {'start': '2', 'end': '2', 'meaning': 'childof'}, '5': {'start': '0', 'end': '2', 'meaning': 'cve_to_cwe'}, '6': {'start': '2', 'end': '1', 'meaning': 'cwe_to_capec'}, '7': {'start': '1', 'end': '1', 'meaning': 'parent_of'}, '8': {'start': '2', 'end': '2', 'meaning': 'peerof'}, '9': {'start': '2', 'end': '2', 'meaning': 'requires'}, '10': {'start': '2', 'end': '2', 'meaning': 'startswith'}}
node_type2name: {}
node_name2type: {}
nodes.count: {2: 19264, 0: 558, 1: 940}
nodes.shift: {0: 0, 1: 558, 2: 1498}
links.meta: {5: (2, 2), 4: (2, 2), 3: (2, 2), 7: (2, 2), 6: (2, 2), 0: (2, 2), 2: (2, 2), 8: (2, 2), 9: (2, 2), 1: (2, 2), 10: (2, 2)}
Info: generate /home/simonettos/homhetgnn/HGB/LP/benchmark/methods/HetGNN/amazon_style_ccc_features_securebert_fold_1-temp/het_neigh_train.txt start.
Namespace(embed_d=128, data='amazon_style_ccc_features_securebert_fold_1')
Info: load amazon_style_ccc_features_securebert_fold_1 from ../../data/amazon_style_ccc_features_securebert_fold_1/dl_pickle
1Info: iter: 30
temp iter /home/simonettos/homhetgnn/HGB/LP/benchmark/methods/HetGNN/amazon_style_ccc_features_securebert_fold_1-temp
Completed: amazon_style_ccc_features_securebert_fold_1 (rep 2)

--------------------------------------
Running model: hetgnn
Dataset: amazon_style_ccc_features_securebert_fold_2
Repetition: 2
--------------------------------------
Use device: cpu
------arguments-------
data: amazon_style_ccc_features_securebert_fold_2
model_path: ../model_save/
in_f_d: 128
embed_d: 128
lr: 0.01
batch_s: 20000
mini_batch_s: 200
train_iter_n: 310
walk_n: 10
walk_L: 30
window: 5
random_seed: 10
train_test_label: 0
save_model_freq: 10
cuda: 0
checkpoint: 
feat_type: 1
Info: load amazon_style_ccc_features_securebert_fold_2 from ../../data/amazon_style_ccc_features_securebert_fold_2/dl_pickle
INFO node.dat: {'0': 've', '2': 'we', '1': 'apec'}
INFO link.dat: {'0': {'start': '1', 'end': '1', 'meaning': 'can_precede'}, '1': {'start': '2', 'end': '2', 'meaning': 'canalsobe'}, '2': {'start': '2', 'end': '2', 'meaning': 'canprecede'}, '3': {'start': '1', 'end': '1', 'meaning': 'child_of'}, '4': {'start': '2', 'end': '2', 'meaning': 'childof'}, '5': {'start': '0', 'end': '2', 'meaning': 'cve_to_cwe'}, '6': {'start': '2', 'end': '1', 'meaning': 'cwe_to_capec'}, '7': {'start': '1', 'end': '1', 'meaning': 'parent_of'}, '8': {'start': '2', 'end': '2', 'meaning': 'peerof'}, '9': {'start': '2', 'end': '2', 'meaning': 'requires'}, '10': {'start': '2', 'end': '2', 'meaning': 'startswith'}}
node_type2name: {}
node_name2type: {}
nodes.count: {2: 19264, 0: 558, 1: 940}
nodes.shift: {0: 0, 1: 558, 2: 1498}
links.meta: {6: (2, 2), 5: (2, 2), 4: (2, 2), 7: (2, 2), 3: (2, 2), 0: (2, 2), 8: (2, 2), 1: (2, 2), 2: (2, 2), 9: (2, 2), 10: (2, 2)}
Info: generate /home/simonettos/homhetgnn/HGB/LP/benchmark/methods/HetGNN/amazon_style_ccc_features_securebert_fold_2-temp/het_neigh_train.txt start.
Namespace(embed_d=128, data='amazon_style_ccc_features_securebert_fold_2')
Info: load amazon_style_ccc_features_securebert_fold_2 from ../../data/amazon_style_ccc_features_securebert_fold_2/dl_pickle
1Info: iter: 30
temp iter /home/simonettos/homhetgnn/HGB/LP/benchmark/methods/HetGNN/amazon_style_ccc_features_securebert_fold_2-temp
Completed: amazon_style_ccc_features_securebert_fold_2 (rep 2)

--------------------------------------
Running model: hetgnn
Dataset: amazon_style_ccc_features_securebert_fold_3
Repetition: 2
--------------------------------------
Use device: cpu
------arguments-------
data: amazon_style_ccc_features_securebert_fold_3
model_path: ../model_save/
in_f_d: 128
embed_d: 128
lr: 0.01
batch_s: 20000
mini_batch_s: 200
train_iter_n: 310
walk_n: 10
walk_L: 30
window: 5
random_seed: 10
train_test_label: 0
save_model_freq: 10
cuda: 0
checkpoint: 
feat_type: 1
Info: load amazon_style_ccc_features_securebert_fold_3 from ../../data/amazon_style_ccc_features_securebert_fold_3/dl_pickle
INFO node.dat: {'0': 've', '2': 'we', '1': 'apec'}
INFO link.dat: {'0': {'start': '1', 'end': '1', 'meaning': 'can_precede'}, '1': {'start': '2', 'end': '2', 'meaning': 'canalsobe'}, '2': {'start': '2', 'end': '2', 'meaning': 'canprecede'}, '3': {'start': '1', 'end': '1', 'meaning': 'child_of'}, '4': {'start': '2', 'end': '2', 'meaning': 'childof'}, '5': {'start': '0', 'end': '2', 'meaning': 'cve_to_cwe'}, '6': {'start': '2', 'end': '1', 'meaning': 'cwe_to_capec'}, '7': {'start': '1', 'end': '1', 'meaning': 'parent_of'}, '8': {'start': '2', 'end': '2', 'meaning': 'peerof'}, '9': {'start': '2', 'end': '2', 'meaning': 'requires'}, '10': {'start': '2', 'end': '2', 'meaning': 'startswith'}}
node_type2name: {}
node_name2type: {}
nodes.count: {2: 19264, 0: 558, 1: 940}
nodes.shift: {0: 0, 1: 558, 2: 1498}
links.meta: {6: (2, 2), 5: (2, 2), 4: (2, 2), 7: (2, 2), 3: (2, 2), 0: (2, 2), 8: (2, 2), 1: (2, 2), 2: (2, 2), 9: (2, 2), 10: (2, 2)}
Info: generate /home/simonettos/homhetgnn/HGB/LP/benchmark/methods/HetGNN/amazon_style_ccc_features_securebert_fold_3-temp/het_neigh_train.txt start.
Namespace(embed_d=128, data='amazon_style_ccc_features_securebert_fold_3')
Info: load amazon_style_ccc_features_securebert_fold_3 from ../../data/amazon_style_ccc_features_securebert_fold_3/dl_pickle
1Info: iter: 30
temp iter /home/simonettos/homhetgnn/HGB/LP/benchmark/methods/HetGNN/amazon_style_ccc_features_securebert_fold_3-temp
Completed: amazon_style_ccc_features_securebert_fold_3 (rep 2)

--------------------------------------
Running model: hetgnn
Dataset: amazon_style_ccc_features_securebert_fold_4
Repetition: 2
--------------------------------------
Use device: cpu
------arguments-------
data: amazon_style_ccc_features_securebert_fold_4
model_path: ../model_save/
in_f_d: 128
embed_d: 128
lr: 0.01
batch_s: 20000
mini_batch_s: 200
train_iter_n: 310
walk_n: 10
walk_L: 30
window: 5
random_seed: 10
train_test_label: 0
save_model_freq: 10
cuda: 0
checkpoint: 
feat_type: 1
Info: load amazon_style_ccc_features_securebert_fold_4 from ../../data/amazon_style_ccc_features_securebert_fold_4/dl_pickle
INFO node.dat: {'0': 've', '2': 'we', '1': 'apec'}
INFO link.dat: {'0': {'start': '1', 'end': '1', 'meaning': 'can_precede'}, '1': {'start': '2', 'end': '2', 'meaning': 'canalsobe'}, '2': {'start': '2', 'end': '2', 'meaning': 'canprecede'}, '3': {'start': '1', 'end': '1', 'meaning': 'child_of'}, '4': {'start': '2', 'end': '2', 'meaning': 'childof'}, '5': {'start': '0', 'end': '2', 'meaning': 'cve_to_cwe'}, '6': {'start': '2', 'end': '1', 'meaning': 'cwe_to_capec'}, '7': {'start': '1', 'end': '1', 'meaning': 'parent_of'}, '8': {'start': '2', 'end': '2', 'meaning': 'peerof'}, '9': {'start': '2', 'end': '2', 'meaning': 'requires'}, '10': {'start': '2', 'end': '2', 'meaning': 'startswith'}}
node_type2name: {}
node_name2type: {}
nodes.count: {2: 19264, 0: 558, 1: 940}
nodes.shift: {0: 0, 1: 558, 2: 1498}
links.meta: {6: (2, 2), 5: (2, 2), 4: (2, 2), 7: (2, 2), 3: (2, 2), 0: (2, 2), 8: (2, 2), 1: (2, 2), 2: (2, 2), 9: (2, 2), 10: (2, 2)}
Info: generate /home/simonettos/homhetgnn/HGB/LP/benchmark/methods/HetGNN/amazon_style_ccc_features_securebert_fold_4-temp/het_neigh_train.txt start.
Namespace(embed_d=128, data='amazon_style_ccc_features_securebert_fold_4')
Info: load amazon_style_ccc_features_securebert_fold_4 from ../../data/amazon_style_ccc_features_securebert_fold_4/dl_pickle
1Info: iter: 30
temp iter /home/simonettos/homhetgnn/HGB/LP/benchmark/methods/HetGNN/amazon_style_ccc_features_securebert_fold_4-temp
Completed: amazon_style_ccc_features_securebert_fold_4 (rep 2)

--------------------------------------
Running model: hetgnn
Dataset: amazon_style_ccc_features_securebert_fold_5
Repetition: 2
--------------------------------------
Use device: cpu
------arguments-------
data: amazon_style_ccc_features_securebert_fold_5
model_path: ../model_save/
in_f_d: 128
embed_d: 128
lr: 0.01
batch_s: 20000
mini_batch_s: 200
train_iter_n: 310
walk_n: 10
walk_L: 30
window: 5
random_seed: 10
train_test_label: 0
save_model_freq: 10
cuda: 0
checkpoint: 
feat_type: 1
Info: load amazon_style_ccc_features_securebert_fold_5 from ../../data/amazon_style_ccc_features_securebert_fold_5/dl_pickle
INFO node.dat: {'0': 've', '2': 'we', '1': 'apec'}
INFO link.dat: {'0': {'start': '1', 'end': '1', 'meaning': 'can_precede'}, '1': {'start': '2', 'end': '2', 'meaning': 'canalsobe'}, '2': {'start': '2', 'end': '2', 'meaning': 'canprecede'}, '3': {'start': '1', 'end': '1', 'meaning': 'child_of'}, '4': {'start': '2', 'end': '2', 'meaning': 'childof'}, '5': {'start': '0', 'end': '2', 'meaning': 'cve_to_cwe'}, '6': {'start': '2', 'end': '1', 'meaning': 'cwe_to_capec'}, '7': {'start': '1', 'end': '1', 'meaning': 'parent_of'}, '8': {'start': '2', 'end': '2', 'meaning': 'peerof'}, '9': {'start': '2', 'end': '2', 'meaning': 'requires'}, '10': {'start': '2', 'end': '2', 'meaning': 'startswith'}}
node_type2name: {}
node_name2type: {}
nodes.count: {2: 19264, 0: 558, 1: 940}
nodes.shift: {0: 0, 1: 558, 2: 1498}
links.meta: {6: (2, 2), 5: (2, 2), 4: (2, 2), 7: (2, 2), 3: (2, 2), 0: (2, 2), 8: (2, 2), 1: (2, 2), 2: (2, 2), 9: (2, 2), 10: (2, 2)}
Info: generate /home/simonettos/homhetgnn/HGB/LP/benchmark/methods/HetGNN/amazon_style_ccc_features_securebert_fold_5-temp/het_neigh_train.txt start.
Namespace(embed_d=128, data='amazon_style_ccc_features_securebert_fold_5')
Info: load amazon_style_ccc_features_securebert_fold_5 from ../../data/amazon_style_ccc_features_securebert_fold_5/dl_pickle
1Info: iter: 30
temp iter /home/simonettos/homhetgnn/HGB/LP/benchmark/methods/HetGNN/amazon_style_ccc_features_securebert_fold_5-temp
Completed: amazon_style_ccc_features_securebert_fold_5 (rep 2)

=== Repetition 3/6 ===
--------------------------------------
Running model: hetgnn
Dataset: amazon_style_ccc_features_securebert_fold_1
Repetition: 3
--------------------------------------
Use device: cpu
------arguments-------
data: amazon_style_ccc_features_securebert_fold_1
model_path: ../model_save/
in_f_d: 128
embed_d: 128
lr: 0.01
batch_s: 20000
mini_batch_s: 200
train_iter_n: 310
walk_n: 10
walk_L: 30
window: 5
random_seed: 10
train_test_label: 0
save_model_freq: 10
cuda: 0
checkpoint: 
feat_type: 1
Info: load amazon_style_ccc_features_securebert_fold_1 from ../../data/amazon_style_ccc_features_securebert_fold_1/dl_pickle
INFO node.dat: {'0': 've', '2': 'we', '1': 'apec'}
INFO link.dat: {'0': {'start': '1', 'end': '1', 'meaning': 'can_precede'}, '1': {'start': '2', 'end': '2', 'meaning': 'canalsobe'}, '2': {'start': '2', 'end': '2', 'meaning': 'canprecede'}, '3': {'start': '1', 'end': '1', 'meaning': 'child_of'}, '4': {'start': '2', 'end': '2', 'meaning': 'childof'}, '5': {'start': '0', 'end': '2', 'meaning': 'cve_to_cwe'}, '6': {'start': '2', 'end': '1', 'meaning': 'cwe_to_capec'}, '7': {'start': '1', 'end': '1', 'meaning': 'parent_of'}, '8': {'start': '2', 'end': '2', 'meaning': 'peerof'}, '9': {'start': '2', 'end': '2', 'meaning': 'requires'}, '10': {'start': '2', 'end': '2', 'meaning': 'startswith'}}
node_type2name: {}
node_name2type: {}
nodes.count: {2: 19264, 0: 558, 1: 940}
nodes.shift: {0: 0, 1: 558, 2: 1498}
links.meta: {5: (2, 2), 4: (2, 2), 3: (2, 2), 7: (2, 2), 6: (2, 2), 0: (2, 2), 2: (2, 2), 8: (2, 2), 9: (2, 2), 1: (2, 2), 10: (2, 2)}
Info: generate /home/simonettos/homhetgnn/HGB/LP/benchmark/methods/HetGNN/amazon_style_ccc_features_securebert_fold_1-temp/het_neigh_train.txt start.
Namespace(embed_d=128, data='amazon_style_ccc_features_securebert_fold_1')
Info: load amazon_style_ccc_features_securebert_fold_1 from ../../data/amazon_style_ccc_features_securebert_fold_1/dl_pickle
1Info: iter: 30
temp iter /home/simonettos/homhetgnn/HGB/LP/benchmark/methods/HetGNN/amazon_style_ccc_features_securebert_fold_1-temp
Completed: amazon_style_ccc_features_securebert_fold_1 (rep 3)

--------------------------------------
Running model: hetgnn
Dataset: amazon_style_ccc_features_securebert_fold_2
Repetition: 3
--------------------------------------
Use device: cpu
------arguments-------
data: amazon_style_ccc_features_securebert_fold_2
model_path: ../model_save/
in_f_d: 128
embed_d: 128
lr: 0.01
batch_s: 20000
mini_batch_s: 200
train_iter_n: 310
walk_n: 10
walk_L: 30
window: 5
random_seed: 10
train_test_label: 0
save_model_freq: 10
cuda: 0
checkpoint: 
feat_type: 1
Info: load amazon_style_ccc_features_securebert_fold_2 from ../../data/amazon_style_ccc_features_securebert_fold_2/dl_pickle
INFO node.dat: {'0': 've', '2': 'we', '1': 'apec'}
INFO link.dat: {'0': {'start': '1', 'end': '1', 'meaning': 'can_precede'}, '1': {'start': '2', 'end': '2', 'meaning': 'canalsobe'}, '2': {'start': '2', 'end': '2', 'meaning': 'canprecede'}, '3': {'start': '1', 'end': '1', 'meaning': 'child_of'}, '4': {'start': '2', 'end': '2', 'meaning': 'childof'}, '5': {'start': '0', 'end': '2', 'meaning': 'cve_to_cwe'}, '6': {'start': '2', 'end': '1', 'meaning': 'cwe_to_capec'}, '7': {'start': '1', 'end': '1', 'meaning': 'parent_of'}, '8': {'start': '2', 'end': '2', 'meaning': 'peerof'}, '9': {'start': '2', 'end': '2', 'meaning': 'requires'}, '10': {'start': '2', 'end': '2', 'meaning': 'startswith'}}
node_type2name: {}
node_name2type: {}
nodes.count: {2: 19264, 0: 558, 1: 940}
nodes.shift: {0: 0, 1: 558, 2: 1498}
links.meta: {6: (2, 2), 5: (2, 2), 4: (2, 2), 7: (2, 2), 3: (2, 2), 0: (2, 2), 8: (2, 2), 1: (2, 2), 2: (2, 2), 9: (2, 2), 10: (2, 2)}
Info: generate /home/simonettos/homhetgnn/HGB/LP/benchmark/methods/HetGNN/amazon_style_ccc_features_securebert_fold_2-temp/het_neigh_train.txt start.
Namespace(embed_d=128, data='amazon_style_ccc_features_securebert_fold_2')
Info: load amazon_style_ccc_features_securebert_fold_2 from ../../data/amazon_style_ccc_features_securebert_fold_2/dl_pickle
1Info: iter: 30
temp iter /home/simonettos/homhetgnn/HGB/LP/benchmark/methods/HetGNN/amazon_style_ccc_features_securebert_fold_2-temp
Completed: amazon_style_ccc_features_securebert_fold_2 (rep 3)

--------------------------------------
Running model: hetgnn
Dataset: amazon_style_ccc_features_securebert_fold_3
Repetition: 3
--------------------------------------
Use device: cpu
------arguments-------
data: amazon_style_ccc_features_securebert_fold_3
model_path: ../model_save/
in_f_d: 128
embed_d: 128
lr: 0.01
batch_s: 20000
mini_batch_s: 200
train_iter_n: 310
walk_n: 10
walk_L: 30
window: 5
random_seed: 10
train_test_label: 0
save_model_freq: 10
cuda: 0
checkpoint: 
feat_type: 1
Info: load amazon_style_ccc_features_securebert_fold_3 from ../../data/amazon_style_ccc_features_securebert_fold_3/dl_pickle
INFO node.dat: {'0': 've', '2': 'we', '1': 'apec'}
INFO link.dat: {'0': {'start': '1', 'end': '1', 'meaning': 'can_precede'}, '1': {'start': '2', 'end': '2', 'meaning': 'canalsobe'}, '2': {'start': '2', 'end': '2', 'meaning': 'canprecede'}, '3': {'start': '1', 'end': '1', 'meaning': 'child_of'}, '4': {'start': '2', 'end': '2', 'meaning': 'childof'}, '5': {'start': '0', 'end': '2', 'meaning': 'cve_to_cwe'}, '6': {'start': '2', 'end': '1', 'meaning': 'cwe_to_capec'}, '7': {'start': '1', 'end': '1', 'meaning': 'parent_of'}, '8': {'start': '2', 'end': '2', 'meaning': 'peerof'}, '9': {'start': '2', 'end': '2', 'meaning': 'requires'}, '10': {'start': '2', 'end': '2', 'meaning': 'startswith'}}
node_type2name: {}
node_name2type: {}
nodes.count: {2: 19264, 0: 558, 1: 940}
nodes.shift: {0: 0, 1: 558, 2: 1498}
links.meta: {6: (2, 2), 5: (2, 2), 4: (2, 2), 7: (2, 2), 3: (2, 2), 0: (2, 2), 8: (2, 2), 1: (2, 2), 2: (2, 2), 9: (2, 2), 10: (2, 2)}
Info: generate /home/simonettos/homhetgnn/HGB/LP/benchmark/methods/HetGNN/amazon_style_ccc_features_securebert_fold_3-temp/het_neigh_train.txt start.
Namespace(embed_d=128, data='amazon_style_ccc_features_securebert_fold_3')
Info: load amazon_style_ccc_features_securebert_fold_3 from ../../data/amazon_style_ccc_features_securebert_fold_3/dl_pickle
1Info: iter: 30
temp iter /home/simonettos/homhetgnn/HGB/LP/benchmark/methods/HetGNN/amazon_style_ccc_features_securebert_fold_3-temp
Completed: amazon_style_ccc_features_securebert_fold_3 (rep 3)

--------------------------------------
Running model: hetgnn
Dataset: amazon_style_ccc_features_securebert_fold_4
Repetition: 3
--------------------------------------
Use device: cpu
------arguments-------
data: amazon_style_ccc_features_securebert_fold_4
model_path: ../model_save/
in_f_d: 128
embed_d: 128
lr: 0.01
batch_s: 20000
mini_batch_s: 200
train_iter_n: 310
walk_n: 10
walk_L: 30
window: 5
random_seed: 10
train_test_label: 0
save_model_freq: 10
cuda: 0
checkpoint: 
feat_type: 1
Info: load amazon_style_ccc_features_securebert_fold_4 from ../../data/amazon_style_ccc_features_securebert_fold_4/dl_pickle
INFO node.dat: {'0': 've', '2': 'we', '1': 'apec'}
INFO link.dat: {'0': {'start': '1', 'end': '1', 'meaning': 'can_precede'}, '1': {'start': '2', 'end': '2', 'meaning': 'canalsobe'}, '2': {'start': '2', 'end': '2', 'meaning': 'canprecede'}, '3': {'start': '1', 'end': '1', 'meaning': 'child_of'}, '4': {'start': '2', 'end': '2', 'meaning': 'childof'}, '5': {'start': '0', 'end': '2', 'meaning': 'cve_to_cwe'}, '6': {'start': '2', 'end': '1', 'meaning': 'cwe_to_capec'}, '7': {'start': '1', 'end': '1', 'meaning': 'parent_of'}, '8': {'start': '2', 'end': '2', 'meaning': 'peerof'}, '9': {'start': '2', 'end': '2', 'meaning': 'requires'}, '10': {'start': '2', 'end': '2', 'meaning': 'startswith'}}
node_type2name: {}
node_name2type: {}
nodes.count: {2: 19264, 0: 558, 1: 940}
nodes.shift: {0: 0, 1: 558, 2: 1498}
links.meta: {6: (2, 2), 5: (2, 2), 4: (2, 2), 7: (2, 2), 3: (2, 2), 0: (2, 2), 8: (2, 2), 1: (2, 2), 2: (2, 2), 9: (2, 2), 10: (2, 2)}
Info: generate /home/simonettos/homhetgnn/HGB/LP/benchmark/methods/HetGNN/amazon_style_ccc_features_securebert_fold_4-temp/het_neigh_train.txt start.
Namespace(embed_d=128, data='amazon_style_ccc_features_securebert_fold_4')
Info: load amazon_style_ccc_features_securebert_fold_4 from ../../data/amazon_style_ccc_features_securebert_fold_4/dl_pickle
1Info: iter: 30
temp iter /home/simonettos/homhetgnn/HGB/LP/benchmark/methods/HetGNN/amazon_style_ccc_features_securebert_fold_4-temp
Completed: amazon_style_ccc_features_securebert_fold_4 (rep 3)

--------------------------------------
Running model: hetgnn
Dataset: amazon_style_ccc_features_securebert_fold_5
Repetition: 3
--------------------------------------
Use device: cpu
------arguments-------
data: amazon_style_ccc_features_securebert_fold_5
model_path: ../model_save/
in_f_d: 128
embed_d: 128
lr: 0.01
batch_s: 20000
mini_batch_s: 200
train_iter_n: 310
walk_n: 10
walk_L: 30
window: 5
random_seed: 10
train_test_label: 0
save_model_freq: 10
cuda: 0
checkpoint: 
feat_type: 1
Info: load amazon_style_ccc_features_securebert_fold_5 from ../../data/amazon_style_ccc_features_securebert_fold_5/dl_pickle
INFO node.dat: {'0': 've', '2': 'we', '1': 'apec'}
INFO link.dat: {'0': {'start': '1', 'end': '1', 'meaning': 'can_precede'}, '1': {'start': '2', 'end': '2', 'meaning': 'canalsobe'}, '2': {'start': '2', 'end': '2', 'meaning': 'canprecede'}, '3': {'start': '1', 'end': '1', 'meaning': 'child_of'}, '4': {'start': '2', 'end': '2', 'meaning': 'childof'}, '5': {'start': '0', 'end': '2', 'meaning': 'cve_to_cwe'}, '6': {'start': '2', 'end': '1', 'meaning': 'cwe_to_capec'}, '7': {'start': '1', 'end': '1', 'meaning': 'parent_of'}, '8': {'start': '2', 'end': '2', 'meaning': 'peerof'}, '9': {'start': '2', 'end': '2', 'meaning': 'requires'}, '10': {'start': '2', 'end': '2', 'meaning': 'startswith'}}
node_type2name: {}
node_name2type: {}
nodes.count: {2: 19264, 0: 558, 1: 940}
nodes.shift: {0: 0, 1: 558, 2: 1498}
links.meta: {6: (2, 2), 5: (2, 2), 4: (2, 2), 7: (2, 2), 3: (2, 2), 0: (2, 2), 8: (2, 2), 1: (2, 2), 2: (2, 2), 9: (2, 2), 10: (2, 2)}
Info: generate /home/simonettos/homhetgnn/HGB/LP/benchmark/methods/HetGNN/amazon_style_ccc_features_securebert_fold_5-temp/het_neigh_train.txt start.
Namespace(embed_d=128, data='amazon_style_ccc_features_securebert_fold_5')
Info: load amazon_style_ccc_features_securebert_fold_5 from ../../data/amazon_style_ccc_features_securebert_fold_5/dl_pickle
1Info: iter: 30
temp iter /home/simonettos/homhetgnn/HGB/LP/benchmark/methods/HetGNN/amazon_style_ccc_features_securebert_fold_5-temp
Completed: amazon_style_ccc_features_securebert_fold_5 (rep 3)

=== Repetition 4/6 ===
--------------------------------------
Running model: hetgnn
Dataset: amazon_style_ccc_features_securebert_fold_1
Repetition: 4
--------------------------------------
Use device: cpu
------arguments-------
data: amazon_style_ccc_features_securebert_fold_1
model_path: ../model_save/
in_f_d: 128
embed_d: 128
lr: 0.01
batch_s: 20000
mini_batch_s: 200
train_iter_n: 310
walk_n: 10
walk_L: 30
window: 5
random_seed: 10
train_test_label: 0
save_model_freq: 10
cuda: 0
checkpoint: 
feat_type: 1
Info: load amazon_style_ccc_features_securebert_fold_1 from ../../data/amazon_style_ccc_features_securebert_fold_1/dl_pickle
INFO node.dat: {'0': 've', '2': 'we', '1': 'apec'}
INFO link.dat: {'0': {'start': '1', 'end': '1', 'meaning': 'can_precede'}, '1': {'start': '2', 'end': '2', 'meaning': 'canalsobe'}, '2': {'start': '2', 'end': '2', 'meaning': 'canprecede'}, '3': {'start': '1', 'end': '1', 'meaning': 'child_of'}, '4': {'start': '2', 'end': '2', 'meaning': 'childof'}, '5': {'start': '0', 'end': '2', 'meaning': 'cve_to_cwe'}, '6': {'start': '2', 'end': '1', 'meaning': 'cwe_to_capec'}, '7': {'start': '1', 'end': '1', 'meaning': 'parent_of'}, '8': {'start': '2', 'end': '2', 'meaning': 'peerof'}, '9': {'start': '2', 'end': '2', 'meaning': 'requires'}, '10': {'start': '2', 'end': '2', 'meaning': 'startswith'}}
node_type2name: {}
node_name2type: {}
nodes.count: {2: 19264, 0: 558, 1: 940}
nodes.shift: {0: 0, 1: 558, 2: 1498}
links.meta: {5: (2, 2), 4: (2, 2), 3: (2, 2), 7: (2, 2), 6: (2, 2), 0: (2, 2), 2: (2, 2), 8: (2, 2), 9: (2, 2), 1: (2, 2), 10: (2, 2)}
Info: generate /home/simonettos/homhetgnn/HGB/LP/benchmark/methods/HetGNN/amazon_style_ccc_features_securebert_fold_1-temp/het_neigh_train.txt start.
Namespace(embed_d=128, data='amazon_style_ccc_features_securebert_fold_1')
Info: load amazon_style_ccc_features_securebert_fold_1 from ../../data/amazon_style_ccc_features_securebert_fold_1/dl_pickle
1Info: iter: 30
temp iter /home/simonettos/homhetgnn/HGB/LP/benchmark/methods/HetGNN/amazon_style_ccc_features_securebert_fold_1-temp
Completed: amazon_style_ccc_features_securebert_fold_1 (rep 4)

--------------------------------------
Running model: hetgnn
Dataset: amazon_style_ccc_features_securebert_fold_2
Repetition: 4
--------------------------------------
Use device: cpu
------arguments-------
data: amazon_style_ccc_features_securebert_fold_2
model_path: ../model_save/
in_f_d: 128
embed_d: 128
lr: 0.01
batch_s: 20000
mini_batch_s: 200
train_iter_n: 310
walk_n: 10
walk_L: 30
window: 5
random_seed: 10
train_test_label: 0
save_model_freq: 10
cuda: 0
checkpoint: 
feat_type: 1
Info: load amazon_style_ccc_features_securebert_fold_2 from ../../data/amazon_style_ccc_features_securebert_fold_2/dl_pickle
INFO node.dat: {'0': 've', '2': 'we', '1': 'apec'}
INFO link.dat: {'0': {'start': '1', 'end': '1', 'meaning': 'can_precede'}, '1': {'start': '2', 'end': '2', 'meaning': 'canalsobe'}, '2': {'start': '2', 'end': '2', 'meaning': 'canprecede'}, '3': {'start': '1', 'end': '1', 'meaning': 'child_of'}, '4': {'start': '2', 'end': '2', 'meaning': 'childof'}, '5': {'start': '0', 'end': '2', 'meaning': 'cve_to_cwe'}, '6': {'start': '2', 'end': '1', 'meaning': 'cwe_to_capec'}, '7': {'start': '1', 'end': '1', 'meaning': 'parent_of'}, '8': {'start': '2', 'end': '2', 'meaning': 'peerof'}, '9': {'start': '2', 'end': '2', 'meaning': 'requires'}, '10': {'start': '2', 'end': '2', 'meaning': 'startswith'}}
node_type2name: {}
node_name2type: {}
nodes.count: {2: 19264, 0: 558, 1: 940}
nodes.shift: {0: 0, 1: 558, 2: 1498}
links.meta: {6: (2, 2), 5: (2, 2), 4: (2, 2), 7: (2, 2), 3: (2, 2), 0: (2, 2), 8: (2, 2), 1: (2, 2), 2: (2, 2), 9: (2, 2), 10: (2, 2)}
Info: generate /home/simonettos/homhetgnn/HGB/LP/benchmark/methods/HetGNN/amazon_style_ccc_features_securebert_fold_2-temp/het_neigh_train.txt start.
Namespace(embed_d=128, data='amazon_style_ccc_features_securebert_fold_2')
Info: load amazon_style_ccc_features_securebert_fold_2 from ../../data/amazon_style_ccc_features_securebert_fold_2/dl_pickle
1Info: iter: 30
temp iter /home/simonettos/homhetgnn/HGB/LP/benchmark/methods/HetGNN/amazon_style_ccc_features_securebert_fold_2-temp
Completed: amazon_style_ccc_features_securebert_fold_2 (rep 4)

--------------------------------------
Running model: hetgnn
Dataset: amazon_style_ccc_features_securebert_fold_3
Repetition: 4
--------------------------------------
Use device: cpu
------arguments-------
data: amazon_style_ccc_features_securebert_fold_3
model_path: ../model_save/
in_f_d: 128
embed_d: 128
lr: 0.01
batch_s: 20000
mini_batch_s: 200
train_iter_n: 310
walk_n: 10
walk_L: 30
window: 5
random_seed: 10
train_test_label: 0
save_model_freq: 10
cuda: 0
checkpoint: 
feat_type: 1
Info: load amazon_style_ccc_features_securebert_fold_3 from ../../data/amazon_style_ccc_features_securebert_fold_3/dl_pickle
INFO node.dat: {'0': 've', '2': 'we', '1': 'apec'}
INFO link.dat: {'0': {'start': '1', 'end': '1', 'meaning': 'can_precede'}, '1': {'start': '2', 'end': '2', 'meaning': 'canalsobe'}, '2': {'start': '2', 'end': '2', 'meaning': 'canprecede'}, '3': {'start': '1', 'end': '1', 'meaning': 'child_of'}, '4': {'start': '2', 'end': '2', 'meaning': 'childof'}, '5': {'start': '0', 'end': '2', 'meaning': 'cve_to_cwe'}, '6': {'start': '2', 'end': '1', 'meaning': 'cwe_to_capec'}, '7': {'start': '1', 'end': '1', 'meaning': 'parent_of'}, '8': {'start': '2', 'end': '2', 'meaning': 'peerof'}, '9': {'start': '2', 'end': '2', 'meaning': 'requires'}, '10': {'start': '2', 'end': '2', 'meaning': 'startswith'}}
node_type2name: {}
node_name2type: {}
nodes.count: {2: 19264, 0: 558, 1: 940}
nodes.shift: {0: 0, 1: 558, 2: 1498}
links.meta: {6: (2, 2), 5: (2, 2), 4: (2, 2), 7: (2, 2), 3: (2, 2), 0: (2, 2), 8: (2, 2), 1: (2, 2), 2: (2, 2), 9: (2, 2), 10: (2, 2)}
Info: generate /home/simonettos/homhetgnn/HGB/LP/benchmark/methods/HetGNN/amazon_style_ccc_features_securebert_fold_3-temp/het_neigh_train.txt start.
Namespace(embed_d=128, data='amazon_style_ccc_features_securebert_fold_3')
Info: load amazon_style_ccc_features_securebert_fold_3 from ../../data/amazon_style_ccc_features_securebert_fold_3/dl_pickle
1Info: iter: 30
temp iter /home/simonettos/homhetgnn/HGB/LP/benchmark/methods/HetGNN/amazon_style_ccc_features_securebert_fold_3-temp
Completed: amazon_style_ccc_features_securebert_fold_3 (rep 4)

--------------------------------------
Running model: hetgnn
Dataset: amazon_style_ccc_features_securebert_fold_4
Repetition: 4
--------------------------------------
Use device: cpu
------arguments-------
data: amazon_style_ccc_features_securebert_fold_4
model_path: ../model_save/
in_f_d: 128
embed_d: 128
lr: 0.01
batch_s: 20000
mini_batch_s: 200
train_iter_n: 310
walk_n: 10
walk_L: 30
window: 5
random_seed: 10
train_test_label: 0
save_model_freq: 10
cuda: 0
checkpoint: 
feat_type: 1
Info: load amazon_style_ccc_features_securebert_fold_4 from ../../data/amazon_style_ccc_features_securebert_fold_4/dl_pickle
INFO node.dat: {'0': 've', '2': 'we', '1': 'apec'}
INFO link.dat: {'0': {'start': '1', 'end': '1', 'meaning': 'can_precede'}, '1': {'start': '2', 'end': '2', 'meaning': 'canalsobe'}, '2': {'start': '2', 'end': '2', 'meaning': 'canprecede'}, '3': {'start': '1', 'end': '1', 'meaning': 'child_of'}, '4': {'start': '2', 'end': '2', 'meaning': 'childof'}, '5': {'start': '0', 'end': '2', 'meaning': 'cve_to_cwe'}, '6': {'start': '2', 'end': '1', 'meaning': 'cwe_to_capec'}, '7': {'start': '1', 'end': '1', 'meaning': 'parent_of'}, '8': {'start': '2', 'end': '2', 'meaning': 'peerof'}, '9': {'start': '2', 'end': '2', 'meaning': 'requires'}, '10': {'start': '2', 'end': '2', 'meaning': 'startswith'}}
node_type2name: {}
node_name2type: {}
nodes.count: {2: 19264, 0: 558, 1: 940}
nodes.shift: {0: 0, 1: 558, 2: 1498}
links.meta: {6: (2, 2), 5: (2, 2), 4: (2, 2), 7: (2, 2), 3: (2, 2), 0: (2, 2), 8: (2, 2), 1: (2, 2), 2: (2, 2), 9: (2, 2), 10: (2, 2)}
Info: generate /home/simonettos/homhetgnn/HGB/LP/benchmark/methods/HetGNN/amazon_style_ccc_features_securebert_fold_4-temp/het_neigh_train.txt start.
Namespace(embed_d=128, data='amazon_style_ccc_features_securebert_fold_4')
Info: load amazon_style_ccc_features_securebert_fold_4 from ../../data/amazon_style_ccc_features_securebert_fold_4/dl_pickle
1Info: iter: 30
temp iter /home/simonettos/homhetgnn/HGB/LP/benchmark/methods/HetGNN/amazon_style_ccc_features_securebert_fold_4-temp
Completed: amazon_style_ccc_features_securebert_fold_4 (rep 4)

--------------------------------------
Running model: hetgnn
Dataset: amazon_style_ccc_features_securebert_fold_5
Repetition: 4
--------------------------------------
Use device: cpu
------arguments-------
data: amazon_style_ccc_features_securebert_fold_5
model_path: ../model_save/
in_f_d: 128
embed_d: 128
lr: 0.01
batch_s: 20000
mini_batch_s: 200
train_iter_n: 310
walk_n: 10
walk_L: 30
window: 5
random_seed: 10
train_test_label: 0
save_model_freq: 10
cuda: 0
checkpoint: 
feat_type: 1
Info: load amazon_style_ccc_features_securebert_fold_5 from ../../data/amazon_style_ccc_features_securebert_fold_5/dl_pickle
INFO node.dat: {'0': 've', '2': 'we', '1': 'apec'}
INFO link.dat: {'0': {'start': '1', 'end': '1', 'meaning': 'can_precede'}, '1': {'start': '2', 'end': '2', 'meaning': 'canalsobe'}, '2': {'start': '2', 'end': '2', 'meaning': 'canprecede'}, '3': {'start': '1', 'end': '1', 'meaning': 'child_of'}, '4': {'start': '2', 'end': '2', 'meaning': 'childof'}, '5': {'start': '0', 'end': '2', 'meaning': 'cve_to_cwe'}, '6': {'start': '2', 'end': '1', 'meaning': 'cwe_to_capec'}, '7': {'start': '1', 'end': '1', 'meaning': 'parent_of'}, '8': {'start': '2', 'end': '2', 'meaning': 'peerof'}, '9': {'start': '2', 'end': '2', 'meaning': 'requires'}, '10': {'start': '2', 'end': '2', 'meaning': 'startswith'}}
node_type2name: {}
node_name2type: {}
nodes.count: {2: 19264, 0: 558, 1: 940}
nodes.shift: {0: 0, 1: 558, 2: 1498}
links.meta: {6: (2, 2), 5: (2, 2), 4: (2, 2), 7: (2, 2), 3: (2, 2), 0: (2, 2), 8: (2, 2), 1: (2, 2), 2: (2, 2), 9: (2, 2), 10: (2, 2)}
Info: generate /home/simonettos/homhetgnn/HGB/LP/benchmark/methods/HetGNN/amazon_style_ccc_features_securebert_fold_5-temp/het_neigh_train.txt start.
Namespace(embed_d=128, data='amazon_style_ccc_features_securebert_fold_5')
Info: load amazon_style_ccc_features_securebert_fold_5 from ../../data/amazon_style_ccc_features_securebert_fold_5/dl_pickle
1Info: iter: 30
temp iter /home/simonettos/homhetgnn/HGB/LP/benchmark/methods/HetGNN/amazon_style_ccc_features_securebert_fold_5-temp
Completed: amazon_style_ccc_features_securebert_fold_5 (rep 4)

=== Repetition 5/6 ===
--------------------------------------
Running model: hetgnn
Dataset: amazon_style_ccc_features_securebert_fold_1
Repetition: 5
--------------------------------------
Use device: cpu
------arguments-------
data: amazon_style_ccc_features_securebert_fold_1
model_path: ../model_save/
in_f_d: 128
embed_d: 128
lr: 0.01
batch_s: 20000
mini_batch_s: 200
train_iter_n: 310
walk_n: 10
walk_L: 30
window: 5
random_seed: 10
train_test_label: 0
save_model_freq: 10
cuda: 0
checkpoint: 
feat_type: 1
Info: load amazon_style_ccc_features_securebert_fold_1 from ../../data/amazon_style_ccc_features_securebert_fold_1/dl_pickle
INFO node.dat: {'0': 've', '2': 'we', '1': 'apec'}
INFO link.dat: {'0': {'start': '1', 'end': '1', 'meaning': 'can_precede'}, '1': {'start': '2', 'end': '2', 'meaning': 'canalsobe'}, '2': {'start': '2', 'end': '2', 'meaning': 'canprecede'}, '3': {'start': '1', 'end': '1', 'meaning': 'child_of'}, '4': {'start': '2', 'end': '2', 'meaning': 'childof'}, '5': {'start': '0', 'end': '2', 'meaning': 'cve_to_cwe'}, '6': {'start': '2', 'end': '1', 'meaning': 'cwe_to_capec'}, '7': {'start': '1', 'end': '1', 'meaning': 'parent_of'}, '8': {'start': '2', 'end': '2', 'meaning': 'peerof'}, '9': {'start': '2', 'end': '2', 'meaning': 'requires'}, '10': {'start': '2', 'end': '2', 'meaning': 'startswith'}}
node_type2name: {}
node_name2type: {}
nodes.count: {2: 19264, 0: 558, 1: 940}
nodes.shift: {0: 0, 1: 558, 2: 1498}
links.meta: {5: (2, 2), 4: (2, 2), 3: (2, 2), 7: (2, 2), 6: (2, 2), 0: (2, 2), 2: (2, 2), 8: (2, 2), 9: (2, 2), 1: (2, 2), 10: (2, 2)}
Info: generate /home/simonettos/homhetgnn/HGB/LP/benchmark/methods/HetGNN/amazon_style_ccc_features_securebert_fold_1-temp/het_neigh_train.txt start.
Namespace(embed_d=128, data='amazon_style_ccc_features_securebert_fold_1')
Info: load amazon_style_ccc_features_securebert_fold_1 from ../../data/amazon_style_ccc_features_securebert_fold_1/dl_pickle
1Info: iter: 30
temp iter /home/simonettos/homhetgnn/HGB/LP/benchmark/methods/HetGNN/amazon_style_ccc_features_securebert_fold_1-temp
Completed: amazon_style_ccc_features_securebert_fold_1 (rep 5)

--------------------------------------
Running model: hetgnn
Dataset: amazon_style_ccc_features_securebert_fold_2
Repetition: 5
--------------------------------------
Use device: cpu
------arguments-------
data: amazon_style_ccc_features_securebert_fold_2
model_path: ../model_save/
in_f_d: 128
embed_d: 128
lr: 0.01
batch_s: 20000
mini_batch_s: 200
train_iter_n: 310
walk_n: 10
walk_L: 30
window: 5
random_seed: 10
train_test_label: 0
save_model_freq: 10
cuda: 0
checkpoint: 
feat_type: 1
Info: load amazon_style_ccc_features_securebert_fold_2 from ../../data/amazon_style_ccc_features_securebert_fold_2/dl_pickle
INFO node.dat: {'0': 've', '2': 'we', '1': 'apec'}
INFO link.dat: {'0': {'start': '1', 'end': '1', 'meaning': 'can_precede'}, '1': {'start': '2', 'end': '2', 'meaning': 'canalsobe'}, '2': {'start': '2', 'end': '2', 'meaning': 'canprecede'}, '3': {'start': '1', 'end': '1', 'meaning': 'child_of'}, '4': {'start': '2', 'end': '2', 'meaning': 'childof'}, '5': {'start': '0', 'end': '2', 'meaning': 'cve_to_cwe'}, '6': {'start': '2', 'end': '1', 'meaning': 'cwe_to_capec'}, '7': {'start': '1', 'end': '1', 'meaning': 'parent_of'}, '8': {'start': '2', 'end': '2', 'meaning': 'peerof'}, '9': {'start': '2', 'end': '2', 'meaning': 'requires'}, '10': {'start': '2', 'end': '2', 'meaning': 'startswith'}}
node_type2name: {}
node_name2type: {}
nodes.count: {2: 19264, 0: 558, 1: 940}
nodes.shift: {0: 0, 1: 558, 2: 1498}
links.meta: {6: (2, 2), 5: (2, 2), 4: (2, 2), 7: (2, 2), 3: (2, 2), 0: (2, 2), 8: (2, 2), 1: (2, 2), 2: (2, 2), 9: (2, 2), 10: (2, 2)}
Info: generate /home/simonettos/homhetgnn/HGB/LP/benchmark/methods/HetGNN/amazon_style_ccc_features_securebert_fold_2-temp/het_neigh_train.txt start.
Namespace(embed_d=128, data='amazon_style_ccc_features_securebert_fold_2')
Info: load amazon_style_ccc_features_securebert_fold_2 from ../../data/amazon_style_ccc_features_securebert_fold_2/dl_pickle
1Info: iter: 30
temp iter /home/simonettos/homhetgnn/HGB/LP/benchmark/methods/HetGNN/amazon_style_ccc_features_securebert_fold_2-temp
Completed: amazon_style_ccc_features_securebert_fold_2 (rep 5)

--------------------------------------
Running model: hetgnn
Dataset: amazon_style_ccc_features_securebert_fold_3
Repetition: 5
--------------------------------------
Use device: cpu
------arguments-------
data: amazon_style_ccc_features_securebert_fold_3
model_path: ../model_save/
in_f_d: 128
embed_d: 128
lr: 0.01
batch_s: 20000
mini_batch_s: 200
train_iter_n: 310
walk_n: 10
walk_L: 30
window: 5
random_seed: 10
train_test_label: 0
save_model_freq: 10
cuda: 0
checkpoint: 
feat_type: 1
Info: load amazon_style_ccc_features_securebert_fold_3 from ../../data/amazon_style_ccc_features_securebert_fold_3/dl_pickle
INFO node.dat: {'0': 've', '2': 'we', '1': 'apec'}
INFO link.dat: {'0': {'start': '1', 'end': '1', 'meaning': 'can_precede'}, '1': {'start': '2', 'end': '2', 'meaning': 'canalsobe'}, '2': {'start': '2', 'end': '2', 'meaning': 'canprecede'}, '3': {'start': '1', 'end': '1', 'meaning': 'child_of'}, '4': {'start': '2', 'end': '2', 'meaning': 'childof'}, '5': {'start': '0', 'end': '2', 'meaning': 'cve_to_cwe'}, '6': {'start': '2', 'end': '1', 'meaning': 'cwe_to_capec'}, '7': {'start': '1', 'end': '1', 'meaning': 'parent_of'}, '8': {'start': '2', 'end': '2', 'meaning': 'peerof'}, '9': {'start': '2', 'end': '2', 'meaning': 'requires'}, '10': {'start': '2', 'end': '2', 'meaning': 'startswith'}}
node_type2name: {}
node_name2type: {}
nodes.count: {2: 19264, 0: 558, 1: 940}
nodes.shift: {0: 0, 1: 558, 2: 1498}
links.meta: {6: (2, 2), 5: (2, 2), 4: (2, 2), 7: (2, 2), 3: (2, 2), 0: (2, 2), 8: (2, 2), 1: (2, 2), 2: (2, 2), 9: (2, 2), 10: (2, 2)}
Info: generate /home/simonettos/homhetgnn/HGB/LP/benchmark/methods/HetGNN/amazon_style_ccc_features_securebert_fold_3-temp/het_neigh_train.txt start.
Namespace(embed_d=128, data='amazon_style_ccc_features_securebert_fold_3')
Info: load amazon_style_ccc_features_securebert_fold_3 from ../../data/amazon_style_ccc_features_securebert_fold_3/dl_pickle
1Info: iter: 30
temp iter /home/simonettos/homhetgnn/HGB/LP/benchmark/methods/HetGNN/amazon_style_ccc_features_securebert_fold_3-temp
Completed: amazon_style_ccc_features_securebert_fold_3 (rep 5)

--------------------------------------
Running model: hetgnn
Dataset: amazon_style_ccc_features_securebert_fold_4
Repetition: 5
--------------------------------------
Use device: cpu
------arguments-------
data: amazon_style_ccc_features_securebert_fold_4
model_path: ../model_save/
in_f_d: 128
embed_d: 128
lr: 0.01
batch_s: 20000
mini_batch_s: 200
train_iter_n: 310
walk_n: 10
walk_L: 30
window: 5
random_seed: 10
train_test_label: 0
save_model_freq: 10
cuda: 0
checkpoint: 
feat_type: 1
Info: load amazon_style_ccc_features_securebert_fold_4 from ../../data/amazon_style_ccc_features_securebert_fold_4/dl_pickle
INFO node.dat: {'0': 've', '2': 'we', '1': 'apec'}
INFO link.dat: {'0': {'start': '1', 'end': '1', 'meaning': 'can_precede'}, '1': {'start': '2', 'end': '2', 'meaning': 'canalsobe'}, '2': {'start': '2', 'end': '2', 'meaning': 'canprecede'}, '3': {'start': '1', 'end': '1', 'meaning': 'child_of'}, '4': {'start': '2', 'end': '2', 'meaning': 'childof'}, '5': {'start': '0', 'end': '2', 'meaning': 'cve_to_cwe'}, '6': {'start': '2', 'end': '1', 'meaning': 'cwe_to_capec'}, '7': {'start': '1', 'end': '1', 'meaning': 'parent_of'}, '8': {'start': '2', 'end': '2', 'meaning': 'peerof'}, '9': {'start': '2', 'end': '2', 'meaning': 'requires'}, '10': {'start': '2', 'end': '2', 'meaning': 'startswith'}}
node_type2name: {}
node_name2type: {}
nodes.count: {2: 19264, 0: 558, 1: 940}
nodes.shift: {0: 0, 1: 558, 2: 1498}
links.meta: {6: (2, 2), 5: (2, 2), 4: (2, 2), 7: (2, 2), 3: (2, 2), 0: (2, 2), 8: (2, 2), 1: (2, 2), 2: (2, 2), 9: (2, 2), 10: (2, 2)}
Info: generate /home/simonettos/homhetgnn/HGB/LP/benchmark/methods/HetGNN/amazon_style_ccc_features_securebert_fold_4-temp/het_neigh_train.txt start.
Namespace(embed_d=128, data='amazon_style_ccc_features_securebert_fold_4')
Info: load amazon_style_ccc_features_securebert_fold_4 from ../../data/amazon_style_ccc_features_securebert_fold_4/dl_pickle
1Info: iter: 30
temp iter /home/simonettos/homhetgnn/HGB/LP/benchmark/methods/HetGNN/amazon_style_ccc_features_securebert_fold_4-temp
Completed: amazon_style_ccc_features_securebert_fold_4 (rep 5)

--------------------------------------
Running model: hetgnn
Dataset: amazon_style_ccc_features_securebert_fold_5
Repetition: 5
--------------------------------------
Use device: cpu
------arguments-------
data: amazon_style_ccc_features_securebert_fold_5
model_path: ../model_save/
in_f_d: 128
embed_d: 128
lr: 0.01
batch_s: 20000
mini_batch_s: 200
train_iter_n: 310
walk_n: 10
walk_L: 30
window: 5
random_seed: 10
train_test_label: 0
save_model_freq: 10
cuda: 0
checkpoint: 
feat_type: 1
Info: load amazon_style_ccc_features_securebert_fold_5 from ../../data/amazon_style_ccc_features_securebert_fold_5/dl_pickle
INFO node.dat: {'0': 've', '2': 'we', '1': 'apec'}
INFO link.dat: {'0': {'start': '1', 'end': '1', 'meaning': 'can_precede'}, '1': {'start': '2', 'end': '2', 'meaning': 'canalsobe'}, '2': {'start': '2', 'end': '2', 'meaning': 'canprecede'}, '3': {'start': '1', 'end': '1', 'meaning': 'child_of'}, '4': {'start': '2', 'end': '2', 'meaning': 'childof'}, '5': {'start': '0', 'end': '2', 'meaning': 'cve_to_cwe'}, '6': {'start': '2', 'end': '1', 'meaning': 'cwe_to_capec'}, '7': {'start': '1', 'end': '1', 'meaning': 'parent_of'}, '8': {'start': '2', 'end': '2', 'meaning': 'peerof'}, '9': {'start': '2', 'end': '2', 'meaning': 'requires'}, '10': {'start': '2', 'end': '2', 'meaning': 'startswith'}}
node_type2name: {}
node_name2type: {}
nodes.count: {2: 19264, 0: 558, 1: 940}
nodes.shift: {0: 0, 1: 558, 2: 1498}
links.meta: {6: (2, 2), 5: (2, 2), 4: (2, 2), 7: (2, 2), 3: (2, 2), 0: (2, 2), 8: (2, 2), 1: (2, 2), 2: (2, 2), 9: (2, 2), 10: (2, 2)}
Info: generate /home/simonettos/homhetgnn/HGB/LP/benchmark/methods/HetGNN/amazon_style_ccc_features_securebert_fold_5-temp/het_neigh_train.txt start.
Namespace(embed_d=128, data='amazon_style_ccc_features_securebert_fold_5')
Info: load amazon_style_ccc_features_securebert_fold_5 from ../../data/amazon_style_ccc_features_securebert_fold_5/dl_pickle
1Info: iter: 30
temp iter /home/simonettos/homhetgnn/HGB/LP/benchmark/methods/HetGNN/amazon_style_ccc_features_securebert_fold_5-temp
Completed: amazon_style_ccc_features_securebert_fold_5 (rep 5)

=== Repetition 6/6 ===
--------------------------------------
Running model: hetgnn
Dataset: amazon_style_ccc_features_securebert_fold_1
Repetition: 6
--------------------------------------
Use device: cpu
------arguments-------
data: amazon_style_ccc_features_securebert_fold_1
model_path: ../model_save/
in_f_d: 128
embed_d: 128
lr: 0.01
batch_s: 20000
mini_batch_s: 200
train_iter_n: 310
walk_n: 10
walk_L: 30
window: 5
random_seed: 10
train_test_label: 0
save_model_freq: 10
cuda: 0
checkpoint: 
feat_type: 1
Info: load amazon_style_ccc_features_securebert_fold_1 from ../../data/amazon_style_ccc_features_securebert_fold_1/dl_pickle
INFO node.dat: {'0': 've', '2': 'we', '1': 'apec'}
INFO link.dat: {'0': {'start': '1', 'end': '1', 'meaning': 'can_precede'}, '1': {'start': '2', 'end': '2', 'meaning': 'canalsobe'}, '2': {'start': '2', 'end': '2', 'meaning': 'canprecede'}, '3': {'start': '1', 'end': '1', 'meaning': 'child_of'}, '4': {'start': '2', 'end': '2', 'meaning': 'childof'}, '5': {'start': '0', 'end': '2', 'meaning': 'cve_to_cwe'}, '6': {'start': '2', 'end': '1', 'meaning': 'cwe_to_capec'}, '7': {'start': '1', 'end': '1', 'meaning': 'parent_of'}, '8': {'start': '2', 'end': '2', 'meaning': 'peerof'}, '9': {'start': '2', 'end': '2', 'meaning': 'requires'}, '10': {'start': '2', 'end': '2', 'meaning': 'startswith'}}
node_type2name: {}
node_name2type: {}
nodes.count: {2: 19264, 0: 558, 1: 940}
nodes.shift: {0: 0, 1: 558, 2: 1498}
links.meta: {5: (2, 2), 4: (2, 2), 3: (2, 2), 7: (2, 2), 6: (2, 2), 0: (2, 2), 2: (2, 2), 8: (2, 2), 9: (2, 2), 1: (2, 2), 10: (2, 2)}
Info: generate /home/simonettos/homhetgnn/HGB/LP/benchmark/methods/HetGNN/amazon_style_ccc_features_securebert_fold_1-temp/het_neigh_train.txt start.
Namespace(embed_d=128, data='amazon_style_ccc_features_securebert_fold_1')
Info: load amazon_style_ccc_features_securebert_fold_1 from ../../data/amazon_style_ccc_features_securebert_fold_1/dl_pickle
1Info: iter: 30
temp iter /home/simonettos/homhetgnn/HGB/LP/benchmark/methods/HetGNN/amazon_style_ccc_features_securebert_fold_1-temp
Completed: amazon_style_ccc_features_securebert_fold_1 (rep 6)

--------------------------------------
Running model: hetgnn
Dataset: amazon_style_ccc_features_securebert_fold_2
Repetition: 6
--------------------------------------
Use device: cpu
------arguments-------
data: amazon_style_ccc_features_securebert_fold_2
model_path: ../model_save/
in_f_d: 128
embed_d: 128
lr: 0.01
batch_s: 20000
mini_batch_s: 200
train_iter_n: 310
walk_n: 10
walk_L: 30
window: 5
random_seed: 10
train_test_label: 0
save_model_freq: 10
cuda: 0
checkpoint: 
feat_type: 1
Info: load amazon_style_ccc_features_securebert_fold_2 from ../../data/amazon_style_ccc_features_securebert_fold_2/dl_pickle
INFO node.dat: {'0': 've', '2': 'we', '1': 'apec'}
INFO link.dat: {'0': {'start': '1', 'end': '1', 'meaning': 'can_precede'}, '1': {'start': '2', 'end': '2', 'meaning': 'canalsobe'}, '2': {'start': '2', 'end': '2', 'meaning': 'canprecede'}, '3': {'start': '1', 'end': '1', 'meaning': 'child_of'}, '4': {'start': '2', 'end': '2', 'meaning': 'childof'}, '5': {'start': '0', 'end': '2', 'meaning': 'cve_to_cwe'}, '6': {'start': '2', 'end': '1', 'meaning': 'cwe_to_capec'}, '7': {'start': '1', 'end': '1', 'meaning': 'parent_of'}, '8': {'start': '2', 'end': '2', 'meaning': 'peerof'}, '9': {'start': '2', 'end': '2', 'meaning': 'requires'}, '10': {'start': '2', 'end': '2', 'meaning': 'startswith'}}
node_type2name: {}
node_name2type: {}
nodes.count: {2: 19264, 0: 558, 1: 940}
nodes.shift: {0: 0, 1: 558, 2: 1498}
links.meta: {6: (2, 2), 5: (2, 2), 4: (2, 2), 7: (2, 2), 3: (2, 2), 0: (2, 2), 8: (2, 2), 1: (2, 2), 2: (2, 2), 9: (2, 2), 10: (2, 2)}
Info: generate /home/simonettos/homhetgnn/HGB/LP/benchmark/methods/HetGNN/amazon_style_ccc_features_securebert_fold_2-temp/het_neigh_train.txt start.
Namespace(embed_d=128, data='amazon_style_ccc_features_securebert_fold_2')
Info: load amazon_style_ccc_features_securebert_fold_2 from ../../data/amazon_style_ccc_features_securebert_fold_2/dl_pickle
1Info: iter: 30
temp iter /home/simonettos/homhetgnn/HGB/LP/benchmark/methods/HetGNN/amazon_style_ccc_features_securebert_fold_2-temp
Completed: amazon_style_ccc_features_securebert_fold_2 (rep 6)

--------------------------------------
Running model: hetgnn
Dataset: amazon_style_ccc_features_securebert_fold_3
Repetition: 6
--------------------------------------
Use device: cpu
------arguments-------
data: amazon_style_ccc_features_securebert_fold_3
model_path: ../model_save/
in_f_d: 128
embed_d: 128
lr: 0.01
batch_s: 20000
mini_batch_s: 200
train_iter_n: 310
walk_n: 10
walk_L: 30
window: 5
random_seed: 10
train_test_label: 0
save_model_freq: 10
cuda: 0
checkpoint: 
feat_type: 1
Info: load amazon_style_ccc_features_securebert_fold_3 from ../../data/amazon_style_ccc_features_securebert_fold_3/dl_pickle
INFO node.dat: {'0': 've', '2': 'we', '1': 'apec'}
INFO link.dat: {'0': {'start': '1', 'end': '1', 'meaning': 'can_precede'}, '1': {'start': '2', 'end': '2', 'meaning': 'canalsobe'}, '2': {'start': '2', 'end': '2', 'meaning': 'canprecede'}, '3': {'start': '1', 'end': '1', 'meaning': 'child_of'}, '4': {'start': '2', 'end': '2', 'meaning': 'childof'}, '5': {'start': '0', 'end': '2', 'meaning': 'cve_to_cwe'}, '6': {'start': '2', 'end': '1', 'meaning': 'cwe_to_capec'}, '7': {'start': '1', 'end': '1', 'meaning': 'parent_of'}, '8': {'start': '2', 'end': '2', 'meaning': 'peerof'}, '9': {'start': '2', 'end': '2', 'meaning': 'requires'}, '10': {'start': '2', 'end': '2', 'meaning': 'startswith'}}
node_type2name: {}
node_name2type: {}
nodes.count: {2: 19264, 0: 558, 1: 940}
nodes.shift: {0: 0, 1: 558, 2: 1498}
links.meta: {6: (2, 2), 5: (2, 2), 4: (2, 2), 7: (2, 2), 3: (2, 2), 0: (2, 2), 8: (2, 2), 1: (2, 2), 2: (2, 2), 9: (2, 2), 10: (2, 2)}
Info: generate /home/simonettos/homhetgnn/HGB/LP/benchmark/methods/HetGNN/amazon_style_ccc_features_securebert_fold_3-temp/het_neigh_train.txt start.
Namespace(embed_d=128, data='amazon_style_ccc_features_securebert_fold_3')
Info: load amazon_style_ccc_features_securebert_fold_3 from ../../data/amazon_style_ccc_features_securebert_fold_3/dl_pickle
1Info: iter: 30
temp iter /home/simonettos/homhetgnn/HGB/LP/benchmark/methods/HetGNN/amazon_style_ccc_features_securebert_fold_3-temp
Completed: amazon_style_ccc_features_securebert_fold_3 (rep 6)

--------------------------------------
Running model: hetgnn
Dataset: amazon_style_ccc_features_securebert_fold_4
Repetition: 6
--------------------------------------
Use device: cpu
------arguments-------
data: amazon_style_ccc_features_securebert_fold_4
model_path: ../model_save/
in_f_d: 128
embed_d: 128
lr: 0.01
batch_s: 20000
mini_batch_s: 200
train_iter_n: 310
walk_n: 10
walk_L: 30
window: 5
random_seed: 10
train_test_label: 0
save_model_freq: 10
cuda: 0
checkpoint: 
feat_type: 1
Info: load amazon_style_ccc_features_securebert_fold_4 from ../../data/amazon_style_ccc_features_securebert_fold_4/dl_pickle
INFO node.dat: {'0': 've', '2': 'we', '1': 'apec'}
INFO link.dat: {'0': {'start': '1', 'end': '1', 'meaning': 'can_precede'}, '1': {'start': '2', 'end': '2', 'meaning': 'canalsobe'}, '2': {'start': '2', 'end': '2', 'meaning': 'canprecede'}, '3': {'start': '1', 'end': '1', 'meaning': 'child_of'}, '4': {'start': '2', 'end': '2', 'meaning': 'childof'}, '5': {'start': '0', 'end': '2', 'meaning': 'cve_to_cwe'}, '6': {'start': '2', 'end': '1', 'meaning': 'cwe_to_capec'}, '7': {'start': '1', 'end': '1', 'meaning': 'parent_of'}, '8': {'start': '2', 'end': '2', 'meaning': 'peerof'}, '9': {'start': '2', 'end': '2', 'meaning': 'requires'}, '10': {'start': '2', 'end': '2', 'meaning': 'startswith'}}
node_type2name: {}
node_name2type: {}
nodes.count: {2: 19264, 0: 558, 1: 940}
nodes.shift: {0: 0, 1: 558, 2: 1498}
links.meta: {6: (2, 2), 5: (2, 2), 4: (2, 2), 7: (2, 2), 3: (2, 2), 0: (2, 2), 8: (2, 2), 1: (2, 2), 2: (2, 2), 9: (2, 2), 10: (2, 2)}
Info: generate /home/simonettos/homhetgnn/HGB/LP/benchmark/methods/HetGNN/amazon_style_ccc_features_securebert_fold_4-temp/het_neigh_train.txt start.
Namespace(embed_d=128, data='amazon_style_ccc_features_securebert_fold_4')
Info: load amazon_style_ccc_features_securebert_fold_4 from ../../data/amazon_style_ccc_features_securebert_fold_4/dl_pickle
1Info: iter: 30
temp iter /home/simonettos/homhetgnn/HGB/LP/benchmark/methods/HetGNN/amazon_style_ccc_features_securebert_fold_4-temp
Completed: amazon_style_ccc_features_securebert_fold_4 (rep 6)

--------------------------------------
Running model: hetgnn
Dataset: amazon_style_ccc_features_securebert_fold_5
Repetition: 6
--------------------------------------
Use device: cpu
------arguments-------
data: amazon_style_ccc_features_securebert_fold_5
model_path: ../model_save/
in_f_d: 128
embed_d: 128
lr: 0.01
batch_s: 20000
mini_batch_s: 200
train_iter_n: 310
walk_n: 10
walk_L: 30
window: 5
random_seed: 10
train_test_label: 0
save_model_freq: 10
cuda: 0
checkpoint: 
feat_type: 1
Info: load amazon_style_ccc_features_securebert_fold_5 from ../../data/amazon_style_ccc_features_securebert_fold_5/dl_pickle
INFO node.dat: {'0': 've', '2': 'we', '1': 'apec'}
INFO link.dat: {'0': {'start': '1', 'end': '1', 'meaning': 'can_precede'}, '1': {'start': '2', 'end': '2', 'meaning': 'canalsobe'}, '2': {'start': '2', 'end': '2', 'meaning': 'canprecede'}, '3': {'start': '1', 'end': '1', 'meaning': 'child_of'}, '4': {'start': '2', 'end': '2', 'meaning': 'childof'}, '5': {'start': '0', 'end': '2', 'meaning': 'cve_to_cwe'}, '6': {'start': '2', 'end': '1', 'meaning': 'cwe_to_capec'}, '7': {'start': '1', 'end': '1', 'meaning': 'parent_of'}, '8': {'start': '2', 'end': '2', 'meaning': 'peerof'}, '9': {'start': '2', 'end': '2', 'meaning': 'requires'}, '10': {'start': '2', 'end': '2', 'meaning': 'startswith'}}
node_type2name: {}
node_name2type: {}
nodes.count: {2: 19264, 0: 558, 1: 940}
nodes.shift: {0: 0, 1: 558, 2: 1498}
links.meta: {6: (2, 2), 5: (2, 2), 4: (2, 2), 7: (2, 2), 3: (2, 2), 0: (2, 2), 8: (2, 2), 1: (2, 2), 2: (2, 2), 9: (2, 2), 10: (2, 2)}
Info: generate /home/simonettos/homhetgnn/HGB/LP/benchmark/methods/HetGNN/amazon_style_ccc_features_securebert_fold_5-temp/het_neigh_train.txt start.
Namespace(embed_d=128, data='amazon_style_ccc_features_securebert_fold_5')
Info: load amazon_style_ccc_features_securebert_fold_5 from ../../data/amazon_style_ccc_features_securebert_fold_5/dl_pickle
1Info: iter: 30
temp iter /home/simonettos/homhetgnn/HGB/LP/benchmark/methods/HetGNN/amazon_style_ccc_features_securebert_fold_5-temp
Completed: amazon_style_ccc_features_securebert_fold_5 (rep 6)

All 30 jobs completed.
Setup complete
