	Adding nVidia Cuda Toolkit 11.8
Traceback (most recent call last):
  File "/home/simonettos/homhetgnn/HGB/LP/benchmark/methods/HetGNN/main.py", line 68, in <module>
    input_data.gen_het_w_walk_restart(het_neigh_train_f)
  File "/home/simonettos/homhetgnn/HGB/LP/benchmark/methods/HetGNN/data_generator.py", line 149, in gen_het_w_walk_restart
    while neigh_L < self.neigh_L and while_count<self.while_max_count:  # maximum neighbor size = 100
AttributeError: 'input_data' object has no attribute 'neigh_L'
Traceback (most recent call last):
  File "/home/simonettos/homhetgnn/HGB/LP/benchmark/methods/HetGNN/main.py", line 68, in <module>
    input_data.gen_het_w_walk_restart(het_neigh_train_f)
  File "/home/simonettos/homhetgnn/HGB/LP/benchmark/methods/HetGNN/data_generator.py", line 149, in gen_het_w_walk_restart
    while neigh_L < self.neigh_L and while_count<self.while_max_count:  # maximum neighbor size = 100
AttributeError: 'input_data' object has no attribute 'neigh_L'
Traceback (most recent call last):
  File "/home/simonettos/homhetgnn/HGB/LP/benchmark/methods/HetGNN/main.py", line 68, in <module>
    input_data.gen_het_w_walk_restart(het_neigh_train_f)
  File "/home/simonettos/homhetgnn/HGB/LP/benchmark/methods/HetGNN/data_generator.py", line 149, in gen_het_w_walk_restart
    while neigh_L < self.neigh_L and while_count<self.while_max_count:  # maximum neighbor size = 100
AttributeError: 'input_data' object has no attribute 'neigh_L'
Traceback (most recent call last):
  File "/home/simonettos/homhetgnn/HGB/LP/benchmark/methods/HetGNN/main.py", line 68, in <module>
    input_data.gen_het_w_walk_restart(het_neigh_train_f)
  File "/home/simonettos/homhetgnn/HGB/LP/benchmark/methods/HetGNN/data_generator.py", line 149, in gen_het_w_walk_restart
    while neigh_L < self.neigh_L and while_count<self.while_max_count:  # maximum neighbor size = 100
AttributeError: 'input_data' object has no attribute 'neigh_L'
Traceback (most recent call last):
  File "/home/simonettos/homhetgnn/HGB/LP/benchmark/methods/HetGNN/main.py", line 68, in <module>
    input_data.gen_het_w_walk_restart(het_neigh_train_f)
  File "/home/simonettos/homhetgnn/HGB/LP/benchmark/methods/HetGNN/data_generator.py", line 149, in gen_het_w_walk_restart
    while neigh_L < self.neigh_L and while_count<self.while_max_count:  # maximum neighbor size = 100
AttributeError: 'input_data' object has no attribute 'neigh_L'
Traceback (most recent call last):
  File "/home/simonettos/homhetgnn/HGB/LP/benchmark/methods/HetGNN/main.py", line 68, in <module>
    input_data.gen_het_w_walk_restart(het_neigh_train_f)
  File "/home/simonettos/homhetgnn/HGB/LP/benchmark/methods/HetGNN/data_generator.py", line 149, in gen_het_w_walk_restart
    while neigh_L < self.neigh_L and while_count<self.while_max_count:  # maximum neighbor size = 100
AttributeError: 'input_data' object has no attribute 'neigh_L'
Traceback (most recent call last):
  File "/home/simonettos/homhetgnn/HGB/LP/benchmark/methods/HetGNN/main.py", line 68, in <module>
    input_data.gen_het_w_walk_restart(het_neigh_train_f)
  File "/home/simonettos/homhetgnn/HGB/LP/benchmark/methods/HetGNN/data_generator.py", line 149, in gen_het_w_walk_restart
    while neigh_L < self.neigh_L and while_count<self.while_max_count:  # maximum neighbor size = 100
AttributeError: 'input_data' object has no attribute 'neigh_L'
Traceback (most recent call last):
  File "/home/simonettos/homhetgnn/HGB/LP/benchmark/methods/HetGNN/main.py", line 68, in <module>
    input_data.gen_het_w_walk_restart(het_neigh_train_f)
  File "/home/simonettos/homhetgnn/HGB/LP/benchmark/methods/HetGNN/data_generator.py", line 149, in gen_het_w_walk_restart
    while neigh_L < self.neigh_L and while_count<self.while_max_count:  # maximum neighbor size = 100
AttributeError: 'input_data' object has no attribute 'neigh_L'
Traceback (most recent call last):
  File "/home/simonettos/homhetgnn/HGB/LP/benchmark/methods/HetGNN/main.py", line 68, in <module>
    input_data.gen_het_w_walk_restart(het_neigh_train_f)
  File "/home/simonettos/homhetgnn/HGB/LP/benchmark/methods/HetGNN/data_generator.py", line 149, in gen_het_w_walk_restart
    while neigh_L < self.neigh_L and while_count<self.while_max_count:  # maximum neighbor size = 100
AttributeError: 'input_data' object has no attribute 'neigh_L'
Traceback (most recent call last):
  File "/home/simonettos/homhetgnn/HGB/LP/benchmark/methods/HetGNN/main.py", line 68, in <module>
    input_data.gen_het_w_walk_restart(het_neigh_train_f)
  File "/home/simonettos/homhetgnn/HGB/LP/benchmark/methods/HetGNN/data_generator.py", line 149, in gen_het_w_walk_restart
    while neigh_L < self.neigh_L and while_count<self.while_max_count:  # maximum neighbor size = 100
AttributeError: 'input_data' object has no attribute 'neigh_L'
Traceback (most recent call last):
  File "/home/simonettos/homhetgnn/HGB/LP/benchmark/methods/HetGNN/main.py", line 68, in <module>
    input_data.gen_het_w_walk_restart(het_neigh_train_f)
  File "/home/simonettos/homhetgnn/HGB/LP/benchmark/methods/HetGNN/data_generator.py", line 149, in gen_het_w_walk_restart
    while neigh_L < self.neigh_L and while_count<self.while_max_count:  # maximum neighbor size = 100
AttributeError: 'input_data' object has no attribute 'neigh_L'
Traceback (most recent call last):
  File "/home/simonettos/homhetgnn/HGB/LP/benchmark/methods/HetGNN/main.py", line 68, in <module>
    input_data.gen_het_w_walk_restart(het_neigh_train_f)
  File "/home/simonettos/homhetgnn/HGB/LP/benchmark/methods/HetGNN/data_generator.py", line 149, in gen_het_w_walk_restart
    while neigh_L < self.neigh_L and while_count<self.while_max_count:  # maximum neighbor size = 100
AttributeError: 'input_data' object has no attribute 'neigh_L'
Traceback (most recent call last):
  File "/home/simonettos/homhetgnn/HGB/LP/benchmark/methods/HetGNN/main.py", line 68, in <module>
    input_data.gen_het_w_walk_restart(het_neigh_train_f)
  File "/home/simonettos/homhetgnn/HGB/LP/benchmark/methods/HetGNN/data_generator.py", line 149, in gen_het_w_walk_restart
    while neigh_L < self.neigh_L and while_count<self.while_max_count:  # maximum neighbor size = 100
AttributeError: 'input_data' object has no attribute 'neigh_L'
Traceback (most recent call last):
  File "/home/simonettos/homhetgnn/HGB/LP/benchmark/methods/HetGNN/main.py", line 68, in <module>
    input_data.gen_het_w_walk_restart(het_neigh_train_f)
  File "/home/simonettos/homhetgnn/HGB/LP/benchmark/methods/HetGNN/data_generator.py", line 149, in gen_het_w_walk_restart
    while neigh_L < self.neigh_L and while_count<self.while_max_count:  # maximum neighbor size = 100
AttributeError: 'input_data' object has no attribute 'neigh_L'
Traceback (most recent call last):
  File "/home/simonettos/homhetgnn/HGB/LP/benchmark/methods/HetGNN/main.py", line 68, in <module>
    input_data.gen_het_w_walk_restart(het_neigh_train_f)
  File "/home/simonettos/homhetgnn/HGB/LP/benchmark/methods/HetGNN/data_generator.py", line 149, in gen_het_w_walk_restart
    while neigh_L < self.neigh_L and while_count<self.while_max_count:  # maximum neighbor size = 100
AttributeError: 'input_data' object has no attribute 'neigh_L'
Traceback (most recent call last):
  File "/home/simonettos/homhetgnn/HGB/LP/benchmark/methods/HetGNN/main.py", line 68, in <module>
    input_data.gen_het_w_walk_restart(het_neigh_train_f)
  File "/home/simonettos/homhetgnn/HGB/LP/benchmark/methods/HetGNN/data_generator.py", line 149, in gen_het_w_walk_restart
    while neigh_L < self.neigh_L and while_count<self.while_max_count:  # maximum neighbor size = 100
AttributeError: 'input_data' object has no attribute 'neigh_L'
Traceback (most recent call last):
  File "/home/simonettos/homhetgnn/HGB/LP/benchmark/methods/HetGNN/main.py", line 68, in <module>
    input_data.gen_het_w_walk_restart(het_neigh_train_f)
  File "/home/simonettos/homhetgnn/HGB/LP/benchmark/methods/HetGNN/data_generator.py", line 149, in gen_het_w_walk_restart
    while neigh_L < self.neigh_L and while_count<self.while_max_count:  # maximum neighbor size = 100
AttributeError: 'input_data' object has no attribute 'neigh_L'
Traceback (most recent call last):
  File "/home/simonettos/homhetgnn/HGB/LP/benchmark/methods/HetGNN/main.py", line 68, in <module>
    input_data.gen_het_w_walk_restart(het_neigh_train_f)
  File "/home/simonettos/homhetgnn/HGB/LP/benchmark/methods/HetGNN/data_generator.py", line 149, in gen_het_w_walk_restart
    while neigh_L < self.neigh_L and while_count<self.while_max_count:  # maximum neighbor size = 100
AttributeError: 'input_data' object has no attribute 'neigh_L'
Traceback (most recent call last):
  File "/home/simonettos/homhetgnn/HGB/LP/benchmark/methods/HetGNN/main.py", line 68, in <module>
    input_data.gen_het_w_walk_restart(het_neigh_train_f)
  File "/home/simonettos/homhetgnn/HGB/LP/benchmark/methods/HetGNN/data_generator.py", line 149, in gen_het_w_walk_restart
    while neigh_L < self.neigh_L and while_count<self.while_max_count:  # maximum neighbor size = 100
AttributeError: 'input_data' object has no attribute 'neigh_L'
Traceback (most recent call last):
  File "/home/simonettos/homhetgnn/HGB/LP/benchmark/methods/HetGNN/main.py", line 68, in <module>
    input_data.gen_het_w_walk_restart(het_neigh_train_f)
  File "/home/simonettos/homhetgnn/HGB/LP/benchmark/methods/HetGNN/data_generator.py", line 149, in gen_het_w_walk_restart
    while neigh_L < self.neigh_L and while_count<self.while_max_count:  # maximum neighbor size = 100
AttributeError: 'input_data' object has no attribute 'neigh_L'
Traceback (most recent call last):
  File "/home/simonettos/homhetgnn/HGB/LP/benchmark/methods/HetGNN/main.py", line 68, in <module>
    input_data.gen_het_w_walk_restart(het_neigh_train_f)
  File "/home/simonettos/homhetgnn/HGB/LP/benchmark/methods/HetGNN/data_generator.py", line 149, in gen_het_w_walk_restart
    while neigh_L < self.neigh_L and while_count<self.while_max_count:  # maximum neighbor size = 100
AttributeError: 'input_data' object has no attribute 'neigh_L'
Traceback (most recent call last):
  File "/home/simonettos/homhetgnn/HGB/LP/benchmark/methods/HetGNN/main.py", line 68, in <module>
    input_data.gen_het_w_walk_restart(het_neigh_train_f)
  File "/home/simonettos/homhetgnn/HGB/LP/benchmark/methods/HetGNN/data_generator.py", line 149, in gen_het_w_walk_restart
    while neigh_L < self.neigh_L and while_count<self.while_max_count:  # maximum neighbor size = 100
AttributeError: 'input_data' object has no attribute 'neigh_L'
Traceback (most recent call last):
  File "/home/simonettos/homhetgnn/HGB/LP/benchmark/methods/HetGNN/main.py", line 68, in <module>
    input_data.gen_het_w_walk_restart(het_neigh_train_f)
  File "/home/simonettos/homhetgnn/HGB/LP/benchmark/methods/HetGNN/data_generator.py", line 149, in gen_het_w_walk_restart
    while neigh_L < self.neigh_L and while_count<self.while_max_count:  # maximum neighbor size = 100
AttributeError: 'input_data' object has no attribute 'neigh_L'
Traceback (most recent call last):
  File "/home/simonettos/homhetgnn/HGB/LP/benchmark/methods/HetGNN/main.py", line 68, in <module>
    input_data.gen_het_w_walk_restart(het_neigh_train_f)
  File "/home/simonettos/homhetgnn/HGB/LP/benchmark/methods/HetGNN/data_generator.py", line 149, in gen_het_w_walk_restart
    while neigh_L < self.neigh_L and while_count<self.while_max_count:  # maximum neighbor size = 100
AttributeError: 'input_data' object has no attribute 'neigh_L'
Traceback (most recent call last):
  File "/home/simonettos/homhetgnn/HGB/LP/benchmark/methods/HetGNN/main.py", line 68, in <module>
    input_data.gen_het_w_walk_restart(het_neigh_train_f)
  File "/home/simonettos/homhetgnn/HGB/LP/benchmark/methods/HetGNN/data_generator.py", line 149, in gen_het_w_walk_restart
    while neigh_L < self.neigh_L and while_count<self.while_max_count:  # maximum neighbor size = 100
AttributeError: 'input_data' object has no attribute 'neigh_L'
Traceback (most recent call last):
  File "/home/simonettos/homhetgnn/HGB/LP/benchmark/methods/HetGNN/main.py", line 68, in <module>
    input_data.gen_het_w_walk_restart(het_neigh_train_f)
  File "/home/simonettos/homhetgnn/HGB/LP/benchmark/methods/HetGNN/data_generator.py", line 149, in gen_het_w_walk_restart
    while neigh_L < self.neigh_L and while_count<self.while_max_count:  # maximum neighbor size = 100
AttributeError: 'input_data' object has no attribute 'neigh_L'
Traceback (most recent call last):
  File "/home/simonettos/homhetgnn/HGB/LP/benchmark/methods/HetGNN/main.py", line 68, in <module>
    input_data.gen_het_w_walk_restart(het_neigh_train_f)
  File "/home/simonettos/homhetgnn/HGB/LP/benchmark/methods/HetGNN/data_generator.py", line 149, in gen_het_w_walk_restart
    while neigh_L < self.neigh_L and while_count<self.while_max_count:  # maximum neighbor size = 100
AttributeError: 'input_data' object has no attribute 'neigh_L'
Traceback (most recent call last):
  File "/home/simonettos/homhetgnn/HGB/LP/benchmark/methods/HetGNN/main.py", line 68, in <module>
    input_data.gen_het_w_walk_restart(het_neigh_train_f)
  File "/home/simonettos/homhetgnn/HGB/LP/benchmark/methods/HetGNN/data_generator.py", line 149, in gen_het_w_walk_restart
    while neigh_L < self.neigh_L and while_count<self.while_max_count:  # maximum neighbor size = 100
AttributeError: 'input_data' object has no attribute 'neigh_L'
Traceback (most recent call last):
  File "/home/simonettos/homhetgnn/HGB/LP/benchmark/methods/HetGNN/main.py", line 68, in <module>
    input_data.gen_het_w_walk_restart(het_neigh_train_f)
  File "/home/simonettos/homhetgnn/HGB/LP/benchmark/methods/HetGNN/data_generator.py", line 149, in gen_het_w_walk_restart
    while neigh_L < self.neigh_L and while_count<self.while_max_count:  # maximum neighbor size = 100
AttributeError: 'input_data' object has no attribute 'neigh_L'
Traceback (most recent call last):
  File "/home/simonettos/homhetgnn/HGB/LP/benchmark/methods/HetGNN/main.py", line 68, in <module>
    input_data.gen_het_w_walk_restart(het_neigh_train_f)
  File "/home/simonettos/homhetgnn/HGB/LP/benchmark/methods/HetGNN/data_generator.py", line 149, in gen_het_w_walk_restart
    while neigh_L < self.neigh_L and while_count<self.while_max_count:  # maximum neighbor size = 100
AttributeError: 'input_data' object has no attribute 'neigh_L'
