	Adding nVidia Cuda Toolkit 11.8
/home/simonettos/homhetgnn/HGB/LP/benchmark/methods/HetGNN/data_generator.py:248: UserWarning: torch.sparse.SparseTensor(indices, values, shape, *, device=) is deprecated.  Please use torch.sparse_coo_tensor(indices, values, shape, dtype=, device=). (Triggered internally at ../torch/csrc/utils/tensor_new.cpp:641.)
  self.feature_list[node_type] = th.sparse.FloatTensor(indices, values, th.Size([dim, dim]))
HetGNN's traing end.
/home/simonettos/homhetgnn/HGB/LP/benchmark/methods/HetGNN/data_generator.py:248: UserWarning: torch.sparse.SparseTensor(indices, values, shape, *, device=) is deprecated.  Please use torch.sparse_coo_tensor(indices, values, shape, dtype=, device=). (Triggered internally at ../torch/csrc/utils/tensor_new.cpp:641.)
  self.feature_list[node_type] = th.sparse.FloatTensor(indices, values, th.Size([dim, dim]))
HetGNN's traing end.
/home/simonettos/homhetgnn/HGB/LP/benchmark/methods/HetGNN/data_generator.py:248: UserWarning: torch.sparse.SparseTensor(indices, values, shape, *, device=) is deprecated.  Please use torch.sparse_coo_tensor(indices, values, shape, dtype=, device=). (Triggered internally at ../torch/csrc/utils/tensor_new.cpp:641.)
  self.feature_list[node_type] = th.sparse.FloatTensor(indices, values, th.Size([dim, dim]))
HetGNN's traing end.
/home/simonettos/homhetgnn/HGB/LP/benchmark/methods/HetGNN/data_generator.py:248: UserWarning: torch.sparse.SparseTensor(indices, values, shape, *, device=) is deprecated.  Please use torch.sparse_coo_tensor(indices, values, shape, dtype=, device=). (Triggered internally at ../torch/csrc/utils/tensor_new.cpp:641.)
  self.feature_list[node_type] = th.sparse.FloatTensor(indices, values, th.Size([dim, dim]))
HetGNN's traing end.
/home/simonettos/homhetgnn/HGB/LP/benchmark/methods/HetGNN/data_generator.py:248: UserWarning: torch.sparse.SparseTensor(indices, values, shape, *, device=) is deprecated.  Please use torch.sparse_coo_tensor(indices, values, shape, dtype=, device=). (Triggered internally at ../torch/csrc/utils/tensor_new.cpp:641.)
  self.feature_list[node_type] = th.sparse.FloatTensor(indices, values, th.Size([dim, dim]))
HetGNN's traing end.
/home/simonettos/homhetgnn/HGB/LP/benchmark/methods/HetGNN/data_generator.py:248: UserWarning: torch.sparse.SparseTensor(indices, values, shape, *, device=) is deprecated.  Please use torch.sparse_coo_tensor(indices, values, shape, dtype=, device=). (Triggered internally at ../torch/csrc/utils/tensor_new.cpp:641.)
  self.feature_list[node_type] = th.sparse.FloatTensor(indices, values, th.Size([dim, dim]))
HetGNN's traing end.
/home/simonettos/homhetgnn/HGB/LP/benchmark/methods/HetGNN/data_generator.py:248: UserWarning: torch.sparse.SparseTensor(indices, values, shape, *, device=) is deprecated.  Please use torch.sparse_coo_tensor(indices, values, shape, dtype=, device=). (Triggered internally at ../torch/csrc/utils/tensor_new.cpp:641.)
  self.feature_list[node_type] = th.sparse.FloatTensor(indices, values, th.Size([dim, dim]))
HetGNN's traing end.
/home/simonettos/homhetgnn/HGB/LP/benchmark/methods/HetGNN/data_generator.py:248: UserWarning: torch.sparse.SparseTensor(indices, values, shape, *, device=) is deprecated.  Please use torch.sparse_coo_tensor(indices, values, shape, dtype=, device=). (Triggered internally at ../torch/csrc/utils/tensor_new.cpp:641.)
  self.feature_list[node_type] = th.sparse.FloatTensor(indices, values, th.Size([dim, dim]))
HetGNN's traing end.
/home/simonettos/homhetgnn/HGB/LP/benchmark/methods/HetGNN/data_generator.py:248: UserWarning: torch.sparse.SparseTensor(indices, values, shape, *, device=) is deprecated.  Please use torch.sparse_coo_tensor(indices, values, shape, dtype=, device=). (Triggered internally at ../torch/csrc/utils/tensor_new.cpp:641.)
  self.feature_list[node_type] = th.sparse.FloatTensor(indices, values, th.Size([dim, dim]))
HetGNN's traing end.
/home/simonettos/homhetgnn/HGB/LP/benchmark/methods/HetGNN/data_generator.py:248: UserWarning: torch.sparse.SparseTensor(indices, values, shape, *, device=) is deprecated.  Please use torch.sparse_coo_tensor(indices, values, shape, dtype=, device=). (Triggered internally at ../torch/csrc/utils/tensor_new.cpp:641.)
  self.feature_list[node_type] = th.sparse.FloatTensor(indices, values, th.Size([dim, dim]))
HetGNN's traing end.
/home/simonettos/homhetgnn/HGB/LP/benchmark/methods/HetGNN/data_generator.py:248: UserWarning: torch.sparse.SparseTensor(indices, values, shape, *, device=) is deprecated.  Please use torch.sparse_coo_tensor(indices, values, shape, dtype=, device=). (Triggered internally at ../torch/csrc/utils/tensor_new.cpp:641.)
  self.feature_list[node_type] = th.sparse.FloatTensor(indices, values, th.Size([dim, dim]))
HetGNN's traing end.
/home/simonettos/homhetgnn/HGB/LP/benchmark/methods/HetGNN/data_generator.py:248: UserWarning: torch.sparse.SparseTensor(indices, values, shape, *, device=) is deprecated.  Please use torch.sparse_coo_tensor(indices, values, shape, dtype=, device=). (Triggered internally at ../torch/csrc/utils/tensor_new.cpp:641.)
  self.feature_list[node_type] = th.sparse.FloatTensor(indices, values, th.Size([dim, dim]))
HetGNN's traing end.
/home/simonettos/homhetgnn/HGB/LP/benchmark/methods/HetGNN/data_generator.py:248: UserWarning: torch.sparse.SparseTensor(indices, values, shape, *, device=) is deprecated.  Please use torch.sparse_coo_tensor(indices, values, shape, dtype=, device=). (Triggered internally at ../torch/csrc/utils/tensor_new.cpp:641.)
  self.feature_list[node_type] = th.sparse.FloatTensor(indices, values, th.Size([dim, dim]))
HetGNN's traing end.
/home/simonettos/homhetgnn/HGB/LP/benchmark/methods/HetGNN/data_generator.py:248: UserWarning: torch.sparse.SparseTensor(indices, values, shape, *, device=) is deprecated.  Please use torch.sparse_coo_tensor(indices, values, shape, dtype=, device=). (Triggered internally at ../torch/csrc/utils/tensor_new.cpp:641.)
  self.feature_list[node_type] = th.sparse.FloatTensor(indices, values, th.Size([dim, dim]))
HetGNN's traing end.
/home/simonettos/homhetgnn/HGB/LP/benchmark/methods/HetGNN/data_generator.py:248: UserWarning: torch.sparse.SparseTensor(indices, values, shape, *, device=) is deprecated.  Please use torch.sparse_coo_tensor(indices, values, shape, dtype=, device=). (Triggered internally at ../torch/csrc/utils/tensor_new.cpp:641.)
  self.feature_list[node_type] = th.sparse.FloatTensor(indices, values, th.Size([dim, dim]))
slurmstepd-ctit091: error: *** JOB 475316 ON ctit091 CANCELLED AT 2026-04-07T06:17:50 ***
